ARM GAS  /tmp/ccE8G462.s 			page 1


   1              		.cpu cortex-m4
   2              		.arch armv7e-m
   3              		.fpu fpv4-sp-d16
   4              		.eabi_attribute 27, 1
   5              		.eabi_attribute 28, 1
   6              		.eabi_attribute 20, 1
   7              		.eabi_attribute 21, 1
   8              		.eabi_attribute 23, 3
   9              		.eabi_attribute 24, 1
  10              		.eabi_attribute 25, 1
  11              		.eabi_attribute 26, 1
  12              		.eabi_attribute 30, 1
  13              		.eabi_attribute 34, 1
  14              		.eabi_attribute 18, 4
  15              		.file	"fatfs.c"
  16              		.text
  17              	.Ltext0:
  18              		.cfi_sections	.debug_frame
  19              		.file 1 "FATFS/App/fatfs.c"
  20              		.section	.text.MX_FATFS_Init,"ax",%progbits
  21              		.align	1
  22              		.global	MX_FATFS_Init
  23              		.syntax unified
  24              		.thumb
  25              		.thumb_func
  27              	MX_FATFS_Init:
  28              	.LFB219:
   1:FATFS/App/fatfs.c **** /* USER CODE BEGIN Header */
   2:FATFS/App/fatfs.c **** /**
   3:FATFS/App/fatfs.c ****   ******************************************************************************
   4:FATFS/App/fatfs.c ****   * @file   fatfs.c
   5:FATFS/App/fatfs.c ****   * @brief  Code for fatfs applications
   6:FATFS/App/fatfs.c ****   ******************************************************************************
   7:FATFS/App/fatfs.c ****   * @attention
   8:FATFS/App/fatfs.c ****   *
   9:FATFS/App/fatfs.c ****   * Copyright (c) 2022 STMicroelectronics.
  10:FATFS/App/fatfs.c ****   * All rights reserved.
  11:FATFS/App/fatfs.c ****   *
  12:FATFS/App/fatfs.c ****   * This software is licensed under terms that can be found in the LICENSE file
  13:FATFS/App/fatfs.c ****   * in the root directory of this software component.
  14:FATFS/App/fatfs.c ****   * If no LICENSE file comes with this software, it is provided AS-IS.
  15:FATFS/App/fatfs.c ****   *
  16:FATFS/App/fatfs.c ****   ******************************************************************************
  17:FATFS/App/fatfs.c ****   */
  18:FATFS/App/fatfs.c **** /* USER CODE END Header */
  19:FATFS/App/fatfs.c **** #include "fatfs.h"
  20:FATFS/App/fatfs.c **** 
  21:FATFS/App/fatfs.c **** uint8_t retUSBH;    /* Return value for USBH */
  22:FATFS/App/fatfs.c **** char USBHPath[4];   /* USBH logical drive path */
  23:FATFS/App/fatfs.c **** FATFS USBHFatFS;    /* File system object for USBH logical drive */
  24:FATFS/App/fatfs.c **** FIL USBHFile;       /* File object for USBH */
  25:FATFS/App/fatfs.c **** 
  26:FATFS/App/fatfs.c **** /* USER CODE BEGIN Variables */
  27:FATFS/App/fatfs.c **** 
  28:FATFS/App/fatfs.c **** /* USER CODE END Variables */
  29:FATFS/App/fatfs.c **** 
  30:FATFS/App/fatfs.c **** void MX_FATFS_Init(void)
ARM GAS  /tmp/ccE8G462.s 			page 2


  31:FATFS/App/fatfs.c **** {
  29              		.loc 1 31 1 view -0
  30              		.cfi_startproc
  31              		@ args = 0, pretend = 0, frame = 0
  32              		@ frame_needed = 0, uses_anonymous_args = 0
  33 0000 08B5     		push	{r3, lr}
  34              		.cfi_def_cfa_offset 8
  35              		.cfi_offset 3, -8
  36              		.cfi_offset 14, -4
  32:FATFS/App/fatfs.c ****   /*## FatFS: Link the USBH driver ###########################*/
  33:FATFS/App/fatfs.c ****   retUSBH = FATFS_LinkDriver(&USBH_Driver, USBHPath);
  37              		.loc 1 33 3 view .LVU1
  38              		.loc 1 33 13 is_stmt 0 view .LVU2
  39 0002 0349     		ldr	r1, .L3
  40 0004 0348     		ldr	r0, .L3+4
  41 0006 FFF7FEFF 		bl	FATFS_LinkDriver
  42              	.LVL0:
  43              		.loc 1 33 11 discriminator 1 view .LVU3
  44 000a 034B     		ldr	r3, .L3+8
  45 000c 1870     		strb	r0, [r3]
  34:FATFS/App/fatfs.c **** 
  35:FATFS/App/fatfs.c ****   /* USER CODE BEGIN Init */
  36:FATFS/App/fatfs.c ****   /* additional user code for init */
  37:FATFS/App/fatfs.c ****   /* USER CODE END Init */
  38:FATFS/App/fatfs.c **** }
  46              		.loc 1 38 1 view .LVU4
  47 000e 08BD     		pop	{r3, pc}
  48              	.L4:
  49              		.align	2
  50              	.L3:
  51 0010 00000000 		.word	USBHPath
  52 0014 00000000 		.word	USBH_Driver
  53 0018 00000000 		.word	retUSBH
  54              		.cfi_endproc
  55              	.LFE219:
  57              		.section	.text.get_fattime,"ax",%progbits
  58              		.align	1
  59              		.global	get_fattime
  60              		.syntax unified
  61              		.thumb
  62              		.thumb_func
  64              	get_fattime:
  65              	.LFB220:
  39:FATFS/App/fatfs.c **** 
  40:FATFS/App/fatfs.c **** /**
  41:FATFS/App/fatfs.c ****   * @brief  Gets Time from RTC
  42:FATFS/App/fatfs.c ****   * @param  None
  43:FATFS/App/fatfs.c ****   * @retval Time in DWORD
  44:FATFS/App/fatfs.c ****   */
  45:FATFS/App/fatfs.c **** DWORD get_fattime(void)
  46:FATFS/App/fatfs.c **** {
  66              		.loc 1 46 1 is_stmt 1 view -0
  67              		.cfi_startproc
  68              		@ args = 0, pretend = 0, frame = 0
  69              		@ frame_needed = 0, uses_anonymous_args = 0
  70              		@ link register save eliminated.
  47:FATFS/App/fatfs.c ****   /* USER CODE BEGIN get_fattime */
ARM GAS  /tmp/ccE8G462.s 			page 3


  48:FATFS/App/fatfs.c ****   return 0;
  71              		.loc 1 48 3 view .LVU6
  49:FATFS/App/fatfs.c ****   /* USER CODE END get_fattime */
  50:FATFS/App/fatfs.c **** }
  72              		.loc 1 50 1 is_stmt 0 view .LVU7
  73 0000 0020     		movs	r0, #0
  74 0002 7047     		bx	lr
  75              		.cfi_endproc
  76              	.LFE220:
  78              		.global	USBHFile
  79              		.section	.bss.USBHFile,"aw",%nobits
  80              		.align	3
  83              	USBHFile:
  84 0000 00000000 		.space	4184
  84      00000000 
  84      00000000 
  84      00000000 
  84      00000000 
  85              		.global	USBHFatFS
  86              		.section	.bss.USBHFatFS,"aw",%nobits
  87              		.align	2
  90              	USBHFatFS:
  91 0000 00000000 		.space	4156
  91      00000000 
  91      00000000 
  91      00000000 
  91      00000000 
  92              		.global	USBHPath
  93              		.section	.bss.USBHPath,"aw",%nobits
  94              		.align	2
  97              	USBHPath:
  98 0000 00000000 		.space	4
  99              		.global	retUSBH
 100              		.section	.bss.retUSBH,"aw",%nobits
 103              	retUSBH:
 104 0000 00       		.space	1
 105              		.text
 106              	.Letext0:
 107              		.file 2 "Middlewares/Third_Party/FatFs/src/integer.h"
 108              		.file 3 "/usr/lib/gcc/arm-none-eabi/13.2.1/include/stdint.h"
 109              		.file 4 "Middlewares/Third_Party/FatFs/src/ff.h"
 110              		.file 5 "Middlewares/Third_Party/FatFs/src/diskio.h"
 111              		.file 6 "Middlewares/Third_Party/FatFs/src/ff_gen_drv.h"
 112              		.file 7 "FATFS/Target/usbh_diskio.h"
 113              		.file 8 "FATFS/App/fatfs.h"
ARM GAS  /tmp/ccE8G462.s 			page 4


DEFINED SYMBOLS
                            *ABS*:00000000 fatfs.c
     /tmp/ccE8G462.s:21     .text.MX_FATFS_Init:00000000 $t
     /tmp/ccE8G462.s:27     .text.MX_FATFS_Init:00000000 MX_FATFS_Init
     /tmp/ccE8G462.s:51     .text.MX_FATFS_Init:00000010 $d
     /tmp/ccE8G462.s:97     .bss.USBHPath:00000000 USBHPath
     /tmp/ccE8G462.s:103    .bss.retUSBH:00000000 retUSBH
     /tmp/ccE8G462.s:58     .text.get_fattime:00000000 $t
     /tmp/ccE8G462.s:64     .text.get_fattime:00000000 get_fattime
     /tmp/ccE8G462.s:83     .bss.USBHFile:00000000 USBHFile
     /tmp/ccE8G462.s:80     .bss.USBHFile:00000000 $d
     /tmp/ccE8G462.s:90     .bss.USBHFatFS:00000000 USBHFatFS
     /tmp/ccE8G462.s:87     .bss.USBHFatFS:00000000 $d
     /tmp/ccE8G462.s:94     .bss.USBHPath:00000000 $d
     /tmp/ccE8G462.s:104    .bss.retUSBH:00000000 $d
                           .group:00000000 wm4.0.a2c88c0e0e60094af2c84dce921779d2
                           .group:00000000 wm4.stm32f4xx_hal_conf.h.25.758a9f5dc6450f8647b5af7fe8eb27ed
                           .group:00000000 wm4.stm32f4xx.h.39.163e65267b4f964a08764289722b975f
                           .group:00000000 wm4.stm32f401xc.h.35.52d05665f5a2df9c1992e17eee7d2af5
                           .group:00000000 wm4.stdint.h.29.6d480f4ba0f60596e88234283d42444f
                           .group:00000000 wm4.cmsis_version.h.32.4d5822004c01a829a975260e854b5f8e
                           .group:00000000 wm4.core_cm4.h.66.e4ff136c4a17abc46741866f64f8e729
                           .group:00000000 wm4.cmsis_gcc.h.26.6774fe91202d65f4d5ffcff60e00da34
                           .group:00000000 wm4.core_cm4.h.174.059a5e001a9e729091d1407208e93224
                           .group:00000000 wm4.mpu_armv7.h.32.27b4593cb2f8d3152ca5d97a9d72b321
                           .group:00000000 wm4.stm32f401xc.h.636.9a664cc173dbe5d5f2dac1e758e3577d
                           .group:00000000 wm4.stm32f4xx.h.196.0b21137cf6c6923d8fd1f4d94a3bfdd4
                           .group:00000000 wm4.stm32_hal_legacy.h.23.e2601123cf1b2a3b6d11d949644ddf87
                           .group:00000000 wm4.stddef.h.39.0dc9006b34572d4d9cae4c8b422c4971
                           .group:00000000 wm4.stm32f4xx_hal_def.h.58.f614308b482cecea9bcc0016240ac0fc
                           .group:00000000 wm4.stm32f4xx_hal_rcc_ex.h.22.3f3b596cc307dc701c7c99b0fc6c9b58
                           .group:00000000 wm4.stm32f4xx_hal_rcc.h.108.b82c8c670b41d96b2920e2f63661be15
                           .group:00000000 wm4.stm32f4xx_hal_gpio.h.22.e47df9f0f5be4ddc2ed2d14042c5e680
                           .group:00000000 wm4.stm32f4xx_hal_gpio_ex.h.22.5014ee010492a350679453c3b4a59718
                           .group:00000000 wm4.stm32f4xx_hal_gpio.h.255.5b948d47ad1357d6d2213e5e5ca4755c
                           .group:00000000 wm4.stm32f4xx_hal_exti.h.22.1f47767199c5bf749c04088e5c61c9c8
                           .group:00000000 wm4.stm32f4xx_hal_dma.h.22.fffce20ac9119c50557659c75e75ab1c
                           .group:00000000 wm4.stm32f4xx_hal_dma.h.721.a1e57ffbc615f926e6509c5acc65e492
                           .group:00000000 wm4.stm32f4xx_hal_cortex.h.22.e6aa3b847b5388be63c32d1f9e696ef7
                           .group:00000000 wm4.stm32f4xx_ll_adc.h.22.a8e07f8509bbb4868e2c24461c7eee47
                           .group:00000000 wm4.stm32f4xx_hal_adc.h.160.ef18931a059b62efbac7762c6a09e47f
                           .group:00000000 wm4.stm32f4xx_hal_adc_ex.h.22.25ddc09ef7109b33adae2990f50c4304
                           .group:00000000 wm4.stm32f4xx_hal_adc.h.640.733b38c420d3407eb5f8ddd98816c661
                           .group:00000000 wm4.stm32f4xx_hal_flash.h.22.31b301be2655c3eb8583e51c8231544a
                           .group:00000000 wm4.stm32f4xx_hal_flash_ex.h.22.00cb5cb208d28a1f20f3b257a6f51bad
                           .group:00000000 wm4.stm32f4xx_hal_flash.h.363.51efdf0f6c88f683efb89d7cc95cc1be
                           .group:00000000 wm4.stm32f4xx_hal_pwr.h.22.2c27d93ae187efe3a73816f03a329970
                           .group:00000000 wm4.stm32f4xx_hal_pwr_ex.h.22.04eb3957e13ca6e5ed8952d2d168bdc0
                           .group:00000000 wm4.stm32f4xx_hal_pwr.h.337.60b43975c84527a23cb6994b23165a5e
                           .group:00000000 wm4.stm32f4xx_hal_uart.h.22.591b491756a19342b0bf79eea5b33e1b
                           .group:00000000 wm4.stm32f4xx_ll_usb.h.22.3497d8ac31b2bdafc7c2a34d860c4769
                           .group:00000000 wm4.stm32f4xx_hal_hcd.h.111.a51c3bd0d61d2d8cadb372f7c7d9eccb
                           .group:00000000 wm4.stm32f4xx_hal.h.72.a5a58188aa461a0614f1e58e159c7840
                           .group:00000000 wm4.main.h.71.bc0cb02e68a9e5487bd44975fd1506af
                           .group:00000000 wm4._newlib_version.h.4.411db44ea2338a62eca2f0777f81481b
                           .group:00000000 wm4.newlib.h.27.c836a31b4651d2e2221512767dba946d
                           .group:00000000 wm4.ieeefp.h.77.5ad60f72ea25fc152400b550ac118212
ARM GAS  /tmp/ccE8G462.s 			page 5


                           .group:00000000 wm4.features.h.22.4e5514d51694f64cae235f84d9e565a5
                           .group:00000000 wm4.config.h.224.88344135d9de3e7ea139102cd6493448
                           .group:00000000 wm4._ansi.h.31.de524f58584151836e90d8620a16f8e8
                           .group:00000000 wm4.stdio.h.31.7c0e28c411445f3f9c5b11accf882760
                           .group:00000000 wm4._default_types.h.6.959254cf5f09734ea7516c89e8bb21bd
                           .group:00000000 wm4.stddef.h.158.eec8bf00b5213f43d095cb984c5f22e3
                           .group:00000000 wm4.cdefs.h.49.70fc7af612f78ddcace70fdd90b5623b
                           .group:00000000 wm4.stdarg.h.34.3a23a216c0c293b3d2ea2e89281481e6
                           .group:00000000 wm4._types.h.20.dd0d04dca3800a0d2a6129b87f3adbb2
                           .group:00000000 wm4.stddef.h.158.6f8e08a347b1cff664332fa350bfceb3
                           .group:00000000 wm4._types.h.127.3bdfe3ff8ea2d0985b03d9cbe93480e3
                           .group:00000000 wm4.reent.h.18.25503cdc8b7e55dd0d6ea7b3e5af7a03
                           .group:00000000 wm4.lock.h.2.c0958401bd0ce484d507ee19aacab817
                           .group:00000000 wm4.reent.h.78.ffae6115d9409cbff6542f042d93715e
                           .group:00000000 wm4.assert.h.11.db24e541f16414db224bf986d21017e2
                           .group:00000000 wm4.reent.h.460.dc5a3362e34409fa841b38093e890350
                           .group:00000000 wm4.stdio.h.67.0cf8a9c281ab0b348aef5c02e7e48825
                           .group:00000000 wm4.stdio.h.2.4aa87247282eca6c8f36f9de33d8df1a
                           .group:00000000 wm4.stdio.h.87.408e5d973372126daeef099c555b2753
                           .group:00000000 wm4.stdlib.h.13.4ed386f5c1a80d71e72172885d946ef2
                           .group:00000000 wm4.alloca.h.8.dfc0c703c47ec3e69746825b17d9e66d
                           .group:00000000 wm4.stdlib.h.56.f4862cfbf4363a1db01842d5bdf72c18
                           .group:00000000 wm4.string.h.8.c4b8571ce60dff2817f43fec8b86aecd
                           .group:00000000 wm4.usbh_conf.h.65.151c65329cc7c235ce65de2a3390581e
                           .group:00000000 wm4.usbh_def.h.22.880def0f14ab205d26992d2a2bb1bab8
                           .group:00000000 wm4.usbh_ioreq.h.50.0074542f2717bb439abbb8fd98a9701e
                           .group:00000000 wm4.usbh_ctlreq.h.22.9bfba4b97481aa4223fea2a82ac65e06
                           .group:00000000 wm4.usbh_core.h.55.ae1dc9825935c4c49bf309379b79900a
                           .group:00000000 wm4.usbh_msc_bot.h.22.39bce71efd529949dc3aa2f829731bb1
                           .group:00000000 wm4.usbh_msc_scsi.h.22.08451b08ada808d7ace91ebdd07a6a33
                           .group:00000000 wm4.usbh_msc.h.89.b5971865bf452589c8f1958913d76df6
                           .group:00000000 wm4.ffconf.h.30.dfd903efd6f5ebcafb434e7871cbcf45
                           .group:00000000 wm4.ff.h.63.b9783c867113c7a537e7ba1f8eec3068
                           .group:00000000 wm4.diskio.h.6.c336166bddd01dd89442a8f6b7755b72

UNDEFINED SYMBOLS
FATFS_LinkDriver
USBH_Driver
