Source/File_Handling.c:35:6:bool GetPendriveState()	0	static
Source/File_Handling.c:40:6:void Send_Uart(char*)	8	static
Source/File_Handling.c:47:6:void Mount_USB()	8	static
Source/File_Handling.c:58:6:void Unmount_USB()	8	static
Source/File_Handling.c:70:9:FRESULT Scan_USB(char*)	96	static
Source/File_Handling.c:113:9:FRESULT Format_USB()	88	static
Source/File_Handling.c:147:9:FRESULT Write_File(char*, char*)	16	static
Source/File_Handling.c:211:9:FRESULT Read_File(char*)	16	static
Source/File_Handling.c:283:9:FRESULT Create_File(char*)	16	static
Source/File_Handling.c:332:9:FRESULT Update_File(char*, char*)	16	static
Source/File_Handling.c:401:9:FRESULT Remove_File(char*)	16	static
Source/File_Handling.c:436:9:FRESULT Create_Dir(char*)	16	static
Source/File_Handling.c:456:6:void Check_USB_Details()	24	static
