Source/cidepe/MdlMSG.cpp:21:6:void msg_atualizaTimer()	24	static
Source/cidepe/MdlMSG.cpp:36:6:void msg_zeraTimer()	0	static
Source/cidepe/MdlMSG.cpp:46:6:void telaInicial_1()	8	static
Source/cidepe/MdlMSG.cpp:52:6:void telaInicial_2()	16	static
Source/cidepe/MdlMSG.cpp:63:6:void tela0()	16	static
Source/cidepe/MdlMSG.cpp:72:6:void tela1_2()	8	static
Source/cidepe/MdlMSG.cpp:78:6:void tela1()	8	static
Source/cidepe/MdlMSG.cpp:85:6:void tela2()	8	static
Source/cidepe/MdlMSG.cpp:92:6:void tela3()	8	static
Source/cidepe/MdlMSG.cpp:97:6:void tela4()	8	static
Source/cidepe/MdlMSG.cpp:104:6:void tela5()	8	static
Source/cidepe/MdlMSG.cpp:111:6:void tela6()	8	static
Source/cidepe/MdlMSG.cpp:117:6:void tela7()	8	static
Source/cidepe/MdlMSG.cpp:123:6:void tela8()	8	static
Source/cidepe/MdlMSG.cpp:130:6:void tela9()	8	static
Source/cidepe/MdlMSG.cpp:147:6:void tela10()	8	static
Source/cidepe/MdlMSG.cpp:163:6:void tela11()	16	static
Source/cidepe/MdlMSG.cpp:170:6:void tela12()	8	static
Source/cidepe/MdlMSG.cpp:197:6:void tela13()	8	static
Source/cidepe/MdlMSG.cpp:232:6:void tela14()	8	static
Source/cidepe/MdlMSG.cpp:239:6:void tela15()	8	static
Source/cidepe/MdlMSG.cpp:244:6:void tela17()	8	static
Source/cidepe/MdlMSG.cpp:250:6:void tela21()	16	static
Source/cidepe/MdlMSG.cpp:256:6:void tela22()	8	static
Source/cidepe/MdlMSG.cpp:265:6:void tela52()	8	static
Source/cidepe/MdlMSG.cpp:301:6:void tela72()	8	static
Source/cidepe/MdlMSG.cpp:307:6:void tela92()	8	static
Source/cidepe/MdlMSG.cpp:345:6:void tela99()	8	static
Source/cidepe/MdlMSG.cpp:378:6:void tela100()	16	static
Source/cidepe/MdlMSG.cpp:386:6:void tela102()	8	static
Source/cidepe/MdlMSG.cpp:396:6:void tela106()	16	static
Source/cidepe/MdlMSG.cpp:402:6:void Salvar_usb()	16	static
Source/cidepe/MdlMSG.cpp:410:6:void tela110()	16	static
Source/cidepe/MdlMSG.cpp:417:6:void tela111()	16	static
Source/cidepe/MdlMSG.cpp:424:6:void tela149()	8	static
Source/cidepe/MdlMSG.cpp:448:6:void tela150()	8	static
Source/cidepe/MdlMSG.cpp:464:6:void tela151()	8	static
Source/cidepe/MdlMSG.cpp:482:6:void tela152()	8	static
Source/cidepe/MdlMSG.cpp:495:6:void tela153()	8	static
Source/cidepe/MdlMSG.cpp:508:6:void tela154()	8	static
Source/cidepe/MdlMSG.cpp:521:6:void tela155()	8	static
Source/cidepe/MdlMSG.cpp:534:6:void tela156()	8	static
Source/cidepe/MdlMSG.cpp:550:6:void tela169()	8	static
Source/cidepe/MdlMSG.cpp:558:6:void tela170()	8	static
Source/cidepe/MdlMSG.cpp:564:6:void tela171()	8	static
Source/cidepe/MdlMSG.cpp:569:6:void tela172()	8	static
Source/cidepe/MdlMSG.cpp:576:6:void tela173()	8	static
Source/cidepe/MdlMSG.cpp:581:6:void tela174()	8	static
Source/cidepe/MdlMSG.cpp:588:6:void tela175()	8	static
Source/cidepe/MdlMSG.cpp:593:6:void tela176()	8	static
Source/cidepe/MdlMSG.cpp:600:6:void tela240()	8	static
Source/cidepe/MdlMSG.cpp:621:6:void tela241()	8	static
Source/cidepe/MdlMSG.cpp:646:6:void tela250()	8	static
Source/cidepe/MdlMSG.cpp:654:6:void tela251()	8	static
Source/cidepe/MdlMSG.cpp:660:6:void tela350()	8	static
Source/cidepe/MdlMSG.cpp:665:6:void tela410()	16	static
Source/cidepe/MdlMSG.cpp:671:6:void tela450()	8	static
Source/cidepe/MdlMSG.cpp:676:6:void tela470()	8	static
Source/cidepe/MdlMSG.cpp:699:6:void tela552()	8	static
Source/cidepe/MdlMSG.cpp:706:6:void tela553()	8	static
Source/cidepe/MdlMSG.cpp:713:6:void tela702()	8	static
Source/cidepe/MdlMSG.cpp:733:6:void tela710()	16	static
Source/cidepe/MdlMSG.cpp:739:6:void tela750()	8	static
Source/cidepe/MdlMSG.cpp:753:6:void tela751()	8	static
Source/cidepe/MdlMSG.cpp:765:6:void tela770()	8	static
Source/cidepe/MdlMSG.cpp:777:6:void tela900()	8	static
Source/cidepe/MdlMSG.cpp:783:6:void tela902()	8	static
Source/cidepe/MdlMSG.cpp:788:6:void tela990()	8	static
Source/cidepe/MdlMSG.cpp:794:6:void tela1012()	8	static
Source/cidepe/MdlMSG.cpp:802:6:void tela1021()	8	static
Source/cidepe/MdlMSG.cpp:833:6:void tela1022()	8	static
Source/cidepe/MdlMSG.cpp:883:6:void tela1253()	8	static
Source/cidepe/MdlMSG.cpp:891:6:void telaDebug()	8	static
Source/cidepe/MdlMSG.cpp:903:6:void telaUsbIn()	16	static
Source/cidepe/MdlMSG.cpp:913:6:void telaUsbOut()	16	static
