Source/Mdl/MdlSensor.cpp:46:6:void C_Sensor::Init()	8	static
Source/Mdl/MdlSensor.cpp:99:9:uint8_t C_Sensor::GetLevel(uint16_t)	8	static
Source/Mdl/MdlSensor.cpp:132:10:uint16_t C_Sensor::GetValue(eSensorsDistance)	0	static
Source/Mdl/MdlSensor.cpp:143:6:void C_Sensor::UpdateReading(uint8_t, eSensorsDistance)	24	static
Source/Mdl/MdlSensor.cpp:219:6:void C_Sensor::IncNumInterval(uint8_t)	16	static
Source/Mdl/MdlSensor.cpp:294:9:uint8_t C_Sensor::GetNumInterval()	0	static
Source/Mdl/MdlSensor.cpp:321:6:void C_Sensor::CalcFunc1()	32	static
Source/Mdl/MdlSensor.cpp:350:6:void C_Sensor::CalcFunc2()	16	static
Source/Mdl/MdlSensor.cpp:380:6:void C_Sensor::CalcFunc_3467810()	0	static
Source/Mdl/MdlSensor.cpp:412:6:void C_Sensor::CalcFunc5_12()	16	static
Source/Mdl/MdlSensor.cpp:437:6:void C_Sensor::IncExperimento(uint16_t)	0	static
Source/Mdl/MdlSensor.cpp:469:6:void HAL_GPIO_EXTI_Callback(uint16_t)	8	static
Source/Mdl/MdlSensor.cpp:629:17:void TIM1_UP_TIM10_IRQHandler()	8	static
