Archive member included to satisfy reference by file (symbol)

/usr/lib/gcc/arm-none-eabi/13.2.1/../../../arm-none-eabi/lib/thumb/v7e-m+fp/hard/libc_nano.a(libc_a-sprintf.o)
                              Debug/File_Handling.o (sprintf)
/usr/lib/gcc/arm-none-eabi/13.2.1/../../../arm-none-eabi/lib/thumb/v7e-m+fp/hard/libc_nano.a(libc_a-strcat.o)
                              Debug/MdlSaveDigital.o (strcat)
/usr/lib/gcc/arm-none-eabi/13.2.1/../../../arm-none-eabi/lib/thumb/v7e-m+fp/hard/libc_nano.a(libc_a-strcpy.o)
                              Debug/File_Handling.o (strcpy)
/usr/lib/gcc/arm-none-eabi/13.2.1/../../../arm-none-eabi/lib/thumb/v7e-m+fp/hard/libc_nano.a(libc_a-impure.o)
                              /usr/lib/gcc/arm-none-eabi/13.2.1/../../../arm-none-eabi/lib/thumb/v7e-m+fp/hard/libc_nano.a(libc_a-sprintf.o) (_impure_ptr)
/usr/lib/gcc/arm-none-eabi/13.2.1/../../../arm-none-eabi/lib/thumb/v7e-m+fp/hard/libc_nano.a(libc_a-nano-svfprintf.o)
                              /usr/lib/gcc/arm-none-eabi/13.2.1/../../../arm-none-eabi/lib/thumb/v7e-m+fp/hard/libc_nano.a(libc_a-sprintf.o) (_svfprintf_r)
/usr/lib/gcc/arm-none-eabi/13.2.1/../../../arm-none-eabi/lib/thumb/v7e-m+fp/hard/libc_nano.a(libc_a-init.o)
                              /usr/lib/gcc/arm-none-eabi/13.2.1/../../../arm-none-eabi/lib/thumb/v7e-m+fp/hard/crt0.o (__libc_init_array)
/usr/lib/gcc/arm-none-eabi/13.2.1/../../../arm-none-eabi/lib/thumb/v7e-m+fp/hard/libc_nano.a(libc_a-strlen.o)
                              Debug/File_Handling.o (strlen)
/usr/lib/gcc/arm-none-eabi/13.2.1/../../../arm-none-eabi/lib/thumb/v7e-m+fp/hard/libc_nano.a(libc_a-memset.o)
                              /usr/lib/gcc/arm-none-eabi/13.2.1/../../../arm-none-eabi/lib/thumb/v7e-m+fp/hard/crt0.o (memset)
/usr/lib/gcc/arm-none-eabi/13.2.1/../../../arm-none-eabi/lib/thumb/v7e-m+fp/hard/libc_nano.a(libc_a-errno.o)
                              Debug/sysmem.o (__errno)
/usr/lib/gcc/arm-none-eabi/13.2.1/../../../arm-none-eabi/lib/thumb/v7e-m+fp/hard/libc_nano.a(libc_a-mallocr.o)
                              /usr/lib/gcc/arm-none-eabi/13.2.1/../../../arm-none-eabi/lib/thumb/v7e-m+fp/hard/libc_nano.a(libc_a-nano-svfprintf.o) (_malloc_r)
/usr/lib/gcc/arm-none-eabi/13.2.1/../../../arm-none-eabi/lib/thumb/v7e-m+fp/hard/libc_nano.a(libc_a-freer.o)
                              /usr/lib/gcc/arm-none-eabi/13.2.1/../../../arm-none-eabi/lib/thumb/v7e-m+fp/hard/libc_nano.a(libc_a-nano-svfprintf.o) (_free_r)
/usr/lib/gcc/arm-none-eabi/13.2.1/../../../arm-none-eabi/lib/thumb/v7e-m+fp/hard/libc_nano.a(libc_a-memmove.o)
                              /usr/lib/gcc/arm-none-eabi/13.2.1/../../../arm-none-eabi/lib/thumb/v7e-m+fp/hard/libc_nano.a(libc_a-nano-svfprintf.o) (memmove)
/usr/lib/gcc/arm-none-eabi/13.2.1/../../../arm-none-eabi/lib/thumb/v7e-m+fp/hard/libc_nano.a(libc_a-memchr.o)
                              /usr/lib/gcc/arm-none-eabi/13.2.1/../../../arm-none-eabi/lib/thumb/v7e-m+fp/hard/libc_nano.a(libc_a-nano-svfprintf.o) (memchr)
/usr/lib/gcc/arm-none-eabi/13.2.1/../../../arm-none-eabi/lib/thumb/v7e-m+fp/hard/libc_nano.a(libc_a-memcpy.o)
                              Debug/MdlCalib.o (memcpy)
/usr/lib/gcc/arm-none-eabi/13.2.1/../../../arm-none-eabi/lib/thumb/v7e-m+fp/hard/libc_nano.a(libc_a-malloc.o)
                              Debug/usbh_msc.o (malloc)
/usr/lib/gcc/arm-none-eabi/13.2.1/../../../arm-none-eabi/lib/thumb/v7e-m+fp/hard/libc_nano.a(libc_a-reallocr.o)
                              /usr/lib/gcc/arm-none-eabi/13.2.1/../../../arm-none-eabi/lib/thumb/v7e-m+fp/hard/libc_nano.a(libc_a-nano-svfprintf.o) (_realloc_r)
/usr/lib/gcc/arm-none-eabi/13.2.1/../../../arm-none-eabi/lib/thumb/v7e-m+fp/hard/libc_nano.a(libc_a-nano-vfprintf_i.o)
                              /usr/lib/gcc/arm-none-eabi/13.2.1/../../../arm-none-eabi/lib/thumb/v7e-m+fp/hard/libc_nano.a(libc_a-nano-svfprintf.o) (_printf_i)
/usr/lib/gcc/arm-none-eabi/13.2.1/../../../arm-none-eabi/lib/thumb/v7e-m+fp/hard/libc_nano.a(libc_a-mlock.o)
                              /usr/lib/gcc/arm-none-eabi/13.2.1/../../../arm-none-eabi/lib/thumb/v7e-m+fp/hard/libc_nano.a(libc_a-mallocr.o) (__malloc_lock)
/usr/lib/gcc/arm-none-eabi/13.2.1/../../../arm-none-eabi/lib/thumb/v7e-m+fp/hard/libc_nano.a(libc_a-strcmp.o)
                              Debug/File_Handling.o (strcmp)
/usr/lib/gcc/arm-none-eabi/13.2.1/../../../arm-none-eabi/lib/thumb/v7e-m+fp/hard/libc_nano.a(libc_a-exit.o)
                              /usr/lib/gcc/arm-none-eabi/13.2.1/../../../arm-none-eabi/lib/thumb/v7e-m+fp/hard/crt0.o (exit)
/usr/lib/gcc/arm-none-eabi/13.2.1/../../../arm-none-eabi/lib/thumb/v7e-m+fp/hard/libc_nano.a(libc_a-atexit.o)
                              /usr/lib/gcc/arm-none-eabi/13.2.1/../../../arm-none-eabi/lib/thumb/v7e-m+fp/hard/crt0.o (atexit)
/usr/lib/gcc/arm-none-eabi/13.2.1/../../../arm-none-eabi/lib/thumb/v7e-m+fp/hard/libc_nano.a(libc_a-snprintf.o)
                              Debug/MdlSensorAnalog.o (snprintf)
[...]
Memory Configuration

Name             Origin             Length             Attributes
RAM              0x20000000         0x00010000         xrw
FLASH            0x08000000         0x00040000         xr
*default*        0x00000000         0xffffffff

Linker script and memory map

LOAD /usr/lib/gcc/arm-none-eabi/13.2.1/thumb/v7e-m+fp/hard/crti.o
LOAD /usr/lib/gcc/arm-none-eabi/13.2.1/thumb/v7e-m+fp/hard/crtbegin.o
LOAD /usr/lib/gcc/arm-none-eabi/13.2.1/../../../arm-none-eabi/lib/thumb/v7e-m+fp/hard/crt0.o
LOAD Debug/stm32f4xx_it.o
LOAD Debug/stm32f4xx_hal_msp.o
LOAD Debug/system_stm32f4xx.o
LOAD Debug/syscalls.o
LOAD Debug/sysmem.o
LOAD Debug/fatfs.o
LOAD Debug/usbh_diskio.o
LOAD Debug/usb_host.o
LOAD Debug/usbh_conf.o
LOAD Debug/stm32f4xx_hal_hcd.o
LOAD Debug/stm32f4xx_ll_usb.o
LOAD Debug/stm32f4xx_hal_rcc.o
LOAD Debug/stm32f4xx_hal_rcc_ex.o
LOAD Debug/stm32f4xx_hal_flash.o
LOAD Debug/stm32f4xx_hal_flash_ex.o
LOAD Debug/stm32f4xx_hal_flash_ramfunc.o
LOAD Debug/stm32f4xx_hal_gpio.o
LOAD Debug/stm32f4xx_hal_dma_ex.o
LOAD Debug/stm32f4xx_hal_dma.o
LOAD Debug/stm32f4xx_hal_pwr.o
LOAD Debug/stm32f4xx_hal_pwr_ex.o
LOAD Debug/stm32f4xx_hal_cortex.o
LOAD Debug/stm32f4xx_hal.o
LOAD Debug/stm32f4xx_hal_exti.o
LOAD Debug/stm32f4xx_hal_adc.o
LOAD Debug/stm32f4xx_hal_adc_ex.o
LOAD Debug/stm32f4xx_ll_adc.o
LOAD Debug/stm32f4xx_hal_tim.o
LOAD Debug/stm32f4xx_hal_tim_ex.o
LOAD Debug/stm32f4xx_hal_uart.o
LOAD Debug/diskio.o
LOAD Debug/ff.o
LOAD Debug/ff_gen_drv.o
LOAD Debug/syscall.o
LOAD Debug/ccsbcs.o
LOAD Debug/usbh_core.o
LOAD Debug/usbh_ctlreq.o
LOAD Debug/usbh_ioreq.o
LOAD Debug/usbh_pipes.o
LOAD Debug/usbh_msc.o
LOAD Debug/usbh_msc_bot.o
LOAD Debug/usbh_msc_scsi.o
LOAD Debug/main.o
LOAD Debug/File_Handling.o
LOAD Debug/LCD.o
LOAD Debug/KBD2.o
LOAD Debug/Fluxo.o
LOAD Debug/Modo0.o
LOAD Debug/Application.o
LOAD Debug/HdsDma.o
LOAD Debug/HdsGpio.o
LOAD Debug/HdsIFlash.o
LOAD Debug/HdsMux.o
LOAD Debug/Hdsteclado.o
LOAD Debug/hdsLcd.o
LOAD Debug/MdlCalib.o
LOAD Debug/MdlEnsaio.o
LOAD Debug/MdlEnsaioAnalogico.o
LOAD Debug/MdlLcd.o
LOAD Debug/MdlSaveDigital.o
LOAD Debug/MdlSensor.o
LOAD Debug/MdlSensorAnalog.o
LOAD Debug/MdlTimeEvents.o
LOAD Debug/MdlUtil.o
LOAD Debug/MdlMSG.o
LOAD Debug/MdlEnsaioDigital.o
LOAD Debug/startup_stm32f401xc.o
LOAD /usr/lib/gcc/arm-none-eabi/13.2.1/../../../arm-none-eabi/lib/thumb/v7e-m+fp/hard/libnosys.a
LOAD /usr/lib/gcc/arm-none-eabi/13.2.1/../../../arm-none-eabi/lib/thumb/v7e-m+fp/hard/libstdc++_nano.a
LOAD /usr/lib/gcc/arm-none-eabi/13.2.1/../../../arm-none-eabi/lib/thumb/v7e-m+fp/hard/libm.a
LOAD /usr/lib/gcc/arm-none-eabi/13.2.1/../../../arm-none-eabi/lib/thumb/v7e-m+fp/hard/libc_nano.a
START GROUP
LOAD /usr/lib/gcc/arm-none-eabi/13.2.1/thumb/v7e-m+fp/hard/libgcc.a
LOAD /usr/lib/gcc/arm-none-eabi/13.2.1/../../../arm-none-eabi/lib/thumb/v7e-m+fp/hard/libc_nano.a
END GROUP
START GROUP
LOAD /usr/lib/gcc/arm-none-eabi/13.2.1/thumb/v7e-m+fp/hard/libgcc.a
LOAD /usr/lib/gcc/arm-none-eabi/13.2.1/../../../arm-none-eabi/lib/thumb/v7e-m+fp/hard/libc_nano.a
END GROUP
LOAD /usr/lib/gcc/arm-none-eabi/13.2.1/thumb/v7e-m+fp/hard/crtend.o
LOAD /usr/lib/gcc/arm-none-eabi/13.2.1/thumb/v7e-m+fp/hard/crtn.o
                0x20010000                        _estack = (ORIGIN (RAM) + LENGTH (RAM))
                0x00002000                        _Min_Heap_Size = 0x2000
                0x00000800                        _Min_Stack_Size = 0x800

.isr_vector     0x08000000      0x194
                0x08000000                        . = ALIGN (0x4)
 *(.isr_vector)
 .isr_vector    0x08000000      0x194 Debug/startup_stm32f401xc.o
                0x08000000                g_pfnVectors
                0x08000194                        . = ALIGN (0x4)

.text           0x080001c0    0x14138
                0x080001c0                        . = ALIGN (0x4)
 *(.text)
 .text          0x080001c0       0x88 /usr/lib/gcc/arm-none-eabi/13.2.1/thumb/v7e-m+fp/hard/crtbegin.o
 .text          0x08000248       0x80 /usr/lib/gcc/arm-none-eabi/13.2.1/../../../arm-none-eabi/lib/thumb/v7e-m+fp/hard/libc_nano.a(libc_a-sprintf.o)
                0x08000248                _siprintf_r
                0x08000248                _sprintf_r
                0x08000284                sprintf
                0x08000284                siprintf
 .text          0x080002c8       0x40 /usr/lib/gcc/arm-none-eabi/13.2.1/../../../arm-none-eabi/lib/thumb/v7e-m+fp/hard/libc_nano.a(libc_a-strcat.o)
                0x080002c8                strcat
 .text          0x08000308       0xbc /usr/lib/gcc/arm-none-eabi/13.2.1/../../../arm-none-eabi/lib/thumb/v7e-m+fp/hard/libc_nano.a(libc_a-strcpy.o)
                0x08000308                strcpy
 .text          0x080003c4      0x400 /usr/lib/gcc/arm-none-eabi/13.2.1/../../../arm-none-eabi/lib/thumb/v7e-m+fp/hard/libc_nano.a(libc_a-nano-svfprintf.o)
                0x080003c4                __ssputs_r
                0x08000484                __ssprint_r
                0x0800058c                _svfprintf_r
                0x0800058c                _svfiprintf_r
 .text          0x080007c4       0x50 /usr/lib/gcc/arm-none-eabi/13.2.1/../../../arm-none-eabi/lib/thumb/v7e-m+fp/hard/libc_nano.a(libc_a-init.o)
                0x080007c4                __libc_init_array
 *fill*         0x08000814       0x2c 
 .text          0x08000840       0xd8 /usr/lib/gcc/arm-none-eabi/13.2.1/../../../arm-none-eabi/lib/thumb/v7e-m+fp/hard/libc_nano.a(libc_a-strlen.o)
                0x08000840                strlen
 .text          0x08000918       0xa4 /usr/lib/gcc/arm-none-eabi/13.2.1/../../../arm-none-eabi/lib/thumb/v7e-m+fp/hard/libc_nano.a(libc_a-memset.o)
                0x08000918                memset
 .text          0x080009bc        0xc /usr/lib/gcc/arm-none-eabi/13.2.1/../../../arm-none-eabi/lib/thumb/v7e-m+fp/hard/libc_nano.a(libc_a-errno.o)
                0x080009bc                __errno
 .text          0x080009c8      0x148 /usr/lib/gcc/arm-none-eabi/13.2.1/../../../arm-none-eabi/lib/thumb/v7e-m+fp/hard/libc_nano.a(libc_a-mallocr.o)
                0x08000a10                _malloc_r
 .text          0x08000b10       0xbc /usr/lib/gcc/arm-none-eabi/13.2.1/../../../arm-none-eabi/lib/thumb/v7e-m+fp/hard/libc_nano.a(libc_a-freer.o)
                0x08000b10                _free_r
 .text          0x08000bcc      0x100 /usr/lib/gcc/arm-none-eabi/13.2.1/../../../arm-none-eabi/lib/thumb/v7e-m+fp/hard/libc_nano.a(libc_a-memmove.o)
                0x08000bcc                memmove
 *fill*         0x08000ccc        0x4 
 .text          0x08000cd0       0xa0 /usr/lib/gcc/arm-none-eabi/13.2.1/../../../arm-none-eabi/lib/thumb/v7e-m+fp/hard/libc_nano.a(libc_a-memchr.o)
                0x08000cd0                memchr
 .text          0x08000d70      0x134 /usr/lib/gcc/arm-none-eabi/13.2.1/../../../arm-none-eabi/lib/thumb/v7e-m+fp/hard/libc_nano.a(libc_a-memcpy.o)
                0x08000d70                memcpy
 .text          0x08000ea4       0x20 /usr/lib/gcc/arm-none-eabi/13.2.1/../../../arm-none-eabi/lib/thumb/v7e-m+fp/hard/libc_nano.a(libc_a-malloc.o)
                0x08000ea4                malloc
                0x08000eb4                free
 .text          0x08000ec4       0x64 /usr/lib/gcc/arm-none-eabi/13.2.1/../../../arm-none-eabi/lib/thumb/v7e-m+fp/hard/libc_nano.a(libc_a-reallocr.o)
                0x08000ec4                _realloc_r
 .text          0x08000f28      0x3a8 /usr/lib/gcc/arm-none-eabi/13.2.1/../../../arm-none-eabi/lib/thumb/v7e-m+fp/hard/libc_nano.a(libc_a-nano-vfprintf_i.o)
                0x08000f28                _printf_common
                0x0800104c                _printf_i
 .text          0x080012d0        0x8 /usr/lib/gcc/arm-none-eabi/13.2.1/../../../arm-none-eabi/lib/thumb/v7e-m+fp/hard/libc_nano.a(libc_a-mlock.o)
                0x080012d0                __malloc_lock
                0x080012d4                __malloc_unlock
 *fill*         0x080012d8        0x8 
 .text          0x080012e0      0x2e0 /usr/lib/gcc/arm-none-eabi/13.2.1/../../../arm-none-eabi/lib/thumb/v7e-m+fp/hard/libc_nano.a(libc_a-strcmp.o)
                0x080012e0                strcmp
 .text          0x080015c0      0x114 /usr/lib/gcc/arm-none-eabi/13.2.1/../../../arm-none-eabi/lib/thumb/v7e-m+fp/hard/libc_nano.a(libc_a-snprintf.o)
                0x080015c0                _sniprintf_r
                0x080015c0                _snprintf_r
                0x08001644                snprintf
                0x08001644                sniprintf
 .text          0x080016d4       0x48 /usr/lib/gcc/arm-none-eabi/13.2.1/../../../arm-none-eabi/lib/thumb/v7e-m+fp/hard/libc_nano.a(libc_a-printf.o)
                0x080016d4                _printf_r
                0x080016d4                _iprintf_r
                0x080016f4                printf
                0x080016f4                iprintf
 .text          0x0800171c      0x314 /usr/lib/gcc/arm-none-eabi/13.2.1/../../../arm-none-eabi/lib/thumb/v7e-m+fp/hard/libc_nano.a(libc_a-nano-vfprintf.o)
                0x08001758                __sfputs_r
                0x08001788                __sprint_r
                0x080017a8                _vfiprintf_r
                0x080017a8                _vfprintf_r
                0x08001a14                vfiprintf
                0x08001a14                vfprintf
 .text          0x08001a30       0xa0 /usr/lib/gcc/arm-none-eabi/13.2.1/../../../arm-none-eabi/lib/thumb/v7e-m+fp/hard/libc_nano.a(libc_a-wbuf.o)
                0x08001a30                __swbuf_r
                0x08001ab8                __swbuf
 .text          0x08001ad0       0x24 /usr/lib/gcc/arm-none-eabi/13.2.1/../../../arm-none-eabi/lib/thumb/v7e-m+fp/hard/libc_nano.a(libc_a-sbrkr.o)
                0x08001ad0                _sbrk_r
 .text          0x08001af4       0x10 /usr/lib/gcc/arm-none-eabi/13.2.1/../../../arm-none-eabi/lib/thumb/v7e-m+fp/hard/libc_nano.a(libc_a-msizer.o)
                0x08001af4                _malloc_usable_size_r
 .text          0x08001b04      0x300 /usr/lib/gcc/arm-none-eabi/13.2.1/../../../arm-none-eabi/lib/thumb/v7e-m+fp/hard/libc_nano.a(libc_a-fvwrite.o)
                0x08001b04                __sfvwrite_r
 .text          0x08001e04      0x224 /usr/lib/gcc/arm-none-eabi/13.2.1/../../../arm-none-eabi/lib/thumb/v7e-m+fp/hard/libc_nano.a(libc_a-findfp.o)
                0x08001f34                __sfp
                0x08001fd8                __sinit
                0x08001ff8                __sfp_lock_acquire
                0x08001ffc                __sfp_lock_release
                0x08002000                __fp_lock_all
                0x08002014                __fp_unlock_all
 .text          0x08002028      0x1a8 /usr/lib/gcc/arm-none-eabi/13.2.1/../../../arm-none-eabi/lib/thumb/v7e-m+fp/hard/libc_nano.a(libc_a-fflush.o)
                0x08002028                __sflush_r
                0x0800214c                _fflush_r
                0x08002184                fflush
 .text          0x080021d0       0x44 /usr/lib/gcc/arm-none-eabi/13.2.1/../../../arm-none-eabi/lib/thumb/v7e-m+fp/hard/libc_nano.a(libc_a-fwalk.o)
                0x080021d0                _fwalk_sglue
 .text          0x08002214       0xc4 /usr/lib/gcc/arm-none-eabi/13.2.1/../../../arm-none-eabi/lib/thumb/v7e-m+fp/hard/libc_nano.a(libc_a-wsetup.o)
                0x08002214                __swsetup_r
 .text          0x080022d8      0x114 /usr/lib/gcc/arm-none-eabi/13.2.1/../../../arm-none-eabi/lib/thumb/v7e-m+fp/hard/libc_nano.a(libc_a-makebuf.o)
                0x080022d8                __smakebuf_r
                0x0800239c                __swhatbuf_r
 .text          0x080023ec       0x24 /usr/lib/gcc/arm-none-eabi/13.2.1/../../../arm-none-eabi/lib/thumb/v7e-m+fp/hard/libc_nano.a(libc_a-isattyr.o)
                0x080023ec                _isatty_r
 .text          0x08002410       0x94 /usr/lib/gcc/arm-none-eabi/13.2.1/../../../arm-none-eabi/lib/thumb/v7e-m+fp/hard/libc_nano.a(libc_a-stdio.o)
                0x08002410                __sread
                0x08002434                __seofread
                0x08002438                __swrite
                0x08002478                __sseek
                0x0800249c                __sclose
 .text          0x080024a4       0x24 /usr/lib/gcc/arm-none-eabi/13.2.1/../../../arm-none-eabi/lib/thumb/v7e-m+fp/hard/libc_nano.a(libc_a-closer.o)
                0x080024a4                _close_r
 .text          0x080024c8       0x2c /usr/lib/gcc/arm-none-eabi/13.2.1/../../../arm-none-eabi/lib/thumb/v7e-m+fp/hard/libc_nano.a(libc_a-readr.o)
                0x080024c8                _read_r
 .text          0x080024f4       0x2c /usr/lib/gcc/arm-none-eabi/13.2.1/../../../arm-none-eabi/lib/thumb/v7e-m+fp/hard/libc_nano.a(libc_a-fstatr.o)
                0x080024f4                _fstat_r
 .text          0x08002520       0x2c /usr/lib/gcc/arm-none-eabi/13.2.1/../../../arm-none-eabi/lib/thumb/v7e-m+fp/hard/libc_nano.a(libc_a-lseekr.o)
                0x08002520                _lseek_r
 .text          0x0800254c       0x2c /usr/lib/gcc/arm-none-eabi/13.2.1/../../../arm-none-eabi/lib/thumb/v7e-m+fp/hard/libc_nano.a(libc_a-writer.o)
                0x0800254c                _write_r
 .text          0x08002578      0x378 /usr/lib/gcc/arm-none-eabi/13.2.1/thumb/v7e-m+fp/hard/libgcc.a(_arm_addsubdf3.o)
                0x08002578                __aeabi_drsub
                0x08002580                __aeabi_dsub
                0x08002580                __subdf3
                0x08002584                __adddf3
                0x08002584                __aeabi_dadd
                0x080027fc                __aeabi_ui2d
                0x080027fc                __floatunsidf
                0x0800281c                __floatsidf
                0x0800281c                __aeabi_i2d
                0x08002840                __extendsfdf2
                0x08002840                __aeabi_f2d
                0x08002884                __aeabi_ul2d
                0x08002884                __floatundidf
                0x08002894                __floatdidf
                0x08002894                __aeabi_l2d
 .text          0x080028f0      0x424 /usr/lib/gcc/arm-none-eabi/13.2.1/thumb/v7e-m+fp/hard/libgcc.a(_arm_muldivdf3.o)
                0x080028f0                __aeabi_dmul
                0x080028f0                __muldf3
                0x08002b44                __aeabi_ddiv
                0x08002b44                __divdf3
 .text          0x08002d14       0x30 /usr/lib/gcc/arm-none-eabi/13.2.1/thumb/v7e-m+fp/hard/libgcc.a(_aeabi_uldivmod.o)
                0x08002d14                __aeabi_uldivmod
 .text          0x08002d44      0x2bc /usr/lib/gcc/arm-none-eabi/13.2.1/thumb/v7e-m+fp/hard/libgcc.a(_udivmoddi4.o)
                0x08002d44                __udivmoddi4
 .text          0x08003000        0x4 /usr/lib/gcc/arm-none-eabi/13.2.1/thumb/v7e-m+fp/hard/libgcc.a(_dvmd_tls.o)
                0x08003000                __aeabi_ldiv0
                0x08003000                __aeabi_idiv0
 *(.text*)
 .text.NMI_Handler
                0x08003004        0x2 Debug/stm32f4xx_it.o
                0x08003004                NMI_Handler
 *fill*         0x08003006        0x2 
 .text.HardFault_Handler
                0x08003008       0x14 Debug/stm32f4xx_it.o
                0x08003008                HardFault_Handler
 .text.MemManage_Handler
                0x0800301c        0x2 Debug/stm32f4xx_it.o
                0x0800301c                MemManage_Handler
 .text.BusFault_Handler
                0x0800301e        0x2 Debug/stm32f4xx_it.o
                0x0800301e                BusFault_Handler
 .text.UsageFault_Handler
                0x08003020        0x2 Debug/stm32f4xx_it.o
                0x08003020                UsageFault_Handler
 .text.SVC_Handler
                0x08003022        0x2 Debug/stm32f4xx_it.o
                0x08003022                SVC_Handler
 .text.DebugMon_Handler
                0x08003024        0x2 Debug/stm32f4xx_it.o
                0x08003024                DebugMon_Handler
 .text.PendSV_Handler
                0x08003026        0x2 Debug/stm32f4xx_it.o
                0x08003026                PendSV_Handler
 .text.SysTick_Handler
                0x08003028        0x8 Debug/stm32f4xx_it.o
                0x08003028                SysTick_Handler
 .text.DMA2_Stream0_IRQHandler
                0x08003030       0x14 Debug/stm32f4xx_it.o
                0x08003030                DMA2_Stream0_IRQHandler
 .text.EXTI0_IRQHandler
                0x08003044        0xa Debug/stm32f4xx_it.o
                0x08003044                EXTI0_IRQHandler
 .text.EXTI1_IRQHandler
                0x0800304e        0xa Debug/stm32f4xx_it.o
                0x0800304e                EXTI1_IRQHandler
 .text.EXTI4_IRQHandler
                0x08003058        0xa Debug/stm32f4xx_it.o
                0x08003058                EXTI4_IRQHandler
 .text.EXTI9_5_IRQHandler
                0x08003062       0x10 Debug/stm32f4xx_it.o
                0x08003062                EXTI9_5_IRQHandler
 *fill*         0x08003072        0x2 
 .text.OTG_FS_IRQHandler
                0x08003074       0x10 Debug/stm32f4xx_it.o
                0x08003074                OTG_FS_IRQHandler
 .text.HAL_MspInit
                0x08003084       0x38 Debug/stm32f4xx_hal_msp.o
                0x08003084                HAL_MspInit
 .text.HAL_ADC_MspInit
                0x080030bc       0xd0 Debug/stm32f4xx_hal_msp.o
                0x080030bc                HAL_ADC_MspInit
 .text.HAL_ADC_MspDeInit
                0x0800318c       0x40 Debug/stm32f4xx_hal_msp.o
                0x0800318c                HAL_ADC_MspDeInit
 .text.HAL_UART_MspInit
                0x080031cc       0x74 Debug/stm32f4xx_hal_msp.o
                0x080031cc                HAL_UART_MspInit
 .text.SystemInit
                0x08003240       0x14 Debug/system_stm32f4xx.o
                0x08003240                SystemInit
 .text.__io_putchar
                0x08003254       0x20 Debug/syscalls.o
                0x08003254                __io_putchar
 .text._write   0x08003274       0x1c Debug/syscalls.o
                0x08003274                _write
 .text.__io_getchar
                0x08003290        0x4 Debug/syscalls.o
                0x08003290                __io_getchar
 .text._read    0x08003294       0x20 Debug/syscalls.o
                0x08003294                _read
 .text._close   0x080032b4        0x6 Debug/syscalls.o
                0x080032b4                _close
 .text._fstat   0x080032ba        0xa Debug/syscalls.o
                0x080032ba                _fstat
 .text._isatty  0x080032c4        0x4 Debug/syscalls.o
                0x080032c4                _isatty
 .text._lseek   0x080032c8        0x4 Debug/syscalls.o
                0x080032c8                _lseek
 .text._sbrk    0x080032cc       0x48 Debug/sysmem.o
                0x080032cc                _sbrk
 .text.MX_FATFS_Init
                0x08003314       0x1c Debug/fatfs.o
                0x08003314                MX_FATFS_Init
 .text.get_fattime
                0x08003330        0x4 Debug/fatfs.o
                0x08003330                get_fattime
 .text.USBH_initialize
                0x08003334        0x4 Debug/usbh_diskio.o
                0x08003334                USBH_initialize
 .text.USBH_status
                0x08003338       0x18 Debug/usbh_diskio.o
                0x08003338                USBH_status
 .text.USBH_read
                0x08003350       0x48 Debug/usbh_diskio.o
                0x08003350                USBH_read
 .text.USBH_ioctl
                0x08003398       0x6c Debug/usbh_diskio.o
                0x08003398                USBH_ioctl
 .text.USBH_write
                0x08003404       0x54 Debug/usbh_diskio.o
                0x08003404                USBH_write
 .text.USBH_UserProcess
                0x08003458       0x3c Debug/usb_host.o
 .text.MX_USB_HOST_Init
                0x08003494       0x40 Debug/usb_host.o
                0x08003494                MX_USB_HOST_Init
 .text.MX_USB_HOST_Process
                0x080034d4       0x10 Debug/usb_host.o
                0x080034d4                MX_USB_HOST_Process
 .text.HAL_HCD_MspInit
                0x080034e4       0x84 Debug/usbh_conf.o
                0x080034e4                HAL_HCD_MspInit
 .text.HAL_HCD_SOF_Callback
                0x08003568        0xc Debug/usbh_conf.o
                0x08003568                HAL_HCD_SOF_Callback
 .text.HAL_HCD_Connect_Callback
                0x08003574        0xc Debug/usbh_conf.o
                0x08003574                HAL_HCD_Connect_Callback
 .text.HAL_HCD_Disconnect_Callback
                0x08003580        0xc Debug/usbh_conf.o
                0x08003580                HAL_HCD_Disconnect_Callback
 .text.HAL_HCD_HC_NotifyURBChange_Callback
                0x0800358c        0x2 Debug/usbh_conf.o
                0x0800358c                HAL_HCD_HC_NotifyURBChange_Callback
 .text.HAL_HCD_PortEnabled_Callback
                0x0800358e        0xc Debug/usbh_conf.o
                0x0800358e                HAL_HCD_PortEnabled_Callback
 .text.HAL_HCD_PortDisabled_Callback
                0x0800359a        0xc Debug/usbh_conf.o
                0x0800359a                HAL_HCD_PortDisabled_Callback
 *fill*         0x080035a6        0x2 
 .text.USBH_LL_Init
                0x080035a8       0x54 Debug/usbh_conf.o
                0x080035a8                USBH_LL_Init
 .text.USBH_LL_GetSpeed
                0x080035fc       0x20 Debug/usbh_conf.o
                0x080035fc                USBH_LL_GetSpeed
 .text.USBH_LL_GetLastXferSize
                0x0800361c        0xc Debug/usbh_conf.o
                0x0800361c                USBH_LL_GetLastXferSize
 .text.USBH_LL_GetURBState
                0x08003628        0xc Debug/usbh_conf.o
                0x08003628                USBH_LL_GetURBState
 .text.USBH_LL_DriverVBUS
                0x08003634        0xc Debug/usbh_conf.o
                0x08003634                USBH_LL_DriverVBUS
 .text.USBH_LL_SetToggle
                0x08003640       0x2a Debug/usbh_conf.o
                0x08003640                USBH_LL_SetToggle
 .text.USBH_LL_GetToggle
                0x0800366a       0x28 Debug/usbh_conf.o
                0x0800366a                USBH_LL_GetToggle
 .text.USBH_Delay
                0x08003692        0x8 Debug/usbh_conf.o
                0x08003692                USBH_Delay
 .text.USBH_Get_USB_Status
                0x0800369a       0x14 Debug/usbh_conf.o
                0x0800369a                USBH_Get_USB_Status
 .text.USBH_LL_Start
                0x080036ae       0x10 Debug/usbh_conf.o
                0x080036ae                USBH_LL_Start
 .text.USBH_LL_Stop
                0x080036be       0x10 Debug/usbh_conf.o
                0x080036be                USBH_LL_Stop
 .text.USBH_LL_ResetPort
                0x080036ce       0x10 Debug/usbh_conf.o
                0x080036ce                USBH_LL_ResetPort
 .text.USBH_LL_OpenPipe
                0x080036de       0x26 Debug/usbh_conf.o
                0x080036de                USBH_LL_OpenPipe
 .text.USBH_LL_ClosePipe
                0x08003704       0x10 Debug/usbh_conf.o
                0x08003704                USBH_LL_ClosePipe
 .text.USBH_LL_SubmitURB
                0x08003714       0x2a Debug/usbh_conf.o
                0x08003714                USBH_LL_SubmitURB
 *fill*         0x0800373e        0x2 
 .text.HCD_RXQLVL_IRQHandler
                0x08003740       0xa4 Debug/stm32f4xx_hal_hcd.o
 .text.HAL_HCD_HC_Init
                0x080037e4       0x8e Debug/stm32f4xx_hal_hcd.o
                0x080037e4                HAL_HCD_HC_Init
 .text.HAL_HCD_HC_Halt
                0x08003872       0x24 Debug/stm32f4xx_hal_hcd.o
                0x08003872                HAL_HCD_HC_Halt
 .text.HAL_HCD_Init
                0x08003896       0xa4 Debug/stm32f4xx_hal_hcd.o
                0x08003896                HAL_HCD_Init
 .text.HAL_HCD_HC_SubmitRequest
                0x0800393a      0x164 Debug/stm32f4xx_hal_hcd.o
                0x0800393a                HAL_HCD_HC_SubmitRequest
 .text.HCD_Port_IRQHandler
                0x08003a9e       0xb0 Debug/stm32f4xx_hal_hcd.o
 .text.HCD_HC_IN_IRQHandler
                0x08003b4e      0x312 Debug/stm32f4xx_hal_hcd.o
 .text.HCD_HC_OUT_IRQHandler
                0x08003e60      0x308 Debug/stm32f4xx_hal_hcd.o
 .text.HAL_HCD_IRQHandler
                0x08004168      0x154 Debug/stm32f4xx_hal_hcd.o
                0x08004168                HAL_HCD_IRQHandler
 .text.HAL_HCD_Start
                0x080042bc       0x2a Debug/stm32f4xx_hal_hcd.o
                0x080042bc                HAL_HCD_Start
 .text.HAL_HCD_Stop
                0x080042e6       0x24 Debug/stm32f4xx_hal_hcd.o
                0x080042e6                HAL_HCD_Stop
 .text.HAL_HCD_ResetPort
                0x0800430a        0xa Debug/stm32f4xx_hal_hcd.o
                0x0800430a                HAL_HCD_ResetPort
 .text.HAL_HCD_HC_GetURBState
                0x08004314        0xc Debug/stm32f4xx_hal_hcd.o
                0x08004314                HAL_HCD_HC_GetURBState
 .text.HAL_HCD_HC_GetXferCount
                0x08004320        0xa Debug/stm32f4xx_hal_hcd.o
                0x08004320                HAL_HCD_HC_GetXferCount
 .text.HAL_HCD_GetCurrentFrame
                0x0800432a        0xa Debug/stm32f4xx_hal_hcd.o
                0x0800432a                HAL_HCD_GetCurrentFrame
 .text.HAL_HCD_GetCurrentSpeed
                0x08004334        0xa Debug/stm32f4xx_hal_hcd.o
                0x08004334                HAL_HCD_GetCurrentSpeed
 *fill*         0x0800433e        0x2 
 .text.USB_CoreReset
                0x08004340       0x4c Debug/stm32f4xx_ll_usb.o
 .text.USB_CoreInit
                0x0800438c       0x8a Debug/stm32f4xx_ll_usb.o
                0x0800438c                USB_CoreInit
 .text.USB_EnableGlobalInt
                0x08004416        0xc Debug/stm32f4xx_ll_usb.o
                0x08004416                USB_EnableGlobalInt
 .text.USB_DisableGlobalInt
                0x08004422        0xc Debug/stm32f4xx_ll_usb.o
                0x08004422                USB_DisableGlobalInt
 *fill*         0x0800442e        0x2 
 .text.USB_FlushTxFifo
                0x08004430       0x30 Debug/stm32f4xx_ll_usb.o
                0x08004430                USB_FlushTxFifo
 .text.USB_FlushRxFifo
                0x08004460       0x2c Debug/stm32f4xx_ll_usb.o
                0x08004460                USB_FlushRxFifo
 .text.USB_WritePacket
                0x0800448c       0x2e Debug/stm32f4xx_ll_usb.o
                0x0800448c                USB_WritePacket
 .text.USB_ReadPacket
                0x080044ba       0x46 Debug/stm32f4xx_ll_usb.o
                0x080044ba                USB_ReadPacket
 .text.USB_ReadInterrupts
                0x08004500        0x8 Debug/stm32f4xx_ll_usb.o
                0x08004500                USB_ReadInterrupts
 .text.USB_GetMode
                0x08004508        0x8 Debug/stm32f4xx_ll_usb.o
                0x08004508                USB_GetMode
 .text.USB_SetCurrentMode
                0x08004510       0x62 Debug/stm32f4xx_ll_usb.o
                0x08004510                USB_SetCurrentMode
 *fill*         0x08004572        0x2 
 .text.USB_HostInit
                0x08004574       0xec Debug/stm32f4xx_ll_usb.o
                0x08004574                USB_HostInit
 .text.USB_InitFSLSPClkSel
                0x08004660       0x3e Debug/stm32f4xx_ll_usb.o
                0x08004660                USB_InitFSLSPClkSel
 .text.USB_ResetPort
                0x0800469e       0x3e Debug/stm32f4xx_ll_usb.o
                0x0800469e                USB_ResetPort
 .text.USB_DriveVbus
                0x080046dc       0x46 Debug/stm32f4xx_ll_usb.o
                0x080046dc                USB_DriveVbus
 .text.USB_GetHostSpeed
                0x08004722       0x16 Debug/stm32f4xx_ll_usb.o
                0x08004722                USB_GetHostSpeed
 .text.USB_GetCurrentFrame
                0x08004738        0xa Debug/stm32f4xx_ll_usb.o
                0x08004738                USB_GetCurrentFrame
 .text.USB_HC_Init
                0x08004742      0x11c Debug/stm32f4xx_ll_usb.o
                0x08004742                USB_HC_Init
 .text.USB_HC_ReadInterrupt
                0x0800485e        0xa Debug/stm32f4xx_ll_usb.o
                0x0800485e                USB_HC_ReadInterrupt
 .text.USB_HC_Halt
                0x08004868       0xe4 Debug/stm32f4xx_ll_usb.o
                0x08004868                USB_HC_Halt
 .text.USB_DoPing
                0x0800494c       0x24 Debug/stm32f4xx_ll_usb.o
                0x0800494c                USB_DoPing
 .text.USB_HC_StartXfer
                0x08004970      0x168 Debug/stm32f4xx_ll_usb.o
                0x08004970                USB_HC_StartXfer
 .text.USB_StopHost
                0x08004ad8       0x7c Debug/stm32f4xx_ll_usb.o
                0x08004ad8                USB_StopHost
 .text.HAL_RCC_OscConfig
                0x08004b54      0x3f8 Debug/stm32f4xx_hal_rcc.o
                0x08004b54                HAL_RCC_OscConfig
 .text.HAL_RCC_GetSysClockFreq
                0x08004f4c       0xa8 Debug/stm32f4xx_hal_rcc.o
                0x08004f4c                HAL_RCC_GetSysClockFreq
 .text.HAL_RCC_ClockConfig
                0x08004ff4      0x160 Debug/stm32f4xx_hal_rcc.o
                0x08004ff4                HAL_RCC_ClockConfig
 .text.HAL_RCC_GetHCLKFreq
                0x08005154        0xc Debug/stm32f4xx_hal_rcc.o
                0x08005154                HAL_RCC_GetHCLKFreq
 .text.HAL_RCC_GetPCLK1Freq
                0x08005160       0x20 Debug/stm32f4xx_hal_rcc.o
                0x08005160                HAL_RCC_GetPCLK1Freq
 .text.HAL_RCC_GetPCLK2Freq
                0x08005180       0x20 Debug/stm32f4xx_hal_rcc.o
                0x08005180                HAL_RCC_GetPCLK2Freq
 .text.FLASH_Program_DoubleWord
                0x080051a0       0x30 Debug/stm32f4xx_hal_flash.o
 .text.FLASH_Program_Word
                0x080051d0       0x24 Debug/stm32f4xx_hal_flash.o
 .text.FLASH_Program_HalfWord
                0x080051f4       0x24 Debug/stm32f4xx_hal_flash.o
 .text.FLASH_Program_Byte
                0x08005218       0x20 Debug/stm32f4xx_hal_flash.o
 .text.FLASH_SetErrorCode
                0x08005238       0xa8 Debug/stm32f4xx_hal_flash.o
 .text.HAL_FLASH_Unlock
                0x080052e0       0x30 Debug/stm32f4xx_hal_flash.o
                0x080052e0                HAL_FLASH_Unlock
 .text.HAL_FLASH_Lock
                0x08005310       0x14 Debug/stm32f4xx_hal_flash.o
                0x08005310                HAL_FLASH_Lock
 .text.HAL_FLASH_GetError
                0x08005324        0xc Debug/stm32f4xx_hal_flash.o
                0x08005324                HAL_FLASH_GetError
 .text.FLASH_WaitForLastOperation
                0x08005330       0x60 Debug/stm32f4xx_hal_flash.o
                0x08005330                FLASH_WaitForLastOperation
 .text.HAL_FLASH_Program
                0x08005390       0x7c Debug/stm32f4xx_hal_flash.o
                0x08005390                HAL_FLASH_Program
 .text.FLASH_MassErase
                0x0800540c       0x24 Debug/stm32f4xx_hal_flash_ex.o
 .text.FLASH_Erase_Sector
                0x08005430       0x4c Debug/stm32f4xx_hal_flash_ex.o
                0x08005430                FLASH_Erase_Sector
 .text.FLASH_FlushCaches
                0x0800547c       0x60 Debug/stm32f4xx_hal_flash_ex.o
                0x0800547c                FLASH_FlushCaches
 .text.HAL_FLASHEx_Erase
                0x080054dc       0x94 Debug/stm32f4xx_hal_flash_ex.o
                0x080054dc                HAL_FLASHEx_Erase
 .text.HAL_GPIO_Init
                0x08005570      0x1c8 Debug/stm32f4xx_hal_gpio.o
                0x08005570                HAL_GPIO_Init
 .text.HAL_GPIO_DeInit
                0x08005738      0x110 Debug/stm32f4xx_hal_gpio.o
                0x08005738                HAL_GPIO_DeInit
 .text.HAL_GPIO_EXTI_IRQHandler
                0x08005848       0x1c Debug/stm32f4xx_hal_gpio.o
                0x08005848                HAL_GPIO_EXTI_IRQHandler
 .text.DMA_SetConfig
                0x08005864       0x2c Debug/stm32f4xx_hal_dma.o
 .text.DMA_CalcBaseAndBitshift
                0x08005890       0x3c Debug/stm32f4xx_hal_dma.o
 .text.DMA_CheckFifoParam
                0x080058cc       0x8e Debug/stm32f4xx_hal_dma.o
 *fill*         0x0800595a        0x2 
 .text.HAL_DMA_Init
                0x0800595c       0xcc Debug/stm32f4xx_hal_dma.o
                0x0800595c                HAL_DMA_Init
 .text.HAL_DMA_DeInit
                0x08005a28       0x64 Debug/stm32f4xx_hal_dma.o
                0x08005a28                HAL_DMA_DeInit
 .text.HAL_DMA_Start_IT
                0x08005a8c       0x6a Debug/stm32f4xx_hal_dma.o
                0x08005a8c                HAL_DMA_Start_IT
 *fill*         0x08005af6        0x2 
 .text.HAL_DMA_IRQHandler
                0x08005af8      0x1dc Debug/stm32f4xx_hal_dma.o
                0x08005af8                HAL_DMA_IRQHandler
 .text.__NVIC_SetPriority
                0x08005cd4       0x28 Debug/stm32f4xx_hal_cortex.o
 .text.NVIC_EncodePriority
                0x08005cfc       0x3e Debug/stm32f4xx_hal_cortex.o
 *fill*         0x08005d3a        0x2 
 .text.HAL_NVIC_SetPriorityGrouping
                0x08005d3c       0x24 Debug/stm32f4xx_hal_cortex.o
                0x08005d3c                HAL_NVIC_SetPriorityGrouping
 .text.HAL_NVIC_SetPriority
                0x08005d60       0x20 Debug/stm32f4xx_hal_cortex.o
                0x08005d60                HAL_NVIC_SetPriority
 .text.HAL_NVIC_EnableIRQ
                0x08005d80       0x1c Debug/stm32f4xx_hal_cortex.o
                0x08005d80                HAL_NVIC_EnableIRQ
 .text.HAL_SYSTICK_Config
                0x08005d9c       0x28 Debug/stm32f4xx_hal_cortex.o
                0x08005d9c                HAL_SYSTICK_Config
 .text.HAL_InitTick
                0x08005dc4       0x4c Debug/stm32f4xx_hal.o
                0x08005dc4                HAL_InitTick
 .text.HAL_Init
                0x08005e10       0x34 Debug/stm32f4xx_hal.o
                0x08005e10                HAL_Init
 .text.HAL_IncTick
                0x08005e44       0x18 Debug/stm32f4xx_hal.o
                0x08005e44                HAL_IncTick
 .text.HAL_GetTick
                0x08005e5c        0xc Debug/stm32f4xx_hal.o
                0x08005e5c                HAL_GetTick
 .text.HAL_Delay
                0x08005e68       0x28 Debug/stm32f4xx_hal.o
                0x08005e68                HAL_Delay
 .text.ADC_Init
                0x08005e90      0x134 Debug/stm32f4xx_hal_adc.o
 .text.HAL_ADC_Init
                0x08005fc4       0x56 Debug/stm32f4xx_hal_adc.o
                0x08005fc4                HAL_ADC_Init
 .text.HAL_ADC_DeInit
                0x0800601a       0x3a Debug/stm32f4xx_hal_adc.o
                0x0800601a                HAL_ADC_DeInit
 .text.HAL_ADC_Start
                0x08006054      0x108 Debug/stm32f4xx_hal_adc.o
                0x08006054                HAL_ADC_Start
 .text.HAL_ADC_Start_DMA
                0x0800615c      0x164 Debug/stm32f4xx_hal_adc.o
                0x0800615c                HAL_ADC_Start_DMA
 .text.HAL_ADC_ConvCpltCallback
                0x080062c0        0x2 Debug/stm32f4xx_hal_adc.o
                0x080062c0                HAL_ADC_ConvCpltCallback
 .text.HAL_ADC_ConvHalfCpltCallback
                0x080062c2        0x2 Debug/stm32f4xx_hal_adc.o
                0x080062c2                HAL_ADC_ConvHalfCpltCallback
 .text.ADC_DMAHalfConvCplt
                0x080062c4        0xa Debug/stm32f4xx_hal_adc.o
 .text.HAL_ADC_ErrorCallback
                0x080062ce        0x2 Debug/stm32f4xx_hal_adc.o
                0x080062ce                HAL_ADC_ErrorCallback
 .text.ADC_DMAError
                0x080062d0       0x16 Debug/stm32f4xx_hal_adc.o
 .text.ADC_DMAConvCplt
                0x080062e6       0x72 Debug/stm32f4xx_hal_adc.o
 .text.HAL_ADC_ConfigChannel
                0x08006358      0x194 Debug/stm32f4xx_hal_adc.o
                0x08006358                HAL_ADC_ConfigChannel
 .text.UART_SetConfig
                0x080064ec      0x110 Debug/stm32f4xx_hal_uart.o
 .text.UART_WaitOnFlagUntilTimeout
                0x080065fc       0x84 Debug/stm32f4xx_hal_uart.o
 .text.HAL_HalfDuplex_Init
                0x08006680       0x6a Debug/stm32f4xx_hal_uart.o
                0x08006680                HAL_HalfDuplex_Init
 .text.HAL_UART_Transmit
                0x080066ea       0xd8 Debug/stm32f4xx_hal_uart.o
                0x080066ea                HAL_UART_Transmit
 *fill*         0x080067c2        0x2 
 .text.disk_status
                0x080067c4       0x18 Debug/diskio.o
                0x080067c4                disk_status
 .text.disk_initialize
                0x080067dc       0x28 Debug/diskio.o
                0x080067dc                disk_initialize
 .text.disk_read
                0x08006804       0x18 Debug/diskio.o
                0x08006804                disk_read
 .text.disk_write
                0x0800681c       0x18 Debug/diskio.o
                0x0800681c                disk_write
 .text.disk_ioctl
                0x08006834       0x18 Debug/diskio.o
                0x08006834                disk_ioctl
 .text.ld_word  0x0800684c        0xa Debug/ff.o
 .text.ld_dword
                0x08006856       0x16 Debug/ff.o
 .text.ld_qword
                0x0800686c       0x44 Debug/ff.o
 .text.st_word  0x080068b0        0x8 Debug/ff.o
 .text.st_dword
                0x080068b8       0x14 Debug/ff.o
 .text.st_qword
                0x080068cc       0x26 Debug/ff.o
 .text.mem_cpy  0x080068f2       0x14 Debug/ff.o
 .text.mem_set  0x08006906        0xa Debug/ff.o
 .text.mem_cmp  0x08006910       0x1a Debug/ff.o
 .text.chk_chr  0x0800692a       0x10 Debug/ff.o
 *fill*         0x0800693a        0x2 
 .text.chk_lock
                0x0800693c       0x74 Debug/ff.o
 .text.enq_lock
                0x080069b0       0x20 Debug/ff.o
 .text.inc_lock
                0x080069d0       0xa0 Debug/ff.o
 .text.dec_lock
                0x08006a70       0x40 Debug/ff.o
 .text.clear_lock
                0x08006ab0       0x3c Debug/ff.o
 .text.clust2sect
                0x08006aec       0x18 Debug/ff.o
 .text.clmt_clust
                0x08006b04       0x42 Debug/ff.o
 .text.ld_clust
                0x08006b46       0x26 Debug/ff.o
 .text.st_clust
                0x08006b6c       0x26 Debug/ff.o
 *fill*         0x08006b92        0x2 
 .text.pick_lfn
                0x08006b94       0x84 Debug/ff.o
 .text.put_lfn  0x08006c18       0x78 Debug/ff.o
 .text.gen_numname
                0x08006c90       0xaa Debug/ff.o
 .text.sum_sfn  0x08006d3a       0x20 Debug/ff.o
 .text.xdir_sum
                0x08006d5a       0x32 Debug/ff.o
 .text.get_ldnumber
                0x08006d8c       0x54 Debug/ff.o
 .text.validate
                0x08006de0       0x46 Debug/ff.o
 .text.sync_window
                0x08006e26       0x54 Debug/ff.o
 .text.move_window
                0x08006e7a       0x36 Debug/ff.o
 .text.check_fs
                0x08006eb0       0x8c Debug/ff.o
 .text.find_volume
                0x08006f3c      0x4c8 Debug/ff.o
 .text.find_bitmap
                0x08007404       0x96 Debug/ff.o
 .text.change_bitmap
                0x0800749a       0x7c Debug/ff.o
 .text.put_fat  0x08007516      0x15a Debug/ff.o
 .text.fill_last_frag
                0x08007670       0x30 Debug/ff.o
 .text.fill_first_frag
                0x080076a0       0x32 Debug/ff.o
 .text.get_fat  0x080076d2      0x1a8 Debug/ff.o
 .text.dir_sdi  0x0800787a       0xd6 Debug/ff.o
 .text.create_chain
                0x08007950      0x182 Debug/ff.o
 .text.remove_chain
                0x08007ad2       0xfe Debug/ff.o
 .text.dir_next
                0x08007bd0      0x132 Debug/ff.o
 *fill*         0x08007d02        0x2 
 .text.load_xdir
                0x08007d04       0xf0 Debug/ff.o
 .text.load_obj_dir
                0x08007df4       0x32 Debug/ff.o
 .text.dir_read
                0x08007e26       0xea Debug/ff.o
 .text.dir_alloc
                0x08007f10       0x64 Debug/ff.o
 .text.store_xdir
                0x08007f74       0x5e Debug/ff.o
 .text.dir_remove
                0x08007fd2       0x62 Debug/ff.o
 .text.sync_fs  0x08008034       0x88 Debug/ff.o
 .text.create_name
                0x080080bc      0x22c Debug/ff.o
 .text.get_xdir_info
                0x080082e8       0x9a Debug/ff.o
 .text.get_fileinfo
                0x08008382      0x102 Debug/ff.o
 .text.xname_sum
                0x08008484       0x38 Debug/ff.o
 .text.create_xdir
                0x080084bc       0x7e Debug/ff.o
 *fill*         0x0800853a        0x2 
 .text.cmp_lfn  0x0800853c       0xa0 Debug/ff.o
 .text.dir_find
                0x080085dc      0x172 Debug/ff.o
 .text.follow_path
                0x0800874e       0xd4 Debug/ff.o
 *fill*         0x08008822        0x2 
 .text.dir_register
                0x08008824      0x200 Debug/ff.o
 .text.f_mount  0x08008a24       0x5c Debug/ff.o
                0x08008a24                f_mount
 .text.f_open   0x08008a80      0x376 Debug/ff.o
                0x08008a80                f_open
 .text.f_write  0x08008df6      0x250 Debug/ff.o
                0x08008df6                f_write
 .text.f_sync   0x08009046      0x14a Debug/ff.o
                0x08009046                f_sync
 .text.f_close  0x08009190       0x2a Debug/ff.o
                0x08009190                f_close
 .text.f_opendir
                0x080091ba       0xd0 Debug/ff.o
                0x080091ba                f_opendir
 .text.f_closedir
                0x0800928a       0x24 Debug/ff.o
                0x0800928a                f_closedir
 .text.f_readdir
                0x080092ae       0x4e Debug/ff.o
                0x080092ae                f_readdir
 .text.f_stat   0x080092fc       0x44 Debug/ff.o
                0x080092fc                f_stat
 .text.f_unlink
                0x08009340      0x10a Debug/ff.o
                0x08009340                f_unlink
 *fill*         0x0800944a        0x2 
 .text.FATFS_LinkDriverEx
                0x0800944c       0x54 Debug/ff_gen_drv.o
                0x0800944c                FATFS_LinkDriverEx
 .text.FATFS_LinkDriver
                0x080094a0        0xa Debug/ff_gen_drv.o
                0x080094a0                FATFS_LinkDriver
 *fill*         0x080094aa        0x2 
 .text.ff_convert
                0x080094ac       0x3c Debug/ccsbcs.o
                0x080094ac                ff_convert
 .text.ff_wtoupper
                0x080094e8       0x9c Debug/ccsbcs.o
                0x080094e8                ff_wtoupper
 .text.DeInitStateMachine
                0x08009584       0x62 Debug/usbh_core.o
 .text.USBH_HandleSof
                0x080095e6       0x1a Debug/usbh_core.o
 .text.USBH_HandleEnum
                0x08009600      0x26e Debug/usbh_core.o
 .text.USBH_Init
                0x0800986e       0x3e Debug/usbh_core.o
                0x0800986e                USBH_Init
 .text.USBH_RegisterClass
                0x080098ac       0x22 Debug/usbh_core.o
                0x080098ac                USBH_RegisterClass
 .text.USBH_SelectInterface
                0x080098ce       0x14 Debug/usbh_core.o
                0x080098ce                USBH_SelectInterface
 .text.USBH_FindInterface
                0x080098e2       0x54 Debug/usbh_core.o
                0x080098e2                USBH_FindInterface
 .text.USBH_Start
                0x08009936       0x14 Debug/usbh_core.o
                0x08009936                USBH_Start
 .text.USBH_Process
                0x0800994a      0x276 Debug/usbh_core.o
                0x0800994a                USBH_Process
 .text.USBH_LL_SetTimer
                0x08009bc0        0x6 Debug/usbh_core.o
                0x08009bc0                USBH_LL_SetTimer
 .text.USBH_LL_IncTimer
                0x08009bc6       0x12 Debug/usbh_core.o
                0x08009bc6                USBH_LL_IncTimer
 .text.USBH_LL_PortEnabled
                0x08009bd8        0x8 Debug/usbh_core.o
                0x08009bd8                USBH_LL_PortEnabled
 .text.USBH_LL_PortDisabled
                0x08009be0        0x8 Debug/usbh_core.o
                0x08009be0                USBH_LL_PortDisabled
 .text.USBH_LL_Connect
                0x08009be8       0x14 Debug/usbh_core.o
                0x08009be8                USBH_LL_Connect
 .text.USBH_LL_Disconnect
                0x08009bfc       0x2c Debug/usbh_core.o
                0x08009bfc                USBH_LL_Disconnect
 .text.USBH_ParseDevDesc
                0x08009c28       0x58 Debug/usbh_ctlreq.o
 .text.USBH_ParseInterfaceDesc
                0x08009c80       0x26 Debug/usbh_ctlreq.o
 .text.USBH_ParseEPDesc
                0x08009ca6       0x20 Debug/usbh_ctlreq.o
 .text.USBH_ParseStringDesc
                0x08009cc6       0x32 Debug/usbh_ctlreq.o
 .text.USBH_HandleControl
                0x08009cf8      0x1d8 Debug/usbh_ctlreq.o
 .text.USBH_GetNextDesc
                0x08009ed0        0xe Debug/usbh_ctlreq.o
                0x08009ed0                USBH_GetNextDesc
 .text.USBH_ParseCfgDesc
                0x08009ede       0xc2 Debug/usbh_ctlreq.o
 .text.USBH_CtlReq
                0x08009fa0       0x40 Debug/usbh_ctlreq.o
                0x08009fa0                USBH_CtlReq
 .text.USBH_GetDescriptor
                0x08009fe0       0x42 Debug/usbh_ctlreq.o
                0x08009fe0                USBH_GetDescriptor
 .text.USBH_Get_DevDesc
                0x0800a022       0x32 Debug/usbh_ctlreq.o
                0x0800a022                USBH_Get_DevDesc
 .text.USBH_Get_CfgDesc
                0x0800a054       0x32 Debug/usbh_ctlreq.o
                0x0800a054                USBH_Get_CfgDesc
 .text.USBH_Get_StringDesc
                0x0800a086       0x30 Debug/usbh_ctlreq.o
                0x0800a086                USBH_Get_StringDesc
 .text.USBH_SetAddress
                0x0800a0b6       0x22 Debug/usbh_ctlreq.o
                0x0800a0b6                USBH_SetAddress
 .text.USBH_SetCfg
                0x0800a0d8       0x22 Debug/usbh_ctlreq.o
                0x0800a0d8                USBH_SetCfg
 .text.USBH_SetFeature
                0x0800a0fa       0x22 Debug/usbh_ctlreq.o
                0x0800a0fa                USBH_SetFeature
 .text.USBH_ClrFeature
                0x0800a11c       0x24 Debug/usbh_ctlreq.o
                0x0800a11c                USBH_ClrFeature
 .text.USBH_CtlSendSetup
                0x0800a140       0x22 Debug/usbh_ioreq.o
                0x0800a140                USBH_CtlSendSetup
 .text.USBH_CtlSendData
                0x0800a162       0x2c Debug/usbh_ioreq.o
                0x0800a162                USBH_CtlSendData
 .text.USBH_CtlReceiveData
                0x0800a18e       0x20 Debug/usbh_ioreq.o
                0x0800a18e                USBH_CtlReceiveData
 .text.USBH_BulkSendData
                0x0800a1ae       0x2c Debug/usbh_ioreq.o
                0x0800a1ae                USBH_BulkSendData
 .text.USBH_BulkReceiveData
                0x0800a1da       0x20 Debug/usbh_ioreq.o
                0x0800a1da                USBH_BulkReceiveData
 .text.USBH_GetFreePipe
                0x0800a1fa       0x26 Debug/usbh_pipes.o
 .text.USBH_OpenPipe
                0x0800a220       0x20 Debug/usbh_pipes.o
                0x0800a220                USBH_OpenPipe
 .text.USBH_ClosePipe
                0x0800a240        0xa Debug/usbh_pipes.o
                0x0800a240                USBH_ClosePipe
 .text.USBH_AllocPipe
                0x0800a24a       0x26 Debug/usbh_pipes.o
                0x0800a24a                USBH_AllocPipe
 .text.USBH_FreePipe
                0x0800a270       0x16 Debug/usbh_pipes.o
                0x0800a270                USBH_FreePipe
 .text.USBH_MSC_SOFProcess
                0x0800a286        0x4 Debug/usbh_msc.o
 .text.USBH_MSC_Process
                0x0800a28a      0x2a4 Debug/usbh_msc.o
 .text.USBH_MSC_ClassRequest
                0x0800a52e       0x72 Debug/usbh_msc.o
 .text.USBH_MSC_InterfaceDeInit
                0x0800a5a0       0x50 Debug/usbh_msc.o
 .text.USBH_MSC_InterfaceInit
                0x0800a5f0      0x122 Debug/usbh_msc.o
 .text.USBH_MSC_RdWrProcess
                0x0800a712       0xf6 Debug/usbh_msc.o
 .text.USBH_MSC_UnitIsReady
                0x0800a808       0x26 Debug/usbh_msc.o
                0x0800a808                USBH_MSC_UnitIsReady
 .text.USBH_MSC_GetLUNInfo
                0x0800a82e       0x4a Debug/usbh_msc.o
                0x0800a82e                USBH_MSC_GetLUNInfo
 .text.USBH_MSC_Read
                0x0800a878       0x96 Debug/usbh_msc.o
                0x0800a878                USBH_MSC_Read
 .text.USBH_MSC_Write
                0x0800a90e       0x96 Debug/usbh_msc.o
                0x0800a90e                USBH_MSC_Write
 .text.USBH_MSC_DecodeCSW
                0x0800a9a4       0x48 Debug/usbh_msc_bot.o
 .text.USBH_MSC_BOT_Abort
                0x0800a9ec       0x22 Debug/usbh_msc_bot.o
 .text.USBH_MSC_BOT_REQ_Reset
                0x0800aa0e       0x1a Debug/usbh_msc_bot.o
                0x0800aa0e                USBH_MSC_BOT_REQ_Reset
 .text.USBH_MSC_BOT_REQ_GetMaxLUN
                0x0800aa28       0x1a Debug/usbh_msc_bot.o
                0x0800aa28                USBH_MSC_BOT_REQ_GetMaxLUN
 *fill*         0x0800aa42        0x2 
 .text.USBH_MSC_BOT_Init
                0x0800aa44       0x24 Debug/usbh_msc_bot.o
                0x0800aa44                USBH_MSC_BOT_Init
 .text.USBH_MSC_BOT_Process
                0x0800aa68      0x256 Debug/usbh_msc_bot.o
                0x0800aa68                USBH_MSC_BOT_Process
 .text.USBH_MSC_SCSI_TestUnitReady
                0x0800acbe       0x4e Debug/usbh_msc_scsi.o
                0x0800acbe                USBH_MSC_SCSI_TestUnitReady
 .text.USBH_MSC_SCSI_ReadCapacity
                0x0800ad0c       0x8e Debug/usbh_msc_scsi.o
                0x0800ad0c                USBH_MSC_SCSI_ReadCapacity
 .text.USBH_MSC_SCSI_Inquiry
                0x0800ad9a       0xcc Debug/usbh_msc_scsi.o
                0x0800ad9a                USBH_MSC_SCSI_Inquiry
 .text.USBH_MSC_SCSI_RequestSense
                0x0800ae66       0x8c Debug/usbh_msc_scsi.o
                0x0800ae66                USBH_MSC_SCSI_RequestSense
 .text.USBH_MSC_SCSI_Write
                0x0800aef2       0x8c Debug/usbh_msc_scsi.o
                0x0800aef2                USBH_MSC_SCSI_Write
 .text.USBH_MSC_SCSI_Read
                0x0800af7e       0x8c Debug/usbh_msc_scsi.o
                0x0800af7e                USBH_MSC_SCSI_Read
 *fill*         0x0800b00a        0x2 
 .text.MX_DMA_Init
                0x0800b00c       0x34 Debug/main.o
                0x0800b00c                MX_DMA_Init
 .text.MX_GPIO_InterruptInit
                0x0800b040       0xd4 Debug/main.o
                0x0800b040                MX_GPIO_InterruptInit
 .text.Error_Handler
                0x0800b114        0x4 Debug/main.o
                0x0800b114                Error_Handler
 .text._ZL19MX_USART1_UART_Initv
                0x0800b118       0x34 Debug/main.o
 .text._Z18SystemClock_Configv
                0x0800b14c       0xac Debug/main.o
                0x0800b14c                SystemClock_Config()
 .text.MX_ADC1_Init
                0x0800b1f8       0xd0 Debug/main.o
                0x0800b1f8                MX_ADC1_Init
 .text.main     0x0800b2c8       0x3c Debug/main.o
                0x0800b2c8                main
 .text.GetPendriveState
                0x0800b304        0xc Debug/File_Handling.o
                0x0800b304                GetPendriveState
 .text._Z9Send_UartPc
                0x0800b310       0x1c Debug/File_Handling.o
                0x0800b310                Send_Uart(char*)
 .text.Mount_USB
                0x0800b32c       0x44 Debug/File_Handling.o
                0x0800b32c                Mount_USB
 .text.Unmount_USB
                0x0800b370       0x40 Debug/File_Handling.o
                0x0800b370                Unmount_USB
 .text.Scan_USB
                0x0800b3b0       0xf4 Debug/File_Handling.o
                0x0800b3b0                Scan_USB
 .text.Create_File
                0x0800b4a4       0xf8 Debug/File_Handling.o
                0x0800b4a4                Create_File
 .text.Update_File
                0x0800b59c      0x160 Debug/File_Handling.o
                0x0800b59c                Update_File
 .text.Remove_File
                0x0800b6fc       0x98 Debug/File_Handling.o
                0x0800b6fc                Remove_File
 .text._Z13lcd_posicaoxyhh
                0x0800b794       0x14 Debug/LCD.o
                0x0800b794                lcd_posicaoxy(unsigned char, unsigned char)
 .text._Z11lcd_escrevePc
                0x0800b7a8       0x10 Debug/LCD.o
                0x0800b7a8                lcd_escreve(char*)
 .text._Z9lcd_limpav
                0x0800b7b8        0x2 Debug/LCD.o
                0x0800b7b8                lcd_limpa()
 .text._Z10lcd_linha2v
                0x0800b7ba        0xc Debug/LCD.o
                0x0800b7ba                lcd_linha2()
 .text._Z10lcd_linha1v
                0x0800b7c6        0xc Debug/LCD.o
                0x0800b7c6                lcd_linha1()
 *fill*         0x0800b7d2        0x2 
 .text._Z18lcd_escreve_digitoi
                0x0800b7d4       0x90 Debug/LCD.o
                0x0800b7d4                lcd_escreve_digito(int)
 .text._Z16lcd_escreve_Distl
                0x0800b864       0x28 Debug/LCD.o
                0x0800b864                lcd_escreve_Dist(long)
 .text._Z17lcd_escreve_Massal
                0x0800b88c       0x40 Debug/LCD.o
                0x0800b88c                lcd_escreve_Massa(long)
 .text._Z15lcd_escreve_Intl
                0x0800b8cc       0x28 Debug/LCD.o
                0x0800b8cc                lcd_escreve_Int(long)
 .text._Z18lcd_escreve_tempo2f
                0x0800b8f4       0x48 Debug/LCD.o
                0x0800b8f4                lcd_escreve_tempo2(float)
 .text._Z17lcd_escreve_tempoll
                0x0800b93c       0xb4 Debug/LCD.o
                0x0800b93c                lcd_escreve_tempo(long, long)
 .text._Z17lcd_escreve_velocf
                0x0800b9f0      0x108 Debug/LCD.o
                0x0800b9f0                lcd_escreve_veloc(float)
 .text._Z15lcd_cursorBlacki
                0x0800baf8       0x16 Debug/LCD.o
                0x0800baf8                lcd_cursorBlack(int)
 *fill*         0x0800bb0e        0x2 
 .text._Z11selecEstadosi
                0x0800bb10       0x3c Debug/KBD2.o
                0x0800bb10                selecEstado(short, int)
 .text._Z14selecEstado106c
                0x0800bb4c       0x8c Debug/KBD2.o
                0x0800bb4c                selecEstado106(char)
 .text._Z14selecEstado350c
                0x0800bbd8       0x68 Debug/KBD2.o
                0x0800bbd8                selecEstado350(char)
 .text._Z14selecEstado450c
                0x0800bc40       0x5c Debug/KBD2.o
                0x0800bc40                selecEstado450(char)
 .text._Z14selecEstado470c
                0x0800bc9c       0x5c Debug/KBD2.o
                0x0800bc9c                selecEstado470(char)
 .text._Z14selecEstado750ci
                0x0800bcf8       0x5c Debug/KBD2.o
                0x0800bcf8                selecEstado750(char, int)
 .text._Z14selecEstado751ci
                0x0800bd54       0x60 Debug/KBD2.o
                0x0800bd54                selecEstado751(char, int)
 .text._Z14selecEstado770ci
                0x0800bdb4       0x60 Debug/KBD2.o
                0x0800bdb4                selecEstado770(char, int)
 .text._Z14selecEstado850ci
                0x0800be14       0x7c Debug/KBD2.o
                0x0800be14                selecEstado850(char, int)
 .text._Z14selecEstado851ci
                0x0800be90       0x94 Debug/KBD2.o
                0x0800be90                selecEstado851(char, int)
 .text._Z14selecEstado870ci
                0x0800bf24       0x60 Debug/KBD2.o
                0x0800bf24                selecEstado870(char, int)
 .text._Z14selecEstado990c
                0x0800bf84       0x34 Debug/KBD2.o
                0x0800bf84                selecEstado990(char)
 .text._Z10startTimerv
                0x0800bfb8       0x50 Debug/Fluxo.o
                0x0800bfb8                startTimer()
 .text._Z9stopTimerv
                0x0800c008       0x14 Debug/Fluxo.o
                0x0800c008                stopTimer()
 .text._Z18modo0_zera_valoresv
                0x0800c01c       0x54 Debug/Fluxo.o
                0x0800c01c                modo0_zera_valores()
 .text._Z12int_sensoresv
                0x0800c070      0x1e0 Debug/Fluxo.o
                0x0800c070                int_sensores()
 .text._Z12int_sensorS0b
                0x0800c250      0x378 Debug/Fluxo.o
                0x0800c250                int_sensorS0(bool)
 .text._Z10clock1_isrv
                0x0800c5c8       0x48 Debug/Fluxo.o
                0x0800c5c8                clock1_isr()
 .text._Z11EstadoModo0s
                0x0800c610      0xd80 Debug/Modo0.o
                0x0800c610                EstadoModo0(short)
 .text._Z11EstadoModo1s
                0x0800d390      0x784 Debug/Modo0.o
                0x0800d390                EstadoModo1(short)
 .text._Z20modo2_escreveTempo_1s
                0x0800db14       0x9c Debug/Modo0.o
                0x0800db14                modo2_escreveTempo_1(short)
 .text._Z19modo2_escreveFreq_1s
                0x0800dbb0       0x60 Debug/Modo0.o
                0x0800dbb0                modo2_escreveFreq_1(short)
 .text._Z11EstadoModo2s
                0x0800dc10      0xe00 Debug/Modo0.o
                0x0800dc10                EstadoModo2(short)
 .text._ZN14TApplicationLL4InitEv
                0x0800ea10       0x5c Debug/Application.o
                0x0800ea10                TApplicationLL::Init()
 .text._ZN14TApplicationLL22_Run5msInterfaceEventsEv
                0x0800ea6c       0x10 Debug/Application.o
                0x0800ea6c                TApplicationLL::_Run5msInterfaceEvents()
 .text._ZN14TApplicationLL23_Run10msInterfaceEventsEv
                0x0800ea7c       0x58 Debug/Application.o
                0x0800ea7c                TApplicationLL::_Run10msInterfaceEvents()
 .text._ZN14TApplicationLL24_Run100msInterfaceEventsEv
                0x0800ead4       0x24 Debug/Application.o
                0x0800ead4                TApplicationLL::_Run100msInterfaceEvents()
 .text._ZN14TApplicationLL21_Run1sInterfaceEventsEv
                0x0800eaf8       0x38 Debug/Application.o
                0x0800eaf8                TApplicationLL::_Run1sInterfaceEvents()
 .text._ZN14TApplicationLL3RunEv
                0x0800eb30       0x50 Debug/Application.o
                0x0800eb30                TApplicationLL::Run()
 .text.DmaStartAD
                0x0800eb80       0x18 Debug/HdsDma.o
                0x0800eb80                DmaStartAD
 .text.DmaStartAdReading
                0x0800eb98       0x34 Debug/HdsDma.o
                0x0800eb98                DmaStartAdReading
 .text.DmaStopAdReading
                0x0800ebcc       0x1c Debug/HdsDma.o
                0x0800ebcc                DmaStopAdReading
 .text.DmaGetReading
                0x0800ebe8       0x18 Debug/HdsDma.o
                0x0800ebe8                DmaGetReading
 .text.DmaEndconversion
                0x0800ec00       0x50 Debug/HdsDma.o
                0x0800ec00                DmaEndconversion
 .text._ZN6C_Gpio5WriteEP12GPIO_TypeDeft10EPortState
                0x0800ec50        0xe Debug/HdsGpio.o
                0x0800ec50                C_Gpio::Write(GPIO_TypeDef*, unsigned short, EPortState)
 .text._ZN6C_Gpio4ReadEP12GPIO_TypeDeft
                0x0800ec5e        0xe Debug/HdsGpio.o
                0x0800ec5e                C_Gpio::Read(GPIO_TypeDef*, unsigned short)
 .text._ZN6C_Gpio12GetPinNumberEt
                0x0800ec6c       0xbe Debug/HdsGpio.o
                0x0800ec6c                C_Gpio::GetPinNumber(unsigned short)
 .text._ZN6C_Gpio7GpioCfgEP12GPIO_TypeDeft13EPortResistor9EPortmode8EPortOut10EPortSpeed
                0x0800ed2a       0x68 Debug/HdsGpio.o
                0x0800ed2a                C_Gpio::GpioCfg(GPIO_TypeDef*, unsigned short, EPortResistor, EPortmode, EPortOut, EPortSpeed)
 *fill*         0x0800ed92        0x2 
 .text._ZN6C_Gpio10_ConfigPinEv
                0x0800ed94       0x58 Debug/HdsGpio.o
                0x0800ed94                C_Gpio::_ConfigPin()
 .text._ZN6C_Gpio4InitEv
                0x0800edec       0x54 Debug/HdsGpio.o
                0x0800edec                C_Gpio::Init()
 .text._ZN8C_IFlash16Flash_Write_DataEmPmt
                0x0800ee40       0x60 Debug/HdsIFlash.o
                0x0800ee40                C_IFlash::Flash_Write_Data(unsigned long, unsigned long*, unsigned short)
 .text._ZN8C_IFlash4InitEv
                0x0800eea0       0x18 Debug/HdsIFlash.o
                0x0800eea0                C_IFlash::Init()
 .text.DoNothing
                0x0800eeb8        0x2 Debug/HdsMux.o
                0x0800eeb8                DoNothing
 *fill*         0x0800eeba        0x2 
 .text._ZN10TMuxTimers4InitEv
                0x0800eebc       0x6c Debug/HdsMux.o
                0x0800eebc                TMuxTimers::Init()
 .text._ZN10TMuxTimers7DelaymsEm
                0x0800ef28       0x14 Debug/HdsMux.o
                0x0800ef28                TMuxTimers::Delayms(unsigned long)
 .text._ZN10TMuxTimers10SetMsDelayEm
                0x0800ef3c        0x8 Debug/HdsMux.o
                0x0800ef3c                TMuxTimers::SetMsDelay(unsigned long)
 .text._ZN10TMuxTimers12CheckMsDelayEv
                0x0800ef44       0x14 Debug/HdsMux.o
                0x0800ef44                TMuxTimers::CheckMsDelay()
 .text._ZN10TMuxTimers19OnTimerInterruptionEv
                0x0800ef58       0x5c Debug/HdsMux.o
                0x0800ef58                TMuxTimers::OnTimerInterruption()
 .text._ZN10TMuxTimers4StopEh
                0x0800efb4       0x12 Debug/HdsMux.o
                0x0800efb4                TMuxTimers::Stop(unsigned char)
 .text._ZN10TMuxTimers7LoopRunEhtPFvvE
                0x0800efc6       0x26 Debug/HdsMux.o
                0x0800efc6                TMuxTimers::LoopRun(unsigned char, unsigned short, void (*)())
 .text.TIM1_TRG_COM_TIM11_IRQHandler
                0x0800efec       0x28 Debug/HdsMux.o
                0x0800efec                TIM1_TRG_COM_TIM11_IRQHandler
 .text._ZN8TTeclado4InitEv
                0x0800f014       0x90 Debug/Hdsteclado.o
                0x0800f014                TTeclado::Init()
 .text._ZN8TTeclado8GetTeclaEv
                0x0800f0a4       0x10 Debug/Hdsteclado.o
                0x0800f0a4                TTeclado::GetTecla()
 .text._ZN8TTeclado13_AcionaColunaEh
                0x0800f0b4       0x58 Debug/Hdsteclado.o
                0x0800f0b4                TTeclado::_AcionaColuna(unsigned char)
 .text._ZN8TTeclado15_DesligaColunasEv
                0x0800f10c       0x2c Debug/Hdsteclado.o
                0x0800f10c                TTeclado::_DesligaColunas()
 .text._ZN8TTeclado13AnalisaTeclasEv
                0x0800f138       0xbc Debug/Hdsteclado.o
                0x0800f138                TTeclado::AnalisaTeclas()
 .text._ZN8TTeclado12TeclaReadingEv
                0x0800f1f4      0x10c Debug/Hdsteclado.o
                0x0800f1f4                TTeclado::TeclaReading()
 .text._ZL13LCD_ConfigBus9EPortmode
                0x0800f300       0x38 Debug/hdsLcd.o
 .text._ZL11LCD_SetCtrlP12GPIO_TypeDeft10EPortState
                0x0800f338       0x14 Debug/hdsLcd.o
 .text._ZL11LCD_GetBusyv
                0x0800f34c       0x18 Debug/hdsLcd.o
 .text._Z11LCD_DelayUsm
                0x0800f364       0x26 Debug/hdsLcd.o
                0x0800f364                LCD_DelayUs(unsigned long)
 *fill*         0x0800f38a        0x2 
 .text._ZL11LCD_SetDatah
                0x0800f38c       0x58 Debug/hdsLcd.o
 .text._Z18LCD_MakePosCommandtt
                0x0800f3e4       0x34 Debug/hdsLcd.o
                0x0800f3e4                LCD_MakePosCommand(unsigned short, unsigned short)
 .text._Z14LCD_ClearCGRAMv
                0x0800f418       0x40 Debug/hdsLcd.o
                0x0800f418                LCD_ClearCGRAM()
 .text._Z17LCD_HoldWhileBusyv
                0x0800f458       0x6c Debug/hdsLcd.o
                0x0800f458                LCD_HoldWhileBusy()
 .text._Z13LCD_WriteBytehh
                0x0800f4c4       0x64 Debug/hdsLcd.o
                0x0800f4c4                LCD_WriteByte(unsigned char, unsigned char)
 .text._Z15LCD_ClearScreenv
                0x0800f528       0x2c Debug/hdsLcd.o
                0x0800f528                LCD_ClearScreen()
 .text._Z9lcdHwInitv
                0x0800f554       0xdc Debug/hdsLcd.o
                0x0800f554                lcdHwInit()
 .text._Z14LCD_WriteCGRamtPKc
                0x0800f630       0x3c Debug/hdsLcd.o
                0x0800f630                LCD_WriteCGRam(unsigned short, char const*)
 .text._Z15LCD_OperateCharc
                0x0800f66c       0xe8 Debug/hdsLcd.o
                0x0800f66c                LCD_OperateChar(char)
 .text._Z20LCD_WriteSmartStringttPKc
                0x0800f754       0x24 Debug/hdsLcd.o
                0x0800f754                LCD_WriteSmartString(unsigned short, unsigned short, char const*)
 .text._ZN7C_Calib7RestoreEv
                0x0800f778       0x10 Debug/MdlCalib.o
                0x0800f778                C_Calib::Restore()
 .text._ZN7C_Calib10CalculaCteE11eSensorType
                0x0800f788       0x2e Debug/MdlCalib.o
                0x0800f788                C_Calib::CalculaCte(eSensorType)
 *fill*         0x0800f7b6        0x2 
 .text._ZN7C_Calib8CheckCrcEv
                0x0800f7b8       0x20 Debug/MdlCalib.o
                0x0800f7b8                C_Calib::CheckCrc()
 .text._ZN7C_Calib10_UpdateCrcEv
                0x0800f7d8       0x18 Debug/MdlCalib.o
                0x0800f7d8                C_Calib::_UpdateCrc()
 .text._ZN7C_Calib4SaveEv
                0x0800f7f0       0x20 Debug/MdlCalib.o
                0x0800f7f0                C_Calib::Save()
 .text._ZN7C_Calib8ValidateEh
                0x0800f810      0x180 Debug/MdlCalib.o
                0x0800f810                C_Calib::Validate(unsigned char)
 .text._ZN8C_Ensaio4InitEv
                0x0800f990       0x14 Debug/MdlEnsaio.o
                0x0800f990                C_Ensaio::Init()
 .text._ZN8C_Ensaio3RunEv
                0x0800f9a4      0x1a4 Debug/MdlEnsaio.o
                0x0800f9a4                C_Ensaio::Run()
 .text._ZN11C_Analogico4InitEv
                0x0800fb48       0x4c Debug/MdlEnsaioAnalogico.o
                0x0800fb48                C_Analogico::Init()
 .text._ZN11C_Analogico11_ShowSensorEt
                0x0800fb94       0x30 Debug/MdlEnsaioAnalogico.o
                0x0800fb94                C_Analogico::_ShowSensor(unsigned short)
 .text._ZN11C_Analogico8_ShowUsbEb
                0x0800fbc4      0x1f0 Debug/MdlEnsaioAnalogico.o
                0x0800fbc4                C_Analogico::_ShowUsb(bool)
 .text._ZN11C_Analogico9_ShowTimeEtt
                0x0800fdb4       0x34 Debug/MdlEnsaioAnalogico.o
                0x0800fdb4                C_Analogico::_ShowTime(unsigned short, unsigned short)
 .text._ZN11C_Analogico16_UpdateShowLine1Eh
                0x0800fde8       0xb4 Debug/MdlEnsaioAnalogico.o
                0x0800fde8                C_Analogico::_UpdateShowLine1(unsigned char)
 .text._ZN11C_Analogico14_ShowTestLine1Ev
                0x0800fe9c       0xb4 Debug/MdlEnsaioAnalogico.o
                0x0800fe9c                C_Analogico::_ShowTestLine1()
 .text._ZN11C_Analogico15_CheckNextStateEsi
                0x0800ff50       0x54 Debug/MdlEnsaioAnalogico.o
                0x0800ff50                C_Analogico::_CheckNextState(short, int)
 .text._ZN11C_Analogico9fomatLineEsshhPh
                0x0800ffa4      0x168 Debug/MdlEnsaioAnalogico.o
                0x0800ffa4                C_Analogico::fomatLine(short, short, unsigned char, unsigned char, unsigned char*)
 .text._ZN11C_Analogico10_ShowCalibEt11eCalibIndex
                0x0801010c      0x218 Debug/MdlEnsaioAnalogico.o
                0x0801010c                C_Analogico::_ShowCalib(unsigned short, eCalibIndex)
 .text._ZN11C_Analogico3RunEv
                0x08010324      0xf8c Debug/MdlEnsaioAnalogico.o
                0x08010324                C_Analogico::Run()
 .text._ZN5C_Lcd6UpdateEv
                0x080112b0       0x2e Debug/MdlLcd.o
                0x080112b0                C_Lcd::Update()
 .text._ZN5C_Lcd5WriteEmPc
                0x080112de       0x42 Debug/MdlLcd.o
                0x080112de                C_Lcd::Write(unsigned long, char*)
 .text._ZN5C_Lcd4InitEv
                0x08011320       0x28 Debug/MdlLcd.o
                0x08011320                C_Lcd::Init()
 .text._ZN5C_Lcd3AddEPc
                0x08011348       0x66 Debug/MdlLcd.o
                0x08011348                C_Lcd::Add(char*)
 .text._ZN5C_Lcd5SetxyEhh
                0x080113ae        0xa Debug/MdlLcd.o
                0x080113ae                C_Lcd::Setxy(unsigned char, unsigned char)
 .text._ZN5C_Lcd12SetCursorOFFEv
                0x080113b8       0x14 Debug/MdlLcd.o
                0x080113b8                C_Lcd::SetCursorOFF()
 .text._ZN5C_Lcd11SetCursorOnEv
                0x080113cc       0x14 Debug/MdlLcd.o
                0x080113cc                C_Lcd::SetCursorOn()
 .text._ZN5C_Lcd14GetCursorStateEv
                0x080113e0        0x6 Debug/MdlLcd.o
                0x080113e0                C_Lcd::GetCursorState()
 .text._ZN5C_Lcd17SetCursorPositionEhh
                0x080113e6       0x18 Debug/MdlLcd.o
                0x080113e6                C_Lcd::SetCursorPosition(unsigned char, unsigned char)
 *fill*         0x080113fe        0x2 
 .text._ZN13C_SaveDigital9SaveFunc1Ehb
                0x08011400      0x2e8 Debug/MdlSaveDigital.o
                0x08011400                C_SaveDigital::SaveFunc1(unsigned char, bool)
 .text._ZN13C_SaveDigital9SaveFunc2Ebs
                0x080116e8      0x278 Debug/MdlSaveDigital.o
                0x080116e8                C_SaveDigital::SaveFunc2(bool, short)
 .text._ZN13C_SaveDigital12SaveFunc3_10Es
                0x08011960      0x100 Debug/MdlSaveDigital.o
                0x08011960                C_SaveDigital::SaveFunc3_10(short)
 .text._ZN13C_SaveDigital11SaveFunc4_6Es
                0x08011a60      0x1c4 Debug/MdlSaveDigital.o
                0x08011a60                C_SaveDigital::SaveFunc4_6(short)
 .text._ZN13C_SaveDigital11SaveFunc7_8Es
                0x08011c24      0x1ec Debug/MdlSaveDigital.o
                0x08011c24                C_SaveDigital::SaveFunc7_8(short)
 .text._ZN8C_Sensor4InitEv
                0x08011e10       0xc0 Debug/MdlSensor.o
                0x08011e10                C_Sensor::Init()
 .text._ZN8C_Sensor8GetLevelEt
                0x08011ed0       0x5c Debug/MdlSensor.o
                0x08011ed0                C_Sensor::GetLevel(unsigned short)
 .text._ZN8C_Sensor8GetValueE16eSensorsDistance
                0x08011f2c        0x6 Debug/MdlSensor.o
                0x08011f2c                C_Sensor::GetValue(eSensorsDistance)
 *fill*         0x08011f32        0x2 
 .text._ZN8C_Sensor13UpdateReadingEh16eSensorsDistance
                0x08011f34      0x190 Debug/MdlSensor.o
                0x08011f34                C_Sensor::UpdateReading(unsigned char, eSensorsDistance)
 .text._ZN8C_Sensor14IncNumIntervalEh
                0x080120c4      0x104 Debug/MdlSensor.o
                0x080120c4                C_Sensor::IncNumInterval(unsigned char)
 .text._ZN8C_Sensor14GetNumIntervalEv
                0x080121c8        0x4 Debug/MdlSensor.o
                0x080121c8                C_Sensor::GetNumInterval()
 .text._ZN8C_Sensor9CalcFunc1Ev
                0x080121cc      0x134 Debug/MdlSensor.o
                0x080121cc                C_Sensor::CalcFunc1()
 .text._ZN8C_Sensor9CalcFunc2Ev
                0x08012300       0x64 Debug/MdlSensor.o
                0x08012300                C_Sensor::CalcFunc2()
 .text._ZN8C_Sensor16CalcFunc_3467810Ev
                0x08012364       0xec Debug/MdlSensor.o
                0x08012364                C_Sensor::CalcFunc_3467810()
 .text._ZN8C_Sensor12CalcFunc5_12Ev
                0x08012450       0x98 Debug/MdlSensor.o
                0x08012450                C_Sensor::CalcFunc5_12()
 .text.HAL_GPIO_EXTI_Callback
                0x080124e8      0x134 Debug/MdlSensor.o
                0x080124e8                HAL_GPIO_EXTI_Callback
 .text.TIM1_UP_TIM10_IRQHandler
                0x0801261c       0x24 Debug/MdlSensor.o
                0x0801261c                TIM1_UP_TIM10_IRQHandler
 .text._ZN14C_SensorAnalog4InitEh
                0x08012640       0x4c Debug/MdlSensorAnalog.o
                0x08012640                C_SensorAnalog::Init(unsigned char)
 .text._ZN14C_SensorAnalog8GetValueE11eSensorTime
                0x0801268c        0x8 Debug/MdlSensorAnalog.o
                0x0801268c                C_SensorAnalog::GetValue(eSensorTime)
 .text._ZN14C_SensorAnalog11SetTestTimeEt
                0x08012694        0x4 Debug/MdlSensorAnalog.o
                0x08012694                C_SensorAnalog::SetTestTime(unsigned short)
 .text._ZN14C_SensorAnalog13SetSampleTimeEt
                0x08012698        0x4 Debug/MdlSensorAnalog.o
                0x08012698                C_SensorAnalog::SetSampleTime(unsigned short)
 .text._ZN14C_SensorAnalog11UpdateValueEh11eSensorTime
                0x0801269c      0x19c Debug/MdlSensorAnalog.o
                0x0801269c                C_SensorAnalog::UpdateValue(unsigned char, eSensorTime)
 .text._ZN14C_SensorAnalog12UpdateSensorEh
                0x08012838       0x3e Debug/MdlSensorAnalog.o
                0x08012838                C_SensorAnalog::UpdateSensor(unsigned char)
 .text._ZN14C_SensorAnalog9GetSensorEv
                0x08012876        0x8 Debug/MdlSensorAnalog.o
                0x08012876                C_SensorAnalog::GetSensor()
 .text._ZN14C_SensorAnalog9SetSensorE11eSensorType
                0x0801287e       0x12 Debug/MdlSensorAnalog.o
                0x0801287e                C_SensorAnalog::SetSensor(eSensorType)
 .text._ZN14C_SensorAnalog8IsRunnigEv
                0x08012890        0xc Debug/MdlSensorAnalog.o
                0x08012890                C_SensorAnalog::IsRunnig()
 .text._ZN14C_SensorAnalog9IsEnabledEv
                0x0801289c        0xa Debug/MdlSensorAnalog.o
                0x0801289c                C_SensorAnalog::IsEnabled()
 *fill*         0x080128a6        0x2 
 .text._ZN14C_SensorAnalog8DisabledEv
                0x080128a8       0x1c Debug/MdlSensorAnalog.o
                0x080128a8                C_SensorAnalog::Disabled()
 .text._ZN14C_SensorAnalog11AddToBufferEm
                0x080128c4       0x68 Debug/MdlSensorAnalog.o
                0x080128c4                C_SensorAnalog::AddToBuffer(unsigned long)
 .text._Z18StoreReadingSense0v
                0x0801292c       0x18 Debug/MdlSensorAnalog.o
                0x0801292c                StoreReadingSense0()
 .text._Z18StoreReadingSense1v
                0x08012944       0x18 Debug/MdlSensorAnalog.o
                0x08012944                StoreReadingSense1()
 .text._Z18StoreReadingSense2v
                0x0801295c       0x18 Debug/MdlSensorAnalog.o
                0x0801295c                StoreReadingSense2()
 .text._Z18StoreReadingSense3v
                0x08012974       0x18 Debug/MdlSensorAnalog.o
                0x08012974                StoreReadingSense3()
 .text._Z18StoreReadingSense4v
                0x0801298c       0x18 Debug/MdlSensorAnalog.o
                0x0801298c                StoreReadingSense4()
 .text._ZN14C_SensorAnalog3RunEv
                0x080129a4       0x70 Debug/MdlSensorAnalog.o
                0x080129a4                C_SensorAnalog::Run()
 .text._ZN14C_SensorAnalog5StartEv
                0x08012a14       0xb4 Debug/MdlSensorAnalog.o
                0x08012a14                C_SensorAnalog::Start()
 .text._ZN14C_SensorAnalog11ConvertTempEt
                0x08012ac8       0x34 Debug/MdlSensorAnalog.o
                0x08012ac8                C_SensorAnalog::ConvertTemp(unsigned short)
 .text._ZN14C_SensorAnalog18ConvertPressureKpaEt
                0x08012afc       0x34 Debug/MdlSensorAnalog.o
                0x08012afc                C_SensorAnalog::ConvertPressureKpa(unsigned short)
 .text._ZN14C_SensorAnalog8SaveTestEv
                0x08012b30      0x270 Debug/MdlSensorAnalog.o
                0x08012b30                C_SensorAnalog::SaveTest()
 .text._ZN14C_SensorAnalog12GetLastValueEPh
                0x08012da0      0x140 Debug/MdlSensorAnalog.o
                0x08012da0                C_SensorAnalog::GetLastValue(unsigned char*)
 .text._ZN14C_SensorAnalog14GetLastReadingEv
                0x08012ee0       0x10 Debug/MdlSensorAnalog.o
                0x08012ee0                C_SensorAnalog::GetLastReading()
 .text._ZN14C_SensorAnalog19GetLastReadingVoltsEv
                0x08012ef0       0x20 Debug/MdlSensorAnalog.o
                0x08012ef0                C_SensorAnalog::GetLastReadingVolts()
 .text._ZN14C_SensorAnalog16UpdateCalibValueEh11eCalibIndex
                0x08012f10      0x2d8 Debug/MdlSensorAnalog.o
                0x08012f10                C_SensorAnalog::UpdateCalibValue(unsigned char, eCalibIndex)
 .text._ZN14C_SensorAnalog13GetCalibValueE11eCalibIndex
                0x080131e8        0xe Debug/MdlSensorAnalog.o
                0x080131e8                C_SensorAnalog::GetCalibValue(eCalibIndex)
 .text._ZN14C_SensorAnalog13SetCalibValueE11eCalibIndext
                0x080131f6        0xc Debug/MdlSensorAnalog.o
                0x080131f6                C_SensorAnalog::SetCalibValue(eCalibIndex, unsigned short)
 *fill*         0x08013202        0x2 
 .text._ZN11TTimeEvents5StartEv
                0x08013204       0x30 Debug/MdlTimeEvents.o
                0x08013204                TTimeEvents::Start()
 .text._ZN11TTimeEvents15Interruption5msEv
                0x08013234       0x42 Debug/MdlTimeEvents.o
                0x08013234                TTimeEvents::Interruption5ms()
 *fill*         0x08013276        0x2 
 .text._Z11_MdlTime5Msv
                0x08013278       0x10 Debug/MdlTimeEvents.o
                0x08013278                _MdlTime5Ms()
 .text._ZN11TTimeEvents8Event5msEv
                0x08013288        0xa Debug/MdlTimeEvents.o
                0x08013288                TTimeEvents::Event5ms()
 .text._ZN11TTimeEvents9Event10msEv
                0x08013292        0xa Debug/MdlTimeEvents.o
                0x08013292                TTimeEvents::Event10ms()
 .text._ZN11TTimeEvents10Event100msEv
                0x0801329c        0xa Debug/MdlTimeEvents.o
                0x0801329c                TTimeEvents::Event100ms()
 .text._ZN11TTimeEvents7Event1sEv
                0x080132a6        0xa Debug/MdlTimeEvents.o
                0x080132a6                TTimeEvents::Event1s()
 .text._ZN6C_Util5Crc32EPhm
                0x080132b0       0x2c Debug/MdlUtil.o
                0x080132b0                C_Util::Crc32(unsigned char*, unsigned long)
 .text._Z17msg_atualizaTimerv
                0x080132dc       0x64 Debug/MdlMSG.o
                0x080132dc                msg_atualizaTimer()
 .text._Z13msg_zeraTimerv
                0x08013340        0xc Debug/MdlMSG.o
                0x08013340                msg_zeraTimer()
 .text._Z13telaInicial_1v
                0x0801334c       0x28 Debug/MdlMSG.o
                0x0801334c                telaInicial_1()
 .text._Z13telaInicial_2v
                0x08013374       0x40 Debug/MdlMSG.o
                0x08013374                telaInicial_2()
 .text._Z5tela0v
                0x080133b4       0x40 Debug/MdlMSG.o
                0x080133b4                tela0()
 .text._Z7tela1_2v
                0x080133f4       0x18 Debug/MdlMSG.o
                0x080133f4                tela1_2()
 .text._Z5tela1v
                0x0801340c       0x2c Debug/MdlMSG.o
                0x0801340c                tela1()
 .text._Z5tela2v
                0x08013438       0x1c Debug/MdlMSG.o
                0x08013438                tela2()
 .text._Z5tela3v
                0x08013454       0x2c Debug/MdlMSG.o
                0x08013454                tela3()
 .text._Z5tela4v
                0x08013480       0x2c Debug/MdlMSG.o
                0x08013480                tela4()
 .text._Z5tela5v
                0x080134ac       0x2c Debug/MdlMSG.o
                0x080134ac                tela5()
 .text._Z5tela6v
                0x080134d8       0x2c Debug/MdlMSG.o
                0x080134d8                tela6()
 .text._Z5tela7v
                0x08013504       0x2c Debug/MdlMSG.o
                0x08013504                tela7()
 .text._Z5tela8v
                0x08013530       0x2c Debug/MdlMSG.o
                0x08013530                tela8()
 .text._Z5tela9v
                0x0801355c       0x54 Debug/MdlMSG.o
                0x0801355c                tela9()
 .text._Z6tela10v
                0x080135b0       0x54 Debug/MdlMSG.o
                0x080135b0                tela10()
 .text._Z6tela11v
                0x08013604       0x40 Debug/MdlMSG.o
                0x08013604                tela11()
 .text._Z6tela12v
                0x08013644       0x38 Debug/MdlMSG.o
                0x08013644                tela12()
 .text._Z6tela13v
                0x0801367c       0x38 Debug/MdlMSG.o
                0x0801367c                tela13()
 .text._Z6tela14v
                0x080136b4       0x38 Debug/MdlMSG.o
                0x080136b4                tela14()
 .text._Z6tela15v
                0x080136ec       0x38 Debug/MdlMSG.o
                0x080136ec                tela15()
 .text._Z6tela17v
                0x08013724       0x38 Debug/MdlMSG.o
                0x08013724                tela17()
 .text._Z6tela21v
                0x0801375c       0x40 Debug/MdlMSG.o
                0x0801375c                tela21()
 .text._Z6tela22v
                0x0801379c       0x38 Debug/MdlMSG.o
                0x0801379c                tela22()
 .text._Z6tela52v
                0x080137d4       0x38 Debug/MdlMSG.o
                0x080137d4                tela52()
 .text._Z6tela72v
                0x0801380c       0x38 Debug/MdlMSG.o
                0x0801380c                tela72()
 .text._Z6tela92v
                0x08013844       0x38 Debug/MdlMSG.o
                0x08013844                tela92()
 .text._Z6tela99v
                0x0801387c       0x38 Debug/MdlMSG.o
                0x0801387c                tela99()
 .text._Z7tela100v
                0x080138b4       0x40 Debug/MdlMSG.o
                0x080138b4                tela100()
 .text._Z7tela102v
                0x080138f4       0x3c Debug/MdlMSG.o
                0x080138f4                tela102()
 .text._Z7tela106v
                0x08013930       0x40 Debug/MdlMSG.o
                0x08013930                tela106()
 .text._Z10Salvar_usbv
                0x08013970       0x40 Debug/MdlMSG.o
                0x08013970                Salvar_usb()
 .text._Z7tela110v
                0x080139b0       0x40 Debug/MdlMSG.o
                0x080139b0                tela110()
 .text._Z7tela111v
                0x080139f0       0x40 Debug/MdlMSG.o
                0x080139f0                tela111()
 .text._Z7tela149v
                0x08013a30       0x28 Debug/MdlMSG.o
                0x08013a30                tela149()
 .text._Z7tela150v
                0x08013a58       0x54 Debug/MdlMSG.o
                0x08013a58                tela150()
 .text._Z7tela151v
                0x08013aac       0x60 Debug/MdlMSG.o
                0x08013aac                tela151()
 .text._Z7tela152v
                0x08013b0c       0x48 Debug/MdlMSG.o
                0x08013b0c                tela152()
 .text._Z7tela153v
                0x08013b54       0x48 Debug/MdlMSG.o
                0x08013b54                tela153()
 .text._Z7tela154v
                0x08013b9c       0x48 Debug/MdlMSG.o
                0x08013b9c                tela154()
 .text._Z7tela155v
                0x08013be4       0x48 Debug/MdlMSG.o
                0x08013be4                tela155()
 .text._Z7tela156v
                0x08013c2c       0x48 Debug/MdlMSG.o
                0x08013c2c                tela156()
 .text._Z7tela169v
                0x08013c74       0x28 Debug/MdlMSG.o
                0x08013c74                tela169()
 .text._Z7tela170v
                0x08013c9c       0x1c Debug/MdlMSG.o
                0x08013c9c                tela170()
 .text._Z7tela171v
                0x08013cb8       0x18 Debug/MdlMSG.o
                0x08013cb8                tela171()
 .text._Z7tela172v
                0x08013cd0       0x18 Debug/MdlMSG.o
                0x08013cd0                tela172()
 .text._Z7tela173v
                0x08013ce8       0x18 Debug/MdlMSG.o
                0x08013ce8                tela173()
 .text._Z7tela174v
                0x08013d00       0x18 Debug/MdlMSG.o
                0x08013d00                tela174()
 .text._Z7tela175v
                0x08013d18       0x18 Debug/MdlMSG.o
                0x08013d18                tela175()
 .text._Z7tela176v
                0x08013d30       0x18 Debug/MdlMSG.o
                0x08013d30                tela176()
 .text._Z7tela240v
                0x08013d48       0x74 Debug/MdlMSG.o
                0x08013d48                tela240()
 .text._Z7tela241v
                0x08013dbc       0x78 Debug/MdlMSG.o
                0x08013dbc                tela241()
 .text._Z7tela250v
                0x08013e34       0x1c Debug/MdlMSG.o
                0x08013e34                tela250()
 .text._Z7tela251v
                0x08013e50       0x1c Debug/MdlMSG.o
                0x08013e50                tela251()
 .text._Z7tela350v
                0x08013e6c        0x8 Debug/MdlMSG.o
                0x08013e6c                tela350()
 .text._Z7tela410v
                0x08013e74       0x40 Debug/MdlMSG.o
                0x08013e74                tela410()
 .text._Z7tela450v
                0x08013eb4        0x8 Debug/MdlMSG.o
                0x08013eb4                tela450()
 .text._Z7tela470v
                0x08013ebc        0x8 Debug/MdlMSG.o
                0x08013ebc                tela470()
 .text._Z7tela552v
                0x08013ec4       0x1c Debug/MdlMSG.o
                0x08013ec4                tela552()
 .text._Z7tela553v
                0x08013ee0       0x1c Debug/MdlMSG.o
                0x08013ee0                tela553()
 .text._Z7tela702v
                0x08013efc       0x68 Debug/MdlMSG.o
                0x08013efc                tela702()
 .text._Z7tela710v
                0x08013f64       0x40 Debug/MdlMSG.o
                0x08013f64                tela710()
 .text._Z7tela750v
                0x08013fa4       0x2c Debug/MdlMSG.o
                0x08013fa4                tela750()
 .text._Z7tela751v
                0x08013fd0       0x2c Debug/MdlMSG.o
                0x08013fd0                tela751()
 .text._Z7tela770v
                0x08013ffc       0x2c Debug/MdlMSG.o
                0x08013ffc                tela770()
 .text._Z7tela900v
                0x08014028       0x2c Debug/MdlMSG.o
                0x08014028                tela900()
 .text._Z7tela902v
                0x08014054       0x28 Debug/MdlMSG.o
                0x08014054                tela902()
 .text._Z7tela990v
                0x0801407c       0x28 Debug/MdlMSG.o
                0x0801407c                tela990()
 .text._Z8tela1012v
                0x080140a4       0x2c Debug/MdlMSG.o
                0x080140a4                tela1012()
 .text._Z8tela1021v
                0x080140d0       0xc0 Debug/MdlMSG.o
                0x080140d0                tela1021()
 .text._Z8tela1022v
                0x08014190       0x38 Debug/MdlMSG.o
                0x08014190                tela1022()
 .text._Z8tela1253v
                0x080141c8       0x1c Debug/MdlMSG.o
                0x080141c8                tela1253()
 .text._Z9telaUsbInv
                0x080141e4       0x54 Debug/MdlMSG.o
                0x080141e4                telaUsbIn()
 .text._Z10telaUsbOutv
                0x08014238       0x54 Debug/MdlMSG.o
                0x08014238                telaUsbOut()
 .text.Reset_Handler
                0x0801428c       0x50 Debug/startup_stm32f401xc.o
                0x0801428c                Reset_Handler
 .text.Default_Handler
                0x080142dc        0x2 Debug/startup_stm32f401xc.o
                0x080142dc                RTC_Alarm_IRQHandler
                0x080142dc                EXTI2_IRQHandler
                0x080142dc                SPI4_IRQHandler
                0x080142dc                TIM1_CC_IRQHandler
                0x080142dc                DMA2_Stream5_IRQHandler
                0x080142dc                DMA1_Stream5_IRQHandler
                0x080142dc                PVD_IRQHandler
                0x080142dc                SDIO_IRQHandler
                0x080142dc                TAMP_STAMP_IRQHandler
                0x080142dc                EXTI3_IRQHandler
                0x080142dc                I2C3_ER_IRQHandler
                0x080142dc                I2C2_EV_IRQHandler
                0x080142dc                DMA1_Stream2_IRQHandler
                0x080142dc                FPU_IRQHandler
                0x080142dc                DMA2_Stream2_IRQHandler
                0x080142dc                SPI1_IRQHandler
                0x080142dc                TIM1_BRK_TIM9_IRQHandler
                0x080142dc                DMA2_Stream3_IRQHandler
                0x080142dc                USART6_IRQHandler
                0x080142dc                TIM4_IRQHandler
                0x080142dc                I2C1_EV_IRQHandler
                0x080142dc                DMA1_Stream6_IRQHandler
                0x080142dc                DMA1_Stream1_IRQHandler
                0x080142dc                TIM3_IRQHandler
                0x080142dc                RCC_IRQHandler
                0x080142dc                Default_Handler
                0x080142dc                EXTI15_10_IRQHandler
                0x080142dc                ADC_IRQHandler
                0x080142dc                DMA1_Stream7_IRQHandler
                0x080142dc                TIM5_IRQHandler
                0x080142dc                DMA2_Stream7_IRQHandler
                0x080142dc                I2C3_EV_IRQHandler
                0x080142dc                RTC_WKUP_IRQHandler
                0x080142dc                SPI2_IRQHandler
                0x080142dc                DMA1_Stream0_IRQHandler
                0x080142dc                WWDG_IRQHandler
                0x080142dc                TIM2_IRQHandler
                0x080142dc                OTG_FS_WKUP_IRQHandler
                0x080142dc                USART2_IRQHandler
                0x080142dc                I2C2_ER_IRQHandler
                0x080142dc                DMA2_Stream1_IRQHandler
                0x080142dc                FLASH_IRQHandler
                0x080142dc                DMA2_Stream4_IRQHandler
                0x080142dc                USART1_IRQHandler
                0x080142dc                SPI3_IRQHandler
                0x080142dc                DMA1_Stream4_IRQHandler
                0x080142dc                I2C1_ER_IRQHandler
                0x080142dc                DMA2_Stream6_IRQHandler
                0x080142dc                DMA1_Stream3_IRQHandler
 *(.glue_7)
 .glue_7        0x080142de        0x0 linker stubs
 *(.glue_7t)
 .glue_7t       0x080142de        0x0 linker stubs
 *(.eh_frame)
 *fill*         0x080142de        0x2 
 .eh_frame      0x080142e0        0x0 /usr/lib/gcc/arm-none-eabi/13.2.1/thumb/v7e-m+fp/hard/crtbegin.o
 *(.init)
 .init          0x080142e0        0x4 /usr/lib/gcc/arm-none-eabi/13.2.1/thumb/v7e-m+fp/hard/crti.o
                0x080142e0                _init
 .init          0x080142e4        0x8 /usr/lib/gcc/arm-none-eabi/13.2.1/thumb/v7e-m+fp/hard/crtn.o
 *(.fini)
 .fini          0x080142ec        0x4 /usr/lib/gcc/arm-none-eabi/13.2.1/thumb/v7e-m+fp/hard/crti.o
                0x080142ec                _fini
 .fini          0x080142f0        0x8 /usr/lib/gcc/arm-none-eabi/13.2.1/thumb/v7e-m+fp/hard/crtn.o
                0x080142f8                        . = ALIGN (0x4)
                0x080142f8                        _etext = .

.vfp11_veneer   0x080142f8        0x0
 .vfp11_veneer  0x080142f8        0x0 linker stubs

.v4_bx          0x080142f8        0x0
 .v4_bx         0x080142f8        0x0 linker stubs

.iplt           0x080142f8        0x0
 .iplt          0x080142f8        0x0 /usr/lib/gcc/arm-none-eabi/13.2.1/thumb/v7e-m+fp/hard/crtbegin.o

.rodata         0x080142f8     0x32a4
                0x080142f8                        . = ALIGN (0x4)
 *(.rodata)
 *(.rodata*)
 .rodata.HardFault_Handler.str1.4
                0x080142f8      0x8e5 Debug/stm32f4xx_it.o
                                 0x14 (size before relaxing)
 *fill*         0x08014bdd        0x3 
 .rodata.APBPrescTable
                0x08014be0        0x8 Debug/system_stm32f4xx.o
                0x08014be0                APBPrescTable
 .rodata.AHBPrescTable
                0x08014be8       0x10 Debug/system_stm32f4xx.o
                0x08014be8                AHBPrescTable
 .rodata.USBH_Driver
                0x08014bf8       0x14 Debug/usbh_diskio.o
                0x08014bf8                USBH_Driver
 .rodata.USBH_UserProcess.str1.4
                0x08014c0c        0x2 Debug/usb_host.o
 .rodata.flagBitshiftOffset.0
                0x08014c0c        0x8 Debug/stm32f4xx_hal_dma.o
 .rodata.check_fs.str1.4
                0x08014c14        0xc Debug/ff.o
 .rodata.create_name.str1.4
                0x08014c14       0x13 Debug/ff.o
 .rodata.LfnOfs
                0x08014c14        0xd Debug/ff.o
 *fill*         0x08014c21        0x3 
 .rodata.ExCvt  0x08014c24       0x80 Debug/ff.o
 .rodata.cvt2.0
                0x08014ca4       0xbc Debug/ccsbcs.o
 .rodata.cvt1.1
                0x08014d60      0x1f2 Debug/ccsbcs.o
 *fill*         0x08014f52        0x2 
 .rodata.Tbl    0x08014f54      0x100 Debug/ccsbcs.o
 .rodata.str1.4
                0x08015054        0x4 Debug/usbh_msc.o
 .rodata.Mount_USB.str1.4
                0x08015054       0x3d Debug/File_Handling.o
 .rodata.Unmount_USB.str1.4
                0x08015054       0x43 Debug/File_Handling.o
 .rodata.Scan_USB.str1.4
                0x08015054       0x45 Debug/File_Handling.o