ARM GAS  /tmp/ccUKmcJs.s 			page 1


   1              		.cpu cortex-m4
   2              		.arch armv7e-m
   3              		.fpu fpv4-sp-d16
   4              		.eabi_attribute 27, 1
   5              		.eabi_attribute 28, 1
   6              		.eabi_attribute 20, 1
   7              		.eabi_attribute 21, 1
   8              		.eabi_attribute 23, 3
   9              		.eabi_attribute 24, 1
  10              		.eabi_attribute 25, 1
  11              		.eabi_attribute 26, 1
  12              		.eabi_attribute 30, 1
  13              		.eabi_attribute 34, 1
  14              		.eabi_attribute 18, 4
  15              		.file	"stm32f4xx_hal_msp.c"
  16              		.text
  17              	.Ltext0:
  18              		.cfi_sections	.debug_frame
  19              		.file 1 "Core/Src/stm32f4xx_hal_msp.c"
  20              		.section	.text.HAL_MspInit,"ax",%progbits
  21              		.align	1
  22              		.global	HAL_MspInit
  23              		.syntax unified
  24              		.thumb
  25              		.thumb_func
  27              	HAL_MspInit:
  28              	.LFB216:
   1:Core/Src/stm32f4xx_hal_msp.c **** /* USER CODE BEGIN Header */
   2:Core/Src/stm32f4xx_hal_msp.c **** /**
   3:Core/Src/stm32f4xx_hal_msp.c ****   ******************************************************************************
   4:Core/Src/stm32f4xx_hal_msp.c ****   * @file         stm32f4xx_hal_msp.c
   5:Core/Src/stm32f4xx_hal_msp.c ****   * @brief        This file provides code for the MSP Initialization
   6:Core/Src/stm32f4xx_hal_msp.c ****   *               and de-Initialization codes.
   7:Core/Src/stm32f4xx_hal_msp.c ****   ******************************************************************************
   8:Core/Src/stm32f4xx_hal_msp.c ****   * @attention
   9:Core/Src/stm32f4xx_hal_msp.c ****   *
  10:Core/Src/stm32f4xx_hal_msp.c ****   * Copyright (c) 2022 STMicroelectronics.
  11:Core/Src/stm32f4xx_hal_msp.c ****   * All rights reserved.
  12:Core/Src/stm32f4xx_hal_msp.c ****   *
  13:Core/Src/stm32f4xx_hal_msp.c ****   * This software is licensed under terms that can be found in the LICENSE file
  14:Core/Src/stm32f4xx_hal_msp.c ****   * in the root directory of this software component.
  15:Core/Src/stm32f4xx_hal_msp.c ****   * If no LICENSE file comes with this software, it is provided AS-IS.
  16:Core/Src/stm32f4xx_hal_msp.c ****   *
  17:Core/Src/stm32f4xx_hal_msp.c ****   ******************************************************************************
  18:Core/Src/stm32f4xx_hal_msp.c ****   */
  19:Core/Src/stm32f4xx_hal_msp.c **** /* USER CODE END Header */
  20:Core/Src/stm32f4xx_hal_msp.c **** 
  21:Core/Src/stm32f4xx_hal_msp.c **** /* Includes ------------------------------------------------------------------*/
  22:Core/Src/stm32f4xx_hal_msp.c **** #include "main.h"
  23:Core/Src/stm32f4xx_hal_msp.c **** /* USER CODE BEGIN Includes */
  24:Core/Src/stm32f4xx_hal_msp.c **** 
  25:Core/Src/stm32f4xx_hal_msp.c **** /* USER CODE END Includes */
  26:Core/Src/stm32f4xx_hal_msp.c **** extern DMA_HandleTypeDef hdma_adc1;
  27:Core/Src/stm32f4xx_hal_msp.c **** 
  28:Core/Src/stm32f4xx_hal_msp.c **** /* Private typedef -----------------------------------------------------------*/
  29:Core/Src/stm32f4xx_hal_msp.c **** /* USER CODE BEGIN TD */
  30:Core/Src/stm32f4xx_hal_msp.c **** 
ARM GAS  /tmp/ccUKmcJs.s 			page 2


  31:Core/Src/stm32f4xx_hal_msp.c **** /* USER CODE END TD */
  32:Core/Src/stm32f4xx_hal_msp.c **** 
  33:Core/Src/stm32f4xx_hal_msp.c **** /* Private define ------------------------------------------------------------*/
  34:Core/Src/stm32f4xx_hal_msp.c **** /* USER CODE BEGIN Define */
  35:Core/Src/stm32f4xx_hal_msp.c **** 
  36:Core/Src/stm32f4xx_hal_msp.c **** /* USER CODE END Define */
  37:Core/Src/stm32f4xx_hal_msp.c **** 
  38:Core/Src/stm32f4xx_hal_msp.c **** /* Private macro -------------------------------------------------------------*/
  39:Core/Src/stm32f4xx_hal_msp.c **** /* USER CODE BEGIN Macro */
  40:Core/Src/stm32f4xx_hal_msp.c **** 
  41:Core/Src/stm32f4xx_hal_msp.c **** /* USER CODE END Macro */
  42:Core/Src/stm32f4xx_hal_msp.c **** 
  43:Core/Src/stm32f4xx_hal_msp.c **** /* Private variables ---------------------------------------------------------*/
  44:Core/Src/stm32f4xx_hal_msp.c **** /* USER CODE BEGIN PV */
  45:Core/Src/stm32f4xx_hal_msp.c **** 
  46:Core/Src/stm32f4xx_hal_msp.c **** /* USER CODE END PV */
  47:Core/Src/stm32f4xx_hal_msp.c **** 
  48:Core/Src/stm32f4xx_hal_msp.c **** /* Private function prototypes -----------------------------------------------*/
  49:Core/Src/stm32f4xx_hal_msp.c **** /* USER CODE BEGIN PFP */
  50:Core/Src/stm32f4xx_hal_msp.c **** 
  51:Core/Src/stm32f4xx_hal_msp.c **** /* USER CODE END PFP */
  52:Core/Src/stm32f4xx_hal_msp.c **** 
  53:Core/Src/stm32f4xx_hal_msp.c **** /* External functions --------------------------------------------------------*/
  54:Core/Src/stm32f4xx_hal_msp.c **** /* USER CODE BEGIN ExternalFunctions */
  55:Core/Src/stm32f4xx_hal_msp.c **** 
  56:Core/Src/stm32f4xx_hal_msp.c **** /* USER CODE END ExternalFunctions */
  57:Core/Src/stm32f4xx_hal_msp.c **** 
  58:Core/Src/stm32f4xx_hal_msp.c **** /* USER CODE BEGIN 0 */
  59:Core/Src/stm32f4xx_hal_msp.c **** 
  60:Core/Src/stm32f4xx_hal_msp.c **** /* USER CODE END 0 */
  61:Core/Src/stm32f4xx_hal_msp.c **** /**
  62:Core/Src/stm32f4xx_hal_msp.c ****   * Initializes the Global MSP.
  63:Core/Src/stm32f4xx_hal_msp.c ****   */
  64:Core/Src/stm32f4xx_hal_msp.c **** void HAL_MspInit(void)
  65:Core/Src/stm32f4xx_hal_msp.c **** {
  29              		.loc 1 65 1 view -0
  30              		.cfi_startproc
  31              		@ args = 0, pretend = 0, frame = 8
  32              		@ frame_needed = 0, uses_anonymous_args = 0
  33              		@ link register save eliminated.
  34 0000 82B0     		sub	sp, sp, #8
  35              		.cfi_def_cfa_offset 8
  66:Core/Src/stm32f4xx_hal_msp.c ****   /* USER CODE BEGIN MspInit 0 */
  67:Core/Src/stm32f4xx_hal_msp.c **** 
  68:Core/Src/stm32f4xx_hal_msp.c ****   /* USER CODE END MspInit 0 */
  69:Core/Src/stm32f4xx_hal_msp.c **** 
  70:Core/Src/stm32f4xx_hal_msp.c ****   __HAL_RCC_SYSCFG_CLK_ENABLE();
  36              		.loc 1 70 3 view .LVU1
  37              	.LBB2:
  38              		.loc 1 70 3 view .LVU2
  39 0002 0021     		movs	r1, #0
  40 0004 0091     		str	r1, [sp]
  41              		.loc 1 70 3 view .LVU3
  42 0006 0B4B     		ldr	r3, .L3
  43 0008 5A6C     		ldr	r2, [r3, #68]
  44 000a 42F48042 		orr	r2, r2, #16384
  45 000e 5A64     		str	r2, [r3, #68]
ARM GAS  /tmp/ccUKmcJs.s 			page 3


  46              		.loc 1 70 3 view .LVU4
  47 0010 5A6C     		ldr	r2, [r3, #68]
  48 0012 02F48042 		and	r2, r2, #16384
  49 0016 0092     		str	r2, [sp]
  50              		.loc 1 70 3 view .LVU5
  51 0018 009A     		ldr	r2, [sp]
  52              	.LBE2:
  53              		.loc 1 70 3 view .LVU6
  71:Core/Src/stm32f4xx_hal_msp.c ****   __HAL_RCC_PWR_CLK_ENABLE();
  54              		.loc 1 71 3 view .LVU7
  55              	.LBB3:
  56              		.loc 1 71 3 view .LVU8
  57 001a 0191     		str	r1, [sp, #4]
  58              		.loc 1 71 3 view .LVU9
  59 001c 1A6C     		ldr	r2, [r3, #64]
  60 001e 42F08052 		orr	r2, r2, #268435456
  61 0022 1A64     		str	r2, [r3, #64]
  62              		.loc 1 71 3 view .LVU10
  63 0024 1B6C     		ldr	r3, [r3, #64]
  64 0026 03F08053 		and	r3, r3, #268435456
  65 002a 0193     		str	r3, [sp, #4]
  66              		.loc 1 71 3 view .LVU11
  67 002c 019B     		ldr	r3, [sp, #4]
  68              	.LBE3:
  69              		.loc 1 71 3 view .LVU12
  72:Core/Src/stm32f4xx_hal_msp.c **** 
  73:Core/Src/stm32f4xx_hal_msp.c ****   /* System interrupt init*/
  74:Core/Src/stm32f4xx_hal_msp.c **** 
  75:Core/Src/stm32f4xx_hal_msp.c ****   /* USER CODE BEGIN MspInit 1 */
  76:Core/Src/stm32f4xx_hal_msp.c **** 
  77:Core/Src/stm32f4xx_hal_msp.c ****   /* USER CODE END MspInit 1 */
  78:Core/Src/stm32f4xx_hal_msp.c **** }
  70              		.loc 1 78 1 is_stmt 0 view .LVU13
  71 002e 02B0     		add	sp, sp, #8
  72              		.cfi_def_cfa_offset 0
  73              		@ sp needed
  74 0030 7047     		bx	lr
  75              	.L4:
  76 0032 00BF     		.align	2
  77              	.L3:
  78 0034 00380240 		.word	1073887232
  79              		.cfi_endproc
  80              	.LFE216:
  82              		.section	.text.HAL_ADC_MspInit,"ax",%progbits
  83              		.align	1
  84              		.global	HAL_ADC_MspInit
  85              		.syntax unified
  86              		.thumb
  87              		.thumb_func
  89              	HAL_ADC_MspInit:
  90              	.LVL0:
  91              	.LFB217:
  79:Core/Src/stm32f4xx_hal_msp.c **** 
  80:Core/Src/stm32f4xx_hal_msp.c **** /**
  81:Core/Src/stm32f4xx_hal_msp.c **** * @brief ADC MSP Initialization
  82:Core/Src/stm32f4xx_hal_msp.c **** * This function configures the hardware resources used in this example
  83:Core/Src/stm32f4xx_hal_msp.c **** * @param hadc: ADC handle pointer
ARM GAS  /tmp/ccUKmcJs.s 			page 4


  84:Core/Src/stm32f4xx_hal_msp.c **** * @retval None
  85:Core/Src/stm32f4xx_hal_msp.c **** */
  86:Core/Src/stm32f4xx_hal_msp.c **** void HAL_ADC_MspInit(ADC_HandleTypeDef* hadc)
  87:Core/Src/stm32f4xx_hal_msp.c **** {
  92              		.loc 1 87 1 is_stmt 1 view -0
  93              		.cfi_startproc
  94              		@ args = 0, pretend = 0, frame = 32
  95              		@ frame_needed = 0, uses_anonymous_args = 0
  96              		.loc 1 87 1 is_stmt 0 view .LVU15
  97 0000 70B5     		push	{r4, r5, r6, lr}
  98              		.cfi_def_cfa_offset 16
  99              		.cfi_offset 4, -16
 100              		.cfi_offset 5, -12
 101              		.cfi_offset 6, -8
 102              		.cfi_offset 14, -4
 103 0002 88B0     		sub	sp, sp, #32
 104              		.cfi_def_cfa_offset 48
  88:Core/Src/stm32f4xx_hal_msp.c ****   GPIO_InitTypeDef GPIO_InitStruct = {0};
 105              		.loc 1 88 3 is_stmt 1 view .LVU16
 106              		.loc 1 88 20 is_stmt 0 view .LVU17
 107 0004 0023     		movs	r3, #0
 108 0006 0393     		str	r3, [sp, #12]
 109 0008 0493     		str	r3, [sp, #16]
 110 000a 0593     		str	r3, [sp, #20]
 111 000c 0693     		str	r3, [sp, #24]
 112 000e 0793     		str	r3, [sp, #28]
  89:Core/Src/stm32f4xx_hal_msp.c ****   if(hadc->Instance==ADC1)
 113              		.loc 1 89 3 is_stmt 1 view .LVU18
 114              		.loc 1 89 10 is_stmt 0 view .LVU19
 115 0010 0268     		ldr	r2, [r0]
 116              		.loc 1 89 5 view .LVU20
 117 0012 03F18043 		add	r3, r3, #1073741824
 118 0016 03F59033 		add	r3, r3, #73728
 119 001a 9A42     		cmp	r2, r3
 120 001c 01D0     		beq	.L9
 121              	.LVL1:
 122              	.L5:
  90:Core/Src/stm32f4xx_hal_msp.c ****   {
  91:Core/Src/stm32f4xx_hal_msp.c ****   /* USER CODE BEGIN ADC1_MspInit 0 */
  92:Core/Src/stm32f4xx_hal_msp.c **** 
  93:Core/Src/stm32f4xx_hal_msp.c ****   /* USER CODE END ADC1_MspInit 0 */
  94:Core/Src/stm32f4xx_hal_msp.c ****     /* Peripheral clock enable */
  95:Core/Src/stm32f4xx_hal_msp.c ****     __HAL_RCC_ADC1_CLK_ENABLE();
  96:Core/Src/stm32f4xx_hal_msp.c **** 
  97:Core/Src/stm32f4xx_hal_msp.c ****     __HAL_RCC_GPIOA_CLK_ENABLE();
  98:Core/Src/stm32f4xx_hal_msp.c ****     __HAL_RCC_GPIOB_CLK_ENABLE();
  99:Core/Src/stm32f4xx_hal_msp.c ****     /**ADC1 GPIO Configuration
 100:Core/Src/stm32f4xx_hal_msp.c ****     PA1     ------> ADC1_IN1
 101:Core/Src/stm32f4xx_hal_msp.c ****     PA4     ------> ADC1_IN4
 102:Core/Src/stm32f4xx_hal_msp.c ****     PA5     ------> ADC1_IN5
 103:Core/Src/stm32f4xx_hal_msp.c ****     PA7     ------> ADC1_IN7
 104:Core/Src/stm32f4xx_hal_msp.c ****     PB0     ------> ADC1_IN8
 105:Core/Src/stm32f4xx_hal_msp.c ****     */
 106:Core/Src/stm32f4xx_hal_msp.c ****     GPIO_InitStruct.Pin = Sensor1_Pin|Sensor2_Pin|Sensor3_Pin|Sensor0_Pin;
 107:Core/Src/stm32f4xx_hal_msp.c ****     GPIO_InitStruct.Mode = GPIO_MODE_ANALOG;
 108:Core/Src/stm32f4xx_hal_msp.c ****     GPIO_InitStruct.Pull = GPIO_NOPULL;
 109:Core/Src/stm32f4xx_hal_msp.c ****     HAL_GPIO_Init(GPIOA, &GPIO_InitStruct);
ARM GAS  /tmp/ccUKmcJs.s 			page 5


 110:Core/Src/stm32f4xx_hal_msp.c **** 
 111:Core/Src/stm32f4xx_hal_msp.c ****     GPIO_InitStruct.Pin = Sensor4_Pin;
 112:Core/Src/stm32f4xx_hal_msp.c ****     GPIO_InitStruct.Mode = GPIO_MODE_ANALOG;
 113:Core/Src/stm32f4xx_hal_msp.c ****     GPIO_InitStruct.Pull = GPIO_NOPULL;
 114:Core/Src/stm32f4xx_hal_msp.c ****     HAL_GPIO_Init(Sensor4_GPIO_Port, &GPIO_InitStruct);
 115:Core/Src/stm32f4xx_hal_msp.c **** 
 116:Core/Src/stm32f4xx_hal_msp.c ****     /* ADC1 DMA Init */
 117:Core/Src/stm32f4xx_hal_msp.c ****     /* ADC1 Init */
 118:Core/Src/stm32f4xx_hal_msp.c ****     hdma_adc1.Instance = DMA2_Stream0;
 119:Core/Src/stm32f4xx_hal_msp.c ****     hdma_adc1.Init.Channel = DMA_CHANNEL_0;
 120:Core/Src/stm32f4xx_hal_msp.c ****     hdma_adc1.Init.Direction = DMA_PERIPH_TO_MEMORY;
 121:Core/Src/stm32f4xx_hal_msp.c ****     hdma_adc1.Init.PeriphInc = DMA_PINC_DISABLE;
 122:Core/Src/stm32f4xx_hal_msp.c ****     hdma_adc1.Init.MemInc = DMA_MINC_ENABLE;
 123:Core/Src/stm32f4xx_hal_msp.c ****     hdma_adc1.Init.PeriphDataAlignment = DMA_PDATAALIGN_WORD;
 124:Core/Src/stm32f4xx_hal_msp.c ****     hdma_adc1.Init.MemDataAlignment = DMA_MDATAALIGN_WORD;
 125:Core/Src/stm32f4xx_hal_msp.c ****     hdma_adc1.Init.Mode = DMA_NORMAL;
 126:Core/Src/stm32f4xx_hal_msp.c ****     hdma_adc1.Init.Priority = DMA_PRIORITY_LOW;
 127:Core/Src/stm32f4xx_hal_msp.c ****     hdma_adc1.Init.FIFOMode = DMA_FIFOMODE_DISABLE;
 128:Core/Src/stm32f4xx_hal_msp.c ****     if (HAL_DMA_Init(&hdma_adc1) != HAL_OK)
 129:Core/Src/stm32f4xx_hal_msp.c ****     {
 130:Core/Src/stm32f4xx_hal_msp.c ****       Error_Handler();
 131:Core/Src/stm32f4xx_hal_msp.c ****     }
 132:Core/Src/stm32f4xx_hal_msp.c **** 
 133:Core/Src/stm32f4xx_hal_msp.c ****     __HAL_LINKDMA(hadc,DMA_Handle,hdma_adc1);
 134:Core/Src/stm32f4xx_hal_msp.c **** 
 135:Core/Src/stm32f4xx_hal_msp.c ****   /* USER CODE BEGIN ADC1_MspInit 1 */
 136:Core/Src/stm32f4xx_hal_msp.c **** 
 137:Core/Src/stm32f4xx_hal_msp.c ****   /* USER CODE END ADC1_MspInit 1 */
 138:Core/Src/stm32f4xx_hal_msp.c ****   }
 139:Core/Src/stm32f4xx_hal_msp.c **** 
 140:Core/Src/stm32f4xx_hal_msp.c **** }
 123              		.loc 1 140 1 view .LVU21
 124 001e 08B0     		add	sp, sp, #32
 125              		.cfi_remember_state
 126              		.cfi_def_cfa_offset 16
 127              		@ sp needed
 128 0020 70BD     		pop	{r4, r5, r6, pc}
 129              	.LVL2:
 130              	.L9:
 131              		.cfi_restore_state
 132              		.loc 1 140 1 view .LVU22
 133 0022 0446     		mov	r4, r0
  95:Core/Src/stm32f4xx_hal_msp.c **** 
 134              		.loc 1 95 5 is_stmt 1 view .LVU23
 135              	.LBB4:
  95:Core/Src/stm32f4xx_hal_msp.c **** 
 136              		.loc 1 95 5 view .LVU24
 137 0024 0025     		movs	r5, #0
 138 0026 0095     		str	r5, [sp]
  95:Core/Src/stm32f4xx_hal_msp.c **** 
 139              		.loc 1 95 5 view .LVU25
 140 0028 03F58C33 		add	r3, r3, #71680
 141 002c 5A6C     		ldr	r2, [r3, #68]
 142 002e 42F48072 		orr	r2, r2, #256
 143 0032 5A64     		str	r2, [r3, #68]
  95:Core/Src/stm32f4xx_hal_msp.c **** 
 144              		.loc 1 95 5 view .LVU26
ARM GAS  /tmp/ccUKmcJs.s 			page 6


 145 0034 5A6C     		ldr	r2, [r3, #68]
 146 0036 02F48072 		and	r2, r2, #256
 147 003a 0092     		str	r2, [sp]
  95:Core/Src/stm32f4xx_hal_msp.c **** 
 148              		.loc 1 95 5 view .LVU27
 149 003c 009A     		ldr	r2, [sp]
 150              	.LBE4:
  95:Core/Src/stm32f4xx_hal_msp.c **** 
 151              		.loc 1 95 5 view .LVU28
  97:Core/Src/stm32f4xx_hal_msp.c ****     __HAL_RCC_GPIOB_CLK_ENABLE();
 152              		.loc 1 97 5 view .LVU29
 153              	.LBB5:
  97:Core/Src/stm32f4xx_hal_msp.c ****     __HAL_RCC_GPIOB_CLK_ENABLE();
 154              		.loc 1 97 5 view .LVU30
 155 003e 0195     		str	r5, [sp, #4]
  97:Core/Src/stm32f4xx_hal_msp.c ****     __HAL_RCC_GPIOB_CLK_ENABLE();
 156              		.loc 1 97 5 view .LVU31
 157 0040 1A6B     		ldr	r2, [r3, #48]
 158 0042 42F00102 		orr	r2, r2, #1
 159 0046 1A63     		str	r2, [r3, #48]
  97:Core/Src/stm32f4xx_hal_msp.c ****     __HAL_RCC_GPIOB_CLK_ENABLE();
 160              		.loc 1 97 5 view .LVU32
 161 0048 1A6B     		ldr	r2, [r3, #48]
 162 004a 02F00102 		and	r2, r2, #1
 163 004e 0192     		str	r2, [sp, #4]
  97:Core/Src/stm32f4xx_hal_msp.c ****     __HAL_RCC_GPIOB_CLK_ENABLE();
 164              		.loc 1 97 5 view .LVU33
 165 0050 019A     		ldr	r2, [sp, #4]
 166              	.LBE5:
  97:Core/Src/stm32f4xx_hal_msp.c ****     __HAL_RCC_GPIOB_CLK_ENABLE();
 167              		.loc 1 97 5 view .LVU34
  98:Core/Src/stm32f4xx_hal_msp.c ****     /**ADC1 GPIO Configuration
 168              		.loc 1 98 5 view .LVU35
 169              	.LBB6:
  98:Core/Src/stm32f4xx_hal_msp.c ****     /**ADC1 GPIO Configuration
 170              		.loc 1 98 5 view .LVU36
 171 0052 0295     		str	r5, [sp, #8]
  98:Core/Src/stm32f4xx_hal_msp.c ****     /**ADC1 GPIO Configuration
 172              		.loc 1 98 5 view .LVU37
 173 0054 1A6B     		ldr	r2, [r3, #48]
 174 0056 42F00202 		orr	r2, r2, #2
 175 005a 1A63     		str	r2, [r3, #48]
  98:Core/Src/stm32f4xx_hal_msp.c ****     /**ADC1 GPIO Configuration
 176              		.loc 1 98 5 view .LVU38
 177 005c 1B6B     		ldr	r3, [r3, #48]
 178 005e 03F00203 		and	r3, r3, #2
 179 0062 0293     		str	r3, [sp, #8]
  98:Core/Src/stm32f4xx_hal_msp.c ****     /**ADC1 GPIO Configuration
 180              		.loc 1 98 5 view .LVU39
 181 0064 029B     		ldr	r3, [sp, #8]
 182              	.LBE6:
  98:Core/Src/stm32f4xx_hal_msp.c ****     /**ADC1 GPIO Configuration
 183              		.loc 1 98 5 view .LVU40
 106:Core/Src/stm32f4xx_hal_msp.c ****     GPIO_InitStruct.Mode = GPIO_MODE_ANALOG;
 184              		.loc 1 106 5 view .LVU41
 106:Core/Src/stm32f4xx_hal_msp.c ****     GPIO_InitStruct.Mode = GPIO_MODE_ANALOG;
 185              		.loc 1 106 25 is_stmt 0 view .LVU42
ARM GAS  /tmp/ccUKmcJs.s 			page 7


 186 0066 B223     		movs	r3, #178
 187 0068 0393     		str	r3, [sp, #12]
 107:Core/Src/stm32f4xx_hal_msp.c ****     GPIO_InitStruct.Pull = GPIO_NOPULL;
 188              		.loc 1 107 5 is_stmt 1 view .LVU43
 107:Core/Src/stm32f4xx_hal_msp.c ****     GPIO_InitStruct.Pull = GPIO_NOPULL;
 189              		.loc 1 107 26 is_stmt 0 view .LVU44
 190 006a 0326     		movs	r6, #3
 191 006c 0496     		str	r6, [sp, #16]
 108:Core/Src/stm32f4xx_hal_msp.c ****     HAL_GPIO_Init(GPIOA, &GPIO_InitStruct);
 192              		.loc 1 108 5 is_stmt 1 view .LVU45
 109:Core/Src/stm32f4xx_hal_msp.c **** 
 193              		.loc 1 109 5 view .LVU46
 194 006e 03A9     		add	r1, sp, #12
 195 0070 1348     		ldr	r0, .L11
 196              	.LVL3:
 109:Core/Src/stm32f4xx_hal_msp.c **** 
 197              		.loc 1 109 5 is_stmt 0 view .LVU47
 198 0072 FFF7FEFF 		bl	HAL_GPIO_Init
 199              	.LVL4:
 111:Core/Src/stm32f4xx_hal_msp.c ****     GPIO_InitStruct.Mode = GPIO_MODE_ANALOG;
 200              		.loc 1 111 5 is_stmt 1 view .LVU48
 111:Core/Src/stm32f4xx_hal_msp.c ****     GPIO_InitStruct.Mode = GPIO_MODE_ANALOG;
 201              		.loc 1 111 25 is_stmt 0 view .LVU49
 202 0076 0123     		movs	r3, #1
 203 0078 0393     		str	r3, [sp, #12]
 112:Core/Src/stm32f4xx_hal_msp.c ****     GPIO_InitStruct.Pull = GPIO_NOPULL;
 204              		.loc 1 112 5 is_stmt 1 view .LVU50
 112:Core/Src/stm32f4xx_hal_msp.c ****     GPIO_InitStruct.Pull = GPIO_NOPULL;
 205              		.loc 1 112 26 is_stmt 0 view .LVU51
 206 007a 0496     		str	r6, [sp, #16]
 113:Core/Src/stm32f4xx_hal_msp.c ****     HAL_GPIO_Init(Sensor4_GPIO_Port, &GPIO_InitStruct);
 207              		.loc 1 113 5 is_stmt 1 view .LVU52
 113:Core/Src/stm32f4xx_hal_msp.c ****     HAL_GPIO_Init(Sensor4_GPIO_Port, &GPIO_InitStruct);
 208              		.loc 1 113 26 is_stmt 0 view .LVU53
 209 007c 0595     		str	r5, [sp, #20]
 114:Core/Src/stm32f4xx_hal_msp.c **** 
 210              		.loc 1 114 5 is_stmt 1 view .LVU54
 211 007e 03A9     		add	r1, sp, #12
 212 0080 1048     		ldr	r0, .L11+4
 213 0082 FFF7FEFF 		bl	HAL_GPIO_Init
 214              	.LVL5:
 118:Core/Src/stm32f4xx_hal_msp.c ****     hdma_adc1.Init.Channel = DMA_CHANNEL_0;
 215              		.loc 1 118 5 view .LVU55
 118:Core/Src/stm32f4xx_hal_msp.c ****     hdma_adc1.Init.Channel = DMA_CHANNEL_0;
 216              		.loc 1 118 24 is_stmt 0 view .LVU56
 217 0086 1048     		ldr	r0, .L11+8
 218 0088 104B     		ldr	r3, .L11+12
 219 008a 0360     		str	r3, [r0]
 119:Core/Src/stm32f4xx_hal_msp.c ****     hdma_adc1.Init.Direction = DMA_PERIPH_TO_MEMORY;
 220              		.loc 1 119 5 is_stmt 1 view .LVU57
 119:Core/Src/stm32f4xx_hal_msp.c ****     hdma_adc1.Init.Direction = DMA_PERIPH_TO_MEMORY;
 221              		.loc 1 119 28 is_stmt 0 view .LVU58
 222 008c 4560     		str	r5, [r0, #4]
 120:Core/Src/stm32f4xx_hal_msp.c ****     hdma_adc1.Init.PeriphInc = DMA_PINC_DISABLE;
 223              		.loc 1 120 5 is_stmt 1 view .LVU59
 120:Core/Src/stm32f4xx_hal_msp.c ****     hdma_adc1.Init.PeriphInc = DMA_PINC_DISABLE;
 224              		.loc 1 120 30 is_stmt 0 view .LVU60
ARM GAS  /tmp/ccUKmcJs.s 			page 8


 225 008e 8560     		str	r5, [r0, #8]
 121:Core/Src/stm32f4xx_hal_msp.c ****     hdma_adc1.Init.MemInc = DMA_MINC_ENABLE;
 226              		.loc 1 121 5 is_stmt 1 view .LVU61
 121:Core/Src/stm32f4xx_hal_msp.c ****     hdma_adc1.Init.MemInc = DMA_MINC_ENABLE;
 227              		.loc 1 121 30 is_stmt 0 view .LVU62
 228 0090 C560     		str	r5, [r0, #12]
 122:Core/Src/stm32f4xx_hal_msp.c ****     hdma_adc1.Init.PeriphDataAlignment = DMA_PDATAALIGN_WORD;
 229              		.loc 1 122 5 is_stmt 1 view .LVU63
 122:Core/Src/stm32f4xx_hal_msp.c ****     hdma_adc1.Init.PeriphDataAlignment = DMA_PDATAALIGN_WORD;
 230              		.loc 1 122 27 is_stmt 0 view .LVU64
 231 0092 4FF48063 		mov	r3, #1024
 232 0096 0361     		str	r3, [r0, #16]
 123:Core/Src/stm32f4xx_hal_msp.c ****     hdma_adc1.Init.MemDataAlignment = DMA_MDATAALIGN_WORD;
 233              		.loc 1 123 5 is_stmt 1 view .LVU65
 123:Core/Src/stm32f4xx_hal_msp.c ****     hdma_adc1.Init.MemDataAlignment = DMA_MDATAALIGN_WORD;
 234              		.loc 1 123 40 is_stmt 0 view .LVU66
 235 0098 4FF48053 		mov	r3, #4096
 236 009c 4361     		str	r3, [r0, #20]
 124:Core/Src/stm32f4xx_hal_msp.c ****     hdma_adc1.Init.Mode = DMA_NORMAL;
 237              		.loc 1 124 5 is_stmt 1 view .LVU67
 124:Core/Src/stm32f4xx_hal_msp.c ****     hdma_adc1.Init.Mode = DMA_NORMAL;
 238              		.loc 1 124 37 is_stmt 0 view .LVU68
 239 009e 4FF48043 		mov	r3, #16384
 240 00a2 8361     		str	r3, [r0, #24]
 125:Core/Src/stm32f4xx_hal_msp.c ****     hdma_adc1.Init.Priority = DMA_PRIORITY_LOW;
 241              		.loc 1 125 5 is_stmt 1 view .LVU69
 125:Core/Src/stm32f4xx_hal_msp.c ****     hdma_adc1.Init.Priority = DMA_PRIORITY_LOW;
 242              		.loc 1 125 25 is_stmt 0 view .LVU70
 243 00a4 C561     		str	r5, [r0, #28]
 126:Core/Src/stm32f4xx_hal_msp.c ****     hdma_adc1.Init.FIFOMode = DMA_FIFOMODE_DISABLE;
 244              		.loc 1 126 5 is_stmt 1 view .LVU71
 126:Core/Src/stm32f4xx_hal_msp.c ****     hdma_adc1.Init.FIFOMode = DMA_FIFOMODE_DISABLE;
 245              		.loc 1 126 29 is_stmt 0 view .LVU72
 246 00a6 0562     		str	r5, [r0, #32]
 127:Core/Src/stm32f4xx_hal_msp.c ****     if (HAL_DMA_Init(&hdma_adc1) != HAL_OK)
 247              		.loc 1 127 5 is_stmt 1 view .LVU73
 127:Core/Src/stm32f4xx_hal_msp.c ****     if (HAL_DMA_Init(&hdma_adc1) != HAL_OK)
 248              		.loc 1 127 29 is_stmt 0 view .LVU74
 249 00a8 4562     		str	r5, [r0, #36]
 128:Core/Src/stm32f4xx_hal_msp.c ****     {
 250              		.loc 1 128 5 is_stmt 1 view .LVU75
 128:Core/Src/stm32f4xx_hal_msp.c ****     {
 251              		.loc 1 128 9 is_stmt 0 view .LVU76
 252 00aa FFF7FEFF 		bl	HAL_DMA_Init
 253              	.LVL6:
 128:Core/Src/stm32f4xx_hal_msp.c ****     {
 254              		.loc 1 128 8 discriminator 1 view .LVU77
 255 00ae 18B9     		cbnz	r0, .L10
 256              	.L7:
 133:Core/Src/stm32f4xx_hal_msp.c **** 
 257              		.loc 1 133 5 is_stmt 1 view .LVU78
 133:Core/Src/stm32f4xx_hal_msp.c **** 
 258              		.loc 1 133 5 view .LVU79
 259 00b0 054B     		ldr	r3, .L11+8
 260 00b2 A363     		str	r3, [r4, #56]
 133:Core/Src/stm32f4xx_hal_msp.c **** 
 261              		.loc 1 133 5 view .LVU80
ARM GAS  /tmp/ccUKmcJs.s 			page 9


 262 00b4 9C63     		str	r4, [r3, #56]
 133:Core/Src/stm32f4xx_hal_msp.c **** 
 263              		.loc 1 133 5 discriminator 1 view .LVU81
 264              		.loc 1 140 1 is_stmt 0 view .LVU82
 265 00b6 B2E7     		b	.L5
 266              	.L10:
 130:Core/Src/stm32f4xx_hal_msp.c ****     }
 267              		.loc 1 130 7 is_stmt 1 view .LVU83
 268 00b8 FFF7FEFF 		bl	Error_Handler
 269              	.LVL7:
 270 00bc F8E7     		b	.L7
 271              	.L12:
 272 00be 00BF     		.align	2
 273              	.L11:
 274 00c0 00000240 		.word	1073872896
 275 00c4 00040240 		.word	1073873920
 276 00c8 00000000 		.word	hdma_adc1
 277 00cc 10640240 		.word	1073898512
 278              		.cfi_endproc
 279              	.LFE217:
 281              		.section	.text.HAL_ADC_MspDeInit,"ax",%progbits
 282              		.align	1
 283              		.global	HAL_ADC_MspDeInit
 284              		.syntax unified
 285              		.thumb
 286              		.thumb_func
 288              	HAL_ADC_MspDeInit:
 289              	.LVL8:
 290              	.LFB218:
 141:Core/Src/stm32f4xx_hal_msp.c **** 
 142:Core/Src/stm32f4xx_hal_msp.c **** /**
 143:Core/Src/stm32f4xx_hal_msp.c **** * @brief ADC MSP De-Initialization
 144:Core/Src/stm32f4xx_hal_msp.c **** * This function freeze the hardware resources used in this example
 145:Core/Src/stm32f4xx_hal_msp.c **** * @param hadc: ADC handle pointer
 146:Core/Src/stm32f4xx_hal_msp.c **** * @retval None
 147:Core/Src/stm32f4xx_hal_msp.c **** */
 148:Core/Src/stm32f4xx_hal_msp.c **** void HAL_ADC_MspDeInit(ADC_HandleTypeDef* hadc)
 149:Core/Src/stm32f4xx_hal_msp.c **** {
 291              		.loc 1 149 1 view -0
 292              		.cfi_startproc
 293              		@ args = 0, pretend = 0, frame = 0
 294              		@ frame_needed = 0, uses_anonymous_args = 0
 150:Core/Src/stm32f4xx_hal_msp.c ****   if(hadc->Instance==ADC1)
 295              		.loc 1 150 3 view .LVU85
 296              		.loc 1 150 10 is_stmt 0 view .LVU86
 297 0000 0268     		ldr	r2, [r0]
 298              		.loc 1 150 5 view .LVU87
 299 0002 0B4B     		ldr	r3, .L20
 300 0004 9A42     		cmp	r2, r3
 301 0006 00D0     		beq	.L19
 302 0008 7047     		bx	lr
 303              	.L19:
 149:Core/Src/stm32f4xx_hal_msp.c ****   if(hadc->Instance==ADC1)
 304              		.loc 1 149 1 view .LVU88
 305 000a 10B5     		push	{r4, lr}
 306              		.cfi_def_cfa_offset 8
 307              		.cfi_offset 4, -8
ARM GAS  /tmp/ccUKmcJs.s 			page 10


 308              		.cfi_offset 14, -4
 309 000c 0446     		mov	r4, r0
 151:Core/Src/stm32f4xx_hal_msp.c ****   {
 152:Core/Src/stm32f4xx_hal_msp.c ****   /* USER CODE BEGIN ADC1_MspDeInit 0 */
 153:Core/Src/stm32f4xx_hal_msp.c **** 
 154:Core/Src/stm32f4xx_hal_msp.c ****   /* USER CODE END ADC1_MspDeInit 0 */
 155:Core/Src/stm32f4xx_hal_msp.c ****     /* Peripheral clock disable */
 156:Core/Src/stm32f4xx_hal_msp.c ****     __HAL_RCC_ADC1_CLK_DISABLE();
 310              		.loc 1 156 5 is_stmt 1 view .LVU89
 311 000e 094A     		ldr	r2, .L20+4
 312 0010 536C     		ldr	r3, [r2, #68]
 313 0012 23F48073 		bic	r3, r3, #256
 314 0016 5364     		str	r3, [r2, #68]
 157:Core/Src/stm32f4xx_hal_msp.c **** 
 158:Core/Src/stm32f4xx_hal_msp.c ****     /**ADC1 GPIO Configuration
 159:Core/Src/stm32f4xx_hal_msp.c ****     PA1     ------> ADC1_IN1
 160:Core/Src/stm32f4xx_hal_msp.c ****     PA4     ------> ADC1_IN4
 161:Core/Src/stm32f4xx_hal_msp.c ****     PA5     ------> ADC1_IN5
 162:Core/Src/stm32f4xx_hal_msp.c ****     PA7     ------> ADC1_IN7
 163:Core/Src/stm32f4xx_hal_msp.c ****     PB0     ------> ADC1_IN8
 164:Core/Src/stm32f4xx_hal_msp.c ****     */
 165:Core/Src/stm32f4xx_hal_msp.c ****     HAL_GPIO_DeInit(GPIOA, Sensor1_Pin|Sensor2_Pin|Sensor3_Pin|Sensor0_Pin);
 315              		.loc 1 165 5 view .LVU90
 316 0018 B221     		movs	r1, #178
 317 001a 0748     		ldr	r0, .L20+8
 318              	.LVL9:
 319              		.loc 1 165 5 is_stmt 0 view .LVU91
 320 001c FFF7FEFF 		bl	HAL_GPIO_DeInit
 321              	.LVL10:
 166:Core/Src/stm32f4xx_hal_msp.c **** 
 167:Core/Src/stm32f4xx_hal_msp.c ****     HAL_GPIO_DeInit(Sensor4_GPIO_Port, Sensor4_Pin);
 322              		.loc 1 167 5 is_stmt 1 view .LVU92
 323 0020 0121     		movs	r1, #1
 324 0022 0648     		ldr	r0, .L20+12
 325 0024 FFF7FEFF 		bl	HAL_GPIO_DeInit
 326              	.LVL11:
 168:Core/Src/stm32f4xx_hal_msp.c **** 
 169:Core/Src/stm32f4xx_hal_msp.c ****     /* ADC1 DMA DeInit */
 170:Core/Src/stm32f4xx_hal_msp.c ****     HAL_DMA_DeInit(hadc->DMA_Handle);
 327              		.loc 1 170 5 view .LVU93
 328 0028 A06B     		ldr	r0, [r4, #56]
 329 002a FFF7FEFF 		bl	HAL_DMA_DeInit
 330              	.LVL12:
 171:Core/Src/stm32f4xx_hal_msp.c ****   /* USER CODE BEGIN ADC1_MspDeInit 1 */
 172:Core/Src/stm32f4xx_hal_msp.c **** 
 173:Core/Src/stm32f4xx_hal_msp.c ****   /* USER CODE END ADC1_MspDeInit 1 */
 174:Core/Src/stm32f4xx_hal_msp.c ****   }
 175:Core/Src/stm32f4xx_hal_msp.c **** 
 176:Core/Src/stm32f4xx_hal_msp.c **** }
 331              		.loc 1 176 1 is_stmt 0 view .LVU94
 332 002e 10BD     		pop	{r4, pc}
 333              	.LVL13:
 334              	.L21:
 335              		.loc 1 176 1 view .LVU95
 336              		.align	2
 337              	.L20:
 338 0030 00200140 		.word	1073815552
ARM GAS  /tmp/ccUKmcJs.s 			page 11


 339 0034 00380240 		.word	1073887232
 340 0038 00000240 		.word	1073872896
 341 003c 00040240 		.word	1073873920
 342              		.cfi_endproc
 343              	.LFE218:
 345              		.section	.text.HAL_UART_MspInit,"ax",%progbits
 346              		.align	1
 347              		.global	HAL_UART_MspInit
 348              		.syntax unified
 349              		.thumb
 350              		.thumb_func
 352              	HAL_UART_MspInit:
 353              	.LVL14:
 354              	.LFB219:
 177:Core/Src/stm32f4xx_hal_msp.c **** 
 178:Core/Src/stm32f4xx_hal_msp.c **** /**
 179:Core/Src/stm32f4xx_hal_msp.c **** * @brief UART MSP Initialization
 180:Core/Src/stm32f4xx_hal_msp.c **** * This function configures the hardware resources used in this example
 181:Core/Src/stm32f4xx_hal_msp.c **** * @param huart: UART handle pointer
 182:Core/Src/stm32f4xx_hal_msp.c **** * @retval None
 183:Core/Src/stm32f4xx_hal_msp.c **** */
 184:Core/Src/stm32f4xx_hal_msp.c **** void HAL_UART_MspInit(UART_HandleTypeDef* huart)
 185:Core/Src/stm32f4xx_hal_msp.c **** {
 355              		.loc 1 185 1 is_stmt 1 view -0
 356              		.cfi_startproc
 357              		@ args = 0, pretend = 0, frame = 32
 358              		@ frame_needed = 0, uses_anonymous_args = 0
 359              		.loc 1 185 1 is_stmt 0 view .LVU97
 360 0000 00B5     		push	{lr}
 361              		.cfi_def_cfa_offset 4
 362              		.cfi_offset 14, -4
 363 0002 89B0     		sub	sp, sp, #36
 364              		.cfi_def_cfa_offset 40
 186:Core/Src/stm32f4xx_hal_msp.c ****   GPIO_InitTypeDef GPIO_InitStruct = {0};
 365              		.loc 1 186 3 is_stmt 1 view .LVU98
 366              		.loc 1 186 20 is_stmt 0 view .LVU99
 367 0004 0023     		movs	r3, #0
 368 0006 0393     		str	r3, [sp, #12]
 369 0008 0493     		str	r3, [sp, #16]
 370 000a 0593     		str	r3, [sp, #20]
 371 000c 0693     		str	r3, [sp, #24]
 372 000e 0793     		str	r3, [sp, #28]
 187:Core/Src/stm32f4xx_hal_msp.c ****   if(huart->Instance==USART1)
 373              		.loc 1 187 3 is_stmt 1 view .LVU100
 374              		.loc 1 187 11 is_stmt 0 view .LVU101
 375 0010 0268     		ldr	r2, [r0]
 376              		.loc 1 187 5 view .LVU102
 377 0012 03F18043 		add	r3, r3, #1073741824
 378 0016 03F58833 		add	r3, r3, #69632
 379 001a 9A42     		cmp	r2, r3
 380 001c 02D0     		beq	.L25
 381              	.LVL15:
 382              	.L22:
 188:Core/Src/stm32f4xx_hal_msp.c ****   {
 189:Core/Src/stm32f4xx_hal_msp.c ****   /* USER CODE BEGIN USART1_MspInit 0 */
 190:Core/Src/stm32f4xx_hal_msp.c **** 
 191:Core/Src/stm32f4xx_hal_msp.c ****   /* USER CODE END USART1_MspInit 0 */
ARM GAS  /tmp/ccUKmcJs.s 			page 12


 192:Core/Src/stm32f4xx_hal_msp.c ****     /* Peripheral clock enable */
 193:Core/Src/stm32f4xx_hal_msp.c ****     __HAL_RCC_USART1_CLK_ENABLE();
 194:Core/Src/stm32f4xx_hal_msp.c **** 
 195:Core/Src/stm32f4xx_hal_msp.c ****     __HAL_RCC_GPIOB_CLK_ENABLE();
 196:Core/Src/stm32f4xx_hal_msp.c ****     /**USART1 GPIO Configuration
 197:Core/Src/stm32f4xx_hal_msp.c ****     PB6     ------> USART1_TX
 198:Core/Src/stm32f4xx_hal_msp.c ****     */
 199:Core/Src/stm32f4xx_hal_msp.c ****     GPIO_InitStruct.Pin = GPIO_PIN_6;
 200:Core/Src/stm32f4xx_hal_msp.c ****     GPIO_InitStruct.Mode = GPIO_MODE_AF_OD;
 201:Core/Src/stm32f4xx_hal_msp.c ****     GPIO_InitStruct.Pull = GPIO_PULLUP;
 202:Core/Src/stm32f4xx_hal_msp.c **** 
 203:Core/Src/stm32f4xx_hal_msp.c **** 
 204:Core/Src/stm32f4xx_hal_msp.c ****     GPIO_InitStruct.Speed = GPIO_SPEED_FREQ_VERY_HIGH;
 205:Core/Src/stm32f4xx_hal_msp.c ****     GPIO_InitStruct.Alternate = GPIO_AF7_USART1;
 206:Core/Src/stm32f4xx_hal_msp.c ****     HAL_GPIO_Init(GPIOB, &GPIO_InitStruct);
 207:Core/Src/stm32f4xx_hal_msp.c **** 
 208:Core/Src/stm32f4xx_hal_msp.c ****   /* USER CODE BEGIN USART1_MspInit 1 */
 209:Core/Src/stm32f4xx_hal_msp.c **** 
 210:Core/Src/stm32f4xx_hal_msp.c ****   /* USER CODE END USART1_MspInit 1 */
 211:Core/Src/stm32f4xx_hal_msp.c ****   }
 212:Core/Src/stm32f4xx_hal_msp.c **** 
 213:Core/Src/stm32f4xx_hal_msp.c **** }
 383              		.loc 1 213 1 view .LVU103
 384 001e 09B0     		add	sp, sp, #36
 385              		.cfi_remember_state
 386              		.cfi_def_cfa_offset 4
 387              		@ sp needed
 388 0020 5DF804FB 		ldr	pc, [sp], #4
 389              	.LVL16:
 390              	.L25:
 391              		.cfi_restore_state
 193:Core/Src/stm32f4xx_hal_msp.c **** 
 392              		.loc 1 193 5 is_stmt 1 view .LVU104
 393              	.LBB7:
 193:Core/Src/stm32f4xx_hal_msp.c **** 
 394              		.loc 1 193 5 view .LVU105
 395 0024 0021     		movs	r1, #0
 396 0026 0191     		str	r1, [sp, #4]
 193:Core/Src/stm32f4xx_hal_msp.c **** 
 397              		.loc 1 193 5 view .LVU106
 398 0028 03F59433 		add	r3, r3, #75776
 399 002c 5A6C     		ldr	r2, [r3, #68]
 400 002e 42F01002 		orr	r2, r2, #16
 401 0032 5A64     		str	r2, [r3, #68]
 193:Core/Src/stm32f4xx_hal_msp.c **** 
 402              		.loc 1 193 5 view .LVU107
 403 0034 5A6C     		ldr	r2, [r3, #68]
 404 0036 02F01002 		and	r2, r2, #16
 405 003a 0192     		str	r2, [sp, #4]
 193:Core/Src/stm32f4xx_hal_msp.c **** 
 406              		.loc 1 193 5 view .LVU108
 407 003c 019A     		ldr	r2, [sp, #4]
 408              	.LBE7:
 193:Core/Src/stm32f4xx_hal_msp.c **** 
 409              		.loc 1 193 5 view .LVU109
 195:Core/Src/stm32f4xx_hal_msp.c ****     /**USART1 GPIO Configuration
 410              		.loc 1 195 5 view .LVU110
ARM GAS  /tmp/ccUKmcJs.s 			page 13


 411              	.LBB8:
 195:Core/Src/stm32f4xx_hal_msp.c ****     /**USART1 GPIO Configuration
 412              		.loc 1 195 5 view .LVU111
 413 003e 0291     		str	r1, [sp, #8]
 195:Core/Src/stm32f4xx_hal_msp.c ****     /**USART1 GPIO Configuration
 414              		.loc 1 195 5 view .LVU112
 415 0040 1A6B     		ldr	r2, [r3, #48]
 416 0042 42F00202 		orr	r2, r2, #2
 417 0046 1A63     		str	r2, [r3, #48]
 195:Core/Src/stm32f4xx_hal_msp.c ****     /**USART1 GPIO Configuration
 418              		.loc 1 195 5 view .LVU113
 419 0048 1B6B     		ldr	r3, [r3, #48]
 420 004a 03F00203 		and	r3, r3, #2
 421 004e 0293     		str	r3, [sp, #8]
 195:Core/Src/stm32f4xx_hal_msp.c ****     /**USART1 GPIO Configuration
 422              		.loc 1 195 5 view .LVU114
 423 0050 029B     		ldr	r3, [sp, #8]
 424              	.LBE8:
 195:Core/Src/stm32f4xx_hal_msp.c ****     /**USART1 GPIO Configuration
 425              		.loc 1 195 5 view .LVU115
 199:Core/Src/stm32f4xx_hal_msp.c ****     GPIO_InitStruct.Mode = GPIO_MODE_AF_OD;
 426              		.loc 1 199 5 view .LVU116
 199:Core/Src/stm32f4xx_hal_msp.c ****     GPIO_InitStruct.Mode = GPIO_MODE_AF_OD;
 427              		.loc 1 199 25 is_stmt 0 view .LVU117
 428 0052 4023     		movs	r3, #64
 429 0054 0393     		str	r3, [sp, #12]
 200:Core/Src/stm32f4xx_hal_msp.c ****     GPIO_InitStruct.Pull = GPIO_PULLUP;
 430              		.loc 1 200 5 is_stmt 1 view .LVU118
 200:Core/Src/stm32f4xx_hal_msp.c ****     GPIO_InitStruct.Pull = GPIO_PULLUP;
 431              		.loc 1 200 26 is_stmt 0 view .LVU119
 432 0056 1223     		movs	r3, #18
 433 0058 0493     		str	r3, [sp, #16]
 201:Core/Src/stm32f4xx_hal_msp.c **** 
 434              		.loc 1 201 5 is_stmt 1 view .LVU120
 201:Core/Src/stm32f4xx_hal_msp.c **** 
 435              		.loc 1 201 26 is_stmt 0 view .LVU121
 436 005a 0123     		movs	r3, #1
 437 005c 0593     		str	r3, [sp, #20]
 204:Core/Src/stm32f4xx_hal_msp.c ****     GPIO_InitStruct.Alternate = GPIO_AF7_USART1;
 438              		.loc 1 204 5 is_stmt 1 view .LVU122
 204:Core/Src/stm32f4xx_hal_msp.c ****     GPIO_InitStruct.Alternate = GPIO_AF7_USART1;
 439              		.loc 1 204 27 is_stmt 0 view .LVU123
 440 005e 0323     		movs	r3, #3
 441 0060 0693     		str	r3, [sp, #24]
 205:Core/Src/stm32f4xx_hal_msp.c ****     HAL_GPIO_Init(GPIOB, &GPIO_InitStruct);
 442              		.loc 1 205 5 is_stmt 1 view .LVU124
 205:Core/Src/stm32f4xx_hal_msp.c ****     HAL_GPIO_Init(GPIOB, &GPIO_InitStruct);
 443              		.loc 1 205 31 is_stmt 0 view .LVU125
 444 0062 0723     		movs	r3, #7
 445 0064 0793     		str	r3, [sp, #28]
 206:Core/Src/stm32f4xx_hal_msp.c **** 
 446              		.loc 1 206 5 is_stmt 1 view .LVU126
 447 0066 03A9     		add	r1, sp, #12
 448 0068 0148     		ldr	r0, .L26
 449              	.LVL17:
 206:Core/Src/stm32f4xx_hal_msp.c **** 
 450              		.loc 1 206 5 is_stmt 0 view .LVU127
ARM GAS  /tmp/ccUKmcJs.s 			page 14


 451 006a FFF7FEFF 		bl	HAL_GPIO_Init
 452              	.LVL18:
 453              		.loc 1 213 1 view .LVU128
 454 006e D6E7     		b	.L22
 455              	.L27:
 456              		.align	2
 457              	.L26:
 458 0070 00040240 		.word	1073873920
 459              		.cfi_endproc
 460              	.LFE219:
 462              		.section	.text.HAL_UART_MspDeInit,"ax",%progbits
 463              		.align	1
 464              		.global	HAL_UART_MspDeInit
 465              		.syntax unified
 466              		.thumb
 467              		.thumb_func
 469              	HAL_UART_MspDeInit:
 470              	.LVL19:
 471              	.LFB220:
 214:Core/Src/stm32f4xx_hal_msp.c **** 
 215:Core/Src/stm32f4xx_hal_msp.c **** /**
 216:Core/Src/stm32f4xx_hal_msp.c **** * @brief UART MSP De-Initialization
 217:Core/Src/stm32f4xx_hal_msp.c **** * This function freeze the hardware resources used in this example
 218:Core/Src/stm32f4xx_hal_msp.c **** * @param huart: UART handle pointer
 219:Core/Src/stm32f4xx_hal_msp.c **** * @retval None
 220:Core/Src/stm32f4xx_hal_msp.c **** */
 221:Core/Src/stm32f4xx_hal_msp.c **** void HAL_UART_MspDeInit(UART_HandleTypeDef* huart)
 222:Core/Src/stm32f4xx_hal_msp.c **** {
 472              		.loc 1 222 1 is_stmt 1 view -0
 473              		.cfi_startproc
 474              		@ args = 0, pretend = 0, frame = 0
 475              		@ frame_needed = 0, uses_anonymous_args = 0
 476              		.loc 1 222 1 is_stmt 0 view .LVU130
 477 0000 08B5     		push	{r3, lr}
 478              		.cfi_def_cfa_offset 8
 479              		.cfi_offset 3, -8
 480              		.cfi_offset 14, -4
 223:Core/Src/stm32f4xx_hal_msp.c ****   if(huart->Instance==USART1)
 481              		.loc 1 223 3 is_stmt 1 view .LVU131
 482              		.loc 1 223 11 is_stmt 0 view .LVU132
 483 0002 0268     		ldr	r2, [r0]
 484              		.loc 1 223 5 view .LVU133
 485 0004 064B     		ldr	r3, .L32
 486 0006 9A42     		cmp	r2, r3
 487 0008 00D0     		beq	.L31
 488              	.LVL20:
 489              	.L28:
 224:Core/Src/stm32f4xx_hal_msp.c ****   {
 225:Core/Src/stm32f4xx_hal_msp.c ****   /* USER CODE BEGIN USART1_MspDeInit 0 */
 226:Core/Src/stm32f4xx_hal_msp.c **** 
 227:Core/Src/stm32f4xx_hal_msp.c ****   /* USER CODE END USART1_MspDeInit 0 */
 228:Core/Src/stm32f4xx_hal_msp.c ****     /* Peripheral clock disable */
 229:Core/Src/stm32f4xx_hal_msp.c ****     __HAL_RCC_USART1_CLK_DISABLE();
 230:Core/Src/stm32f4xx_hal_msp.c **** 
 231:Core/Src/stm32f4xx_hal_msp.c ****     /**USART1 GPIO Configuration
 232:Core/Src/stm32f4xx_hal_msp.c ****     PB6     ------> USART1_TX
 233:Core/Src/stm32f4xx_hal_msp.c ****     */
ARM GAS  /tmp/ccUKmcJs.s 			page 15


 234:Core/Src/stm32f4xx_hal_msp.c ****     HAL_GPIO_DeInit(GPIOB, GPIO_PIN_6);
 235:Core/Src/stm32f4xx_hal_msp.c **** 
 236:Core/Src/stm32f4xx_hal_msp.c ****   /* USER CODE BEGIN USART1_MspDeInit 1 */
 237:Core/Src/stm32f4xx_hal_msp.c **** 
 238:Core/Src/stm32f4xx_hal_msp.c ****   /* USER CODE END USART1_MspDeInit 1 */
 239:Core/Src/stm32f4xx_hal_msp.c ****   }
 240:Core/Src/stm32f4xx_hal_msp.c **** 
 241:Core/Src/stm32f4xx_hal_msp.c **** }
 490              		.loc 1 241 1 view .LVU134
 491 000a 08BD     		pop	{r3, pc}
 492              	.LVL21:
 493              	.L31:
 229:Core/Src/stm32f4xx_hal_msp.c **** 
 494              		.loc 1 229 5 is_stmt 1 view .LVU135
 495 000c 054A     		ldr	r2, .L32+4
 496 000e 536C     		ldr	r3, [r2, #68]
 497 0010 23F01003 		bic	r3, r3, #16
 498 0014 5364     		str	r3, [r2, #68]
 234:Core/Src/stm32f4xx_hal_msp.c **** 
 499              		.loc 1 234 5 view .LVU136
 500 0016 4021     		movs	r1, #64
 501 0018 0348     		ldr	r0, .L32+8
 502              	.LVL22:
 234:Core/Src/stm32f4xx_hal_msp.c **** 
 503              		.loc 1 234 5 is_stmt 0 view .LVU137
 504 001a FFF7FEFF 		bl	HAL_GPIO_DeInit
 505              	.LVL23:
 506              		.loc 1 241 1 view .LVU138
 507 001e F4E7     		b	.L28
 508              	.L33:
 509              		.align	2
 510              	.L32:
 511 0020 00100140 		.word	1073811456
 512 0024 00380240 		.word	1073887232
 513 0028 00040240 		.word	1073873920
 514              		.cfi_endproc
 515              	.LFE220:
 517              		.text
 518              	.Letext0:
 519              		.file 2 "/usr/lib/gcc/arm-none-eabi/13.2.1/include/stdint.h"
 520              		.file 3 "Drivers/CMSIS/Device/ST/STM32F4xx/Include/stm32f401xc.h"
 521              		.file 4 "Drivers/CMSIS/Device/ST/STM32F4xx/Include/stm32f4xx.h"
 522              		.file 5 "Drivers/STM32F4xx_HAL_Driver/Inc/stm32f4xx_hal_def.h"
 523              		.file 6 "Drivers/STM32F4xx_HAL_Driver/Inc/stm32f4xx_hal_gpio.h"
 524              		.file 7 "Drivers/STM32F4xx_HAL_Driver/Inc/stm32f4xx_hal_dma.h"
 525              		.file 8 "Drivers/STM32F4xx_HAL_Driver/Inc/stm32f4xx_hal_adc.h"
 526              		.file 9 "Drivers/STM32F4xx_HAL_Driver/Inc/stm32f4xx_hal_uart.h"
 527              		.file 10 "Core/Inc/main.h"
ARM GAS  /tmp/ccUKmcJs.s 			page 16


DEFINED SYMBOLS
                            *ABS*:00000000 stm32f4xx_hal_msp.c
     /tmp/ccUKmcJs.s:21     .text.HAL_MspInit:00000000 $t
     /tmp/ccUKmcJs.s:27     .text.HAL_MspInit:00000000 HAL_MspInit
     /tmp/ccUKmcJs.s:78     .text.HAL_MspInit:00000034 $d
     /tmp/ccUKmcJs.s:83     .text.HAL_ADC_MspInit:00000000 $t
     /tmp/ccUKmcJs.s:89     .text.HAL_ADC_MspInit:00000000 HAL_ADC_MspInit
     /tmp/ccUKmcJs.s:274    .text.HAL_ADC_MspInit:000000c0 $d
     /tmp/ccUKmcJs.s:282    .text.HAL_ADC_MspDeInit:00000000 $t
     /tmp/ccUKmcJs.s:288    .text.HAL_ADC_MspDeInit:00000000 HAL_ADC_MspDeInit
     /tmp/ccUKmcJs.s:338    .text.HAL_ADC_MspDeInit:00000030 $d
     /tmp/ccUKmcJs.s:346    .text.HAL_UART_MspInit:00000000 $t
     /tmp/ccUKmcJs.s:352    .text.HAL_UART_MspInit:00000000 HAL_UART_MspInit
     /tmp/ccUKmcJs.s:458    .text.HAL_UART_MspInit:00000070 $d
     /tmp/ccUKmcJs.s:463    .text.HAL_UART_MspDeInit:00000000 $t
     /tmp/ccUKmcJs.s:469    .text.HAL_UART_MspDeInit:00000000 HAL_UART_MspDeInit
     /tmp/ccUKmcJs.s:511    .text.HAL_UART_MspDeInit:00000020 $d
                           .group:00000000 wm4.0.a2c88c0e0e60094af2c84dce921779d2
                           .group:00000000 wm4.stm32f4xx_hal_conf.h.25.758a9f5dc6450f8647b5af7fe8eb27ed
                           .group:00000000 wm4.stm32f4xx.h.39.163e65267b4f964a08764289722b975f
                           .group:00000000 wm4.stm32f401xc.h.35.52d05665f5a2df9c1992e17eee7d2af5
                           .group:00000000 wm4.stdint.h.29.6d480f4ba0f60596e88234283d42444f
                           .group:00000000 wm4.cmsis_version.h.32.4d5822004c01a829a975260e854b5f8e
                           .group:00000000 wm4.core_cm4.h.66.e4ff136c4a17abc46741866f64f8e729
                           .group:00000000 wm4.cmsis_gcc.h.26.6774fe91202d65f4d5ffcff60e00da34
                           .group:00000000 wm4.core_cm4.h.174.059a5e001a9e729091d1407208e93224
                           .group:00000000 wm4.mpu_armv7.h.32.27b4593cb2f8d3152ca5d97a9d72b321
                           .group:00000000 wm4.stm32f401xc.h.636.9a664cc173dbe5d5f2dac1e758e3577d
                           .group:00000000 wm4.stm32f4xx.h.196.0b21137cf6c6923d8fd1f4d94a3bfdd4
                           .group:00000000 wm4.stm32_hal_legacy.h.23.e2601123cf1b2a3b6d11d949644ddf87
                           .group:00000000 wm4.stddef.h.39.0dc9006b34572d4d9cae4c8b422c4971
                           .group:00000000 wm4.stm32f4xx_hal_def.h.58.f614308b482cecea9bcc0016240ac0fc
                           .group:00000000 wm4.stm32f4xx_hal_rcc_ex.h.22.3f3b596cc307dc701c7c99b0fc6c9b58
                           .group:00000000 wm4.stm32f4xx_hal_rcc.h.108.b82c8c670b41d96b2920e2f63661be15
                           .group:00000000 wm4.stm32f4xx_hal_gpio.h.22.e47df9f0f5be4ddc2ed2d14042c5e680
                           .group:00000000 wm4.stm32f4xx_hal_gpio_ex.h.22.5014ee010492a350679453c3b4a59718
                           .group:00000000 wm4.stm32f4xx_hal_gpio.h.255.5b948d47ad1357d6d2213e5e5ca4755c
                           .group:00000000 wm4.stm32f4xx_hal_exti.h.22.1f47767199c5bf749c04088e5c61c9c8
                           .group:00000000 wm4.stm32f4xx_hal_dma.h.22.fffce20ac9119c50557659c75e75ab1c
                           .group:00000000 wm4.stm32f4xx_hal_dma.h.721.a1e57ffbc615f926e6509c5acc65e492
                           .group:00000000 wm4.stm32f4xx_hal_cortex.h.22.e6aa3b847b5388be63c32d1f9e696ef7
                           .group:00000000 wm4.stm32f4xx_ll_adc.h.22.a8e07f8509bbb4868e2c24461c7eee47
                           .group:00000000 wm4.stm32f4xx_hal_adc.h.160.ef18931a059b62efbac7762c6a09e47f
                           .group:00000000 wm4.stm32f4xx_hal_adc_ex.h.22.25ddc09ef7109b33adae2990f50c4304
                           .group:00000000 wm4.stm32f4xx_hal_adc.h.640.733b38c420d3407eb5f8ddd98816c661
                           .group:00000000 wm4.stm32f4xx_hal_flash.h.22.31b301be2655c3eb8583e51c8231544a
                           .group:00000000 wm4.stm32f4xx_hal_flash_ex.h.22.00cb5cb208d28a1f20f3b257a6f51bad
                           .group:00000000 wm4.stm32f4xx_hal_flash.h.363.51efdf0f6c88f683efb89d7cc95cc1be
                           .group:00000000 wm4.stm32f4xx_hal_pwr.h.22.2c27d93ae187efe3a73816f03a329970
                           .group:00000000 wm4.stm32f4xx_hal_pwr_ex.h.22.04eb3957e13ca6e5ed8952d2d168bdc0
                           .group:00000000 wm4.stm32f4xx_hal_pwr.h.337.60b43975c84527a23cb6994b23165a5e
                           .group:00000000 wm4.stm32f4xx_hal_uart.h.22.591b491756a19342b0bf79eea5b33e1b
                           .group:00000000 wm4.stm32f4xx_ll_usb.h.22.3497d8ac31b2bdafc7c2a34d860c4769
                           .group:00000000 wm4.stm32f4xx_hal_hcd.h.111.a51c3bd0d61d2d8cadb372f7c7d9eccb
                           .group:00000000 wm4.stm32f4xx_hal.h.72.a5a58188aa461a0614f1e58e159c7840
                           .group:00000000 wm4.main.h.71.bc0cb02e68a9e5487bd44975fd1506af

ARM GAS  /tmp/ccUKmcJs.s 			page 17


UNDEFINED SYMBOLS
HAL_GPIO_Init
HAL_DMA_Init
Error_Handler
hdma_adc1
HAL_GPIO_DeInit
HAL_DMA_DeInit
