Core/Src/stm32f4xx_it.c:73:6:NMI_Handler	0	static
Core/Src/stm32f4xx_it.c:88:6:HardFault_Handler	8	static
Core/Src/stm32f4xx_it.c:104:6:MemManage_Handler	0	static
Core/Src/stm32f4xx_it.c:119:6:BusFault_Handler	0	static
Core/Src/stm32f4xx_it.c:134:6:UsageFault_Handler	0	static
Core/Src/stm32f4xx_it.c:149:6:SVC_Handler	0	static
Core/Src/stm32f4xx_it.c:162:6:DebugMon_Handler	0	static
Core/Src/stm32f4xx_it.c:175:6:PendSV_Handler	0	static
Core/Src/stm32f4xx_it.c:188:6:SysTick_Handler	8	static
Core/Src/stm32f4xx_it.c:209:6:DMA2_Stream0_IRQHandler	8	static
Core/Src/stm32f4xx_it.c:224:6:EXTI0_IRQHandler	8	static
Core/Src/stm32f4xx_it.c:238:6:EXTI1_IRQHandler	8	static
Core/Src/stm32f4xx_it.c:252:6:EXTI4_IRQHandler	8	static
Core/Src/stm32f4xx_it.c:266:6:EXTI9_5_IRQHandler	8	static
Core/Src/stm32f4xx_it.c:281:6:OTG_FS_IRQHandler	8	static
