ARM GAS  /tmp/ccG2cJ71.s 			page 1


   1              		.cpu cortex-m4
   2              		.arch armv7e-m
   3              		.fpu fpv4-sp-d16
   4              		.eabi_attribute 27, 1
   5              		.eabi_attribute 28, 1
   6              		.eabi_attribute 20, 1
   7              		.eabi_attribute 21, 1
   8              		.eabi_attribute 23, 3
   9              		.eabi_attribute 24, 1
  10              		.eabi_attribute 25, 1
  11              		.eabi_attribute 26, 1
  12              		.eabi_attribute 30, 1
  13              		.eabi_attribute 34, 1
  14              		.eabi_attribute 18, 4
  15              		.file	"stm32f4xx_it.c"
  16              		.text
  17              	.Ltext0:
  18              		.cfi_sections	.debug_frame
  19              		.file 1 "Core/Src/stm32f4xx_it.c"
  20              		.section	.text.NMI_Handler,"ax",%progbits
  21              		.align	1
  22              		.global	NMI_Handler
  23              		.syntax unified
  24              		.thumb
  25              		.thumb_func
  27              	NMI_Handler:
  28              	.LFB219:
   1:Core/Src/stm32f4xx_it.c **** /* USER CODE BEGIN Header */
   2:Core/Src/stm32f4xx_it.c **** /**
   3:Core/Src/stm32f4xx_it.c ****   ******************************************************************************
   4:Core/Src/stm32f4xx_it.c ****   * @file    stm32f4xx_it.c
   5:Core/Src/stm32f4xx_it.c ****   * @brief   Interrupt Service Routines.
   6:Core/Src/stm32f4xx_it.c ****   ******************************************************************************
   7:Core/Src/stm32f4xx_it.c ****   * @attention
   8:Core/Src/stm32f4xx_it.c ****   *
   9:Core/Src/stm32f4xx_it.c ****   * Copyright (c) 2022 STMicroelectronics.
  10:Core/Src/stm32f4xx_it.c ****   * All rights reserved.
  11:Core/Src/stm32f4xx_it.c ****   *
  12:Core/Src/stm32f4xx_it.c ****   * This software is licensed under terms that can be found in the LICENSE file
  13:Core/Src/stm32f4xx_it.c ****   * in the root directory of this software component.
  14:Core/Src/stm32f4xx_it.c ****   * If no LICENSE file comes with this software, it is provided AS-IS.
  15:Core/Src/stm32f4xx_it.c ****   *
  16:Core/Src/stm32f4xx_it.c ****   ******************************************************************************
  17:Core/Src/stm32f4xx_it.c ****   */
  18:Core/Src/stm32f4xx_it.c **** /* USER CODE END Header */
  19:Core/Src/stm32f4xx_it.c **** 
  20:Core/Src/stm32f4xx_it.c **** /* Includes ------------------------------------------------------------------*/
  21:Core/Src/stm32f4xx_it.c **** #include "main.h"
  22:Core/Src/stm32f4xx_it.c **** #include "stm32f4xx_it.h"
  23:Core/Src/stm32f4xx_it.c **** /* Private includes ----------------------------------------------------------*/
  24:Core/Src/stm32f4xx_it.c **** /* USER CODE BEGIN Includes */
  25:Core/Src/stm32f4xx_it.c **** #include <stdio.h>
  26:Core/Src/stm32f4xx_it.c **** #include "HdsDma.h"
  27:Core/Src/stm32f4xx_it.c **** 
  28:Core/Src/stm32f4xx_it.c **** /* USER CODE END Includes */
  29:Core/Src/stm32f4xx_it.c **** 
  30:Core/Src/stm32f4xx_it.c **** /* Private typedef -----------------------------------------------------------*/
ARM GAS  /tmp/ccG2cJ71.s 			page 2


  31:Core/Src/stm32f4xx_it.c **** /* USER CODE BEGIN TD */
  32:Core/Src/stm32f4xx_it.c **** 
  33:Core/Src/stm32f4xx_it.c **** /* USER CODE END TD */
  34:Core/Src/stm32f4xx_it.c **** 
  35:Core/Src/stm32f4xx_it.c **** /* Private define ------------------------------------------------------------*/
  36:Core/Src/stm32f4xx_it.c **** /* USER CODE BEGIN PD */
  37:Core/Src/stm32f4xx_it.c **** 
  38:Core/Src/stm32f4xx_it.c **** /* USER CODE END PD */
  39:Core/Src/stm32f4xx_it.c **** 
  40:Core/Src/stm32f4xx_it.c **** /* Private macro -------------------------------------------------------------*/
  41:Core/Src/stm32f4xx_it.c **** /* USER CODE BEGIN PM */
  42:Core/Src/stm32f4xx_it.c **** 
  43:Core/Src/stm32f4xx_it.c **** /* USER CODE END PM */
  44:Core/Src/stm32f4xx_it.c **** 
  45:Core/Src/stm32f4xx_it.c **** /* Private variables ---------------------------------------------------------*/
  46:Core/Src/stm32f4xx_it.c **** /* USER CODE BEGIN PV */
  47:Core/Src/stm32f4xx_it.c **** 
  48:Core/Src/stm32f4xx_it.c **** /* USER CODE END PV */
  49:Core/Src/stm32f4xx_it.c **** 
  50:Core/Src/stm32f4xx_it.c **** /* Private function prototypes -----------------------------------------------*/
  51:Core/Src/stm32f4xx_it.c **** /* USER CODE BEGIN PFP */
  52:Core/Src/stm32f4xx_it.c **** 
  53:Core/Src/stm32f4xx_it.c **** /* USER CODE END PFP */
  54:Core/Src/stm32f4xx_it.c **** 
  55:Core/Src/stm32f4xx_it.c **** /* Private user code ---------------------------------------------------------*/
  56:Core/Src/stm32f4xx_it.c **** /* USER CODE BEGIN 0 */
  57:Core/Src/stm32f4xx_it.c **** 
  58:Core/Src/stm32f4xx_it.c **** /* USER CODE END 0 */
  59:Core/Src/stm32f4xx_it.c **** 
  60:Core/Src/stm32f4xx_it.c **** /* External variables --------------------------------------------------------*/
  61:Core/Src/stm32f4xx_it.c **** extern HCD_HandleTypeDef hhcd_USB_OTG_FS;
  62:Core/Src/stm32f4xx_it.c **** extern DMA_HandleTypeDef hdma_adc1;
  63:Core/Src/stm32f4xx_it.c **** /* USER CODE BEGIN EV */
  64:Core/Src/stm32f4xx_it.c **** 
  65:Core/Src/stm32f4xx_it.c **** /* USER CODE END EV */
  66:Core/Src/stm32f4xx_it.c **** 
  67:Core/Src/stm32f4xx_it.c **** /******************************************************************************/
  68:Core/Src/stm32f4xx_it.c **** /*           Cortex-M4 Processor Interruption and Exception Handlers          */
  69:Core/Src/stm32f4xx_it.c **** /******************************************************************************/
  70:Core/Src/stm32f4xx_it.c **** /**
  71:Core/Src/stm32f4xx_it.c ****   * @brief This function handles Non maskable interrupt.
  72:Core/Src/stm32f4xx_it.c ****   */
  73:Core/Src/stm32f4xx_it.c **** void NMI_Handler(void)
  74:Core/Src/stm32f4xx_it.c **** {
  29              		.loc 1 74 1 view -0
  30              		.cfi_startproc
  31              		@ Volatile: function does not return.
  32              		@ args = 0, pretend = 0, frame = 0
  33              		@ frame_needed = 0, uses_anonymous_args = 0
  34              		@ link register save eliminated.
  35              	.L2:
  75:Core/Src/stm32f4xx_it.c ****   /* USER CODE BEGIN NonMaskableInt_IRQn 0 */
  76:Core/Src/stm32f4xx_it.c **** 
  77:Core/Src/stm32f4xx_it.c ****   /* USER CODE END NonMaskableInt_IRQn 0 */
  78:Core/Src/stm32f4xx_it.c ****   /* USER CODE BEGIN NonMaskableInt_IRQn 1 */
  79:Core/Src/stm32f4xx_it.c ****   while (1)
  36              		.loc 1 79 3 view .LVU1
ARM GAS  /tmp/ccG2cJ71.s 			page 3


  80:Core/Src/stm32f4xx_it.c ****   {
  81:Core/Src/stm32f4xx_it.c ****   }
  37              		.loc 1 81 3 view .LVU2
  79:Core/Src/stm32f4xx_it.c ****   {
  38              		.loc 1 79 9 view .LVU3
  39 0000 FEE7     		b	.L2
  40              		.cfi_endproc
  41              	.LFE219:
  43              		.section	.rodata.HardFault_Handler.str1.4,"aMS",%progbits,1
  44              		.align	2
  45              	.LC0:
  46 0000 0A206661 		.ascii	"\012 fault handler  %x\000"
  46      756C7420 
  46      68616E64 
  46      6C657220 
  46      20257800 
  47              		.section	.text.HardFault_Handler,"ax",%progbits
  48              		.align	1
  49              		.global	HardFault_Handler
  50              		.syntax unified
  51              		.thumb
  52              		.thumb_func
  54              	HardFault_Handler:
  55              	.LFB220:
  82:Core/Src/stm32f4xx_it.c ****   /* USER CODE END NonMaskableInt_IRQn 1 */
  83:Core/Src/stm32f4xx_it.c **** }
  84:Core/Src/stm32f4xx_it.c **** 
  85:Core/Src/stm32f4xx_it.c **** /**
  86:Core/Src/stm32f4xx_it.c ****   * @brief This function handles Hard fault interrupt.
  87:Core/Src/stm32f4xx_it.c ****   */
  88:Core/Src/stm32f4xx_it.c **** void HardFault_Handler(void)
  89:Core/Src/stm32f4xx_it.c **** {
  56              		.loc 1 89 1 view -0
  57              		.cfi_startproc
  58              		@ Volatile: function does not return.
  59              		@ args = 0, pretend = 0, frame = 0
  60              		@ frame_needed = 0, uses_anonymous_args = 0
  61 0000 08B5     		push	{r3, lr}
  62              		.cfi_def_cfa_offset 8
  63              		.cfi_offset 3, -8
  64              		.cfi_offset 14, -4
  90:Core/Src/stm32f4xx_it.c ****   /* USER CODE BEGIN HardFault_IRQn 0 */
  91:Core/Src/stm32f4xx_it.c ****     printf ("\n fault handler  %x",(uint16_t *)0xE000ED2A); 
  65              		.loc 1 91 5 view .LVU5
  66 0002 0249     		ldr	r1, .L6
  67 0004 0248     		ldr	r0, .L6+4
  68 0006 FFF7FEFF 		bl	printf
  69              	.LVL0:
  70              	.L4:
  92:Core/Src/stm32f4xx_it.c **** 
  93:Core/Src/stm32f4xx_it.c ****   /* USER CODE END HardFault_IRQn 0 */
  94:Core/Src/stm32f4xx_it.c ****   while (1)
  71              		.loc 1 94 3 view .LVU6
  95:Core/Src/stm32f4xx_it.c ****   {
  96:Core/Src/stm32f4xx_it.c ****     /* USER CODE BEGIN W1_HardFault_IRQn 0 */
  97:Core/Src/stm32f4xx_it.c ****     /* USER CODE END W1_HardFault_IRQn 0 */
  98:Core/Src/stm32f4xx_it.c ****   }
ARM GAS  /tmp/ccG2cJ71.s 			page 4


  72              		.loc 1 98 3 view .LVU7
  94:Core/Src/stm32f4xx_it.c ****   {
  73              		.loc 1 94 9 view .LVU8
  74 000a FEE7     		b	.L4
  75              	.L7:
  76              		.align	2
  77              	.L6:
  78 000c 2AED00E0 		.word	-536810198
  79 0010 00000000 		.word	.LC0
  80              		.cfi_endproc
  81              	.LFE220:
  83              		.section	.text.MemManage_Handler,"ax",%progbits
  84              		.align	1
  85              		.global	MemManage_Handler
  86              		.syntax unified
  87              		.thumb
  88              		.thumb_func
  90              	MemManage_Handler:
  91              	.LFB221:
  99:Core/Src/stm32f4xx_it.c **** }
 100:Core/Src/stm32f4xx_it.c **** 
 101:Core/Src/stm32f4xx_it.c **** /**
 102:Core/Src/stm32f4xx_it.c ****   * @brief This function handles Memory management fault.
 103:Core/Src/stm32f4xx_it.c ****   */
 104:Core/Src/stm32f4xx_it.c **** void MemManage_Handler(void)
 105:Core/Src/stm32f4xx_it.c **** {
  92              		.loc 1 105 1 view -0
  93              		.cfi_startproc
  94              		@ Volatile: function does not return.
  95              		@ args = 0, pretend = 0, frame = 0
  96              		@ frame_needed = 0, uses_anonymous_args = 0
  97              		@ link register save eliminated.
  98              	.L9:
 106:Core/Src/stm32f4xx_it.c ****   /* USER CODE BEGIN MemoryManagement_IRQn 0 */
 107:Core/Src/stm32f4xx_it.c **** 
 108:Core/Src/stm32f4xx_it.c ****   /* USER CODE END MemoryManagement_IRQn 0 */
 109:Core/Src/stm32f4xx_it.c ****   while (1)
  99              		.loc 1 109 3 view .LVU10
 110:Core/Src/stm32f4xx_it.c ****   {
 111:Core/Src/stm32f4xx_it.c ****     /* USER CODE BEGIN W1_MemoryManagement_IRQn 0 */
 112:Core/Src/stm32f4xx_it.c ****     /* USER CODE END W1_MemoryManagement_IRQn 0 */
 113:Core/Src/stm32f4xx_it.c ****   }
 100              		.loc 1 113 3 view .LVU11
 109:Core/Src/stm32f4xx_it.c ****   {
 101              		.loc 1 109 9 view .LVU12
 102 0000 FEE7     		b	.L9
 103              		.cfi_endproc
 104              	.LFE221:
 106              		.section	.text.BusFault_Handler,"ax",%progbits
 107              		.align	1
 108              		.global	BusFault_Handler
 109              		.syntax unified
 110              		.thumb
 111              		.thumb_func
 113              	BusFault_Handler:
 114              	.LFB222:
 114:Core/Src/stm32f4xx_it.c **** }
ARM GAS  /tmp/ccG2cJ71.s 			page 5


 115:Core/Src/stm32f4xx_it.c **** 
 116:Core/Src/stm32f4xx_it.c **** /**
 117:Core/Src/stm32f4xx_it.c ****   * @brief This function handles Pre-fetch fault, memory access fault.
 118:Core/Src/stm32f4xx_it.c ****   */
 119:Core/Src/stm32f4xx_it.c **** void BusFault_Handler(void)
 120:Core/Src/stm32f4xx_it.c **** {
 115              		.loc 1 120 1 view -0
 116              		.cfi_startproc
 117              		@ Volatile: function does not return.
 118              		@ args = 0, pretend = 0, frame = 0
 119              		@ frame_needed = 0, uses_anonymous_args = 0
 120              		@ link register save eliminated.
 121              	.L11:
 121:Core/Src/stm32f4xx_it.c ****   /* USER CODE BEGIN BusFault_IRQn 0 */
 122:Core/Src/stm32f4xx_it.c **** 
 123:Core/Src/stm32f4xx_it.c ****   /* USER CODE END BusFault_IRQn 0 */
 124:Core/Src/stm32f4xx_it.c ****   while (1)
 122              		.loc 1 124 3 view .LVU14
 125:Core/Src/stm32f4xx_it.c ****   {
 126:Core/Src/stm32f4xx_it.c ****     /* USER CODE BEGIN W1_BusFault_IRQn 0 */
 127:Core/Src/stm32f4xx_it.c ****     /* USER CODE END W1_BusFault_IRQn 0 */
 128:Core/Src/stm32f4xx_it.c ****   }
 123              		.loc 1 128 3 view .LVU15
 124:Core/Src/stm32f4xx_it.c ****   {
 124              		.loc 1 124 9 view .LVU16
 125 0000 FEE7     		b	.L11
 126              		.cfi_endproc
 127              	.LFE222:
 129              		.section	.text.UsageFault_Handler,"ax",%progbits
 130              		.align	1
 131              		.global	UsageFault_Handler
 132              		.syntax unified
 133              		.thumb
 134              		.thumb_func
 136              	UsageFault_Handler:
 137              	.LFB223:
 129:Core/Src/stm32f4xx_it.c **** }
 130:Core/Src/stm32f4xx_it.c **** 
 131:Core/Src/stm32f4xx_it.c **** /**
 132:Core/Src/stm32f4xx_it.c ****   * @brief This function handles Undefined instruction or illegal state.
 133:Core/Src/stm32f4xx_it.c ****   */
 134:Core/Src/stm32f4xx_it.c **** void UsageFault_Handler(void)
 135:Core/Src/stm32f4xx_it.c **** {
 138              		.loc 1 135 1 view -0
 139              		.cfi_startproc
 140              		@ Volatile: function does not return.
 141              		@ args = 0, pretend = 0, frame = 0
 142              		@ frame_needed = 0, uses_anonymous_args = 0
 143              		@ link register save eliminated.
 144              	.L13:
 136:Core/Src/stm32f4xx_it.c ****   /* USER CODE BEGIN UsageFault_IRQn 0 */
 137:Core/Src/stm32f4xx_it.c **** 
 138:Core/Src/stm32f4xx_it.c ****   /* USER CODE END UsageFault_IRQn 0 */
 139:Core/Src/stm32f4xx_it.c ****   while (1)
 145              		.loc 1 139 3 view .LVU18
 140:Core/Src/stm32f4xx_it.c ****   {
 141:Core/Src/stm32f4xx_it.c ****     /* USER CODE BEGIN W1_UsageFault_IRQn 0 */
ARM GAS  /tmp/ccG2cJ71.s 			page 6


 142:Core/Src/stm32f4xx_it.c ****     /* USER CODE END W1_UsageFault_IRQn 0 */
 143:Core/Src/stm32f4xx_it.c ****   }
 146              		.loc 1 143 3 view .LVU19
 139:Core/Src/stm32f4xx_it.c ****   {
 147              		.loc 1 139 9 view .LVU20
 148 0000 FEE7     		b	.L13
 149              		.cfi_endproc
 150              	.LFE223:
 152              		.section	.text.SVC_Handler,"ax",%progbits
 153              		.align	1
 154              		.global	SVC_Handler
 155              		.syntax unified
 156              		.thumb
 157              		.thumb_func
 159              	SVC_Handler:
 160              	.LFB224:
 144:Core/Src/stm32f4xx_it.c **** }
 145:Core/Src/stm32f4xx_it.c **** 
 146:Core/Src/stm32f4xx_it.c **** /**
 147:Core/Src/stm32f4xx_it.c ****   * @brief This function handles System service call via SWI instruction.
 148:Core/Src/stm32f4xx_it.c ****   */
 149:Core/Src/stm32f4xx_it.c **** void SVC_Handler(void)
 150:Core/Src/stm32f4xx_it.c **** {
 161              		.loc 1 150 1 view -0
 162              		.cfi_startproc
 163              		@ args = 0, pretend = 0, frame = 0
 164              		@ frame_needed = 0, uses_anonymous_args = 0
 165              		@ link register save eliminated.
 151:Core/Src/stm32f4xx_it.c ****   /* USER CODE BEGIN SVCall_IRQn 0 */
 152:Core/Src/stm32f4xx_it.c **** 
 153:Core/Src/stm32f4xx_it.c ****   /* USER CODE END SVCall_IRQn 0 */
 154:Core/Src/stm32f4xx_it.c ****   /* USER CODE BEGIN SVCall_IRQn 1 */
 155:Core/Src/stm32f4xx_it.c **** 
 156:Core/Src/stm32f4xx_it.c ****   /* USER CODE END SVCall_IRQn 1 */
 157:Core/Src/stm32f4xx_it.c **** }
 166              		.loc 1 157 1 view .LVU22
 167 0000 7047     		bx	lr
 168              		.cfi_endproc
 169              	.LFE224:
 171              		.section	.text.DebugMon_Handler,"ax",%progbits
 172              		.align	1
 173              		.global	DebugMon_Handler
 174              		.syntax unified
 175              		.thumb
 176              		.thumb_func
 178              	DebugMon_Handler:
 179              	.LFB225:
 158:Core/Src/stm32f4xx_it.c **** 
 159:Core/Src/stm32f4xx_it.c **** /**
 160:Core/Src/stm32f4xx_it.c ****   * @brief This function handles Debug monitor.
 161:Core/Src/stm32f4xx_it.c ****   */
 162:Core/Src/stm32f4xx_it.c **** void DebugMon_Handler(void)
 163:Core/Src/stm32f4xx_it.c **** {
 180              		.loc 1 163 1 view -0
 181              		.cfi_startproc
 182              		@ args = 0, pretend = 0, frame = 0
 183              		@ frame_needed = 0, uses_anonymous_args = 0
ARM GAS  /tmp/ccG2cJ71.s 			page 7


 184              		@ link register save eliminated.
 164:Core/Src/stm32f4xx_it.c ****   /* USER CODE BEGIN DebugMonitor_IRQn 0 */
 165:Core/Src/stm32f4xx_it.c **** 
 166:Core/Src/stm32f4xx_it.c ****   /* USER CODE END DebugMonitor_IRQn 0 */
 167:Core/Src/stm32f4xx_it.c ****   /* USER CODE BEGIN DebugMonitor_IRQn 1 */
 168:Core/Src/stm32f4xx_it.c **** 
 169:Core/Src/stm32f4xx_it.c ****   /* USER CODE END DebugMonitor_IRQn 1 */
 170:Core/Src/stm32f4xx_it.c **** }
 185              		.loc 1 170 1 view .LVU24
 186 0000 7047     		bx	lr
 187              		.cfi_endproc
 188              	.LFE225:
 190              		.section	.text.PendSV_Handler,"ax",%progbits
 191              		.align	1
 192              		.global	PendSV_Handler
 193              		.syntax unified
 194              		.thumb
 195              		.thumb_func
 197              	PendSV_Handler:
 198              	.LFB226:
 171:Core/Src/stm32f4xx_it.c **** 
 172:Core/Src/stm32f4xx_it.c **** /**
 173:Core/Src/stm32f4xx_it.c ****   * @brief This function handles Pendable request for system service.
 174:Core/Src/stm32f4xx_it.c ****   */
 175:Core/Src/stm32f4xx_it.c **** void PendSV_Handler(void)
 176:Core/Src/stm32f4xx_it.c **** {
 199              		.loc 1 176 1 view -0
 200              		.cfi_startproc
 201              		@ args = 0, pretend = 0, frame = 0
 202              		@ frame_needed = 0, uses_anonymous_args = 0
 203              		@ link register save eliminated.
 177:Core/Src/stm32f4xx_it.c ****   /* USER CODE BEGIN PendSV_IRQn 0 */
 178:Core/Src/stm32f4xx_it.c **** 
 179:Core/Src/stm32f4xx_it.c ****   /* USER CODE END PendSV_IRQn 0 */
 180:Core/Src/stm32f4xx_it.c ****   /* USER CODE BEGIN PendSV_IRQn 1 */
 181:Core/Src/stm32f4xx_it.c **** 
 182:Core/Src/stm32f4xx_it.c ****   /* USER CODE END PendSV_IRQn 1 */
 183:Core/Src/stm32f4xx_it.c **** }
 204              		.loc 1 183 1 view .LVU26
 205 0000 7047     		bx	lr
 206              		.cfi_endproc
 207              	.LFE226:
 209              		.section	.text.SysTick_Handler,"ax",%progbits
 210              		.align	1
 211              		.global	SysTick_Handler
 212              		.syntax unified
 213              		.thumb
 214              		.thumb_func
 216              	SysTick_Handler:
 217              	.LFB227:
 184:Core/Src/stm32f4xx_it.c **** 
 185:Core/Src/stm32f4xx_it.c **** /**
 186:Core/Src/stm32f4xx_it.c ****   * @brief This function handles System tick timer.
 187:Core/Src/stm32f4xx_it.c ****   */
 188:Core/Src/stm32f4xx_it.c **** void SysTick_Handler(void)
 189:Core/Src/stm32f4xx_it.c **** {
 218              		.loc 1 189 1 view -0
ARM GAS  /tmp/ccG2cJ71.s 			page 8


 219              		.cfi_startproc
 220              		@ args = 0, pretend = 0, frame = 0
 221              		@ frame_needed = 0, uses_anonymous_args = 0
 222 0000 08B5     		push	{r3, lr}
 223              		.cfi_def_cfa_offset 8
 224              		.cfi_offset 3, -8
 225              		.cfi_offset 14, -4
 190:Core/Src/stm32f4xx_it.c ****   /* USER CODE BEGIN SysTick_IRQn 0 */
 191:Core/Src/stm32f4xx_it.c **** 
 192:Core/Src/stm32f4xx_it.c ****   /* USER CODE END SysTick_IRQn 0 */
 193:Core/Src/stm32f4xx_it.c ****   HAL_IncTick();
 226              		.loc 1 193 3 view .LVU28
 227 0002 FFF7FEFF 		bl	HAL_IncTick
 228              	.LVL1:
 194:Core/Src/stm32f4xx_it.c ****   /* USER CODE BEGIN SysTick_IRQn 1 */
 195:Core/Src/stm32f4xx_it.c **** 
 196:Core/Src/stm32f4xx_it.c ****   /* USER CODE END SysTick_IRQn 1 */
 197:Core/Src/stm32f4xx_it.c **** }
 229              		.loc 1 197 1 is_stmt 0 view .LVU29
 230 0006 08BD     		pop	{r3, pc}
 231              		.cfi_endproc
 232              	.LFE227:
 234              		.section	.text.DMA2_Stream0_IRQHandler,"ax",%progbits
 235              		.align	1
 236              		.global	DMA2_Stream0_IRQHandler
 237              		.syntax unified
 238              		.thumb
 239              		.thumb_func
 241              	DMA2_Stream0_IRQHandler:
 242              	.LFB228:
 198:Core/Src/stm32f4xx_it.c **** 
 199:Core/Src/stm32f4xx_it.c **** /******************************************************************************/
 200:Core/Src/stm32f4xx_it.c **** /* STM32F4xx Peripheral Interrupt Handlers                                    */
 201:Core/Src/stm32f4xx_it.c **** /* Add here the Interrupt Handlers for the used peripherals.                  */
 202:Core/Src/stm32f4xx_it.c **** /* For the available peripheral interrupt handler names,                      */
 203:Core/Src/stm32f4xx_it.c **** /* please refer to the startup file (startup_stm32f4xx.s).                    */
 204:Core/Src/stm32f4xx_it.c **** /******************************************************************************/
 205:Core/Src/stm32f4xx_it.c **** 
 206:Core/Src/stm32f4xx_it.c **** /**
 207:Core/Src/stm32f4xx_it.c ****   * @brief This function handles DMA2 stream0 global interrupt.
 208:Core/Src/stm32f4xx_it.c ****   */
 209:Core/Src/stm32f4xx_it.c **** void DMA2_Stream0_IRQHandler(void)
 210:Core/Src/stm32f4xx_it.c **** {
 243              		.loc 1 210 1 is_stmt 1 view -0
 244              		.cfi_startproc
 245              		@ args = 0, pretend = 0, frame = 0
 246              		@ frame_needed = 0, uses_anonymous_args = 0
 247 0000 08B5     		push	{r3, lr}
 248              		.cfi_def_cfa_offset 8
 249              		.cfi_offset 3, -8
 250              		.cfi_offset 14, -4
 211:Core/Src/stm32f4xx_it.c ****   /* USER CODE BEGIN DMA2_Stream0_IRQn 0 */
 212:Core/Src/stm32f4xx_it.c **** 
 213:Core/Src/stm32f4xx_it.c ****   /* USER CODE END DMA2_Stream0_IRQn 0 */
 214:Core/Src/stm32f4xx_it.c ****   HAL_DMA_IRQHandler(&hdma_adc1);
 251              		.loc 1 214 3 view .LVU31
 252 0002 0348     		ldr	r0, .L21
ARM GAS  /tmp/ccG2cJ71.s 			page 9


 253 0004 FFF7FEFF 		bl	HAL_DMA_IRQHandler
 254              	.LVL2:
 215:Core/Src/stm32f4xx_it.c ****   /* USER CODE BEGIN DMA2_Stream0_IRQn 1 */
 216:Core/Src/stm32f4xx_it.c ****     DmaEndconversion ();
 255              		.loc 1 216 5 view .LVU32
 256 0008 FFF7FEFF 		bl	DmaEndconversion
 257              	.LVL3:
 217:Core/Src/stm32f4xx_it.c ****   /* USER CODE END DMA2_Stream0_IRQn 1 */
 218:Core/Src/stm32f4xx_it.c **** }
 258              		.loc 1 218 1 is_stmt 0 view .LVU33
 259 000c 08BD     		pop	{r3, pc}
 260              	.L22:
 261 000e 00BF     		.align	2
 262              	.L21:
 263 0010 00000000 		.word	hdma_adc1
 264              		.cfi_endproc
 265              	.LFE228:
 267              		.section	.text.EXTI0_IRQHandler,"ax",%progbits
 268              		.align	1
 269              		.global	EXTI0_IRQHandler
 270              		.syntax unified
 271              		.thumb
 272              		.thumb_func
 274              	EXTI0_IRQHandler:
 275              	.LFB229:
 219:Core/Src/stm32f4xx_it.c **** 
 220:Core/Src/stm32f4xx_it.c **** 
 221:Core/Src/stm32f4xx_it.c **** /**
 222:Core/Src/stm32f4xx_it.c ****   * @brief This function handles EXTI line0 interrupt.
 223:Core/Src/stm32f4xx_it.c ****   */
 224:Core/Src/stm32f4xx_it.c **** void EXTI0_IRQHandler(void)
 225:Core/Src/stm32f4xx_it.c **** {
 276              		.loc 1 225 1 is_stmt 1 view -0
 277              		.cfi_startproc
 278              		@ args = 0, pretend = 0, frame = 0
 279              		@ frame_needed = 0, uses_anonymous_args = 0
 280 0000 08B5     		push	{r3, lr}
 281              		.cfi_def_cfa_offset 8
 282              		.cfi_offset 3, -8
 283              		.cfi_offset 14, -4
 226:Core/Src/stm32f4xx_it.c ****   /* USER CODE BEGIN EXTI0_IRQn 0 */
 227:Core/Src/stm32f4xx_it.c **** 
 228:Core/Src/stm32f4xx_it.c ****   /* USER CODE END EXTI0_IRQn 0 */
 229:Core/Src/stm32f4xx_it.c ****   HAL_GPIO_EXTI_IRQHandler(Sensor4_Pin);
 284              		.loc 1 229 3 view .LVU35
 285 0002 0120     		movs	r0, #1
 286 0004 FFF7FEFF 		bl	HAL_GPIO_EXTI_IRQHandler
 287              	.LVL4:
 230:Core/Src/stm32f4xx_it.c ****   /* USER CODE BEGIN EXTI0_IRQn 1 */
 231:Core/Src/stm32f4xx_it.c **** 
 232:Core/Src/stm32f4xx_it.c ****   /* USER CODE END EXTI0_IRQn 1 */
 233:Core/Src/stm32f4xx_it.c **** }
 288              		.loc 1 233 1 is_stmt 0 view .LVU36
 289 0008 08BD     		pop	{r3, pc}
 290              		.cfi_endproc
 291              	.LFE229:
 293              		.section	.text.EXTI1_IRQHandler,"ax",%progbits
ARM GAS  /tmp/ccG2cJ71.s 			page 10


 294              		.align	1
 295              		.global	EXTI1_IRQHandler
 296              		.syntax unified
 297              		.thumb
 298              		.thumb_func
 300              	EXTI1_IRQHandler:
 301              	.LFB230:
 234:Core/Src/stm32f4xx_it.c **** 
 235:Core/Src/stm32f4xx_it.c **** /**
 236:Core/Src/stm32f4xx_it.c ****   * @brief This function handles EXTI line1 interrupt.
 237:Core/Src/stm32f4xx_it.c ****   */
 238:Core/Src/stm32f4xx_it.c **** void EXTI1_IRQHandler(void)
 239:Core/Src/stm32f4xx_it.c **** {
 302              		.loc 1 239 1 is_stmt 1 view -0
 303              		.cfi_startproc
 304              		@ args = 0, pretend = 0, frame = 0
 305              		@ frame_needed = 0, uses_anonymous_args = 0
 306 0000 08B5     		push	{r3, lr}
 307              		.cfi_def_cfa_offset 8
 308              		.cfi_offset 3, -8
 309              		.cfi_offset 14, -4
 240:Core/Src/stm32f4xx_it.c ****   /* USER CODE BEGIN EXTI1_IRQn 0 */
 241:Core/Src/stm32f4xx_it.c **** 
 242:Core/Src/stm32f4xx_it.c ****   /* USER CODE END EXTI1_IRQn 0 */
 243:Core/Src/stm32f4xx_it.c ****   HAL_GPIO_EXTI_IRQHandler(Sensor1_Pin);
 310              		.loc 1 243 3 view .LVU38
 311 0002 0220     		movs	r0, #2
 312 0004 FFF7FEFF 		bl	HAL_GPIO_EXTI_IRQHandler
 313              	.LVL5:
 244:Core/Src/stm32f4xx_it.c ****   /* USER CODE BEGIN EXTI1_IRQn 1 */
 245:Core/Src/stm32f4xx_it.c **** 
 246:Core/Src/stm32f4xx_it.c ****   /* USER CODE END EXTI1_IRQn 1 */
 247:Core/Src/stm32f4xx_it.c **** }
 314              		.loc 1 247 1 is_stmt 0 view .LVU39
 315 0008 08BD     		pop	{r3, pc}
 316              		.cfi_endproc
 317              	.LFE230:
 319              		.section	.text.EXTI4_IRQHandler,"ax",%progbits
 320              		.align	1
 321              		.global	EXTI4_IRQHandler
 322              		.syntax unified
 323              		.thumb
 324              		.thumb_func
 326              	EXTI4_IRQHandler:
 327              	.LFB231:
 248:Core/Src/stm32f4xx_it.c **** 
 249:Core/Src/stm32f4xx_it.c **** /**
 250:Core/Src/stm32f4xx_it.c ****   * @brief This function handles EXTI line4 interrupt.
 251:Core/Src/stm32f4xx_it.c ****   */
 252:Core/Src/stm32f4xx_it.c **** void EXTI4_IRQHandler(void)
 253:Core/Src/stm32f4xx_it.c **** {
 328              		.loc 1 253 1 is_stmt 1 view -0
 329              		.cfi_startproc
 330              		@ args = 0, pretend = 0, frame = 0
 331              		@ frame_needed = 0, uses_anonymous_args = 0
 332 0000 08B5     		push	{r3, lr}
 333              		.cfi_def_cfa_offset 8
ARM GAS  /tmp/ccG2cJ71.s 			page 11


 334              		.cfi_offset 3, -8
 335              		.cfi_offset 14, -4
 254:Core/Src/stm32f4xx_it.c ****   /* USER CODE BEGIN EXTI4_IRQn 0 */
 255:Core/Src/stm32f4xx_it.c **** 
 256:Core/Src/stm32f4xx_it.c ****   /* USER CODE END EXTI4_IRQn 0 */
 257:Core/Src/stm32f4xx_it.c ****   HAL_GPIO_EXTI_IRQHandler(Sensor2_Pin);
 336              		.loc 1 257 3 view .LVU41
 337 0002 1020     		movs	r0, #16
 338 0004 FFF7FEFF 		bl	HAL_GPIO_EXTI_IRQHandler
 339              	.LVL6:
 258:Core/Src/stm32f4xx_it.c ****   /* USER CODE BEGIN EXTI4_IRQn 1 */
 259:Core/Src/stm32f4xx_it.c **** 
 260:Core/Src/stm32f4xx_it.c ****   /* USER CODE END EXTI4_IRQn 1 */
 261:Core/Src/stm32f4xx_it.c **** }
 340              		.loc 1 261 1 is_stmt 0 view .LVU42
 341 0008 08BD     		pop	{r3, pc}
 342              		.cfi_endproc
 343              	.LFE231:
 345              		.section	.text.EXTI9_5_IRQHandler,"ax",%progbits
 346              		.align	1
 347              		.global	EXTI9_5_IRQHandler
 348              		.syntax unified
 349              		.thumb
 350              		.thumb_func
 352              	EXTI9_5_IRQHandler:
 353              	.LFB232:
 262:Core/Src/stm32f4xx_it.c **** 
 263:Core/Src/stm32f4xx_it.c **** /**
 264:Core/Src/stm32f4xx_it.c ****   * @brief This function handles EXTI line[9:5] interrupts.
 265:Core/Src/stm32f4xx_it.c ****   */
 266:Core/Src/stm32f4xx_it.c **** void EXTI9_5_IRQHandler(void)
 267:Core/Src/stm32f4xx_it.c **** {
 354              		.loc 1 267 1 is_stmt 1 view -0
 355              		.cfi_startproc
 356              		@ args = 0, pretend = 0, frame = 0
 357              		@ frame_needed = 0, uses_anonymous_args = 0
 358 0000 08B5     		push	{r3, lr}
 359              		.cfi_def_cfa_offset 8
 360              		.cfi_offset 3, -8
 361              		.cfi_offset 14, -4
 268:Core/Src/stm32f4xx_it.c ****   /* USER CODE BEGIN EXTI9_5_IRQn 0 */
 269:Core/Src/stm32f4xx_it.c **** 
 270:Core/Src/stm32f4xx_it.c ****   /* USER CODE END EXTI9_5_IRQn 0 */
 271:Core/Src/stm32f4xx_it.c ****   HAL_GPIO_EXTI_IRQHandler(Sensor3_Pin);
 362              		.loc 1 271 3 view .LVU44
 363 0002 2020     		movs	r0, #32
 364 0004 FFF7FEFF 		bl	HAL_GPIO_EXTI_IRQHandler
 365              	.LVL7:
 272:Core/Src/stm32f4xx_it.c ****   HAL_GPIO_EXTI_IRQHandler(Sensor0_Pin);
 366              		.loc 1 272 3 view .LVU45
 367 0008 8020     		movs	r0, #128
 368 000a FFF7FEFF 		bl	HAL_GPIO_EXTI_IRQHandler
 369              	.LVL8:
 273:Core/Src/stm32f4xx_it.c ****   /* USER CODE BEGIN EXTI9_5_IRQn 1 */
 274:Core/Src/stm32f4xx_it.c **** 
 275:Core/Src/stm32f4xx_it.c ****   /* USER CODE END EXTI9_5_IRQn 1 */
 276:Core/Src/stm32f4xx_it.c **** }
ARM GAS  /tmp/ccG2cJ71.s 			page 12


 370              		.loc 1 276 1 is_stmt 0 view .LVU46
 371 000e 08BD     		pop	{r3, pc}
 372              		.cfi_endproc
 373              	.LFE232:
 375              		.section	.text.OTG_FS_IRQHandler,"ax",%progbits
 376              		.align	1
 377              		.global	OTG_FS_IRQHandler
 378              		.syntax unified
 379              		.thumb
 380              		.thumb_func
 382              	OTG_FS_IRQHandler:
 383              	.LFB233:
 277:Core/Src/stm32f4xx_it.c **** 
 278:Core/Src/stm32f4xx_it.c **** /**
 279:Core/Src/stm32f4xx_it.c ****   * @brief This function handles USB On The Go FS global interrupt.
 280:Core/Src/stm32f4xx_it.c ****   */
 281:Core/Src/stm32f4xx_it.c **** void OTG_FS_IRQHandler(void)
 282:Core/Src/stm32f4xx_it.c **** {
 384              		.loc 1 282 1 is_stmt 1 view -0
 385              		.cfi_startproc
 386              		@ args = 0, pretend = 0, frame = 0
 387              		@ frame_needed = 0, uses_anonymous_args = 0
 388 0000 08B5     		push	{r3, lr}
 389              		.cfi_def_cfa_offset 8
 390              		.cfi_offset 3, -8
 391              		.cfi_offset 14, -4
 283:Core/Src/stm32f4xx_it.c ****   /* USER CODE BEGIN OTG_FS_IRQn 0 */
 284:Core/Src/stm32f4xx_it.c **** 
 285:Core/Src/stm32f4xx_it.c ****   /* USER CODE END OTG_FS_IRQn 0 */
 286:Core/Src/stm32f4xx_it.c ****   HAL_HCD_IRQHandler(&hhcd_USB_OTG_FS);
 392              		.loc 1 286 3 view .LVU48
 393 0002 0248     		ldr	r0, .L33
 394 0004 FFF7FEFF 		bl	HAL_HCD_IRQHandler
 395              	.LVL9:
 287:Core/Src/stm32f4xx_it.c ****   /* USER CODE BEGIN OTG_FS_IRQn 1 */
 288:Core/Src/stm32f4xx_it.c **** 
 289:Core/Src/stm32f4xx_it.c ****   /* USER CODE END OTG_FS_IRQn 1 */
 290:Core/Src/stm32f4xx_it.c **** }
 396              		.loc 1 290 1 is_stmt 0 view .LVU49
 397 0008 08BD     		pop	{r3, pc}
 398              	.L34:
 399 000a 00BF     		.align	2
 400              	.L33:
 401 000c 00000000 		.word	hhcd_USB_OTG_FS
 402              		.cfi_endproc
 403              	.LFE233:
 405              		.global	CTE_ALPHA_ANALOGICO
 406              		.section	.rodata.CTE_ALPHA_ANALOGICO,"a"
 407              		.align	2
 410              	CTE_ALPHA_ANALOGICO:
 411 0000 6F12833A 		.word	981668463
 412              		.global	CTE_ALPHA_DIGITAL
 413              		.section	.rodata.CTE_ALPHA_DIGITAL,"a"
 414              		.align	2
 417              	CTE_ALPHA_DIGITAL:
 418 0000 0000803F 		.word	1065353216
 419              		.text
ARM GAS  /tmp/ccG2cJ71.s 			page 13


 420              	.Letext0:
 421              		.file 2 "/usr/lib/gcc/arm-none-eabi/13.2.1/include/stdint.h"
 422              		.file 3 "Drivers/CMSIS/Device/ST/STM32F4xx/Include/stm32f401xc.h"
 423              		.file 4 "Drivers/STM32F4xx_HAL_Driver/Inc/stm32f4xx_hal_def.h"
 424              		.file 5 "Drivers/STM32F4xx_HAL_Driver/Inc/stm32f4xx_hal_dma.h"
 425              		.file 6 "Drivers/STM32F4xx_HAL_Driver/Inc/stm32f4xx_ll_usb.h"
 426              		.file 7 "Drivers/STM32F4xx_HAL_Driver/Inc/stm32f4xx_hal_hcd.h"
 427              		.file 8 "Core/Inc/main.h"
 428              		.file 9 "Source/Includes/HdsDma.h"
 429              		.file 10 "Drivers/STM32F4xx_HAL_Driver/Inc/stm32f4xx_hal_gpio.h"
 430              		.file 11 "Drivers/STM32F4xx_HAL_Driver/Inc/stm32f4xx_hal.h"
 431              		.file 12 "/usr/include/newlib/stdio.h"
ARM GAS  /tmp/ccG2cJ71.s 			page 14


DEFINED SYMBOLS
                            *ABS*:00000000 stm32f4xx_it.c
     /tmp/ccG2cJ71.s:21     .text.NMI_Handler:00000000 $t
     /tmp/ccG2cJ71.s:27     .text.NMI_Handler:00000000 NMI_Handler
     /tmp/ccG2cJ71.s:44     .rodata.HardFault_Handler.str1.4:00000000 $d
     /tmp/ccG2cJ71.s:48     .text.HardFault_Handler:00000000 $t
     /tmp/ccG2cJ71.s:54     .text.HardFault_Handler:00000000 HardFault_Handler
     /tmp/ccG2cJ71.s:78     .text.HardFault_Handler:0000000c $d
     /tmp/ccG2cJ71.s:84     .text.MemManage_Handler:00000000 $t
     /tmp/ccG2cJ71.s:90     .text.MemManage_Handler:00000000 MemManage_Handler
     /tmp/ccG2cJ71.s:107    .text.BusFault_Handler:00000000 $t
     /tmp/ccG2cJ71.s:113    .text.BusFault_Handler:00000000 BusFault_Handler
     /tmp/ccG2cJ71.s:130    .text.UsageFault_Handler:00000000 $t
     /tmp/ccG2cJ71.s:136    .text.UsageFault_Handler:00000000 UsageFault_Handler
     /tmp/ccG2cJ71.s:153    .text.SVC_Handler:00000000 $t
     /tmp/ccG2cJ71.s:159    .text.SVC_Handler:00000000 SVC_Handler
     /tmp/ccG2cJ71.s:172    .text.DebugMon_Handler:00000000 $t
     /tmp/ccG2cJ71.s:178    .text.DebugMon_Handler:00000000 DebugMon_Handler
     /tmp/ccG2cJ71.s:191    .text.PendSV_Handler:00000000 $t
     /tmp/ccG2cJ71.s:197    .text.PendSV_Handler:00000000 PendSV_Handler
     /tmp/ccG2cJ71.s:210    .text.SysTick_Handler:00000000 $t
     /tmp/ccG2cJ71.s:216    .text.SysTick_Handler:00000000 SysTick_Handler
     /tmp/ccG2cJ71.s:235    .text.DMA2_Stream0_IRQHandler:00000000 $t
     /tmp/ccG2cJ71.s:241    .text.DMA2_Stream0_IRQHandler:00000000 DMA2_Stream0_IRQHandler
     /tmp/ccG2cJ71.s:263    .text.DMA2_Stream0_IRQHandler:00000010 $d
     /tmp/ccG2cJ71.s:268    .text.EXTI0_IRQHandler:00000000 $t
     /tmp/ccG2cJ71.s:274    .text.EXTI0_IRQHandler:00000000 EXTI0_IRQHandler
     /tmp/ccG2cJ71.s:294    .text.EXTI1_IRQHandler:00000000 $t
     /tmp/ccG2cJ71.s:300    .text.EXTI1_IRQHandler:00000000 EXTI1_IRQHandler
     /tmp/ccG2cJ71.s:320    .text.EXTI4_IRQHandler:00000000 $t
     /tmp/ccG2cJ71.s:326    .text.EXTI4_IRQHandler:00000000 EXTI4_IRQHandler
     /tmp/ccG2cJ71.s:346    .text.EXTI9_5_IRQHandler:00000000 $t
     /tmp/ccG2cJ71.s:352    .text.EXTI9_5_IRQHandler:00000000 EXTI9_5_IRQHandler
     /tmp/ccG2cJ71.s:376    .text.OTG_FS_IRQHandler:00000000 $t
     /tmp/ccG2cJ71.s:382    .text.OTG_FS_IRQHandler:00000000 OTG_FS_IRQHandler
     /tmp/ccG2cJ71.s:401    .text.OTG_FS_IRQHandler:0000000c $d
     /tmp/ccG2cJ71.s:410    .rodata.CTE_ALPHA_ANALOGICO:00000000 CTE_ALPHA_ANALOGICO
     /tmp/ccG2cJ71.s:407    .rodata.CTE_ALPHA_ANALOGICO:00000000 $d
     /tmp/ccG2cJ71.s:417    .rodata.CTE_ALPHA_DIGITAL:00000000 CTE_ALPHA_DIGITAL
     /tmp/ccG2cJ71.s:414    .rodata.CTE_ALPHA_DIGITAL:00000000 $d
                           .group:00000000 wm4.0.a2c88c0e0e60094af2c84dce921779d2
                           .group:00000000 wm4.stm32f4xx_hal_conf.h.25.758a9f5dc6450f8647b5af7fe8eb27ed
                           .group:00000000 wm4.stm32f4xx.h.39.163e65267b4f964a08764289722b975f
                           .group:00000000 wm4.stm32f401xc.h.35.52d05665f5a2df9c1992e17eee7d2af5
                           .group:00000000 wm4.stdint.h.29.6d480f4ba0f60596e88234283d42444f
                           .group:00000000 wm4.cmsis_version.h.32.4d5822004c01a829a975260e854b5f8e
                           .group:00000000 wm4.core_cm4.h.66.e4ff136c4a17abc46741866f64f8e729
                           .group:00000000 wm4.cmsis_gcc.h.26.6774fe91202d65f4d5ffcff60e00da34
                           .group:00000000 wm4.core_cm4.h.174.059a5e001a9e729091d1407208e93224
                           .group:00000000 wm4.mpu_armv7.h.32.27b4593cb2f8d3152ca5d97a9d72b321
                           .group:00000000 wm4.stm32f401xc.h.636.9a664cc173dbe5d5f2dac1e758e3577d
                           .group:00000000 wm4.stm32f4xx.h.196.0b21137cf6c6923d8fd1f4d94a3bfdd4
                           .group:00000000 wm4.stm32_hal_legacy.h.23.e2601123cf1b2a3b6d11d949644ddf87
                           .group:00000000 wm4.stddef.h.39.0dc9006b34572d4d9cae4c8b422c4971
                           .group:00000000 wm4.stm32f4xx_hal_def.h.58.f614308b482cecea9bcc0016240ac0fc
                           .group:00000000 wm4.stm32f4xx_hal_rcc_ex.h.22.3f3b596cc307dc701c7c99b0fc6c9b58
                           .group:00000000 wm4.stm32f4xx_hal_rcc.h.108.b82c8c670b41d96b2920e2f63661be15
ARM GAS  /tmp/ccG2cJ71.s 			page 15


                           .group:00000000 wm4.stm32f4xx_hal_gpio.h.22.e47df9f0f5be4ddc2ed2d14042c5e680
                           .group:00000000 wm4.stm32f4xx_hal_gpio_ex.h.22.5014ee010492a350679453c3b4a59718
                           .group:00000000 wm4.stm32f4xx_hal_gpio.h.255.5b948d47ad1357d6d2213e5e5ca4755c
                           .group:00000000 wm4.stm32f4xx_hal_exti.h.22.1f47767199c5bf749c04088e5c61c9c8
                           .group:00000000 wm4.stm32f4xx_hal_dma.h.22.fffce20ac9119c50557659c75e75ab1c
                           .group:00000000 wm4.stm32f4xx_hal_dma.h.721.a1e57ffbc615f926e6509c5acc65e492
                           .group:00000000 wm4.stm32f4xx_hal_cortex.h.22.e6aa3b847b5388be63c32d1f9e696ef7
                           .group:00000000 wm4.stm32f4xx_ll_adc.h.22.a8e07f8509bbb4868e2c24461c7eee47
                           .group:00000000 wm4.stm32f4xx_hal_adc.h.160.ef18931a059b62efbac7762c6a09e47f
                           .group:00000000 wm4.stm32f4xx_hal_adc_ex.h.22.25ddc09ef7109b33adae2990f50c4304
                           .group:00000000 wm4.stm32f4xx_hal_adc.h.640.733b38c420d3407eb5f8ddd98816c661
                           .group:00000000 wm4.stm32f4xx_hal_flash.h.22.31b301be2655c3eb8583e51c8231544a
                           .group:00000000 wm4.stm32f4xx_hal_flash_ex.h.22.00cb5cb208d28a1f20f3b257a6f51bad
                           .group:00000000 wm4.stm32f4xx_hal_flash.h.363.51efdf0f6c88f683efb89d7cc95cc1be
                           .group:00000000 wm4.stm32f4xx_hal_pwr.h.22.2c27d93ae187efe3a73816f03a329970
                           .group:00000000 wm4.stm32f4xx_hal_pwr_ex.h.22.04eb3957e13ca6e5ed8952d2d168bdc0
                           .group:00000000 wm4.stm32f4xx_hal_pwr.h.337.60b43975c84527a23cb6994b23165a5e
                           .group:00000000 wm4.stm32f4xx_hal_uart.h.22.591b491756a19342b0bf79eea5b33e1b
                           .group:00000000 wm4.stm32f4xx_ll_usb.h.22.3497d8ac31b2bdafc7c2a34d860c4769
                           .group:00000000 wm4.stm32f4xx_hal_hcd.h.111.a51c3bd0d61d2d8cadb372f7c7d9eccb
                           .group:00000000 wm4.stm32f4xx_hal.h.72.a5a58188aa461a0614f1e58e159c7840
                           .group:00000000 wm4.main.h.71.bc0cb02e68a9e5487bd44975fd1506af
                           .group:00000000 wm4._newlib_version.h.4.411db44ea2338a62eca2f0777f81481b
                           .group:00000000 wm4.newlib.h.27.c836a31b4651d2e2221512767dba946d
                           .group:00000000 wm4.ieeefp.h.77.5ad60f72ea25fc152400b550ac118212
                           .group:00000000 wm4.features.h.22.4e5514d51694f64cae235f84d9e565a5
                           .group:00000000 wm4.config.h.224.88344135d9de3e7ea139102cd6493448
                           .group:00000000 wm4._ansi.h.31.de524f58584151836e90d8620a16f8e8
                           .group:00000000 wm4.stdio.h.31.7c0e28c411445f3f9c5b11accf882760
                           .group:00000000 wm4._default_types.h.6.959254cf5f09734ea7516c89e8bb21bd
                           .group:00000000 wm4.stddef.h.158.eec8bf00b5213f43d095cb984c5f22e3
                           .group:00000000 wm4.cdefs.h.49.70fc7af612f78ddcace70fdd90b5623b
                           .group:00000000 wm4.stdarg.h.34.3a23a216c0c293b3d2ea2e89281481e6
                           .group:00000000 wm4._types.h.20.dd0d04dca3800a0d2a6129b87f3adbb2
                           .group:00000000 wm4.stddef.h.158.6f8e08a347b1cff664332fa350bfceb3
                           .group:00000000 wm4._types.h.127.3bdfe3ff8ea2d0985b03d9cbe93480e3
                           .group:00000000 wm4.reent.h.18.25503cdc8b7e55dd0d6ea7b3e5af7a03
                           .group:00000000 wm4.lock.h.2.c0958401bd0ce484d507ee19aacab817
                           .group:00000000 wm4.reent.h.78.ffae6115d9409cbff6542f042d93715e
                           .group:00000000 wm4.assert.h.11.db24e541f16414db224bf986d21017e2
                           .group:00000000 wm4.reent.h.460.dc5a3362e34409fa841b38093e890350
                           .group:00000000 wm4.stdio.h.67.0cf8a9c281ab0b348aef5c02e7e48825
                           .group:00000000 wm4.stdio.h.2.4aa87247282eca6c8f36f9de33d8df1a
                           .group:00000000 wm4.stdio.h.87.408e5d973372126daeef099c555b2753

UNDEFINED SYMBOLS
printf
HAL_IncTick
HAL_DMA_IRQHandler
DmaEndconversion
hdma_adc1
HAL_GPIO_EXTI_IRQHandler
HAL_HCD_IRQHandler
hhcd_USB_OTG_FS
