ARM GAS  /tmp/ccLMSVqc.s 			page 1


   1              		.cpu cortex-m4
   2              		.arch armv7e-m
   3              		.fpu fpv4-sp-d16
   4              		.eabi_attribute 27, 1
   5              		.eabi_attribute 28, 1
   6              		.eabi_attribute 20, 1
   7              		.eabi_attribute 21, 1
   8              		.eabi_attribute 23, 3
   9              		.eabi_attribute 24, 1
  10              		.eabi_attribute 25, 1
  11              		.eabi_attribute 26, 1
  12              		.eabi_attribute 30, 1
  13              		.eabi_attribute 34, 1
  14              		.eabi_attribute 18, 4
  15              		.file	"syscalls.c"
  16              		.text
  17              	.Ltext0:
  18              		.cfi_sections	.debug_frame
  19              		.file 1 "Core/Src/syscalls.c"
  20              		.section	.text.__io_putchar,"ax",%progbits
  21              		.align	1
  22              		.weak	__io_putchar
  23              		.syntax unified
  24              		.thumb
  25              		.thumb_func
  27              	__io_putchar:
  28              	.LVL0:
  29              	.LFB243:
   1:Core/Src/syscalls.c **** /**
   2:Core/Src/syscalls.c ****   ******************************************************************************
   3:Core/Src/syscalls.c ****   * @file    syscalls.c
   4:Core/Src/syscalls.c ****   * @brief   Newlib syscall stubs for STM32CubeIDE / arm-none-eabi-gcc.
   5:Core/Src/syscalls.c ****   *          This file replaces the Keil-specific Retarget.c when building
   6:Core/Src/syscalls.c ****   *          with the GNU ARM toolchain.
   7:Core/Src/syscalls.c ****   ******************************************************************************
   8:Core/Src/syscalls.c ****   */
   9:Core/Src/syscalls.c **** 
  10:Core/Src/syscalls.c **** #include <sys/stat.h>
  11:Core/Src/syscalls.c **** #include <stdlib.h>
  12:Core/Src/syscalls.c **** #include <errno.h>
  13:Core/Src/syscalls.c **** #include <stdio.h>
  14:Core/Src/syscalls.c **** #include <signal.h>
  15:Core/Src/syscalls.c **** #include <time.h>
  16:Core/Src/syscalls.c **** #include <sys/time.h>
  17:Core/Src/syscalls.c **** #include <sys/times.h>
  18:Core/Src/syscalls.c **** #include "stm32f4xx_hal.h"
  19:Core/Src/syscalls.c **** #include "main.h"
  20:Core/Src/syscalls.c **** 
  21:Core/Src/syscalls.c **** /* Variables */
  22:Core/Src/syscalls.c **** extern int __io_getchar(void) __attribute__((weak));
  23:Core/Src/syscalls.c **** extern int __io_putchar(int ch) __attribute__((weak));
  24:Core/Src/syscalls.c **** 
  25:Core/Src/syscalls.c **** int _write(int file, char *ptr, int len)
  26:Core/Src/syscalls.c **** {
  27:Core/Src/syscalls.c ****   int DataIdx;
  28:Core/Src/syscalls.c ****   for (DataIdx = 0; DataIdx < len; DataIdx++)
  29:Core/Src/syscalls.c ****   {
ARM GAS  /tmp/ccLMSVqc.s 			page 2


  30:Core/Src/syscalls.c ****     __io_putchar(*ptr++);
  31:Core/Src/syscalls.c ****   }
  32:Core/Src/syscalls.c ****   return len;
  33:Core/Src/syscalls.c **** }
  34:Core/Src/syscalls.c **** 
  35:Core/Src/syscalls.c **** int _read(int file, char *ptr, int len)
  36:Core/Src/syscalls.c **** {
  37:Core/Src/syscalls.c ****   int DataIdx;
  38:Core/Src/syscalls.c ****   for (DataIdx = 0; DataIdx < len; DataIdx++)
  39:Core/Src/syscalls.c ****   {
  40:Core/Src/syscalls.c ****     *ptr++ = __io_getchar();
  41:Core/Src/syscalls.c ****   }
  42:Core/Src/syscalls.c ****   return len;
  43:Core/Src/syscalls.c **** }
  44:Core/Src/syscalls.c **** 
  45:Core/Src/syscalls.c **** int __io_putchar(int ch)
  46:Core/Src/syscalls.c **** {
  30              		.loc 1 46 1 view -0
  31              		.cfi_startproc
  32              		@ args = 0, pretend = 0, frame = 8
  33              		@ frame_needed = 0, uses_anonymous_args = 0
  34              		.loc 1 46 1 is_stmt 0 view .LVU1
  35 0000 00B5     		push	{lr}
  36              		.cfi_def_cfa_offset 4
  37              		.cfi_offset 14, -4
  38 0002 83B0     		sub	sp, sp, #12
  39              		.cfi_def_cfa_offset 16
  40 0004 0190     		str	r0, [sp, #4]
  47:Core/Src/syscalls.c ****   /* Redirect stdout/stderr to UART1 */
  48:Core/Src/syscalls.c ****   HAL_UART_Transmit(&huart1, (uint8_t *)&ch, 1, 0xFFFF);
  41              		.loc 1 48 3 is_stmt 1 view .LVU2
  42 0006 4FF6FF73 		movw	r3, #65535
  43 000a 0122     		movs	r2, #1
  44 000c 01A9     		add	r1, sp, #4
  45 000e 0348     		ldr	r0, .L3
  46              	.LVL1:
  47              		.loc 1 48 3 is_stmt 0 view .LVU3
  48 0010 FFF7FEFF 		bl	HAL_UART_Transmit
  49              	.LVL2:
  49:Core/Src/syscalls.c ****   return ch;
  50              		.loc 1 49 3 is_stmt 1 view .LVU4
  50:Core/Src/syscalls.c **** }
  51              		.loc 1 50 1 is_stmt 0 view .LVU5
  52 0014 0198     		ldr	r0, [sp, #4]
  53 0016 03B0     		add	sp, sp, #12
  54              		.cfi_def_cfa_offset 4
  55              		@ sp needed
  56 0018 5DF804FB 		ldr	pc, [sp], #4
  57              	.L4:
  58              		.align	2
  59              	.L3:
  60 001c 00000000 		.word	huart1
  61              		.cfi_endproc
  62              	.LFE243:
  64              		.section	.text._write,"ax",%progbits
  65              		.align	1
  66              		.global	_write
ARM GAS  /tmp/ccLMSVqc.s 			page 3


  67              		.syntax unified
  68              		.thumb
  69              		.thumb_func
  71              	_write:
  72              	.LVL3:
  73              	.LFB241:
  26:Core/Src/syscalls.c ****   int DataIdx;
  74              		.loc 1 26 1 is_stmt 1 view -0
  75              		.cfi_startproc
  76              		@ args = 0, pretend = 0, frame = 0
  77              		@ frame_needed = 0, uses_anonymous_args = 0
  26:Core/Src/syscalls.c ****   int DataIdx;
  78              		.loc 1 26 1 is_stmt 0 view .LVU7
  79 0000 70B5     		push	{r4, r5, r6, lr}
  80              		.cfi_def_cfa_offset 16
  81              		.cfi_offset 4, -16
  82              		.cfi_offset 5, -12
  83              		.cfi_offset 6, -8
  84              		.cfi_offset 14, -4
  85 0002 0C46     		mov	r4, r1
  86 0004 1646     		mov	r6, r2
  27:Core/Src/syscalls.c ****   for (DataIdx = 0; DataIdx < len; DataIdx++)
  87              		.loc 1 27 3 is_stmt 1 view .LVU8
  28:Core/Src/syscalls.c ****   {
  88              		.loc 1 28 3 view .LVU9
  89              	.LVL4:
  28:Core/Src/syscalls.c ****   {
  90              		.loc 1 28 16 is_stmt 0 view .LVU10
  91 0006 0025     		movs	r5, #0
  28:Core/Src/syscalls.c ****   {
  92              		.loc 1 28 3 view .LVU11
  93 0008 04E0     		b	.L6
  94              	.LVL5:
  95              	.L7:
  30:Core/Src/syscalls.c ****   }
  96              		.loc 1 30 5 is_stmt 1 view .LVU12
  30:Core/Src/syscalls.c ****   }
  97              		.loc 1 30 5 is_stmt 0 view .LVU13
  98 000a 14F8010B 		ldrb	r0, [r4], #1	@ zero_extendqisi2
  99              	.LVL6:
  30:Core/Src/syscalls.c ****   }
 100              		.loc 1 30 5 view .LVU14
 101 000e FFF7FEFF 		bl	__io_putchar
 102              	.LVL7:
  28:Core/Src/syscalls.c ****   {
 103              		.loc 1 28 43 is_stmt 1 discriminator 3 view .LVU15
 104 0012 0135     		adds	r5, r5, #1
 105              	.LVL8:
 106              	.L6:
  28:Core/Src/syscalls.c ****   {
 107              		.loc 1 28 29 discriminator 1 view .LVU16
 108 0014 B542     		cmp	r5, r6
 109 0016 F8DB     		blt	.L7
  32:Core/Src/syscalls.c **** }
 110              		.loc 1 32 3 view .LVU17
  33:Core/Src/syscalls.c **** 
 111              		.loc 1 33 1 is_stmt 0 view .LVU18
ARM GAS  /tmp/ccLMSVqc.s 			page 4


 112 0018 3046     		mov	r0, r6
 113 001a 70BD     		pop	{r4, r5, r6, pc}
  33:Core/Src/syscalls.c **** 
 114              		.loc 1 33 1 view .LVU19
 115              		.cfi_endproc
 116              	.LFE241:
 118              		.section	.text.__io_getchar,"ax",%progbits
 119              		.align	1
 120              		.weak	__io_getchar
 121              		.syntax unified
 122              		.thumb
 123              		.thumb_func
 125              	__io_getchar:
 126              	.LFB244:
  51:Core/Src/syscalls.c **** 
  52:Core/Src/syscalls.c **** int __io_getchar(void)
  53:Core/Src/syscalls.c **** {
 127              		.loc 1 53 1 is_stmt 1 view -0
 128              		.cfi_startproc
 129              		@ args = 0, pretend = 0, frame = 0
 130              		@ frame_needed = 0, uses_anonymous_args = 0
 131              		@ link register save eliminated.
  54:Core/Src/syscalls.c ****   return 0;
 132              		.loc 1 54 3 view .LVU21
  55:Core/Src/syscalls.c **** }
 133              		.loc 1 55 1 is_stmt 0 view .LVU22
 134 0000 0020     		movs	r0, #0
 135 0002 7047     		bx	lr
 136              		.cfi_endproc
 137              	.LFE244:
 139              		.section	.text._read,"ax",%progbits
 140              		.align	1
 141              		.global	_read
 142              		.syntax unified
 143              		.thumb
 144              		.thumb_func
 146              	_read:
 147              	.LVL9:
 148              	.LFB242:
  36:Core/Src/syscalls.c ****   int DataIdx;
 149              		.loc 1 36 1 is_stmt 1 view -0
 150              		.cfi_startproc
 151              		@ args = 0, pretend = 0, frame = 0
 152              		@ frame_needed = 0, uses_anonymous_args = 0
  36:Core/Src/syscalls.c ****   int DataIdx;
 153              		.loc 1 36 1 is_stmt 0 view .LVU24
 154 0000 70B5     		push	{r4, r5, r6, lr}
 155              		.cfi_def_cfa_offset 16
 156              		.cfi_offset 4, -16
 157              		.cfi_offset 5, -12
 158              		.cfi_offset 6, -8
 159              		.cfi_offset 14, -4
 160 0002 0C46     		mov	r4, r1
 161 0004 1646     		mov	r6, r2
  37:Core/Src/syscalls.c ****   for (DataIdx = 0; DataIdx < len; DataIdx++)
 162              		.loc 1 37 3 is_stmt 1 view .LVU25
  38:Core/Src/syscalls.c ****   {
ARM GAS  /tmp/ccLMSVqc.s 			page 5


 163              		.loc 1 38 3 view .LVU26
 164              	.LVL10:
  38:Core/Src/syscalls.c ****   {
 165              		.loc 1 38 16 is_stmt 0 view .LVU27
 166 0006 0025     		movs	r5, #0
  38:Core/Src/syscalls.c ****   {
 167              		.loc 1 38 3 view .LVU28
 168 0008 06E0     		b	.L11
 169              	.LVL11:
 170              	.L12:
  40:Core/Src/syscalls.c ****   }
 171              		.loc 1 40 5 is_stmt 1 view .LVU29
  40:Core/Src/syscalls.c ****   }
 172              		.loc 1 40 14 is_stmt 0 view .LVU30
 173 000a FFF7FEFF 		bl	__io_getchar
 174              	.LVL12:
  40:Core/Src/syscalls.c ****   }
 175              		.loc 1 40 9 discriminator 1 view .LVU31
 176 000e 2146     		mov	r1, r4
 177              	.LVL13:
  40:Core/Src/syscalls.c ****   }
 178              		.loc 1 40 12 discriminator 1 view .LVU32
 179 0010 01F8010B 		strb	r0, [r1], #1
 180              	.LVL14:
  38:Core/Src/syscalls.c ****   {
 181              		.loc 1 38 43 is_stmt 1 discriminator 3 view .LVU33
 182 0014 0135     		adds	r5, r5, #1
 183              	.LVL15:
  40:Core/Src/syscalls.c ****   }
 184              		.loc 1 40 9 is_stmt 0 discriminator 1 view .LVU34
 185 0016 0C46     		mov	r4, r1
 186              	.LVL16:
 187              	.L11:
  38:Core/Src/syscalls.c ****   {
 188              		.loc 1 38 29 is_stmt 1 discriminator 1 view .LVU35
 189 0018 B542     		cmp	r5, r6
 190 001a F6DB     		blt	.L12
  42:Core/Src/syscalls.c **** }
 191              		.loc 1 42 3 view .LVU36
  43:Core/Src/syscalls.c **** 
 192              		.loc 1 43 1 is_stmt 0 view .LVU37
 193 001c 3046     		mov	r0, r6
 194 001e 70BD     		pop	{r4, r5, r6, pc}
  43:Core/Src/syscalls.c **** 
 195              		.loc 1 43 1 view .LVU38
 196              		.cfi_endproc
 197              	.LFE242:
 199              		.section	.text._close,"ax",%progbits
 200              		.align	1
 201              		.global	_close
 202              		.syntax unified
 203              		.thumb
 204              		.thumb_func
 206              	_close:
 207              	.LVL17:
 208              	.LFB245:
  56:Core/Src/syscalls.c **** 
ARM GAS  /tmp/ccLMSVqc.s 			page 6


  57:Core/Src/syscalls.c **** int _close(int file) { return -1; }
 209              		.loc 1 57 22 is_stmt 1 view -0
 210              		.cfi_startproc
 211              		@ args = 0, pretend = 0, frame = 0
 212              		@ frame_needed = 0, uses_anonymous_args = 0
 213              		@ link register save eliminated.
 214              		.loc 1 57 24 view .LVU40
 215              		.loc 1 57 35 is_stmt 0 view .LVU41
 216 0000 4FF0FF30 		mov	r0, #-1
 217              	.LVL18:
 218              		.loc 1 57 35 view .LVU42
 219 0004 7047     		bx	lr
 220              		.cfi_endproc
 221              	.LFE245:
 223              		.section	.text._fstat,"ax",%progbits
 224              		.align	1
 225              		.global	_fstat
 226              		.syntax unified
 227              		.thumb
 228              		.thumb_func
 230              	_fstat:
 231              	.LVL19:
 232              	.LFB246:
  58:Core/Src/syscalls.c **** int _fstat(int file, struct stat *st) { st->st_mode = S_IFCHR; return 0; }
 233              		.loc 1 58 39 is_stmt 1 view -0
 234              		.cfi_startproc
 235              		@ args = 0, pretend = 0, frame = 0
 236              		@ frame_needed = 0, uses_anonymous_args = 0
 237              		@ link register save eliminated.
 238              		.loc 1 58 41 view .LVU44
 239              		.loc 1 58 53 is_stmt 0 view .LVU45
 240 0000 4FF40053 		mov	r3, #8192
 241 0004 4B60     		str	r3, [r1, #4]
 242              		.loc 1 58 64 is_stmt 1 view .LVU46
 243              		.loc 1 58 74 is_stmt 0 view .LVU47
 244 0006 0020     		movs	r0, #0
 245              	.LVL20:
 246              		.loc 1 58 74 view .LVU48
 247 0008 7047     		bx	lr
 248              		.cfi_endproc
 249              	.LFE246:
 251              		.section	.text._isatty,"ax",%progbits
 252              		.align	1
 253              		.global	_isatty
 254              		.syntax unified
 255              		.thumb
 256              		.thumb_func
 258              	_isatty:
 259              	.LVL21:
 260              	.LFB247:
  59:Core/Src/syscalls.c **** int _isatty(int file) { return 1; }
 261              		.loc 1 59 23 is_stmt 1 view -0
 262              		.cfi_startproc
 263              		@ args = 0, pretend = 0, frame = 0
 264              		@ frame_needed = 0, uses_anonymous_args = 0
 265              		@ link register save eliminated.
 266              		.loc 1 59 25 view .LVU50
ARM GAS  /tmp/ccLMSVqc.s 			page 7


 267              		.loc 1 59 35 is_stmt 0 view .LVU51
 268 0000 0120     		movs	r0, #1
 269              	.LVL22:
 270              		.loc 1 59 35 view .LVU52
 271 0002 7047     		bx	lr
 272              		.cfi_endproc
 273              	.LFE247:
 275              		.section	.text._lseek,"ax",%progbits
 276              		.align	1
 277              		.global	_lseek
 278              		.syntax unified
 279              		.thumb
 280              		.thumb_func
 282              	_lseek:
 283              	.LVL23:
 284              	.LFB248:
  60:Core/Src/syscalls.c **** int _lseek(int file, int ptr, int dir) { return 0; }
 285              		.loc 1 60 40 is_stmt 1 view -0
 286              		.cfi_startproc
 287              		@ args = 0, pretend = 0, frame = 0
 288              		@ frame_needed = 0, uses_anonymous_args = 0
 289              		@ link register save eliminated.
 290              		.loc 1 60 42 view .LVU54
 291              		.loc 1 60 52 is_stmt 0 view .LVU55
 292 0000 0020     		movs	r0, #0
 293              	.LVL24:
 294              		.loc 1 60 52 view .LVU56
 295 0002 7047     		bx	lr
 296              		.cfi_endproc
 297              	.LFE248:
 299              		.section	.text._exit,"ax",%progbits
 300              		.align	1
 301              		.global	_exit
 302              		.syntax unified
 303              		.thumb
 304              		.thumb_func
 306              	_exit:
 307              	.LFB249:
  61:Core/Src/syscalls.c **** void _exit(int status) { while (1); }
 308              		.loc 1 61 24 is_stmt 1 view -0
 309              		.cfi_startproc
 310              		@ Volatile: function does not return.
 311              		@ args = 0, pretend = 0, frame = 0
 312              		@ frame_needed = 0, uses_anonymous_args = 0
 313              		@ link register save eliminated.
 314              	.LVL25:
 315              	.L19:
 316              		.loc 1 61 26 view .LVU58
 317              		.loc 1 61 32 view .LVU59
 318 0000 FEE7     		b	.L19
 319              		.cfi_endproc
 320              	.LFE249:
 322              		.section	.text._kill,"ax",%progbits
 323              		.align	1
 324              		.global	_kill
 325              		.syntax unified
 326              		.thumb
ARM GAS  /tmp/ccLMSVqc.s 			page 8


 327              		.thumb_func
 329              	_kill:
 330              	.LVL26:
 331              	.LFB250:
  62:Core/Src/syscalls.c **** int _kill(int pid, int sig) { return -1; }
 332              		.loc 1 62 29 view -0
 333              		.cfi_startproc
 334              		@ args = 0, pretend = 0, frame = 0
 335              		@ frame_needed = 0, uses_anonymous_args = 0
 336              		@ link register save eliminated.
 337              		.loc 1 62 31 view .LVU61
 338              		.loc 1 62 42 is_stmt 0 view .LVU62
 339 0000 4FF0FF30 		mov	r0, #-1
 340              	.LVL27:
 341              		.loc 1 62 42 view .LVU63
 342 0004 7047     		bx	lr
 343              		.cfi_endproc
 344              	.LFE250:
 346              		.section	.text._getpid,"ax",%progbits
 347              		.align	1
 348              		.global	_getpid
 349              		.syntax unified
 350              		.thumb
 351              		.thumb_func
 353              	_getpid:
 354              	.LFB251:
  63:Core/Src/syscalls.c **** int _getpid(void) { return -1; }
 355              		.loc 1 63 19 is_stmt 1 view -0
 356              		.cfi_startproc
 357              		@ args = 0, pretend = 0, frame = 0
 358              		@ frame_needed = 0, uses_anonymous_args = 0
 359              		@ link register save eliminated.
 360              		.loc 1 63 21 view .LVU65
 361              		.loc 1 63 32 is_stmt 0 view .LVU66
 362 0000 4FF0FF30 		mov	r0, #-1
 363 0004 7047     		bx	lr
 364              		.cfi_endproc
 365              	.LFE251:
 367              		.text
 368              	.Letext0:
 369              		.file 2 "/usr/include/newlib/machine/_default_types.h"
 370              		.file 3 "/usr/include/newlib/sys/_types.h"
 371              		.file 4 "/usr/include/newlib/sys/_stdint.h"
 372              		.file 5 "/usr/include/newlib/sys/_timeval.h"
 373              		.file 6 "/usr/include/newlib/sys/_timespec.h"
 374              		.file 7 "/usr/include/newlib/sys/types.h"
 375              		.file 8 "/usr/include/newlib/sys/stat.h"
 376              		.file 9 "Drivers/CMSIS/Device/ST/STM32F4xx/Include/stm32f401xc.h"
 377              		.file 10 "Drivers/STM32F4xx_HAL_Driver/Inc/stm32f4xx_hal_def.h"
 378              		.file 11 "Drivers/STM32F4xx_HAL_Driver/Inc/stm32f4xx_hal_dma.h"
 379              		.file 12 "Drivers/STM32F4xx_HAL_Driver/Inc/stm32f4xx_hal_uart.h"
 380              		.file 13 "Core/Inc/main.h"
ARM GAS  /tmp/ccLMSVqc.s 			page 9


DEFINED SYMBOLS
                            *ABS*:00000000 syscalls.c
     /tmp/ccLMSVqc.s:21     .text.__io_putchar:00000000 $t
     /tmp/ccLMSVqc.s:27     .text.__io_putchar:00000000 __io_putchar
     /tmp/ccLMSVqc.s:60     .text.__io_putchar:0000001c $d
     /tmp/ccLMSVqc.s:65     .text._write:00000000 $t
     /tmp/ccLMSVqc.s:71     .text._write:00000000 _write
     /tmp/ccLMSVqc.s:119    .text.__io_getchar:00000000 $t
     /tmp/ccLMSVqc.s:125    .text.__io_getchar:00000000 __io_getchar
     /tmp/ccLMSVqc.s:140    .text._read:00000000 $t
     /tmp/ccLMSVqc.s:146    .text._read:00000000 _read
     /tmp/ccLMSVqc.s:200    .text._close:00000000 $t
     /tmp/ccLMSVqc.s:206    .text._close:00000000 _close
     /tmp/ccLMSVqc.s:224    .text._fstat:00000000 $t
     /tmp/ccLMSVqc.s:230    .text._fstat:00000000 _fstat
     /tmp/ccLMSVqc.s:252    .text._isatty:00000000 $t
     /tmp/ccLMSVqc.s:258    .text._isatty:00000000 _isatty
     /tmp/ccLMSVqc.s:276    .text._lseek:00000000 $t
     /tmp/ccLMSVqc.s:282    .text._lseek:00000000 _lseek
     /tmp/ccLMSVqc.s:300    .text._exit:00000000 $t
     /tmp/ccLMSVqc.s:306    .text._exit:00000000 _exit
     /tmp/ccLMSVqc.s:323    .text._kill:00000000 $t
     /tmp/ccLMSVqc.s:329    .text._kill:00000000 _kill
     /tmp/ccLMSVqc.s:347    .text._getpid:00000000 $t
     /tmp/ccLMSVqc.s:353    .text._getpid:00000000 _getpid
                           .group:00000000 wm4.0.a2c88c0e0e60094af2c84dce921779d2
                           .group:00000000 wm4._newlib_version.h.4.411db44ea2338a62eca2f0777f81481b
                           .group:00000000 wm4.newlib.h.27.c836a31b4651d2e2221512767dba946d
                           .group:00000000 wm4.ieeefp.h.77.5ad60f72ea25fc152400b550ac118212
                           .group:00000000 wm4.features.h.22.4e5514d51694f64cae235f84d9e565a5
                           .group:00000000 wm4.config.h.224.88344135d9de3e7ea139102cd6493448
                           .group:00000000 wm4._ansi.h.31.de524f58584151836e90d8620a16f8e8
                           .group:00000000 wm4._default_types.h.6.959254cf5f09734ea7516c89e8bb21bd
                           .group:00000000 wm4.stddef.h.39.0dc9006b34572d4d9cae4c8b422c4971
                           .group:00000000 wm4.cdefs.h.49.70fc7af612f78ddcace70fdd90b5623b
                           .group:00000000 wm4._types.h.20.dd0d04dca3800a0d2a6129b87f3adbb2
                           .group:00000000 wm4.stddef.h.158.6f8e08a347b1cff664332fa350bfceb3
                           .group:00000000 wm4._types.h.127.3bdfe3ff8ea2d0985b03d9cbe93480e3
                           .group:00000000 wm4.reent.h.18.25503cdc8b7e55dd0d6ea7b3e5af7a03
                           .group:00000000 wm4.lock.h.2.c0958401bd0ce484d507ee19aacab817
                           .group:00000000 wm4.reent.h.78.ffae6115d9409cbff6542f042d93715e
                           .group:00000000 wm4.assert.h.11.db24e541f16414db224bf986d21017e2
                           .group:00000000 wm4.reent.h.460.dc5a3362e34409fa841b38093e890350
                           .group:00000000 wm4.time.h.14.849270cc7997ccc4e05edd146e568a9f
                           .group:00000000 wm4.stddef.h.158.eec8bf00b5213f43d095cb984c5f22e3
                           .group:00000000 wm4.time.h.2.4581ce0ffb6627cfc02162c94bf846c9
                           .group:00000000 wm4.time.h.25.0e6a0fdbc9955f5707ed54246ed2e089
                           .group:00000000 wm4.types.h.40.8b6acba56cefbb11746718204edc8f5e
                           .group:00000000 wm4._stdint.h.10.c24fa3af3bc1706662bb5593a907e841
                           .group:00000000 wm4._endian.h.31.65a10590763c3dde1ac4a7f66d7d4891
                           .group:00000000 wm4.endian.h.9.49f3a4695c1b61e8a0808de3c4a106cb
                           .group:00000000 wm4._timeval.h.32.bec3221fa7a9bb0bdde696c9c57e47d2
                           .group:00000000 wm4.timespec.h.41.d855182eb0e690443ab8651bcedca6e1
                           .group:00000000 wm4.select.h.19.8f92964f85316d866d3bb193a38b5ac3
                           .group:00000000 wm4.types.h.51.e2a6e4379b4797ffcc4841f8498fd61b
                           .group:00000000 wm4.sched.h.22.c60982713a5c428609783c78f9c78d95
                           .group:00000000 wm4._pthreadtypes.h.36.fcee9961c35163dde6267ef772ad1972
ARM GAS  /tmp/ccLMSVqc.s 			page 10


                           .group:00000000 wm4.time.h.142.403dcded079b6de6a2d2f21a34c2ae96
                           .group:00000000 wm4.stat.h.54.5a9b823658423102e7a8de4ed089eedc
                           .group:00000000 wm4.stdlib.h.13.4ed386f5c1a80d71e72172885d946ef2
                           .group:00000000 wm4.alloca.h.8.dfc0c703c47ec3e69746825b17d9e66d
                           .group:00000000 wm4.stdlib.h.56.f4862cfbf4363a1db01842d5bdf72c18
                           .group:00000000 wm4.errno.h.2.ba016d646105af6cad23be83630b6a3f
                           .group:00000000 wm4.errno.h.9.ae5ea2b0ff9ea6e39e585807e35200d3
                           .group:00000000 wm4.stdio.h.27.3fc80220048df77954e38daec3bb9670
                           .group:00000000 wm4.stdarg.h.34.3a23a216c0c293b3d2ea2e89281481e6
                           .group:00000000 wm4.stdio.h.47.1f5845210bb9053bbca9ed76fc4018da
                           .group:00000000 wm4.stdio.h.2.4aa87247282eca6c8f36f9de33d8df1a
                           .group:00000000 wm4.stdio.h.87.408e5d973372126daeef099c555b2753
                           .group:00000000 wm4.stdint.h.29.6d480f4ba0f60596e88234283d42444f
                           .group:00000000 wm4.signal.h.31.1e41f887ed1384065c2378e275de5bce
                           .group:00000000 wm4.signal.h.18.14c8d0c03fc1e06775633fad7399cfc7
                           .group:00000000 wm4.time.h.40.07bdef2e51e429b46276cd6f2246b78b
                           .group:00000000 wm4.stm32f4xx_hal_conf.h.25.758a9f5dc6450f8647b5af7fe8eb27ed
                           .group:00000000 wm4.stm32f4xx.h.39.163e65267b4f964a08764289722b975f
                           .group:00000000 wm4.stm32f401xc.h.35.52d05665f5a2df9c1992e17eee7d2af5
                           .group:00000000 wm4.cmsis_version.h.32.4d5822004c01a829a975260e854b5f8e
                           .group:00000000 wm4.core_cm4.h.66.e4ff136c4a17abc46741866f64f8e729
                           .group:00000000 wm4.cmsis_gcc.h.26.6774fe91202d65f4d5ffcff60e00da34
                           .group:00000000 wm4.core_cm4.h.174.059a5e001a9e729091d1407208e93224
                           .group:00000000 wm4.mpu_armv7.h.32.27b4593cb2f8d3152ca5d97a9d72b321
                           .group:00000000 wm4.stm32f401xc.h.636.9a664cc173dbe5d5f2dac1e758e3577d
                           .group:00000000 wm4.stm32f4xx.h.196.0b21137cf6c6923d8fd1f4d94a3bfdd4
                           .group:00000000 wm4.stm32_hal_legacy.h.23.e2601123cf1b2a3b6d11d949644ddf87
                           .group:00000000 wm4.stm32f4xx_hal_def.h.58.54897f0de68447ab41a176b2bea62238
                           .group:00000000 wm4.stm32f4xx_hal_rcc_ex.h.22.3f3b596cc307dc701c7c99b0fc6c9b58
                           .group:00000000 wm4.stm32f4xx_hal_rcc.h.108.b82c8c670b41d96b2920e2f63661be15
                           .group:00000000 wm4.stm32f4xx_hal_gpio.h.22.e47df9f0f5be4ddc2ed2d14042c5e680
                           .group:00000000 wm4.stm32f4xx_hal_gpio_ex.h.22.5014ee010492a350679453c3b4a59718
                           .group:00000000 wm4.stm32f4xx_hal_gpio.h.255.5b948d47ad1357d6d2213e5e5ca4755c
                           .group:00000000 wm4.stm32f4xx_hal_exti.h.22.1f47767199c5bf749c04088e5c61c9c8
                           .group:00000000 wm4.stm32f4xx_hal_dma.h.22.fffce20ac9119c50557659c75e75ab1c
                           .group:00000000 wm4.stm32f4xx_hal_dma.h.721.a1e57ffbc615f926e6509c5acc65e492
                           .group:00000000 wm4.stm32f4xx_hal_cortex.h.22.e6aa3b847b5388be63c32d1f9e696ef7
                           .group:00000000 wm4.stm32f4xx_ll_adc.h.22.a8e07f8509bbb4868e2c24461c7eee47
                           .group:00000000 wm4.stm32f4xx_hal_adc.h.160.ef18931a059b62efbac7762c6a09e47f
                           .group:00000000 wm4.stm32f4xx_hal_adc_ex.h.22.25ddc09ef7109b33adae2990f50c4304
                           .group:00000000 wm4.stm32f4xx_hal_adc.h.640.733b38c420d3407eb5f8ddd98816c661
                           .group:00000000 wm4.stm32f4xx_hal_flash.h.22.31b301be2655c3eb8583e51c8231544a
                           .group:00000000 wm4.stm32f4xx_hal_flash_ex.h.22.00cb5cb208d28a1f20f3b257a6f51bad
                           .group:00000000 wm4.stm32f4xx_hal_flash.h.363.51efdf0f6c88f683efb89d7cc95cc1be
                           .group:00000000 wm4.stm32f4xx_hal_pwr.h.22.2c27d93ae187efe3a73816f03a329970
                           .group:00000000 wm4.stm32f4xx_hal_pwr_ex.h.22.04eb3957e13ca6e5ed8952d2d168bdc0
                           .group:00000000 wm4.stm32f4xx_hal_pwr.h.337.60b43975c84527a23cb6994b23165a5e
                           .group:00000000 wm4.stm32f4xx_hal_uart.h.22.591b491756a19342b0bf79eea5b33e1b
                           .group:00000000 wm4.stm32f4xx_ll_usb.h.22.3497d8ac31b2bdafc7c2a34d860c4769
                           .group:00000000 wm4.stm32f4xx_hal_hcd.h.111.a51c3bd0d61d2d8cadb372f7c7d9eccb
                           .group:00000000 wm4.stm32f4xx_hal.h.72.a5a58188aa461a0614f1e58e159c7840
                           .group:00000000 wm4.main.h.23.c7cc522c828f0d601be03b3b918ebcc6

UNDEFINED SYMBOLS
HAL_UART_Transmit
huart1
