ARM GAS  /tmp/ccYV3qS5.s 			page 1


   1              		.cpu cortex-m4
   2              		.arch armv7e-m
   3              		.fpu fpv4-sp-d16
   4              		.eabi_attribute 27, 1
   5              		.eabi_attribute 28, 1
   6              		.eabi_attribute 20, 1
   7              		.eabi_attribute 21, 1
   8              		.eabi_attribute 23, 3
   9              		.eabi_attribute 24, 1
  10              		.eabi_attribute 25, 1
  11              		.eabi_attribute 26, 1
  12              		.eabi_attribute 30, 1
  13              		.eabi_attribute 34, 1
  14              		.eabi_attribute 18, 4
  15              		.file	"sysmem.c"
  16              		.text
  17              	.Ltext0:
  18              		.cfi_sections	.debug_frame
  19              		.file 1 "Core/Src/sysmem.c"
  20              		.section	.text._sbrk,"ax",%progbits
  21              		.align	1
  22              		.global	_sbrk
  23              		.syntax unified
  24              		.thumb
  25              		.thumb_func
  27              	_sbrk:
  28              	.LVL0:
  29              	.LFB0:
   1:Core/Src/sysmem.c **** /**
   2:Core/Src/sysmem.c ****   ******************************************************************************
   3:Core/Src/sysmem.c ****   * @file    sysmem.c
   4:Core/Src/sysmem.c ****   * @brief   Newlib heap management for STM32CubeIDE / arm-none-eabi-gcc.
   5:Core/Src/sysmem.c ****   *          Provides _sbrk() used by malloc/free.
   6:Core/Src/sysmem.c ****   ******************************************************************************
   7:Core/Src/sysmem.c ****   */
   8:Core/Src/sysmem.c **** 
   9:Core/Src/sysmem.c **** #include <errno.h>
  10:Core/Src/sysmem.c **** #include <stdint.h>
  11:Core/Src/sysmem.c **** 
  12:Core/Src/sysmem.c **** extern uint8_t _end;       /* Provided by linker script: start of heap */
  13:Core/Src/sysmem.c **** extern uint8_t _estack;    /* Provided by linker script: end of RAM     */
  14:Core/Src/sysmem.c **** extern uint32_t _Min_Stack_Size; /* Provided by linker script           */
  15:Core/Src/sysmem.c **** 
  16:Core/Src/sysmem.c **** void *_sbrk(ptrdiff_t incr)
  17:Core/Src/sysmem.c **** {
  30              		.loc 1 17 1 view -0
  31              		.cfi_startproc
  32              		@ args = 0, pretend = 0, frame = 0
  33              		@ frame_needed = 0, uses_anonymous_args = 0
  34              		.loc 1 17 1 is_stmt 0 view .LVU1
  35 0000 08B5     		push	{r3, lr}
  36              		.cfi_def_cfa_offset 8
  37              		.cfi_offset 3, -8
  38              		.cfi_offset 14, -4
  39 0002 0346     		mov	r3, r0
  18:Core/Src/sysmem.c ****   static uint8_t *heap_end = NULL;
  40              		.loc 1 18 3 is_stmt 1 view .LVU2
ARM GAS  /tmp/ccYV3qS5.s 			page 2


  19:Core/Src/sysmem.c ****   uint8_t *prev_heap_end;
  41              		.loc 1 19 3 view .LVU3
  20:Core/Src/sysmem.c **** 
  21:Core/Src/sysmem.c ****   if (heap_end == NULL)
  42              		.loc 1 21 3 view .LVU4
  43              		.loc 1 21 16 is_stmt 0 view .LVU5
  44 0004 0C4A     		ldr	r2, .L8
  45 0006 1268     		ldr	r2, [r2]
  46              		.loc 1 21 6 view .LVU6
  47 0008 52B1     		cbz	r2, .L6
  48              	.L2:
  22:Core/Src/sysmem.c ****   {
  23:Core/Src/sysmem.c ****     heap_end = &_end;
  24:Core/Src/sysmem.c ****   }
  25:Core/Src/sysmem.c **** 
  26:Core/Src/sysmem.c ****   prev_heap_end = heap_end;
  49              		.loc 1 26 3 is_stmt 1 view .LVU7
  50              		.loc 1 26 17 is_stmt 0 view .LVU8
  51 000a 0B4A     		ldr	r2, .L8
  52 000c 1068     		ldr	r0, [r2]
  53              	.LVL1:
  27:Core/Src/sysmem.c **** 
  28:Core/Src/sysmem.c ****   if (heap_end + incr > &_estack - (ptrdiff_t)&_Min_Stack_Size)
  54              		.loc 1 28 3 is_stmt 1 view .LVU9
  55              		.loc 1 28 16 is_stmt 0 view .LVU10
  56 000e 0344     		add	r3, r3, r0
  57              	.LVL2:
  58              		.loc 1 28 34 view .LVU11
  59 0010 0A49     		ldr	r1, .L8+4
  60 0012 0B4A     		ldr	r2, .L8+8
  61 0014 521A     		subs	r2, r2, r1
  62              		.loc 1 28 6 view .LVU12
  63 0016 9342     		cmp	r3, r2
  64 0018 06D8     		bhi	.L7
  29:Core/Src/sysmem.c ****   {
  30:Core/Src/sysmem.c ****     errno = ENOMEM;
  31:Core/Src/sysmem.c ****     return (void *)-1;
  32:Core/Src/sysmem.c ****   }
  33:Core/Src/sysmem.c **** 
  34:Core/Src/sysmem.c ****   heap_end += incr;
  65              		.loc 1 34 3 is_stmt 1 view .LVU13
  66              		.loc 1 34 12 is_stmt 0 view .LVU14
  67 001a 074A     		ldr	r2, .L8
  68 001c 1360     		str	r3, [r2]
  35:Core/Src/sysmem.c ****   return (void *)prev_heap_end;
  69              		.loc 1 35 3 is_stmt 1 view .LVU15
  70              	.LVL3:
  71              	.L1:
  36:Core/Src/sysmem.c **** }
  72              		.loc 1 36 1 is_stmt 0 view .LVU16
  73 001e 08BD     		pop	{r3, pc}
  74              	.LVL4:
  75              	.L6:
  23:Core/Src/sysmem.c ****   }
  76              		.loc 1 23 5 is_stmt 1 view .LVU17
  23:Core/Src/sysmem.c ****   }
  77              		.loc 1 23 14 is_stmt 0 view .LVU18
ARM GAS  /tmp/ccYV3qS5.s 			page 3


  78 0020 054A     		ldr	r2, .L8
  79 0022 0849     		ldr	r1, .L8+12
  80 0024 1160     		str	r1, [r2]
  81 0026 F0E7     		b	.L2
  82              	.LVL5:
  83              	.L7:
  30:Core/Src/sysmem.c ****     return (void *)-1;
  84              		.loc 1 30 5 is_stmt 1 view .LVU19
  85 0028 FFF7FEFF 		bl	__errno
  86              	.LVL6:
  30:Core/Src/sysmem.c ****     return (void *)-1;
  87              		.loc 1 30 11 is_stmt 0 discriminator 1 view .LVU20
  88 002c 0C23     		movs	r3, #12
  89 002e 0360     		str	r3, [r0]
  31:Core/Src/sysmem.c ****   }
  90              		.loc 1 31 5 is_stmt 1 view .LVU21
  31:Core/Src/sysmem.c ****   }
  91              		.loc 1 31 12 is_stmt 0 view .LVU22
  92 0030 4FF0FF30 		mov	r0, #-1
  93 0034 F3E7     		b	.L1
  94              	.L9:
  95 0036 00BF     		.align	2
  96              	.L8:
  97 0038 00000000 		.word	heap_end.0
  98 003c 00000000 		.word	_Min_Stack_Size
  99 0040 00000000 		.word	_estack
 100 0044 00000000 		.word	_end
 101              		.cfi_endproc
 102              	.LFE0:
 104              		.section	.bss.heap_end.0,"aw",%nobits
 105              		.align	2
 108              	heap_end.0:
 109 0000 00000000 		.space	4
 110              		.text
 111              	.Letext0:
 112              		.file 2 "/usr/lib/gcc/arm-none-eabi/13.2.1/include/stddef.h"
 113              		.file 3 "/usr/lib/gcc/arm-none-eabi/13.2.1/include/stdint.h"
 114              		.file 4 "/usr/include/newlib/sys/errno.h"
ARM GAS  /tmp/ccYV3qS5.s 			page 4


DEFINED SYMBOLS
                            *ABS*:00000000 sysmem.c
     /tmp/ccYV3qS5.s:21     .text._sbrk:00000000 $t
     /tmp/ccYV3qS5.s:27     .text._sbrk:00000000 _sbrk
     /tmp/ccYV3qS5.s:97     .text._sbrk:00000038 $d
     /tmp/ccYV3qS5.s:108    .bss.heap_end.0:00000000 heap_end.0
     /tmp/ccYV3qS5.s:105    .bss.heap_end.0:00000000 $d
                           .group:00000000 wm4.0.a2c88c0e0e60094af2c84dce921779d2
                           .group:00000000 wm4.errno.h.2.ba016d646105af6cad23be83630b6a3f
                           .group:00000000 wm4._newlib_version.h.4.411db44ea2338a62eca2f0777f81481b
                           .group:00000000 wm4.newlib.h.27.c836a31b4651d2e2221512767dba946d
                           .group:00000000 wm4.ieeefp.h.77.5ad60f72ea25fc152400b550ac118212
                           .group:00000000 wm4.features.h.22.4e5514d51694f64cae235f84d9e565a5
                           .group:00000000 wm4.config.h.224.88344135d9de3e7ea139102cd6493448
                           .group:00000000 wm4._ansi.h.31.de524f58584151836e90d8620a16f8e8
                           .group:00000000 wm4.stddef.h.39.0dc9006b34572d4d9cae4c8b422c4971
                           .group:00000000 wm4._default_types.h.6.959254cf5f09734ea7516c89e8bb21bd
                           .group:00000000 wm4.cdefs.h.49.70fc7af612f78ddcace70fdd90b5623b
                           .group:00000000 wm4._types.h.20.dd0d04dca3800a0d2a6129b87f3adbb2
                           .group:00000000 wm4.stddef.h.158.6f8e08a347b1cff664332fa350bfceb3
                           .group:00000000 wm4._types.h.127.3bdfe3ff8ea2d0985b03d9cbe93480e3
                           .group:00000000 wm4.reent.h.18.25503cdc8b7e55dd0d6ea7b3e5af7a03
                           .group:00000000 wm4.lock.h.2.c0958401bd0ce484d507ee19aacab817
                           .group:00000000 wm4.reent.h.78.ffae6115d9409cbff6542f042d93715e
                           .group:00000000 wm4.assert.h.11.db24e541f16414db224bf986d21017e2
                           .group:00000000 wm4.reent.h.460.dc5a3362e34409fa841b38093e890350
                           .group:00000000 wm4.errno.h.18.87873c1c5b242e8a4fdc43daa9aad824
                           .group:00000000 wm4.stdint.h.29.6d480f4ba0f60596e88234283d42444f

UNDEFINED SYMBOLS
__errno
_Min_Stack_Size
_estack
_end
