ARM GAS  /tmp/ccZicVlk.s 			page 1


   1              		.cpu cortex-m4
   2              		.arch armv7e-m
   3              		.fpu fpv4-sp-d16
   4              		.eabi_attribute 27, 1
   5              		.eabi_attribute 28, 1
   6              		.eabi_attribute 20, 1
   7              		.eabi_attribute 21, 1
   8              		.eabi_attribute 23, 3
   9              		.eabi_attribute 24, 1
  10              		.eabi_attribute 25, 1
  11              		.eabi_attribute 26, 1
  12              		.eabi_attribute 30, 1
  13              		.eabi_attribute 34, 1
  14              		.eabi_attribute 18, 4
  15              		.file	"usbh_diskio.c"
  16              		.text
  17              	.Ltext0:
  18              		.cfi_sections	.debug_frame
  19              		.file 1 "FATFS/Target/usbh_diskio.c"
  20              		.section	.text.USBH_initialize,"ax",%progbits
  21              		.align	1
  22              		.global	USBH_initialize
  23              		.syntax unified
  24              		.thumb
  25              		.thumb_func
  27              	USBH_initialize:
  28              	.LVL0:
  29              	.LFB219:
   1:FATFS/Target/usbh_diskio.c **** /* USER CODE BEGIN Header */
   2:FATFS/Target/usbh_diskio.c **** /**
   3:FATFS/Target/usbh_diskio.c ****   ******************************************************************************
   4:FATFS/Target/usbh_diskio.c ****   * @file    usbh_diskio.c (based on usbh_diskio_template.c v2.0.2)
   5:FATFS/Target/usbh_diskio.c ****   * @brief   USB Host Disk I/O driver
   6:FATFS/Target/usbh_diskio.c ****   ******************************************************************************
   7:FATFS/Target/usbh_diskio.c ****   * @attention
   8:FATFS/Target/usbh_diskio.c ****   *
   9:FATFS/Target/usbh_diskio.c ****   * Copyright (c) 2022 STMicroelectronics.
  10:FATFS/Target/usbh_diskio.c ****   * All rights reserved.
  11:FATFS/Target/usbh_diskio.c ****   *
  12:FATFS/Target/usbh_diskio.c ****   * This software is licensed under terms that can be found in the LICENSE file
  13:FATFS/Target/usbh_diskio.c ****   * in the root directory of this software component.
  14:FATFS/Target/usbh_diskio.c ****   * If no LICENSE file comes with this software, it is provided AS-IS.
  15:FATFS/Target/usbh_diskio.c ****   *
  16:FATFS/Target/usbh_diskio.c ****   ******************************************************************************
  17:FATFS/Target/usbh_diskio.c ****   */
  18:FATFS/Target/usbh_diskio.c **** /* USER CODE END Header */
  19:FATFS/Target/usbh_diskio.c **** /* USER CODE BEGIN firstSection */
  20:FATFS/Target/usbh_diskio.c **** /* can be used to modify / undefine following code or add new definitions */
  21:FATFS/Target/usbh_diskio.c **** /* USER CODE END firstSection */
  22:FATFS/Target/usbh_diskio.c **** 
  23:FATFS/Target/usbh_diskio.c **** /* Includes ------------------------------------------------------------------*/
  24:FATFS/Target/usbh_diskio.c **** #include "ff_gen_drv.h"
  25:FATFS/Target/usbh_diskio.c **** #include "usbh_diskio.h"
  26:FATFS/Target/usbh_diskio.c **** 
  27:FATFS/Target/usbh_diskio.c **** /* Private typedef -----------------------------------------------------------*/
  28:FATFS/Target/usbh_diskio.c **** /* Private define ------------------------------------------------------------*/
  29:FATFS/Target/usbh_diskio.c **** 
ARM GAS  /tmp/ccZicVlk.s 			page 2


  30:FATFS/Target/usbh_diskio.c **** #define USB_DEFAULT_BLOCK_SIZE 512
  31:FATFS/Target/usbh_diskio.c **** 
  32:FATFS/Target/usbh_diskio.c **** /* Private variables ---------------------------------------------------------*/
  33:FATFS/Target/usbh_diskio.c **** extern USBH_HandleTypeDef  hUSB_Host;
  34:FATFS/Target/usbh_diskio.c **** 
  35:FATFS/Target/usbh_diskio.c **** /* Private function prototypes -----------------------------------------------*/
  36:FATFS/Target/usbh_diskio.c **** DSTATUS USBH_initialize (BYTE);
  37:FATFS/Target/usbh_diskio.c **** DSTATUS USBH_status (BYTE);
  38:FATFS/Target/usbh_diskio.c **** DRESULT USBH_read (BYTE, BYTE*, DWORD, UINT);
  39:FATFS/Target/usbh_diskio.c **** 
  40:FATFS/Target/usbh_diskio.c **** #if _USE_WRITE == 1
  41:FATFS/Target/usbh_diskio.c ****   DRESULT USBH_write (BYTE, const BYTE*, DWORD, UINT);
  42:FATFS/Target/usbh_diskio.c **** #endif /* _USE_WRITE == 1 */
  43:FATFS/Target/usbh_diskio.c **** 
  44:FATFS/Target/usbh_diskio.c **** #if _USE_IOCTL == 1
  45:FATFS/Target/usbh_diskio.c ****   DRESULT USBH_ioctl (BYTE, BYTE, void*);
  46:FATFS/Target/usbh_diskio.c **** #endif /* _USE_IOCTL == 1 */
  47:FATFS/Target/usbh_diskio.c **** 
  48:FATFS/Target/usbh_diskio.c **** const Diskio_drvTypeDef  USBH_Driver =
  49:FATFS/Target/usbh_diskio.c **** {
  50:FATFS/Target/usbh_diskio.c ****   USBH_initialize,
  51:FATFS/Target/usbh_diskio.c ****   USBH_status,
  52:FATFS/Target/usbh_diskio.c ****   USBH_read,
  53:FATFS/Target/usbh_diskio.c **** #if  _USE_WRITE == 1
  54:FATFS/Target/usbh_diskio.c ****   USBH_write,
  55:FATFS/Target/usbh_diskio.c **** #endif /* _USE_WRITE == 1 */
  56:FATFS/Target/usbh_diskio.c **** #if  _USE_IOCTL == 1
  57:FATFS/Target/usbh_diskio.c ****   USBH_ioctl,
  58:FATFS/Target/usbh_diskio.c **** #endif /* _USE_IOCTL == 1 */
  59:FATFS/Target/usbh_diskio.c **** };
  60:FATFS/Target/usbh_diskio.c **** 
  61:FATFS/Target/usbh_diskio.c **** /* USER CODE BEGIN beforeFunctionSection */
  62:FATFS/Target/usbh_diskio.c **** /* can be used to modify / undefine following code or add new code */
  63:FATFS/Target/usbh_diskio.c **** /* USER CODE END beforeFunctionSection */
  64:FATFS/Target/usbh_diskio.c **** 
  65:FATFS/Target/usbh_diskio.c **** /* Private functions ---------------------------------------------------------*/
  66:FATFS/Target/usbh_diskio.c **** 
  67:FATFS/Target/usbh_diskio.c **** /**
  68:FATFS/Target/usbh_diskio.c ****   * @brief  Initializes a Drive
  69:FATFS/Target/usbh_diskio.c ****   * @param  lun : lun id
  70:FATFS/Target/usbh_diskio.c ****   * @retval DSTATUS: Operation status
  71:FATFS/Target/usbh_diskio.c ****   */
  72:FATFS/Target/usbh_diskio.c **** DSTATUS USBH_initialize(BYTE lun)
  73:FATFS/Target/usbh_diskio.c **** {
  30              		.loc 1 73 1 view -0
  31              		.cfi_startproc
  32              		@ args = 0, pretend = 0, frame = 0
  33              		@ frame_needed = 0, uses_anonymous_args = 0
  34              		@ link register save eliminated.
  74:FATFS/Target/usbh_diskio.c ****   /* CAUTION : USB Host library has to be initialized in the application */
  75:FATFS/Target/usbh_diskio.c **** 
  76:FATFS/Target/usbh_diskio.c ****   return RES_OK;
  35              		.loc 1 76 3 view .LVU1
  77:FATFS/Target/usbh_diskio.c **** }
  36              		.loc 1 77 1 is_stmt 0 view .LVU2
  37 0000 0020     		movs	r0, #0
  38              	.LVL1:
ARM GAS  /tmp/ccZicVlk.s 			page 3


  39              		.loc 1 77 1 view .LVU3
  40 0002 7047     		bx	lr
  41              		.cfi_endproc
  42              	.LFE219:
  44              		.section	.text.USBH_status,"ax",%progbits
  45              		.align	1
  46              		.global	USBH_status
  47              		.syntax unified
  48              		.thumb
  49              		.thumb_func
  51              	USBH_status:
  52              	.LVL2:
  53              	.LFB220:
  78:FATFS/Target/usbh_diskio.c **** 
  79:FATFS/Target/usbh_diskio.c **** /**
  80:FATFS/Target/usbh_diskio.c ****   * @brief  Gets Disk Status
  81:FATFS/Target/usbh_diskio.c ****   * @param  lun : lun id
  82:FATFS/Target/usbh_diskio.c ****   * @retval DSTATUS: Operation status
  83:FATFS/Target/usbh_diskio.c ****   */
  84:FATFS/Target/usbh_diskio.c **** DSTATUS USBH_status(BYTE lun)
  85:FATFS/Target/usbh_diskio.c **** {
  54              		.loc 1 85 1 is_stmt 1 view -0
  55              		.cfi_startproc
  56              		@ args = 0, pretend = 0, frame = 0
  57              		@ frame_needed = 0, uses_anonymous_args = 0
  58              		.loc 1 85 1 is_stmt 0 view .LVU5
  59 0000 08B5     		push	{r3, lr}
  60              		.cfi_def_cfa_offset 8
  61              		.cfi_offset 3, -8
  62              		.cfi_offset 14, -4
  63 0002 0146     		mov	r1, r0
  86:FATFS/Target/usbh_diskio.c ****   DRESULT res = RES_ERROR;
  64              		.loc 1 86 3 is_stmt 1 view .LVU6
  65              	.LVL3:
  87:FATFS/Target/usbh_diskio.c **** 
  88:FATFS/Target/usbh_diskio.c ****   if(USBH_MSC_UnitIsReady(&hUSB_Host, lun))
  66              		.loc 1 88 3 view .LVU7
  67              		.loc 1 88 6 is_stmt 0 view .LVU8
  68 0004 0348     		ldr	r0, .L6
  69              	.LVL4:
  70              		.loc 1 88 6 view .LVU9
  71 0006 FFF7FEFF 		bl	USBH_MSC_UnitIsReady
  72              	.LVL5:
  73              		.loc 1 88 5 discriminator 1 view .LVU10
  74 000a 08B1     		cbz	r0, .L4
  89:FATFS/Target/usbh_diskio.c ****   {
  90:FATFS/Target/usbh_diskio.c ****     res = RES_OK;
  75              		.loc 1 90 9 view .LVU11
  76 000c 0020     		movs	r0, #0
  77              	.L3:
  78              	.LVL6:
  91:FATFS/Target/usbh_diskio.c ****   }
  92:FATFS/Target/usbh_diskio.c ****   else
  93:FATFS/Target/usbh_diskio.c ****   {
  94:FATFS/Target/usbh_diskio.c ****     res = RES_ERROR;
  95:FATFS/Target/usbh_diskio.c ****   }
  96:FATFS/Target/usbh_diskio.c **** 
ARM GAS  /tmp/ccZicVlk.s 			page 4


  97:FATFS/Target/usbh_diskio.c ****   return res;
  79              		.loc 1 97 3 is_stmt 1 view .LVU12
  98:FATFS/Target/usbh_diskio.c **** }
  80              		.loc 1 98 1 is_stmt 0 view .LVU13
  81 000e 08BD     		pop	{r3, pc}
  82              	.LVL7:
  83              	.L4:
  94:FATFS/Target/usbh_diskio.c ****   }
  84              		.loc 1 94 9 view .LVU14
  85 0010 0120     		movs	r0, #1
  86 0012 FCE7     		b	.L3
  87              	.L7:
  88              		.align	2
  89              	.L6:
  90 0014 00000000 		.word	hUsbHostFS
  91              		.cfi_endproc
  92              	.LFE220:
  94              		.section	.text.USBH_read,"ax",%progbits
  95              		.align	1
  96              		.global	USBH_read
  97              		.syntax unified
  98              		.thumb
  99              		.thumb_func
 101              	USBH_read:
 102              	.LVL8:
 103              	.LFB221:
  99:FATFS/Target/usbh_diskio.c **** 
 100:FATFS/Target/usbh_diskio.c **** /* USER CODE BEGIN beforeReadSection */
 101:FATFS/Target/usbh_diskio.c **** /* can be used to modify previous code / undefine following code / add new code */
 102:FATFS/Target/usbh_diskio.c **** /* USER CODE END beforeReadSection */
 103:FATFS/Target/usbh_diskio.c **** 
 104:FATFS/Target/usbh_diskio.c **** /**
 105:FATFS/Target/usbh_diskio.c ****   * @brief  Reads Sector(s)
 106:FATFS/Target/usbh_diskio.c ****   * @param  lun : lun id
 107:FATFS/Target/usbh_diskio.c ****   * @param  *buff: Data buffer to store read data
 108:FATFS/Target/usbh_diskio.c ****   * @param  sector: Sector address (LBA)
 109:FATFS/Target/usbh_diskio.c ****   * @param  count: Number of sectors to read (1..128)
 110:FATFS/Target/usbh_diskio.c ****   * @retval DRESULT: Operation result
 111:FATFS/Target/usbh_diskio.c ****   */
 112:FATFS/Target/usbh_diskio.c **** DRESULT USBH_read(BYTE lun, BYTE *buff, DWORD sector, UINT count)
 113:FATFS/Target/usbh_diskio.c **** {
 104              		.loc 1 113 1 is_stmt 1 view -0
 105              		.cfi_startproc
 106              		@ args = 0, pretend = 0, frame = 56
 107              		@ frame_needed = 0, uses_anonymous_args = 0
 108              		.loc 1 113 1 is_stmt 0 view .LVU16
 109 0000 10B5     		push	{r4, lr}
 110              		.cfi_def_cfa_offset 8
 111              		.cfi_offset 4, -8
 112              		.cfi_offset 14, -4
 113 0002 90B0     		sub	sp, sp, #64
 114              		.cfi_def_cfa_offset 72
 115 0004 0446     		mov	r4, r0
 114:FATFS/Target/usbh_diskio.c ****   DRESULT res = RES_ERROR;
 116              		.loc 1 114 3 is_stmt 1 view .LVU17
 117              	.LVL9:
 115:FATFS/Target/usbh_diskio.c ****   MSC_LUNTypeDef info;
ARM GAS  /tmp/ccZicVlk.s 			page 5


 118              		.loc 1 115 3 view .LVU18
 116:FATFS/Target/usbh_diskio.c **** 
 117:FATFS/Target/usbh_diskio.c ****   if(USBH_MSC_Read(&hUSB_Host, lun, sector, buff, count) == USBH_OK)
 119              		.loc 1 117 3 view .LVU19
 120              		.loc 1 117 6 is_stmt 0 view .LVU20
 121 0006 0093     		str	r3, [sp]
 122 0008 0B46     		mov	r3, r1
 123              	.LVL10:
 124              		.loc 1 117 6 view .LVU21
 125 000a 0146     		mov	r1, r0
 126              	.LVL11:
 127              		.loc 1 117 6 view .LVU22
 128 000c 0D48     		ldr	r0, .L16
 129              	.LVL12:
 130              		.loc 1 117 6 view .LVU23
 131 000e FFF7FEFF 		bl	USBH_MSC_Read
 132              	.LVL13:
 133              		.loc 1 117 5 discriminator 1 view .LVU24
 134 0012 08B9     		cbnz	r0, .L14
 135              	.L9:
 136              	.LVL14:
 118:FATFS/Target/usbh_diskio.c ****   {
 119:FATFS/Target/usbh_diskio.c ****     res = RES_OK;
 120:FATFS/Target/usbh_diskio.c ****   }
 121:FATFS/Target/usbh_diskio.c ****   else
 122:FATFS/Target/usbh_diskio.c ****   {
 123:FATFS/Target/usbh_diskio.c ****     USBH_MSC_GetLUNInfo(&hUSB_Host, lun, &info);
 124:FATFS/Target/usbh_diskio.c **** 
 125:FATFS/Target/usbh_diskio.c ****     switch (info.sense.asc)
 126:FATFS/Target/usbh_diskio.c ****     {
 127:FATFS/Target/usbh_diskio.c ****     case SCSI_ASC_LOGICAL_UNIT_NOT_READY:
 128:FATFS/Target/usbh_diskio.c ****     case SCSI_ASC_MEDIUM_NOT_PRESENT:
 129:FATFS/Target/usbh_diskio.c ****     case SCSI_ASC_NOT_READY_TO_READY_CHANGE:
 130:FATFS/Target/usbh_diskio.c ****       USBH_ErrLog ("USB Disk is not ready!");
 131:FATFS/Target/usbh_diskio.c ****       res = RES_NOTRDY;
 132:FATFS/Target/usbh_diskio.c ****       break;
 133:FATFS/Target/usbh_diskio.c **** 
 134:FATFS/Target/usbh_diskio.c ****     default:
 135:FATFS/Target/usbh_diskio.c ****       res = RES_ERROR;
 136:FATFS/Target/usbh_diskio.c ****       break;
 137:FATFS/Target/usbh_diskio.c ****     }
 138:FATFS/Target/usbh_diskio.c ****   }
 139:FATFS/Target/usbh_diskio.c **** 
 140:FATFS/Target/usbh_diskio.c ****   return res;
 137              		.loc 1 140 3 is_stmt 1 view .LVU25
 141:FATFS/Target/usbh_diskio.c **** }
 138              		.loc 1 141 1 is_stmt 0 view .LVU26
 139 0014 10B0     		add	sp, sp, #64
 140              		.cfi_remember_state
 141              		.cfi_def_cfa_offset 8
 142              		@ sp needed
 143 0016 10BD     		pop	{r4, pc}
 144              	.LVL15:
 145              	.L14:
 146              		.cfi_restore_state
 123:FATFS/Target/usbh_diskio.c **** 
 147              		.loc 1 123 5 is_stmt 1 view .LVU27
ARM GAS  /tmp/ccZicVlk.s 			page 6


 148 0018 03AA     		add	r2, sp, #12
 149 001a 2146     		mov	r1, r4
 150 001c 0948     		ldr	r0, .L16
 151 001e FFF7FEFF 		bl	USBH_MSC_GetLUNInfo
 152              	.LVL16:
 125:FATFS/Target/usbh_diskio.c ****     {
 153              		.loc 1 125 5 view .LVU28
 125:FATFS/Target/usbh_diskio.c ****     {
 154              		.loc 1 125 23 is_stmt 0 view .LVU29
 155 0022 9DF81930 		ldrb	r3, [sp, #25]	@ zero_extendqisi2
 125:FATFS/Target/usbh_diskio.c ****     {
 156              		.loc 1 125 5 view .LVU30
 157 0026 282B     		cmp	r3, #40
 158 0028 07D0     		beq	.L10
 159 002a 3A2B     		cmp	r3, #58
 160 002c 07D0     		beq	.L11
 161 002e 042B     		cmp	r3, #4
 162 0030 01D0     		beq	.L15
 135:FATFS/Target/usbh_diskio.c ****       break;
 163              		.loc 1 135 11 view .LVU31
 164 0032 0120     		movs	r0, #1
 165 0034 EEE7     		b	.L9
 166              	.L15:
 125:FATFS/Target/usbh_diskio.c ****     {
 167              		.loc 1 125 5 view .LVU32
 168 0036 0320     		movs	r0, #3
 169 0038 ECE7     		b	.L9
 170              	.L10:
 171 003a 0320     		movs	r0, #3
 172 003c EAE7     		b	.L9
 173              	.L11:
 174 003e 0320     		movs	r0, #3
 175 0040 E8E7     		b	.L9
 176              	.L17:
 177 0042 00BF     		.align	2
 178              	.L16:
 179 0044 00000000 		.word	hUsbHostFS
 180              		.cfi_endproc
 181              	.LFE221:
 183              		.section	.text.USBH_ioctl,"ax",%progbits
 184              		.align	1
 185              		.global	USBH_ioctl
 186              		.syntax unified
 187              		.thumb
 188              		.thumb_func
 190              	USBH_ioctl:
 191              	.LVL17:
 192              	.LFB223:
 142:FATFS/Target/usbh_diskio.c **** 
 143:FATFS/Target/usbh_diskio.c **** /* USER CODE BEGIN beforeWriteSection */
 144:FATFS/Target/usbh_diskio.c **** /* can be used to modify previous code / undefine following code / add new code */
 145:FATFS/Target/usbh_diskio.c **** /* USER CODE END beforeWriteSection */
 146:FATFS/Target/usbh_diskio.c **** 
 147:FATFS/Target/usbh_diskio.c **** /**
 148:FATFS/Target/usbh_diskio.c ****   * @brief  Writes Sector(s)
 149:FATFS/Target/usbh_diskio.c ****   * @param  lun : lun id
 150:FATFS/Target/usbh_diskio.c ****   * @param  *buff: Data to be written
ARM GAS  /tmp/ccZicVlk.s 			page 7


 151:FATFS/Target/usbh_diskio.c ****   * @param  sector: Sector address (LBA)
 152:FATFS/Target/usbh_diskio.c ****   * @param  count: Number of sectors to write (1..128)
 153:FATFS/Target/usbh_diskio.c ****   * @retval DRESULT: Operation result
 154:FATFS/Target/usbh_diskio.c ****   */
 155:FATFS/Target/usbh_diskio.c **** #if _USE_WRITE == 1
 156:FATFS/Target/usbh_diskio.c **** DRESULT USBH_write(BYTE lun, const BYTE *buff, DWORD sector, UINT count)
 157:FATFS/Target/usbh_diskio.c **** {
 158:FATFS/Target/usbh_diskio.c ****   DRESULT res = RES_ERROR;
 159:FATFS/Target/usbh_diskio.c ****   MSC_LUNTypeDef info;
 160:FATFS/Target/usbh_diskio.c **** 
 161:FATFS/Target/usbh_diskio.c ****   if(USBH_MSC_Write(&hUSB_Host, lun, sector, (BYTE *)buff, count) == USBH_OK)
 162:FATFS/Target/usbh_diskio.c ****   {
 163:FATFS/Target/usbh_diskio.c ****     res = RES_OK;
 164:FATFS/Target/usbh_diskio.c ****   }
 165:FATFS/Target/usbh_diskio.c ****   else
 166:FATFS/Target/usbh_diskio.c ****   {
 167:FATFS/Target/usbh_diskio.c ****     USBH_MSC_GetLUNInfo(&hUSB_Host, lun, &info);
 168:FATFS/Target/usbh_diskio.c **** 
 169:FATFS/Target/usbh_diskio.c ****     switch (info.sense.asc)
 170:FATFS/Target/usbh_diskio.c ****     {
 171:FATFS/Target/usbh_diskio.c ****     case SCSI_ASC_WRITE_PROTECTED:
 172:FATFS/Target/usbh_diskio.c ****       USBH_ErrLog("USB Disk is Write protected!");
 173:FATFS/Target/usbh_diskio.c ****       res = RES_WRPRT;
 174:FATFS/Target/usbh_diskio.c ****       break;
 175:FATFS/Target/usbh_diskio.c **** 
 176:FATFS/Target/usbh_diskio.c ****     case SCSI_ASC_LOGICAL_UNIT_NOT_READY:
 177:FATFS/Target/usbh_diskio.c ****     case SCSI_ASC_MEDIUM_NOT_PRESENT:
 178:FATFS/Target/usbh_diskio.c ****     case SCSI_ASC_NOT_READY_TO_READY_CHANGE:
 179:FATFS/Target/usbh_diskio.c ****       USBH_ErrLog("USB Disk is not ready!");
 180:FATFS/Target/usbh_diskio.c ****       res = RES_NOTRDY;
 181:FATFS/Target/usbh_diskio.c ****       break;
 182:FATFS/Target/usbh_diskio.c **** 
 183:FATFS/Target/usbh_diskio.c ****     default:
 184:FATFS/Target/usbh_diskio.c ****       res = RES_ERROR;
 185:FATFS/Target/usbh_diskio.c ****       break;
 186:FATFS/Target/usbh_diskio.c ****     }
 187:FATFS/Target/usbh_diskio.c ****   }
 188:FATFS/Target/usbh_diskio.c **** 
 189:FATFS/Target/usbh_diskio.c ****   return res;
 190:FATFS/Target/usbh_diskio.c **** }
 191:FATFS/Target/usbh_diskio.c **** #endif /* _USE_WRITE == 1 */
 192:FATFS/Target/usbh_diskio.c **** 
 193:FATFS/Target/usbh_diskio.c **** /* USER CODE BEGIN beforeIoctlSection */
 194:FATFS/Target/usbh_diskio.c **** /* can be used to modify previous code / undefine following code / add new code */
 195:FATFS/Target/usbh_diskio.c **** /* USER CODE END beforeIoctlSection */
 196:FATFS/Target/usbh_diskio.c **** 
 197:FATFS/Target/usbh_diskio.c **** /**
 198:FATFS/Target/usbh_diskio.c ****   * @brief  I/O control operation
 199:FATFS/Target/usbh_diskio.c ****   * @param  lun : lun id
 200:FATFS/Target/usbh_diskio.c ****   * @param  cmd: Control code
 201:FATFS/Target/usbh_diskio.c ****   * @param  *buff: Buffer to send/receive control data
 202:FATFS/Target/usbh_diskio.c ****   * @retval DRESULT: Operation result
 203:FATFS/Target/usbh_diskio.c ****   */
 204:FATFS/Target/usbh_diskio.c **** #if _USE_IOCTL == 1
 205:FATFS/Target/usbh_diskio.c **** DRESULT USBH_ioctl(BYTE lun, BYTE cmd, void *buff)
 206:FATFS/Target/usbh_diskio.c **** {
 193              		.loc 1 206 1 is_stmt 1 view -0
ARM GAS  /tmp/ccZicVlk.s 			page 8


 194              		.cfi_startproc
 195              		@ args = 0, pretend = 0, frame = 56
 196              		@ frame_needed = 0, uses_anonymous_args = 0
 197              		.loc 1 206 1 is_stmt 0 view .LVU34
 198 0000 30B5     		push	{r4, r5, lr}
 199              		.cfi_def_cfa_offset 12
 200              		.cfi_offset 4, -12
 201              		.cfi_offset 5, -8
 202              		.cfi_offset 14, -4
 203 0002 8FB0     		sub	sp, sp, #60
 204              		.cfi_def_cfa_offset 72
 205 0004 0C46     		mov	r4, r1
 206 0006 1546     		mov	r5, r2
 207:FATFS/Target/usbh_diskio.c ****   DRESULT res = RES_ERROR;
 207              		.loc 1 207 3 is_stmt 1 view .LVU35
 208              	.LVL18:
 208:FATFS/Target/usbh_diskio.c ****   MSC_LUNTypeDef info;
 209              		.loc 1 208 3 view .LVU36
 209:FATFS/Target/usbh_diskio.c **** 
 210:FATFS/Target/usbh_diskio.c ****   switch (cmd)
 210              		.loc 1 210 3 view .LVU37
 211 0008 0329     		cmp	r1, #3
 212 000a 24D8     		bhi	.L25
 213 000c DFE801F0 		tbb	[pc, r1]
 214              	.L21:
 215 0010 02       		.byte	(.L24-.L21)/2
 216 0011 05       		.byte	(.L23-.L21)/2
 217 0012 0E       		.byte	(.L22-.L21)/2
 218 0013 18       		.byte	(.L20-.L21)/2
 219              		.p2align 1
 220              	.L24:
 221 0014 0846     		mov	r0, r1
 222              	.LVL19:
 223              	.L19:
 211:FATFS/Target/usbh_diskio.c ****   {
 212:FATFS/Target/usbh_diskio.c ****   /* Make sure that no pending write process */
 213:FATFS/Target/usbh_diskio.c ****   case CTRL_SYNC:
 214:FATFS/Target/usbh_diskio.c ****     res = RES_OK;
 215:FATFS/Target/usbh_diskio.c ****     break;
 216:FATFS/Target/usbh_diskio.c **** 
 217:FATFS/Target/usbh_diskio.c ****   /* Get number of sectors on the disk (DWORD) */
 218:FATFS/Target/usbh_diskio.c ****   case GET_SECTOR_COUNT :
 219:FATFS/Target/usbh_diskio.c ****     if(USBH_MSC_GetLUNInfo(&hUSB_Host, lun, &info) == USBH_OK)
 220:FATFS/Target/usbh_diskio.c ****     {
 221:FATFS/Target/usbh_diskio.c ****       *(DWORD*)buff = info.capacity.block_nbr;
 222:FATFS/Target/usbh_diskio.c ****       res = RES_OK;
 223:FATFS/Target/usbh_diskio.c ****     }
 224:FATFS/Target/usbh_diskio.c ****     else
 225:FATFS/Target/usbh_diskio.c ****     {
 226:FATFS/Target/usbh_diskio.c ****       res = RES_ERROR;
 227:FATFS/Target/usbh_diskio.c ****     }
 228:FATFS/Target/usbh_diskio.c ****     break;
 229:FATFS/Target/usbh_diskio.c **** 
 230:FATFS/Target/usbh_diskio.c ****   /* Get R/W sector size (WORD) */
 231:FATFS/Target/usbh_diskio.c ****   case GET_SECTOR_SIZE :
 232:FATFS/Target/usbh_diskio.c ****     if(USBH_MSC_GetLUNInfo(&hUSB_Host, lun, &info) == USBH_OK)
 233:FATFS/Target/usbh_diskio.c ****     {
ARM GAS  /tmp/ccZicVlk.s 			page 9


 234:FATFS/Target/usbh_diskio.c ****       *(DWORD*)buff = info.capacity.block_size;
 235:FATFS/Target/usbh_diskio.c ****       res = RES_OK;
 236:FATFS/Target/usbh_diskio.c ****     }
 237:FATFS/Target/usbh_diskio.c ****     else
 238:FATFS/Target/usbh_diskio.c ****     {
 239:FATFS/Target/usbh_diskio.c ****       res = RES_ERROR;
 240:FATFS/Target/usbh_diskio.c ****     }
 241:FATFS/Target/usbh_diskio.c ****     break;
 242:FATFS/Target/usbh_diskio.c **** 
 243:FATFS/Target/usbh_diskio.c ****     /* Get erase block size in unit of sector (DWORD) */
 244:FATFS/Target/usbh_diskio.c ****   case GET_BLOCK_SIZE :
 245:FATFS/Target/usbh_diskio.c **** 
 246:FATFS/Target/usbh_diskio.c ****     if(USBH_MSC_GetLUNInfo(&hUSB_Host, lun, &info) == USBH_OK)
 247:FATFS/Target/usbh_diskio.c ****     {
 248:FATFS/Target/usbh_diskio.c ****       *(DWORD*)buff = info.capacity.block_size / USB_DEFAULT_BLOCK_SIZE;
 249:FATFS/Target/usbh_diskio.c ****       res = RES_OK;
 250:FATFS/Target/usbh_diskio.c ****     }
 251:FATFS/Target/usbh_diskio.c ****     else
 252:FATFS/Target/usbh_diskio.c ****     {
 253:FATFS/Target/usbh_diskio.c ****       res = RES_ERROR;
 254:FATFS/Target/usbh_diskio.c ****     }
 255:FATFS/Target/usbh_diskio.c ****     break;
 256:FATFS/Target/usbh_diskio.c **** 
 257:FATFS/Target/usbh_diskio.c ****   default:
 258:FATFS/Target/usbh_diskio.c ****     res = RES_PARERR;
 259:FATFS/Target/usbh_diskio.c ****   }
 260:FATFS/Target/usbh_diskio.c **** 
 261:FATFS/Target/usbh_diskio.c ****   return res;
 224              		.loc 1 261 3 view .LVU38
 262:FATFS/Target/usbh_diskio.c **** }
 225              		.loc 1 262 1 is_stmt 0 view .LVU39
 226 0016 0FB0     		add	sp, sp, #60
 227              		.cfi_remember_state
 228              		.cfi_def_cfa_offset 12
 229              		@ sp needed
 230 0018 30BD     		pop	{r4, r5, pc}
 231              	.LVL20:
 232              	.L23:
 233              		.cfi_restore_state
 219:FATFS/Target/usbh_diskio.c ****     {
 234              		.loc 1 219 5 is_stmt 1 view .LVU40
 219:FATFS/Target/usbh_diskio.c ****     {
 235              		.loc 1 219 8 is_stmt 0 view .LVU41
 236 001a 01AA     		add	r2, sp, #4
 237              	.LVL21:
 219:FATFS/Target/usbh_diskio.c ****     {
 238              		.loc 1 219 8 view .LVU42
 239 001c 0146     		mov	r1, r0
 240              	.LVL22:
 219:FATFS/Target/usbh_diskio.c ****     {
 241              		.loc 1 219 8 view .LVU43
 242 001e 1248     		ldr	r0, .L30
 243              	.LVL23:
 219:FATFS/Target/usbh_diskio.c ****     {
 244              		.loc 1 219 8 view .LVU44
 245 0020 FFF7FEFF 		bl	USBH_MSC_GetLUNInfo
 246              	.LVL24:
ARM GAS  /tmp/ccZicVlk.s 			page 10


 219:FATFS/Target/usbh_diskio.c ****     {
 247              		.loc 1 219 7 discriminator 1 view .LVU45
 248 0024 C8B9     		cbnz	r0, .L26
 221:FATFS/Target/usbh_diskio.c ****       res = RES_OK;
 249              		.loc 1 221 7 is_stmt 1 view .LVU46
 221:FATFS/Target/usbh_diskio.c ****       res = RES_OK;
 250              		.loc 1 221 36 is_stmt 0 view .LVU47
 251 0026 029B     		ldr	r3, [sp, #8]
 221:FATFS/Target/usbh_diskio.c ****       res = RES_OK;
 252              		.loc 1 221 21 view .LVU48
 253 0028 2B60     		str	r3, [r5]
 222:FATFS/Target/usbh_diskio.c ****     }
 254              		.loc 1 222 7 is_stmt 1 view .LVU49
 255              	.LVL25:
 222:FATFS/Target/usbh_diskio.c ****     }
 256              		.loc 1 222 7 is_stmt 0 view .LVU50
 257 002a F4E7     		b	.L19
 258              	.LVL26:
 259              	.L22:
 232:FATFS/Target/usbh_diskio.c ****     {
 260              		.loc 1 232 5 is_stmt 1 view .LVU51
 232:FATFS/Target/usbh_diskio.c ****     {
 261              		.loc 1 232 8 is_stmt 0 view .LVU52
 262 002c 01AA     		add	r2, sp, #4
 263              	.LVL27:
 232:FATFS/Target/usbh_diskio.c ****     {
 264              		.loc 1 232 8 view .LVU53
 265 002e 0146     		mov	r1, r0
 266              	.LVL28:
 232:FATFS/Target/usbh_diskio.c ****     {
 267              		.loc 1 232 8 view .LVU54
 268 0030 0D48     		ldr	r0, .L30
 269              	.LVL29:
 232:FATFS/Target/usbh_diskio.c ****     {
 270              		.loc 1 232 8 view .LVU55
 271 0032 FFF7FEFF 		bl	USBH_MSC_GetLUNInfo
 272              	.LVL30:
 232:FATFS/Target/usbh_diskio.c ****     {
 273              		.loc 1 232 7 discriminator 1 view .LVU56
 274 0036 90B9     		cbnz	r0, .L27
 234:FATFS/Target/usbh_diskio.c ****       res = RES_OK;
 275              		.loc 1 234 7 is_stmt 1 view .LVU57
 234:FATFS/Target/usbh_diskio.c ****       res = RES_OK;
 276              		.loc 1 234 36 is_stmt 0 view .LVU58
 277 0038 BDF80C30 		ldrh	r3, [sp, #12]
 234:FATFS/Target/usbh_diskio.c ****       res = RES_OK;
 278              		.loc 1 234 21 view .LVU59
 279 003c 2B60     		str	r3, [r5]
 235:FATFS/Target/usbh_diskio.c ****     }
 280              		.loc 1 235 7 is_stmt 1 view .LVU60
 281              	.LVL31:
 235:FATFS/Target/usbh_diskio.c ****     }
 282              		.loc 1 235 7 is_stmt 0 view .LVU61
 283 003e EAE7     		b	.L19
 284              	.LVL32:
 285              	.L20:
 246:FATFS/Target/usbh_diskio.c ****     {
ARM GAS  /tmp/ccZicVlk.s 			page 11


 286              		.loc 1 246 5 is_stmt 1 view .LVU62
 246:FATFS/Target/usbh_diskio.c ****     {
 287              		.loc 1 246 8 is_stmt 0 view .LVU63
 288 0040 01AA     		add	r2, sp, #4
 289              	.LVL33:
 246:FATFS/Target/usbh_diskio.c ****     {
 290              		.loc 1 246 8 view .LVU64
 291 0042 0146     		mov	r1, r0
 292              	.LVL34:
 246:FATFS/Target/usbh_diskio.c ****     {
 293              		.loc 1 246 8 view .LVU65
 294 0044 0848     		ldr	r0, .L30
 295              	.LVL35:
 246:FATFS/Target/usbh_diskio.c ****     {
 296              		.loc 1 246 8 view .LVU66
 297 0046 FFF7FEFF 		bl	USBH_MSC_GetLUNInfo
 298              	.LVL36:
 246:FATFS/Target/usbh_diskio.c ****     {
 299              		.loc 1 246 7 discriminator 1 view .LVU67
 300 004a 50B9     		cbnz	r0, .L28
 248:FATFS/Target/usbh_diskio.c ****       res = RES_OK;
 301              		.loc 1 248 7 is_stmt 1 view .LVU68
 248:FATFS/Target/usbh_diskio.c ****       res = RES_OK;
 302              		.loc 1 248 36 is_stmt 0 view .LVU69
 303 004c BDF80C30 		ldrh	r3, [sp, #12]
 248:FATFS/Target/usbh_diskio.c ****       res = RES_OK;
 304              		.loc 1 248 48 view .LVU70
 305 0050 5B0A     		lsrs	r3, r3, #9
 248:FATFS/Target/usbh_diskio.c ****       res = RES_OK;
 306              		.loc 1 248 21 view .LVU71
 307 0052 2B60     		str	r3, [r5]
 249:FATFS/Target/usbh_diskio.c ****     }
 308              		.loc 1 249 7 is_stmt 1 view .LVU72
 309              	.LVL37:
 249:FATFS/Target/usbh_diskio.c ****     }
 310              		.loc 1 249 7 is_stmt 0 view .LVU73
 311 0054 DFE7     		b	.L19
 312              	.LVL38:
 313              	.L25:
 258:FATFS/Target/usbh_diskio.c ****   }
 314              		.loc 1 258 9 view .LVU74
 315 0056 0420     		movs	r0, #4
 316              	.LVL39:
 258:FATFS/Target/usbh_diskio.c ****   }
 317              		.loc 1 258 9 view .LVU75
 318 0058 DDE7     		b	.L19
 319              	.LVL40:
 320              	.L26:
 226:FATFS/Target/usbh_diskio.c ****     }
 321              		.loc 1 226 11 view .LVU76
 322 005a 2046     		mov	r0, r4
 323 005c DBE7     		b	.L19
 324              	.L27:
 239:FATFS/Target/usbh_diskio.c ****     }
 325              		.loc 1 239 11 view .LVU77
 326 005e 0120     		movs	r0, #1
 327 0060 D9E7     		b	.L19
ARM GAS  /tmp/ccZicVlk.s 			page 12


 328              	.L28:
 253:FATFS/Target/usbh_diskio.c ****     }
 329              		.loc 1 253 11 view .LVU78
 330 0062 0120     		movs	r0, #1
 331 0064 D7E7     		b	.L19
 332              	.L31:
 333 0066 00BF     		.align	2
 334              	.L30:
 335 0068 00000000 		.word	hUsbHostFS
 336              		.cfi_endproc
 337              	.LFE223:
 339              		.section	.text.USBH_write,"ax",%progbits
 340              		.align	1
 341              		.global	USBH_write
 342              		.syntax unified
 343              		.thumb
 344              		.thumb_func
 346              	USBH_write:
 347              	.LVL41:
 348              	.LFB222:
 157:FATFS/Target/usbh_diskio.c ****   DRESULT res = RES_ERROR;
 349              		.loc 1 157 1 is_stmt 1 view -0
 350              		.cfi_startproc
 351              		@ args = 0, pretend = 0, frame = 56
 352              		@ frame_needed = 0, uses_anonymous_args = 0
 157:FATFS/Target/usbh_diskio.c ****   DRESULT res = RES_ERROR;
 353              		.loc 1 157 1 is_stmt 0 view .LVU80
 354 0000 10B5     		push	{r4, lr}
 355              		.cfi_def_cfa_offset 8
 356              		.cfi_offset 4, -8
 357              		.cfi_offset 14, -4
 358 0002 90B0     		sub	sp, sp, #64
 359              		.cfi_def_cfa_offset 72
 360 0004 0446     		mov	r4, r0
 158:FATFS/Target/usbh_diskio.c ****   MSC_LUNTypeDef info;
 361              		.loc 1 158 3 is_stmt 1 view .LVU81
 362              	.LVL42:
 159:FATFS/Target/usbh_diskio.c **** 
 363              		.loc 1 159 3 view .LVU82
 161:FATFS/Target/usbh_diskio.c ****   {
 364              		.loc 1 161 3 view .LVU83
 161:FATFS/Target/usbh_diskio.c ****   {
 365              		.loc 1 161 6 is_stmt 0 view .LVU84
 366 0006 0093     		str	r3, [sp]
 367 0008 0B46     		mov	r3, r1
 368              	.LVL43:
 161:FATFS/Target/usbh_diskio.c ****   {
 369              		.loc 1 161 6 view .LVU85
 370 000a 0146     		mov	r1, r0
 371              	.LVL44:
 161:FATFS/Target/usbh_diskio.c ****   {
 372              		.loc 1 161 6 view .LVU86
 373 000c 1048     		ldr	r0, .L44
 374              	.LVL45:
 161:FATFS/Target/usbh_diskio.c ****   {
 375              		.loc 1 161 6 view .LVU87
 376 000e FFF7FEFF 		bl	USBH_MSC_Write
ARM GAS  /tmp/ccZicVlk.s 			page 13


 377              	.LVL46:
 161:FATFS/Target/usbh_diskio.c ****   {
 378              		.loc 1 161 5 discriminator 1 view .LVU88
 379 0012 08B9     		cbnz	r0, .L40
 380              	.L33:
 381              	.LVL47:
 189:FATFS/Target/usbh_diskio.c **** }
 382              		.loc 1 189 3 is_stmt 1 view .LVU89
 190:FATFS/Target/usbh_diskio.c **** #endif /* _USE_WRITE == 1 */
 383              		.loc 1 190 1 is_stmt 0 view .LVU90
 384 0014 10B0     		add	sp, sp, #64
 385              		.cfi_remember_state
 386              		.cfi_def_cfa_offset 8
 387              		@ sp needed
 388 0016 10BD     		pop	{r4, pc}
 389              	.LVL48:
 390              	.L40:
 391              		.cfi_restore_state
 167:FATFS/Target/usbh_diskio.c **** 
 392              		.loc 1 167 5 is_stmt 1 view .LVU91
 393 0018 03AA     		add	r2, sp, #12
 394 001a 2146     		mov	r1, r4
 395 001c 0C48     		ldr	r0, .L44
 396 001e FFF7FEFF 		bl	USBH_MSC_GetLUNInfo
 397              	.LVL49:
 169:FATFS/Target/usbh_diskio.c ****     {
 398              		.loc 1 169 5 view .LVU92
 169:FATFS/Target/usbh_diskio.c ****     {
 399              		.loc 1 169 23 is_stmt 0 view .LVU93
 400 0022 9DF81930 		ldrb	r3, [sp, #25]	@ zero_extendqisi2
 169:FATFS/Target/usbh_diskio.c ****     {
 401              		.loc 1 169 5 view .LVU94
 402 0026 272B     		cmp	r3, #39
 403 0028 0ED0     		beq	.L35
 404 002a 05D9     		bls	.L41
 405 002c 282B     		cmp	r3, #40
 406 002e 0DD0     		beq	.L37
 407 0030 3A2B     		cmp	r3, #58
 408 0032 07D0     		beq	.L42
 184:FATFS/Target/usbh_diskio.c ****       break;
 409              		.loc 1 184 11 view .LVU95
 410 0034 0120     		movs	r0, #1
 411 0036 EDE7     		b	.L33
 412              	.L41:
 169:FATFS/Target/usbh_diskio.c ****     {
 413              		.loc 1 169 5 view .LVU96
 414 0038 042B     		cmp	r3, #4
 415 003a 01D0     		beq	.L43
 184:FATFS/Target/usbh_diskio.c ****       break;
 416              		.loc 1 184 11 view .LVU97
 417 003c 0120     		movs	r0, #1
 418 003e E9E7     		b	.L33
 419              	.L43:
 180:FATFS/Target/usbh_diskio.c ****       break;
 420              		.loc 1 180 11 view .LVU98
 421 0040 0320     		movs	r0, #3
 422 0042 E7E7     		b	.L33
ARM GAS  /tmp/ccZicVlk.s 			page 14


 423              	.L42:
 424 0044 0320     		movs	r0, #3
 425 0046 E5E7     		b	.L33
 426              	.L35:
 169:FATFS/Target/usbh_diskio.c ****     {
 427              		.loc 1 169 5 view .LVU99
 428 0048 0220     		movs	r0, #2
 429 004a E3E7     		b	.L33
 430              	.L37:
 180:FATFS/Target/usbh_diskio.c ****       break;
 431              		.loc 1 180 11 view .LVU100
 432 004c 0320     		movs	r0, #3
 433 004e E1E7     		b	.L33
 434              	.L45:
 435              		.align	2
 436              	.L44:
 437 0050 00000000 		.word	hUsbHostFS
 438              		.cfi_endproc
 439              	.LFE222:
 441              		.global	USBH_Driver
 442              		.section	.rodata.USBH_Driver,"a"
 443              		.align	2
 446              	USBH_Driver:
 447 0000 00000000 		.word	USBH_initialize
 448 0004 00000000 		.word	USBH_status
 449 0008 00000000 		.word	USBH_read
 450 000c 00000000 		.word	USBH_write
 451 0010 00000000 		.word	USBH_ioctl
 452              		.text
 453              	.Letext0:
 454              		.file 2 "Middlewares/Third_Party/FatFs/src/integer.h"
 455              		.file 3 "Middlewares/Third_Party/FatFs/src/diskio.h"
 456              		.file 4 "/usr/lib/gcc/arm-none-eabi/13.2.1/include/stdint.h"
 457              		.file 5 "Middlewares/ST/STM32_USB_Host_Library/Core/Inc/usbh_def.h"
 458              		.file 6 "Middlewares/ST/STM32_USB_Host_Library/Class/MSC/Inc/usbh_msc_scsi.h"
 459              		.file 7 "Middlewares/ST/STM32_USB_Host_Library/Class/MSC/Inc/usbh_msc.h"
 460              		.file 8 "Middlewares/Third_Party/FatFs/src/ff_gen_drv.h"
 461              		.file 9 "FATFS/Target/usbh_diskio.h"
ARM GAS  /tmp/ccZicVlk.s 			page 15


DEFINED SYMBOLS
                            *ABS*:00000000 usbh_diskio.c
     /tmp/ccZicVlk.s:21     .text.USBH_initialize:00000000 $t
     /tmp/ccZicVlk.s:27     .text.USBH_initialize:00000000 USBH_initialize
     /tmp/ccZicVlk.s:45     .text.USBH_status:00000000 $t
     /tmp/ccZicVlk.s:51     .text.USBH_status:00000000 USBH_status
     /tmp/ccZicVlk.s:90     .text.USBH_status:00000014 $d
     /tmp/ccZicVlk.s:95     .text.USBH_read:00000000 $t
     /tmp/ccZicVlk.s:101    .text.USBH_read:00000000 USBH_read
     /tmp/ccZicVlk.s:179    .text.USBH_read:00000044 $d
     /tmp/ccZicVlk.s:184    .text.USBH_ioctl:00000000 $t
     /tmp/ccZicVlk.s:190    .text.USBH_ioctl:00000000 USBH_ioctl
     /tmp/ccZicVlk.s:215    .text.USBH_ioctl:00000010 $d
     /tmp/ccZicVlk.s:219    .text.USBH_ioctl:00000014 $t
     /tmp/ccZicVlk.s:335    .text.USBH_ioctl:00000068 $d
     /tmp/ccZicVlk.s:340    .text.USBH_write:00000000 $t
     /tmp/ccZicVlk.s:346    .text.USBH_write:00000000 USBH_write
     /tmp/ccZicVlk.s:437    .text.USBH_write:00000050 $d
     /tmp/ccZicVlk.s:446    .rodata.USBH_Driver:00000000 USBH_Driver
     /tmp/ccZicVlk.s:443    .rodata.USBH_Driver:00000000 $d
                           .group:00000000 wm4.0.a2c88c0e0e60094af2c84dce921779d2
                           .group:00000000 wm4.diskio.h.6.8da7330f9b93c43e88f440080fbc00d0
                           .group:00000000 wm4.diskio.h.44.fca3d6f870cedb9b0142ef6e4583e01b
                           .group:00000000 wm4.stm32f4xx_hal_conf.h.25.758a9f5dc6450f8647b5af7fe8eb27ed
                           .group:00000000 wm4.stm32f4xx.h.39.163e65267b4f964a08764289722b975f
                           .group:00000000 wm4.stm32f401xc.h.35.52d05665f5a2df9c1992e17eee7d2af5
                           .group:00000000 wm4.stdint.h.29.6d480f4ba0f60596e88234283d42444f
                           .group:00000000 wm4.cmsis_version.h.32.4d5822004c01a829a975260e854b5f8e
                           .group:00000000 wm4.core_cm4.h.66.e4ff136c4a17abc46741866f64f8e729
                           .group:00000000 wm4.cmsis_gcc.h.26.6774fe91202d65f4d5ffcff60e00da34
                           .group:00000000 wm4.core_cm4.h.174.059a5e001a9e729091d1407208e93224
                           .group:00000000 wm4.mpu_armv7.h.32.27b4593cb2f8d3152ca5d97a9d72b321
                           .group:00000000 wm4.stm32f401xc.h.636.9a664cc173dbe5d5f2dac1e758e3577d
                           .group:00000000 wm4.stm32f4xx.h.196.0b21137cf6c6923d8fd1f4d94a3bfdd4
                           .group:00000000 wm4.stm32_hal_legacy.h.23.e2601123cf1b2a3b6d11d949644ddf87
                           .group:00000000 wm4.stddef.h.39.0dc9006b34572d4d9cae4c8b422c4971
                           .group:00000000 wm4.stm32f4xx_hal_def.h.58.f614308b482cecea9bcc0016240ac0fc
                           .group:00000000 wm4.stm32f4xx_hal_rcc_ex.h.22.3f3b596cc307dc701c7c99b0fc6c9b58
                           .group:00000000 wm4.stm32f4xx_hal_rcc.h.108.b82c8c670b41d96b2920e2f63661be15
                           .group:00000000 wm4.stm32f4xx_hal_gpio.h.22.e47df9f0f5be4ddc2ed2d14042c5e680
                           .group:00000000 wm4.stm32f4xx_hal_gpio_ex.h.22.5014ee010492a350679453c3b4a59718
                           .group:00000000 wm4.stm32f4xx_hal_gpio.h.255.5b948d47ad1357d6d2213e5e5ca4755c
                           .group:00000000 wm4.stm32f4xx_hal_exti.h.22.1f47767199c5bf749c04088e5c61c9c8
                           .group:00000000 wm4.stm32f4xx_hal_dma.h.22.fffce20ac9119c50557659c75e75ab1c
                           .group:00000000 wm4.stm32f4xx_hal_dma.h.721.a1e57ffbc615f926e6509c5acc65e492
                           .group:00000000 wm4.stm32f4xx_hal_cortex.h.22.e6aa3b847b5388be63c32d1f9e696ef7
                           .group:00000000 wm4.stm32f4xx_ll_adc.h.22.a8e07f8509bbb4868e2c24461c7eee47
                           .group:00000000 wm4.stm32f4xx_hal_adc.h.160.ef18931a059b62efbac7762c6a09e47f
                           .group:00000000 wm4.stm32f4xx_hal_adc_ex.h.22.25ddc09ef7109b33adae2990f50c4304
                           .group:00000000 wm4.stm32f4xx_hal_adc.h.640.733b38c420d3407eb5f8ddd98816c661
                           .group:00000000 wm4.stm32f4xx_hal_flash.h.22.31b301be2655c3eb8583e51c8231544a
                           .group:00000000 wm4.stm32f4xx_hal_flash_ex.h.22.00cb5cb208d28a1f20f3b257a6f51bad
                           .group:00000000 wm4.stm32f4xx_hal_flash.h.363.51efdf0f6c88f683efb89d7cc95cc1be
                           .group:00000000 wm4.stm32f4xx_hal_pwr.h.22.2c27d93ae187efe3a73816f03a329970
                           .group:00000000 wm4.stm32f4xx_hal_pwr_ex.h.22.04eb3957e13ca6e5ed8952d2d168bdc0
                           .group:00000000 wm4.stm32f4xx_hal_pwr.h.337.60b43975c84527a23cb6994b23165a5e
                           .group:00000000 wm4.stm32f4xx_hal_uart.h.22.591b491756a19342b0bf79eea5b33e1b
ARM GAS  /tmp/ccZicVlk.s 			page 16


                           .group:00000000 wm4.stm32f4xx_ll_usb.h.22.3497d8ac31b2bdafc7c2a34d860c4769
                           .group:00000000 wm4.stm32f4xx_hal_hcd.h.111.a51c3bd0d61d2d8cadb372f7c7d9eccb
                           .group:00000000 wm4.stm32f4xx_hal.h.72.a5a58188aa461a0614f1e58e159c7840
                           .group:00000000 wm4.main.h.71.bc0cb02e68a9e5487bd44975fd1506af
                           .group:00000000 wm4._newlib_version.h.4.411db44ea2338a62eca2f0777f81481b
                           .group:00000000 wm4.newlib.h.27.c836a31b4651d2e2221512767dba946d
                           .group:00000000 wm4.ieeefp.h.77.5ad60f72ea25fc152400b550ac118212
                           .group:00000000 wm4.features.h.22.4e5514d51694f64cae235f84d9e565a5
                           .group:00000000 wm4.config.h.224.88344135d9de3e7ea139102cd6493448
                           .group:00000000 wm4._ansi.h.31.de524f58584151836e90d8620a16f8e8
                           .group:00000000 wm4.stdio.h.31.7c0e28c411445f3f9c5b11accf882760
                           .group:00000000 wm4._default_types.h.6.959254cf5f09734ea7516c89e8bb21bd
                           .group:00000000 wm4.stddef.h.158.eec8bf00b5213f43d095cb984c5f22e3
                           .group:00000000 wm4.cdefs.h.49.70fc7af612f78ddcace70fdd90b5623b
                           .group:00000000 wm4.stdarg.h.34.3a23a216c0c293b3d2ea2e89281481e6
                           .group:00000000 wm4._types.h.20.dd0d04dca3800a0d2a6129b87f3adbb2
                           .group:00000000 wm4.stddef.h.158.6f8e08a347b1cff664332fa350bfceb3
                           .group:00000000 wm4._types.h.127.3bdfe3ff8ea2d0985b03d9cbe93480e3
                           .group:00000000 wm4.reent.h.18.25503cdc8b7e55dd0d6ea7b3e5af7a03
                           .group:00000000 wm4.lock.h.2.c0958401bd0ce484d507ee19aacab817
                           .group:00000000 wm4.reent.h.78.ffae6115d9409cbff6542f042d93715e
                           .group:00000000 wm4.assert.h.11.db24e541f16414db224bf986d21017e2
                           .group:00000000 wm4.reent.h.460.dc5a3362e34409fa841b38093e890350
                           .group:00000000 wm4.stdio.h.67.0cf8a9c281ab0b348aef5c02e7e48825
                           .group:00000000 wm4.stdio.h.2.4aa87247282eca6c8f36f9de33d8df1a
                           .group:00000000 wm4.stdio.h.87.408e5d973372126daeef099c555b2753
                           .group:00000000 wm4.stdlib.h.13.4ed386f5c1a80d71e72172885d946ef2
                           .group:00000000 wm4.alloca.h.8.dfc0c703c47ec3e69746825b17d9e66d
                           .group:00000000 wm4.stdlib.h.56.f4862cfbf4363a1db01842d5bdf72c18
                           .group:00000000 wm4.string.h.8.c4b8571ce60dff2817f43fec8b86aecd
                           .group:00000000 wm4.usbh_conf.h.65.151c65329cc7c235ce65de2a3390581e
                           .group:00000000 wm4.usbh_def.h.22.880def0f14ab205d26992d2a2bb1bab8
                           .group:00000000 wm4.usbh_ioreq.h.50.0074542f2717bb439abbb8fd98a9701e
                           .group:00000000 wm4.usbh_ctlreq.h.22.9bfba4b97481aa4223fea2a82ac65e06
                           .group:00000000 wm4.usbh_core.h.55.ae1dc9825935c4c49bf309379b79900a
                           .group:00000000 wm4.usbh_msc_bot.h.22.39bce71efd529949dc3aa2f829731bb1
                           .group:00000000 wm4.usbh_msc_scsi.h.22.08451b08ada808d7ace91ebdd07a6a33
                           .group:00000000 wm4.usbh_msc.h.89.b5971865bf452589c8f1958913d76df6
                           .group:00000000 wm4.ffconf.h.30.dfd903efd6f5ebcafb434e7871cbcf45
                           .group:00000000 wm4.ff.h.63.b9783c867113c7a537e7ba1f8eec3068

UNDEFINED SYMBOLS
USBH_MSC_UnitIsReady
hUsbHostFS
USBH_MSC_Read
USBH_MSC_GetLUNInfo
USBH_MSC_Write
