ARM GAS  /tmp/cceV9FEL.s 			page 1


   1              		.cpu cortex-m4
   2              		.arch armv7e-m
   3              		.fpu fpv4-sp-d16
   4              		.eabi_attribute 27, 1
   5              		.eabi_attribute 28, 1
   6              		.eabi_attribute 20, 1
   7              		.eabi_attribute 21, 1
   8              		.eabi_attribute 23, 3
   9              		.eabi_attribute 24, 1
  10              		.eabi_attribute 25, 1
  11              		.eabi_attribute 26, 1
  12              		.eabi_attribute 30, 1
  13              		.eabi_attribute 34, 1
  14              		.eabi_attribute 18, 4
  15              		.file	"usbh_msc_scsi.c"
  16              		.text
  17              	.Ltext0:
  18              		.cfi_sections	.debug_frame
  19              		.file 1 "Middlewares/ST/STM32_USB_Host_Library/Class/MSC/Src/usbh_msc_scsi.c"
  20              		.section	.text.USBH_MSC_SCSI_TestUnitReady,"ax",%progbits
  21              		.align	1
  22              		.global	USBH_MSC_SCSI_TestUnitReady
  23              		.syntax unified
  24              		.thumb
  25              		.thumb_func
  27              	USBH_MSC_SCSI_TestUnitReady:
  28              	.LVL0:
  29              	.LFB219:
   1:Middlewares/ST/STM32_USB_Host_Library/Class/MSC/Src/usbh_msc_scsi.c **** /**
   2:Middlewares/ST/STM32_USB_Host_Library/Class/MSC/Src/usbh_msc_scsi.c ****   ******************************************************************************
   3:Middlewares/ST/STM32_USB_Host_Library/Class/MSC/Src/usbh_msc_scsi.c ****   * @file    usbh_msc_scsi.c
   4:Middlewares/ST/STM32_USB_Host_Library/Class/MSC/Src/usbh_msc_scsi.c ****   * @author  MCD Application Team
   5:Middlewares/ST/STM32_USB_Host_Library/Class/MSC/Src/usbh_msc_scsi.c ****   * @brief   This file implements the SCSI commands
   6:Middlewares/ST/STM32_USB_Host_Library/Class/MSC/Src/usbh_msc_scsi.c ****   ******************************************************************************
   7:Middlewares/ST/STM32_USB_Host_Library/Class/MSC/Src/usbh_msc_scsi.c ****   * @attention
   8:Middlewares/ST/STM32_USB_Host_Library/Class/MSC/Src/usbh_msc_scsi.c ****   *
   9:Middlewares/ST/STM32_USB_Host_Library/Class/MSC/Src/usbh_msc_scsi.c ****   * <h2><center>&copy; Copyright (c) 2015 STMicroelectronics.
  10:Middlewares/ST/STM32_USB_Host_Library/Class/MSC/Src/usbh_msc_scsi.c ****   * All rights reserved.</center></h2>
  11:Middlewares/ST/STM32_USB_Host_Library/Class/MSC/Src/usbh_msc_scsi.c ****   *
  12:Middlewares/ST/STM32_USB_Host_Library/Class/MSC/Src/usbh_msc_scsi.c ****   * This software component is licensed by ST under Ultimate Liberty license
  13:Middlewares/ST/STM32_USB_Host_Library/Class/MSC/Src/usbh_msc_scsi.c ****   * SLA0044, the "License"; You may not use this file except in compliance with
  14:Middlewares/ST/STM32_USB_Host_Library/Class/MSC/Src/usbh_msc_scsi.c ****   * the License. You may obtain a copy of the License at:
  15:Middlewares/ST/STM32_USB_Host_Library/Class/MSC/Src/usbh_msc_scsi.c ****   *                      www.st.com/SLA0044
  16:Middlewares/ST/STM32_USB_Host_Library/Class/MSC/Src/usbh_msc_scsi.c ****   *
  17:Middlewares/ST/STM32_USB_Host_Library/Class/MSC/Src/usbh_msc_scsi.c ****   ******************************************************************************
  18:Middlewares/ST/STM32_USB_Host_Library/Class/MSC/Src/usbh_msc_scsi.c ****   */
  19:Middlewares/ST/STM32_USB_Host_Library/Class/MSC/Src/usbh_msc_scsi.c **** 
  20:Middlewares/ST/STM32_USB_Host_Library/Class/MSC/Src/usbh_msc_scsi.c **** /* BSPDependencies
  21:Middlewares/ST/STM32_USB_Host_Library/Class/MSC/Src/usbh_msc_scsi.c **** - "stm32xxxxx_{eval}{discovery}{nucleo_144}.c"
  22:Middlewares/ST/STM32_USB_Host_Library/Class/MSC/Src/usbh_msc_scsi.c **** - "stm32xxxxx_{eval}{discovery}_io.c"
  23:Middlewares/ST/STM32_USB_Host_Library/Class/MSC/Src/usbh_msc_scsi.c **** - "stm32xxxxx_{eval}{discovery}{adafruit}_lcd.c"
  24:Middlewares/ST/STM32_USB_Host_Library/Class/MSC/Src/usbh_msc_scsi.c **** - "stm32xxxxx_{eval}{discovery}_sdram.c"
  25:Middlewares/ST/STM32_USB_Host_Library/Class/MSC/Src/usbh_msc_scsi.c **** EndBSPDependencies */
  26:Middlewares/ST/STM32_USB_Host_Library/Class/MSC/Src/usbh_msc_scsi.c **** 
  27:Middlewares/ST/STM32_USB_Host_Library/Class/MSC/Src/usbh_msc_scsi.c **** /* Includes ------------------------------------------------------------------*/
  28:Middlewares/ST/STM32_USB_Host_Library/Class/MSC/Src/usbh_msc_scsi.c **** #include "usbh_msc.h"
  29:Middlewares/ST/STM32_USB_Host_Library/Class/MSC/Src/usbh_msc_scsi.c **** #include "usbh_msc_scsi.h"
ARM GAS  /tmp/cceV9FEL.s 			page 2


  30:Middlewares/ST/STM32_USB_Host_Library/Class/MSC/Src/usbh_msc_scsi.c **** #include "usbh_msc_bot.h"
  31:Middlewares/ST/STM32_USB_Host_Library/Class/MSC/Src/usbh_msc_scsi.c **** 
  32:Middlewares/ST/STM32_USB_Host_Library/Class/MSC/Src/usbh_msc_scsi.c **** 
  33:Middlewares/ST/STM32_USB_Host_Library/Class/MSC/Src/usbh_msc_scsi.c **** /** @addtogroup USBH_LIB
  34:Middlewares/ST/STM32_USB_Host_Library/Class/MSC/Src/usbh_msc_scsi.c ****   * @{
  35:Middlewares/ST/STM32_USB_Host_Library/Class/MSC/Src/usbh_msc_scsi.c ****   */
  36:Middlewares/ST/STM32_USB_Host_Library/Class/MSC/Src/usbh_msc_scsi.c **** 
  37:Middlewares/ST/STM32_USB_Host_Library/Class/MSC/Src/usbh_msc_scsi.c **** /** @addtogroup USBH_CLASS
  38:Middlewares/ST/STM32_USB_Host_Library/Class/MSC/Src/usbh_msc_scsi.c ****   * @{
  39:Middlewares/ST/STM32_USB_Host_Library/Class/MSC/Src/usbh_msc_scsi.c ****   */
  40:Middlewares/ST/STM32_USB_Host_Library/Class/MSC/Src/usbh_msc_scsi.c **** 
  41:Middlewares/ST/STM32_USB_Host_Library/Class/MSC/Src/usbh_msc_scsi.c **** /** @addtogroup USBH_MSC_CLASS
  42:Middlewares/ST/STM32_USB_Host_Library/Class/MSC/Src/usbh_msc_scsi.c ****   * @{
  43:Middlewares/ST/STM32_USB_Host_Library/Class/MSC/Src/usbh_msc_scsi.c ****   */
  44:Middlewares/ST/STM32_USB_Host_Library/Class/MSC/Src/usbh_msc_scsi.c **** 
  45:Middlewares/ST/STM32_USB_Host_Library/Class/MSC/Src/usbh_msc_scsi.c **** /** @defgroup USBH_MSC_SCSI
  46:Middlewares/ST/STM32_USB_Host_Library/Class/MSC/Src/usbh_msc_scsi.c ****   * @brief    This file includes the mass storage related functions
  47:Middlewares/ST/STM32_USB_Host_Library/Class/MSC/Src/usbh_msc_scsi.c ****   * @{
  48:Middlewares/ST/STM32_USB_Host_Library/Class/MSC/Src/usbh_msc_scsi.c ****   */
  49:Middlewares/ST/STM32_USB_Host_Library/Class/MSC/Src/usbh_msc_scsi.c **** 
  50:Middlewares/ST/STM32_USB_Host_Library/Class/MSC/Src/usbh_msc_scsi.c **** 
  51:Middlewares/ST/STM32_USB_Host_Library/Class/MSC/Src/usbh_msc_scsi.c **** /** @defgroup USBH_MSC_SCSI_Private_TypesDefinitions
  52:Middlewares/ST/STM32_USB_Host_Library/Class/MSC/Src/usbh_msc_scsi.c ****   * @{
  53:Middlewares/ST/STM32_USB_Host_Library/Class/MSC/Src/usbh_msc_scsi.c ****   */
  54:Middlewares/ST/STM32_USB_Host_Library/Class/MSC/Src/usbh_msc_scsi.c **** 
  55:Middlewares/ST/STM32_USB_Host_Library/Class/MSC/Src/usbh_msc_scsi.c **** /**
  56:Middlewares/ST/STM32_USB_Host_Library/Class/MSC/Src/usbh_msc_scsi.c ****   * @}
  57:Middlewares/ST/STM32_USB_Host_Library/Class/MSC/Src/usbh_msc_scsi.c ****   */
  58:Middlewares/ST/STM32_USB_Host_Library/Class/MSC/Src/usbh_msc_scsi.c **** 
  59:Middlewares/ST/STM32_USB_Host_Library/Class/MSC/Src/usbh_msc_scsi.c **** /** @defgroup USBH_MSC_SCSI_Private_Defines
  60:Middlewares/ST/STM32_USB_Host_Library/Class/MSC/Src/usbh_msc_scsi.c ****   * @{
  61:Middlewares/ST/STM32_USB_Host_Library/Class/MSC/Src/usbh_msc_scsi.c ****   */
  62:Middlewares/ST/STM32_USB_Host_Library/Class/MSC/Src/usbh_msc_scsi.c **** /**
  63:Middlewares/ST/STM32_USB_Host_Library/Class/MSC/Src/usbh_msc_scsi.c ****   * @}
  64:Middlewares/ST/STM32_USB_Host_Library/Class/MSC/Src/usbh_msc_scsi.c ****   */
  65:Middlewares/ST/STM32_USB_Host_Library/Class/MSC/Src/usbh_msc_scsi.c **** 
  66:Middlewares/ST/STM32_USB_Host_Library/Class/MSC/Src/usbh_msc_scsi.c **** /** @defgroup USBH_MSC_SCSI_Private_Macros
  67:Middlewares/ST/STM32_USB_Host_Library/Class/MSC/Src/usbh_msc_scsi.c ****   * @{
  68:Middlewares/ST/STM32_USB_Host_Library/Class/MSC/Src/usbh_msc_scsi.c ****   */
  69:Middlewares/ST/STM32_USB_Host_Library/Class/MSC/Src/usbh_msc_scsi.c **** /**
  70:Middlewares/ST/STM32_USB_Host_Library/Class/MSC/Src/usbh_msc_scsi.c ****   * @}
  71:Middlewares/ST/STM32_USB_Host_Library/Class/MSC/Src/usbh_msc_scsi.c ****   */
  72:Middlewares/ST/STM32_USB_Host_Library/Class/MSC/Src/usbh_msc_scsi.c **** 
  73:Middlewares/ST/STM32_USB_Host_Library/Class/MSC/Src/usbh_msc_scsi.c **** 
  74:Middlewares/ST/STM32_USB_Host_Library/Class/MSC/Src/usbh_msc_scsi.c **** /** @defgroup USBH_MSC_SCSI_Private_FunctionPrototypes
  75:Middlewares/ST/STM32_USB_Host_Library/Class/MSC/Src/usbh_msc_scsi.c ****   * @{
  76:Middlewares/ST/STM32_USB_Host_Library/Class/MSC/Src/usbh_msc_scsi.c ****   */
  77:Middlewares/ST/STM32_USB_Host_Library/Class/MSC/Src/usbh_msc_scsi.c **** /**
  78:Middlewares/ST/STM32_USB_Host_Library/Class/MSC/Src/usbh_msc_scsi.c ****   * @}
  79:Middlewares/ST/STM32_USB_Host_Library/Class/MSC/Src/usbh_msc_scsi.c ****   */
  80:Middlewares/ST/STM32_USB_Host_Library/Class/MSC/Src/usbh_msc_scsi.c **** 
  81:Middlewares/ST/STM32_USB_Host_Library/Class/MSC/Src/usbh_msc_scsi.c **** 
  82:Middlewares/ST/STM32_USB_Host_Library/Class/MSC/Src/usbh_msc_scsi.c **** /** @defgroup USBH_MSC_SCSI_Exported_Variables
  83:Middlewares/ST/STM32_USB_Host_Library/Class/MSC/Src/usbh_msc_scsi.c ****   * @{
  84:Middlewares/ST/STM32_USB_Host_Library/Class/MSC/Src/usbh_msc_scsi.c ****   */
  85:Middlewares/ST/STM32_USB_Host_Library/Class/MSC/Src/usbh_msc_scsi.c **** 
  86:Middlewares/ST/STM32_USB_Host_Library/Class/MSC/Src/usbh_msc_scsi.c **** /**
ARM GAS  /tmp/cceV9FEL.s 			page 3


  87:Middlewares/ST/STM32_USB_Host_Library/Class/MSC/Src/usbh_msc_scsi.c ****   * @}
  88:Middlewares/ST/STM32_USB_Host_Library/Class/MSC/Src/usbh_msc_scsi.c ****   */
  89:Middlewares/ST/STM32_USB_Host_Library/Class/MSC/Src/usbh_msc_scsi.c **** 
  90:Middlewares/ST/STM32_USB_Host_Library/Class/MSC/Src/usbh_msc_scsi.c **** 
  91:Middlewares/ST/STM32_USB_Host_Library/Class/MSC/Src/usbh_msc_scsi.c **** /** @defgroup USBH_MSC_SCSI_Private_Functions
  92:Middlewares/ST/STM32_USB_Host_Library/Class/MSC/Src/usbh_msc_scsi.c ****   * @{
  93:Middlewares/ST/STM32_USB_Host_Library/Class/MSC/Src/usbh_msc_scsi.c ****   */
  94:Middlewares/ST/STM32_USB_Host_Library/Class/MSC/Src/usbh_msc_scsi.c **** 
  95:Middlewares/ST/STM32_USB_Host_Library/Class/MSC/Src/usbh_msc_scsi.c **** 
  96:Middlewares/ST/STM32_USB_Host_Library/Class/MSC/Src/usbh_msc_scsi.c **** /**
  97:Middlewares/ST/STM32_USB_Host_Library/Class/MSC/Src/usbh_msc_scsi.c ****   * @brief  USBH_MSC_SCSI_TestUnitReady
  98:Middlewares/ST/STM32_USB_Host_Library/Class/MSC/Src/usbh_msc_scsi.c ****   *         Issue TestUnitReady command.
  99:Middlewares/ST/STM32_USB_Host_Library/Class/MSC/Src/usbh_msc_scsi.c ****   * @param  phost: Host handle
 100:Middlewares/ST/STM32_USB_Host_Library/Class/MSC/Src/usbh_msc_scsi.c ****   * @param  lun: Logical Unit Number
 101:Middlewares/ST/STM32_USB_Host_Library/Class/MSC/Src/usbh_msc_scsi.c ****   * @retval USBH Status
 102:Middlewares/ST/STM32_USB_Host_Library/Class/MSC/Src/usbh_msc_scsi.c ****   */
 103:Middlewares/ST/STM32_USB_Host_Library/Class/MSC/Src/usbh_msc_scsi.c **** USBH_StatusTypeDef USBH_MSC_SCSI_TestUnitReady(USBH_HandleTypeDef *phost,
 104:Middlewares/ST/STM32_USB_Host_Library/Class/MSC/Src/usbh_msc_scsi.c ****                                                uint8_t lun)
 105:Middlewares/ST/STM32_USB_Host_Library/Class/MSC/Src/usbh_msc_scsi.c **** {
  30              		.loc 1 105 1 view -0
  31              		.cfi_startproc
  32              		@ args = 0, pretend = 0, frame = 0
  33              		@ frame_needed = 0, uses_anonymous_args = 0
  34              		.loc 1 105 1 is_stmt 0 view .LVU1
  35 0000 08B5     		push	{r3, lr}
  36              		.cfi_def_cfa_offset 8
  37              		.cfi_offset 3, -8
  38              		.cfi_offset 14, -4
  39 0002 0246     		mov	r2, r0
 106:Middlewares/ST/STM32_USB_Host_Library/Class/MSC/Src/usbh_msc_scsi.c ****   USBH_StatusTypeDef    error = USBH_FAIL ;
  40              		.loc 1 106 3 is_stmt 1 view .LVU2
  41              	.LVL1:
 107:Middlewares/ST/STM32_USB_Host_Library/Class/MSC/Src/usbh_msc_scsi.c ****   MSC_HandleTypeDef *MSC_Handle = (MSC_HandleTypeDef *) phost->pActiveClass->pData;
  42              		.loc 1 107 3 view .LVU3
  43              		.loc 1 107 62 is_stmt 0 view .LVU4
  44 0004 D0F87C33 		ldr	r3, [r0, #892]
  45              		.loc 1 107 22 view .LVU5
  46 0008 DB69     		ldr	r3, [r3, #28]
  47              	.LVL2:
 108:Middlewares/ST/STM32_USB_Host_Library/Class/MSC/Src/usbh_msc_scsi.c **** 
 109:Middlewares/ST/STM32_USB_Host_Library/Class/MSC/Src/usbh_msc_scsi.c ****   switch (MSC_Handle->hbot.cmd_state)
  48              		.loc 1 109 3 is_stmt 1 view .LVU6
  49              		.loc 1 109 27 is_stmt 0 view .LVU7
  50 000a 93F85200 		ldrb	r0, [r3, #82]	@ zero_extendqisi2
  51              	.LVL3:
  52              		.loc 1 109 3 view .LVU8
  53 000e 0128     		cmp	r0, #1
  54 0010 03D0     		beq	.L2
  55 0012 0228     		cmp	r0, #2
  56 0014 17D0     		beq	.L3
  57 0016 0220     		movs	r0, #2
  58 0018 14E0     		b	.L4
  59              	.L2:
 110:Middlewares/ST/STM32_USB_Host_Library/Class/MSC/Src/usbh_msc_scsi.c ****   {
 111:Middlewares/ST/STM32_USB_Host_Library/Class/MSC/Src/usbh_msc_scsi.c ****     case BOT_CMD_SEND:
 112:Middlewares/ST/STM32_USB_Host_Library/Class/MSC/Src/usbh_msc_scsi.c **** 
 113:Middlewares/ST/STM32_USB_Host_Library/Class/MSC/Src/usbh_msc_scsi.c ****       /*Prepare the CBW and relevent field*/
ARM GAS  /tmp/cceV9FEL.s 			page 4


 114:Middlewares/ST/STM32_USB_Host_Library/Class/MSC/Src/usbh_msc_scsi.c ****       MSC_Handle->hbot.cbw.field.DataTransferLength = DATA_LEN_MODE_TEST_UNIT_READY;
  60              		.loc 1 114 7 is_stmt 1 view .LVU9
  61              		.loc 1 114 53 is_stmt 0 view .LVU10
  62 001a 0022     		movs	r2, #0
  63              	.LVL4:
  64              		.loc 1 114 53 view .LVU11
  65 001c DA65     		str	r2, [r3, #92]
 115:Middlewares/ST/STM32_USB_Host_Library/Class/MSC/Src/usbh_msc_scsi.c ****       MSC_Handle->hbot.cbw.field.Flags = USB_EP_DIR_OUT;
  66              		.loc 1 115 7 is_stmt 1 view .LVU12
  67              		.loc 1 115 40 is_stmt 0 view .LVU13
  68 001e 83F86020 		strb	r2, [r3, #96]
 116:Middlewares/ST/STM32_USB_Host_Library/Class/MSC/Src/usbh_msc_scsi.c ****       MSC_Handle->hbot.cbw.field.CBLength = CBW_LENGTH;
  69              		.loc 1 116 7 is_stmt 1 view .LVU14
  70              		.loc 1 116 43 is_stmt 0 view .LVU15
  71 0022 0A21     		movs	r1, #10
  72              	.LVL5:
  73              		.loc 1 116 43 view .LVU16
  74 0024 83F86210 		strb	r1, [r3, #98]
 117:Middlewares/ST/STM32_USB_Host_Library/Class/MSC/Src/usbh_msc_scsi.c **** 
 118:Middlewares/ST/STM32_USB_Host_Library/Class/MSC/Src/usbh_msc_scsi.c ****       USBH_memset(MSC_Handle->hbot.cbw.field.CB, 0, CBW_CB_LENGTH);
  75              		.loc 1 118 7 is_stmt 1 view .LVU17
  76 0028 C3F86320 		str	r2, [r3, #99]	@ unaligned
  77 002c C3F86720 		str	r2, [r3, #103]	@ unaligned
  78 0030 C3F86B20 		str	r2, [r3, #107]	@ unaligned
  79 0034 C3F86F20 		str	r2, [r3, #111]	@ unaligned
 119:Middlewares/ST/STM32_USB_Host_Library/Class/MSC/Src/usbh_msc_scsi.c ****       MSC_Handle->hbot.cbw.field.CB[0]  = OPCODE_TEST_UNIT_READY;
  80              		.loc 1 119 7 view .LVU18
 120:Middlewares/ST/STM32_USB_Host_Library/Class/MSC/Src/usbh_msc_scsi.c **** 
 121:Middlewares/ST/STM32_USB_Host_Library/Class/MSC/Src/usbh_msc_scsi.c ****       MSC_Handle->hbot.state = BOT_SEND_CBW;
  81              		.loc 1 121 7 view .LVU19
  82              		.loc 1 121 30 is_stmt 0 view .LVU20
  83 0038 0122     		movs	r2, #1
  84 003a 83F85020 		strb	r2, [r3, #80]
 122:Middlewares/ST/STM32_USB_Host_Library/Class/MSC/Src/usbh_msc_scsi.c ****       MSC_Handle->hbot.cmd_state = BOT_CMD_WAIT;
  85              		.loc 1 122 7 is_stmt 1 view .LVU21
  86              		.loc 1 122 34 is_stmt 0 view .LVU22
  87 003e 0222     		movs	r2, #2
  88 0040 83F85220 		strb	r2, [r3, #82]
 123:Middlewares/ST/STM32_USB_Host_Library/Class/MSC/Src/usbh_msc_scsi.c ****       error = USBH_BUSY;
  89              		.loc 1 123 7 is_stmt 1 view .LVU23
  90              	.LVL6:
 124:Middlewares/ST/STM32_USB_Host_Library/Class/MSC/Src/usbh_msc_scsi.c ****       break;
  91              		.loc 1 124 7 view .LVU24
  92              	.L4:
 125:Middlewares/ST/STM32_USB_Host_Library/Class/MSC/Src/usbh_msc_scsi.c **** 
 126:Middlewares/ST/STM32_USB_Host_Library/Class/MSC/Src/usbh_msc_scsi.c ****     case BOT_CMD_WAIT:
 127:Middlewares/ST/STM32_USB_Host_Library/Class/MSC/Src/usbh_msc_scsi.c ****       error = USBH_MSC_BOT_Process(phost, lun);
 128:Middlewares/ST/STM32_USB_Host_Library/Class/MSC/Src/usbh_msc_scsi.c ****       break;
 129:Middlewares/ST/STM32_USB_Host_Library/Class/MSC/Src/usbh_msc_scsi.c **** 
 130:Middlewares/ST/STM32_USB_Host_Library/Class/MSC/Src/usbh_msc_scsi.c ****     default:
 131:Middlewares/ST/STM32_USB_Host_Library/Class/MSC/Src/usbh_msc_scsi.c ****       break;
 132:Middlewares/ST/STM32_USB_Host_Library/Class/MSC/Src/usbh_msc_scsi.c ****   }
 133:Middlewares/ST/STM32_USB_Host_Library/Class/MSC/Src/usbh_msc_scsi.c **** 
 134:Middlewares/ST/STM32_USB_Host_Library/Class/MSC/Src/usbh_msc_scsi.c ****   return error;
  93              		.loc 1 134 3 view .LVU25
 135:Middlewares/ST/STM32_USB_Host_Library/Class/MSC/Src/usbh_msc_scsi.c **** }
  94              		.loc 1 135 1 is_stmt 0 view .LVU26
ARM GAS  /tmp/cceV9FEL.s 			page 5


  95 0044 08BD     		pop	{r3, pc}
  96              	.LVL7:
  97              	.L3:
 127:Middlewares/ST/STM32_USB_Host_Library/Class/MSC/Src/usbh_msc_scsi.c ****       break;
  98              		.loc 1 127 7 is_stmt 1 view .LVU27
 127:Middlewares/ST/STM32_USB_Host_Library/Class/MSC/Src/usbh_msc_scsi.c ****       break;
  99              		.loc 1 127 15 is_stmt 0 view .LVU28
 100 0046 1046     		mov	r0, r2
 101 0048 FFF7FEFF 		bl	USBH_MSC_BOT_Process
 102              	.LVL8:
 128:Middlewares/ST/STM32_USB_Host_Library/Class/MSC/Src/usbh_msc_scsi.c **** 
 103              		.loc 1 128 7 is_stmt 1 view .LVU29
 104 004c FAE7     		b	.L4
 105              		.cfi_endproc
 106              	.LFE219:
 108              		.section	.text.USBH_MSC_SCSI_ReadCapacity,"ax",%progbits
 109              		.align	1
 110              		.global	USBH_MSC_SCSI_ReadCapacity
 111              		.syntax unified
 112              		.thumb
 113              		.thumb_func
 115              	USBH_MSC_SCSI_ReadCapacity:
 116              	.LVL9:
 117              	.LFB220:
 136:Middlewares/ST/STM32_USB_Host_Library/Class/MSC/Src/usbh_msc_scsi.c **** 
 137:Middlewares/ST/STM32_USB_Host_Library/Class/MSC/Src/usbh_msc_scsi.c **** /**
 138:Middlewares/ST/STM32_USB_Host_Library/Class/MSC/Src/usbh_msc_scsi.c ****   * @brief  USBH_MSC_SCSI_ReadCapacity
 139:Middlewares/ST/STM32_USB_Host_Library/Class/MSC/Src/usbh_msc_scsi.c ****   *         Issue Read Capacity command.
 140:Middlewares/ST/STM32_USB_Host_Library/Class/MSC/Src/usbh_msc_scsi.c ****   * @param  phost: Host handle
 141:Middlewares/ST/STM32_USB_Host_Library/Class/MSC/Src/usbh_msc_scsi.c ****   * @param  lun: Logical Unit Number
 142:Middlewares/ST/STM32_USB_Host_Library/Class/MSC/Src/usbh_msc_scsi.c ****   * @param  capacity: pointer to the capacity structure
 143:Middlewares/ST/STM32_USB_Host_Library/Class/MSC/Src/usbh_msc_scsi.c ****   * @retval USBH Status
 144:Middlewares/ST/STM32_USB_Host_Library/Class/MSC/Src/usbh_msc_scsi.c ****   */
 145:Middlewares/ST/STM32_USB_Host_Library/Class/MSC/Src/usbh_msc_scsi.c **** USBH_StatusTypeDef USBH_MSC_SCSI_ReadCapacity(USBH_HandleTypeDef *phost,
 146:Middlewares/ST/STM32_USB_Host_Library/Class/MSC/Src/usbh_msc_scsi.c ****                                               uint8_t lun,
 147:Middlewares/ST/STM32_USB_Host_Library/Class/MSC/Src/usbh_msc_scsi.c ****                                               SCSI_CapacityTypeDef *capacity)
 148:Middlewares/ST/STM32_USB_Host_Library/Class/MSC/Src/usbh_msc_scsi.c **** {
 118              		.loc 1 148 1 view -0
 119              		.cfi_startproc
 120              		@ args = 0, pretend = 0, frame = 0
 121              		@ frame_needed = 0, uses_anonymous_args = 0
 122              		.loc 1 148 1 is_stmt 0 view .LVU31
 123 0000 38B5     		push	{r3, r4, r5, lr}
 124              		.cfi_def_cfa_offset 16
 125              		.cfi_offset 3, -16
 126              		.cfi_offset 4, -12
 127              		.cfi_offset 5, -8
 128              		.cfi_offset 14, -4
 129 0002 0346     		mov	r3, r0
 149:Middlewares/ST/STM32_USB_Host_Library/Class/MSC/Src/usbh_msc_scsi.c ****   USBH_StatusTypeDef    error = USBH_BUSY ;
 130              		.loc 1 149 3 is_stmt 1 view .LVU32
 131              	.LVL10:
 150:Middlewares/ST/STM32_USB_Host_Library/Class/MSC/Src/usbh_msc_scsi.c ****   MSC_HandleTypeDef *MSC_Handle = (MSC_HandleTypeDef *) phost->pActiveClass->pData;
 132              		.loc 1 150 3 view .LVU33
 133              		.loc 1 150 62 is_stmt 0 view .LVU34
 134 0004 D0F87C03 		ldr	r0, [r0, #892]
 135              	.LVL11:
ARM GAS  /tmp/cceV9FEL.s 			page 6


 136              		.loc 1 150 22 view .LVU35
 137 0008 C469     		ldr	r4, [r0, #28]
 138              	.LVL12:
 151:Middlewares/ST/STM32_USB_Host_Library/Class/MSC/Src/usbh_msc_scsi.c **** 
 152:Middlewares/ST/STM32_USB_Host_Library/Class/MSC/Src/usbh_msc_scsi.c ****   switch (MSC_Handle->hbot.cmd_state)
 139              		.loc 1 152 3 is_stmt 1 view .LVU36
 140              		.loc 1 152 27 is_stmt 0 view .LVU37
 141 000a 94F85200 		ldrb	r0, [r4, #82]	@ zero_extendqisi2
 142              		.loc 1 152 3 view .LVU38
 143 000e 0128     		cmp	r0, #1
 144 0010 04D0     		beq	.L7
 145 0012 1546     		mov	r5, r2
 146 0014 0228     		cmp	r0, #2
 147 0016 20D0     		beq	.L8
 148 0018 0120     		movs	r0, #1
 149 001a 1DE0     		b	.L9
 150              	.L7:
 153:Middlewares/ST/STM32_USB_Host_Library/Class/MSC/Src/usbh_msc_scsi.c ****   {
 154:Middlewares/ST/STM32_USB_Host_Library/Class/MSC/Src/usbh_msc_scsi.c ****     case BOT_CMD_SEND:
 155:Middlewares/ST/STM32_USB_Host_Library/Class/MSC/Src/usbh_msc_scsi.c **** 
 156:Middlewares/ST/STM32_USB_Host_Library/Class/MSC/Src/usbh_msc_scsi.c ****       /*Prepare the CBW and relevent field*/
 157:Middlewares/ST/STM32_USB_Host_Library/Class/MSC/Src/usbh_msc_scsi.c ****       MSC_Handle->hbot.cbw.field.DataTransferLength = DATA_LEN_READ_CAPACITY10;
 151              		.loc 1 157 7 is_stmt 1 view .LVU39
 152              		.loc 1 157 53 is_stmt 0 view .LVU40
 153 001c 0823     		movs	r3, #8
 154              	.LVL13:
 155              		.loc 1 157 53 view .LVU41
 156 001e E365     		str	r3, [r4, #92]
 158:Middlewares/ST/STM32_USB_Host_Library/Class/MSC/Src/usbh_msc_scsi.c ****       MSC_Handle->hbot.cbw.field.Flags = USB_EP_DIR_IN;
 157              		.loc 1 158 7 is_stmt 1 view .LVU42
 158              		.loc 1 158 40 is_stmt 0 view .LVU43
 159 0020 8023     		movs	r3, #128
 160 0022 84F86030 		strb	r3, [r4, #96]
 159:Middlewares/ST/STM32_USB_Host_Library/Class/MSC/Src/usbh_msc_scsi.c ****       MSC_Handle->hbot.cbw.field.CBLength = CBW_LENGTH;
 161              		.loc 1 159 7 is_stmt 1 view .LVU44
 162              		.loc 1 159 43 is_stmt 0 view .LVU45
 163 0026 0A23     		movs	r3, #10
 164 0028 84F86230 		strb	r3, [r4, #98]
 160:Middlewares/ST/STM32_USB_Host_Library/Class/MSC/Src/usbh_msc_scsi.c **** 
 161:Middlewares/ST/STM32_USB_Host_Library/Class/MSC/Src/usbh_msc_scsi.c ****       USBH_memset(MSC_Handle->hbot.cbw.field.CB, 0, CBW_CB_LENGTH);
 165              		.loc 1 161 7 is_stmt 1 view .LVU46
 166 002c 0023     		movs	r3, #0
 167 002e C4F86330 		str	r3, [r4, #99]	@ unaligned
 168 0032 C4F86730 		str	r3, [r4, #103]	@ unaligned
 169 0036 C4F86B30 		str	r3, [r4, #107]	@ unaligned
 170 003a C4F86F30 		str	r3, [r4, #111]	@ unaligned
 162:Middlewares/ST/STM32_USB_Host_Library/Class/MSC/Src/usbh_msc_scsi.c ****       MSC_Handle->hbot.cbw.field.CB[0]  = OPCODE_READ_CAPACITY10;
 171              		.loc 1 162 7 view .LVU47
 172              		.loc 1 162 41 is_stmt 0 view .LVU48
 173 003e 2523     		movs	r3, #37
 174 0040 84F86330 		strb	r3, [r4, #99]
 163:Middlewares/ST/STM32_USB_Host_Library/Class/MSC/Src/usbh_msc_scsi.c **** 
 164:Middlewares/ST/STM32_USB_Host_Library/Class/MSC/Src/usbh_msc_scsi.c ****       MSC_Handle->hbot.state = BOT_SEND_CBW;
 175              		.loc 1 164 7 is_stmt 1 view .LVU49
 176              		.loc 1 164 30 is_stmt 0 view .LVU50
 177 0044 0123     		movs	r3, #1
 178 0046 84F85030 		strb	r3, [r4, #80]
ARM GAS  /tmp/cceV9FEL.s 			page 7


 165:Middlewares/ST/STM32_USB_Host_Library/Class/MSC/Src/usbh_msc_scsi.c **** 
 166:Middlewares/ST/STM32_USB_Host_Library/Class/MSC/Src/usbh_msc_scsi.c ****       MSC_Handle->hbot.cmd_state = BOT_CMD_WAIT;
 179              		.loc 1 166 7 is_stmt 1 view .LVU51
 180              		.loc 1 166 34 is_stmt 0 view .LVU52
 181 004a 0223     		movs	r3, #2
 182 004c 84F85230 		strb	r3, [r4, #82]
 167:Middlewares/ST/STM32_USB_Host_Library/Class/MSC/Src/usbh_msc_scsi.c ****       MSC_Handle->hbot.pbuf = (uint8_t *)(void *)MSC_Handle->hbot.data;
 183              		.loc 1 167 7 is_stmt 1 view .LVU53
 184              		.loc 1 167 50 is_stmt 0 view .LVU54
 185 0050 04F11003 		add	r3, r4, #16
 186              		.loc 1 167 29 view .LVU55
 187 0054 C4F88C30 		str	r3, [r4, #140]
 168:Middlewares/ST/STM32_USB_Host_Library/Class/MSC/Src/usbh_msc_scsi.c ****       error = USBH_BUSY;
 188              		.loc 1 168 7 is_stmt 1 view .LVU56
 169:Middlewares/ST/STM32_USB_Host_Library/Class/MSC/Src/usbh_msc_scsi.c ****       break;
 189              		.loc 1 169 7 view .LVU57
 190              	.LVL14:
 191              	.L9:
 170:Middlewares/ST/STM32_USB_Host_Library/Class/MSC/Src/usbh_msc_scsi.c **** 
 171:Middlewares/ST/STM32_USB_Host_Library/Class/MSC/Src/usbh_msc_scsi.c ****     case BOT_CMD_WAIT:
 172:Middlewares/ST/STM32_USB_Host_Library/Class/MSC/Src/usbh_msc_scsi.c **** 
 173:Middlewares/ST/STM32_USB_Host_Library/Class/MSC/Src/usbh_msc_scsi.c ****       error = USBH_MSC_BOT_Process(phost, lun);
 174:Middlewares/ST/STM32_USB_Host_Library/Class/MSC/Src/usbh_msc_scsi.c **** 
 175:Middlewares/ST/STM32_USB_Host_Library/Class/MSC/Src/usbh_msc_scsi.c ****       if (error == USBH_OK)
 176:Middlewares/ST/STM32_USB_Host_Library/Class/MSC/Src/usbh_msc_scsi.c ****       {
 177:Middlewares/ST/STM32_USB_Host_Library/Class/MSC/Src/usbh_msc_scsi.c ****         /*assign the capacity*/
 178:Middlewares/ST/STM32_USB_Host_Library/Class/MSC/Src/usbh_msc_scsi.c ****         capacity->block_nbr = MSC_Handle->hbot.pbuf[3] | ((uint32_t)MSC_Handle->hbot.pbuf[2] << 8U)
 179:Middlewares/ST/STM32_USB_Host_Library/Class/MSC/Src/usbh_msc_scsi.c ****                               ((uint32_t)MSC_Handle->hbot.pbuf[1] << 16U) | ((uint32_t)MSC_Handle->
 180:Middlewares/ST/STM32_USB_Host_Library/Class/MSC/Src/usbh_msc_scsi.c **** 
 181:Middlewares/ST/STM32_USB_Host_Library/Class/MSC/Src/usbh_msc_scsi.c ****         /*assign the page length*/
 182:Middlewares/ST/STM32_USB_Host_Library/Class/MSC/Src/usbh_msc_scsi.c ****         capacity->block_size = (uint16_t)(MSC_Handle->hbot.pbuf[7] | ((uint32_t)MSC_Handle->hbot.pb
 183:Middlewares/ST/STM32_USB_Host_Library/Class/MSC/Src/usbh_msc_scsi.c ****       }
 184:Middlewares/ST/STM32_USB_Host_Library/Class/MSC/Src/usbh_msc_scsi.c ****       break;
 185:Middlewares/ST/STM32_USB_Host_Library/Class/MSC/Src/usbh_msc_scsi.c **** 
 186:Middlewares/ST/STM32_USB_Host_Library/Class/MSC/Src/usbh_msc_scsi.c ****     default:
 187:Middlewares/ST/STM32_USB_Host_Library/Class/MSC/Src/usbh_msc_scsi.c ****       break;
 188:Middlewares/ST/STM32_USB_Host_Library/Class/MSC/Src/usbh_msc_scsi.c ****   }
 189:Middlewares/ST/STM32_USB_Host_Library/Class/MSC/Src/usbh_msc_scsi.c **** 
 190:Middlewares/ST/STM32_USB_Host_Library/Class/MSC/Src/usbh_msc_scsi.c ****   return error;
 192              		.loc 1 190 3 view .LVU58
 191:Middlewares/ST/STM32_USB_Host_Library/Class/MSC/Src/usbh_msc_scsi.c **** }
 193              		.loc 1 191 1 is_stmt 0 view .LVU59
 194 0058 38BD     		pop	{r3, r4, r5, pc}
 195              	.LVL15:
 196              	.L8:
 173:Middlewares/ST/STM32_USB_Host_Library/Class/MSC/Src/usbh_msc_scsi.c **** 
 197              		.loc 1 173 7 is_stmt 1 view .LVU60
 173:Middlewares/ST/STM32_USB_Host_Library/Class/MSC/Src/usbh_msc_scsi.c **** 
 198              		.loc 1 173 15 is_stmt 0 view .LVU61
 199 005a 1846     		mov	r0, r3
 200 005c FFF7FEFF 		bl	USBH_MSC_BOT_Process
 201              	.LVL16:
 175:Middlewares/ST/STM32_USB_Host_Library/Class/MSC/Src/usbh_msc_scsi.c ****       {
 202              		.loc 1 175 7 is_stmt 1 view .LVU62
 175:Middlewares/ST/STM32_USB_Host_Library/Class/MSC/Src/usbh_msc_scsi.c ****       {
 203              		.loc 1 175 10 is_stmt 0 view .LVU63
 204 0060 0028     		cmp	r0, #0
ARM GAS  /tmp/cceV9FEL.s 			page 8


 205 0062 F9D1     		bne	.L9
 178:Middlewares/ST/STM32_USB_Host_Library/Class/MSC/Src/usbh_msc_scsi.c ****                               ((uint32_t)MSC_Handle->hbot.pbuf[1] << 16U) | ((uint32_t)MSC_Handle->
 206              		.loc 1 178 9 is_stmt 1 view .LVU64
 178:Middlewares/ST/STM32_USB_Host_Library/Class/MSC/Src/usbh_msc_scsi.c ****                               ((uint32_t)MSC_Handle->hbot.pbuf[1] << 16U) | ((uint32_t)MSC_Handle->
 207              		.loc 1 178 47 is_stmt 0 view .LVU65
 208 0064 D4F88C20 		ldr	r2, [r4, #140]
 178:Middlewares/ST/STM32_USB_Host_Library/Class/MSC/Src/usbh_msc_scsi.c ****                               ((uint32_t)MSC_Handle->hbot.pbuf[1] << 16U) | ((uint32_t)MSC_Handle->
 209              		.loc 1 178 52 view .LVU66
 210 0068 D378     		ldrb	r3, [r2, #3]	@ zero_extendqisi2
 178:Middlewares/ST/STM32_USB_Host_Library/Class/MSC/Src/usbh_msc_scsi.c ****                               ((uint32_t)MSC_Handle->hbot.pbuf[1] << 16U) | ((uint32_t)MSC_Handle->
 211              		.loc 1 178 90 view .LVU67
 212 006a 9178     		ldrb	r1, [r2, #2]	@ zero_extendqisi2
 178:Middlewares/ST/STM32_USB_Host_Library/Class/MSC/Src/usbh_msc_scsi.c ****                               ((uint32_t)MSC_Handle->hbot.pbuf[1] << 16U) | ((uint32_t)MSC_Handle->
 213              		.loc 1 178 56 view .LVU68
 214 006c 43EA0123 		orr	r3, r3, r1, lsl #8
 179:Middlewares/ST/STM32_USB_Host_Library/Class/MSC/Src/usbh_msc_scsi.c **** 
 215              		.loc 1 179 63 view .LVU69
 216 0070 5178     		ldrb	r1, [r2, #1]	@ zero_extendqisi2
 178:Middlewares/ST/STM32_USB_Host_Library/Class/MSC/Src/usbh_msc_scsi.c ****                               ((uint32_t)MSC_Handle->hbot.pbuf[1] << 16U) | ((uint32_t)MSC_Handle->
 217              		.loc 1 178 101 view .LVU70
 218 0072 43EA0143 		orr	r3, r3, r1, lsl #16
 179:Middlewares/ST/STM32_USB_Host_Library/Class/MSC/Src/usbh_msc_scsi.c **** 
 219              		.loc 1 179 109 view .LVU71
 220 0076 1278     		ldrb	r2, [r2]	@ zero_extendqisi2
 179:Middlewares/ST/STM32_USB_Host_Library/Class/MSC/Src/usbh_msc_scsi.c **** 
 221              		.loc 1 179 75 view .LVU72
 222 0078 43EA0263 		orr	r3, r3, r2, lsl #24
 178:Middlewares/ST/STM32_USB_Host_Library/Class/MSC/Src/usbh_msc_scsi.c ****                               ((uint32_t)MSC_Handle->hbot.pbuf[1] << 16U) | ((uint32_t)MSC_Handle->
 223              		.loc 1 178 29 view .LVU73
 224 007c 2B60     		str	r3, [r5]
 182:Middlewares/ST/STM32_USB_Host_Library/Class/MSC/Src/usbh_msc_scsi.c ****       }
 225              		.loc 1 182 9 is_stmt 1 view .LVU74
 182:Middlewares/ST/STM32_USB_Host_Library/Class/MSC/Src/usbh_msc_scsi.c ****       }
 226              		.loc 1 182 59 is_stmt 0 view .LVU75
 227 007e D4F88C20 		ldr	r2, [r4, #140]
 182:Middlewares/ST/STM32_USB_Host_Library/Class/MSC/Src/usbh_msc_scsi.c ****       }
 228              		.loc 1 182 64 view .LVU76
 229 0082 D379     		ldrb	r3, [r2, #7]	@ zero_extendqisi2
 182:Middlewares/ST/STM32_USB_Host_Library/Class/MSC/Src/usbh_msc_scsi.c ****       }
 230              		.loc 1 182 102 view .LVU77
 231 0084 9279     		ldrb	r2, [r2, #6]	@ zero_extendqisi2
 182:Middlewares/ST/STM32_USB_Host_Library/Class/MSC/Src/usbh_msc_scsi.c ****       }
 232              		.loc 1 182 32 view .LVU78
 233 0086 43EA0223 		orr	r3, r3, r2, lsl #8
 182:Middlewares/ST/STM32_USB_Host_Library/Class/MSC/Src/usbh_msc_scsi.c ****       }
 234              		.loc 1 182 30 view .LVU79
 235 008a AB80     		strh	r3, [r5, #4]	@ movhi
 236 008c E4E7     		b	.L9
 237              		.cfi_endproc
 238              	.LFE220:
 240              		.section	.text.USBH_MSC_SCSI_Inquiry,"ax",%progbits
 241              		.align	1
 242              		.global	USBH_MSC_SCSI_Inquiry
 243              		.syntax unified
 244              		.thumb
 245              		.thumb_func
 247              	USBH_MSC_SCSI_Inquiry:
ARM GAS  /tmp/cceV9FEL.s 			page 9


 248              	.LVL17:
 249              	.LFB221:
 192:Middlewares/ST/STM32_USB_Host_Library/Class/MSC/Src/usbh_msc_scsi.c **** 
 193:Middlewares/ST/STM32_USB_Host_Library/Class/MSC/Src/usbh_msc_scsi.c **** /**
 194:Middlewares/ST/STM32_USB_Host_Library/Class/MSC/Src/usbh_msc_scsi.c ****   * @brief  USBH_MSC_SCSI_Inquiry
 195:Middlewares/ST/STM32_USB_Host_Library/Class/MSC/Src/usbh_msc_scsi.c ****   *         Issue Inquiry command.
 196:Middlewares/ST/STM32_USB_Host_Library/Class/MSC/Src/usbh_msc_scsi.c ****   * @param  phost: Host handle
 197:Middlewares/ST/STM32_USB_Host_Library/Class/MSC/Src/usbh_msc_scsi.c ****   * @param  lun: Logical Unit Number
 198:Middlewares/ST/STM32_USB_Host_Library/Class/MSC/Src/usbh_msc_scsi.c ****   * @param  capacity: pointer to the inquiry structure
 199:Middlewares/ST/STM32_USB_Host_Library/Class/MSC/Src/usbh_msc_scsi.c ****   * @retval USBH Status
 200:Middlewares/ST/STM32_USB_Host_Library/Class/MSC/Src/usbh_msc_scsi.c ****   */
 201:Middlewares/ST/STM32_USB_Host_Library/Class/MSC/Src/usbh_msc_scsi.c **** USBH_StatusTypeDef USBH_MSC_SCSI_Inquiry(USBH_HandleTypeDef *phost, uint8_t lun,
 202:Middlewares/ST/STM32_USB_Host_Library/Class/MSC/Src/usbh_msc_scsi.c ****                                          SCSI_StdInquiryDataTypeDef *inquiry)
 203:Middlewares/ST/STM32_USB_Host_Library/Class/MSC/Src/usbh_msc_scsi.c **** {
 250              		.loc 1 203 1 is_stmt 1 view -0
 251              		.cfi_startproc
 252              		@ args = 0, pretend = 0, frame = 0
 253              		@ frame_needed = 0, uses_anonymous_args = 0
 254              		.loc 1 203 1 is_stmt 0 view .LVU81
 255 0000 70B5     		push	{r4, r5, r6, lr}
 256              		.cfi_def_cfa_offset 16
 257              		.cfi_offset 4, -16
 258              		.cfi_offset 5, -12
 259              		.cfi_offset 6, -8
 260              		.cfi_offset 14, -4
 204:Middlewares/ST/STM32_USB_Host_Library/Class/MSC/Src/usbh_msc_scsi.c ****   USBH_StatusTypeDef error = USBH_FAIL;
 261              		.loc 1 204 3 is_stmt 1 view .LVU82
 262              	.LVL18:
 205:Middlewares/ST/STM32_USB_Host_Library/Class/MSC/Src/usbh_msc_scsi.c ****   MSC_HandleTypeDef *MSC_Handle = (MSC_HandleTypeDef *) phost->pActiveClass->pData;
 263              		.loc 1 205 3 view .LVU83
 264              		.loc 1 205 62 is_stmt 0 view .LVU84
 265 0002 D0F87C33 		ldr	r3, [r0, #892]
 266              		.loc 1 205 22 view .LVU85
 267 0006 DC69     		ldr	r4, [r3, #28]
 268              	.LVL19:
 206:Middlewares/ST/STM32_USB_Host_Library/Class/MSC/Src/usbh_msc_scsi.c **** 
 207:Middlewares/ST/STM32_USB_Host_Library/Class/MSC/Src/usbh_msc_scsi.c ****   switch (MSC_Handle->hbot.cmd_state)
 269              		.loc 1 207 3 is_stmt 1 view .LVU86
 270              		.loc 1 207 27 is_stmt 0 view .LVU87
 271 0008 94F85250 		ldrb	r5, [r4, #82]	@ zero_extendqisi2
 272              		.loc 1 207 3 view .LVU88
 273 000c 012D     		cmp	r5, #1
 274 000e 04D0     		beq	.L12
 275 0010 1646     		mov	r6, r2
 276 0012 022D     		cmp	r5, #2
 277 0014 24D0     		beq	.L13
 278 0016 0225     		movs	r5, #2
 279 0018 20E0     		b	.L14
 280              	.L12:
 208:Middlewares/ST/STM32_USB_Host_Library/Class/MSC/Src/usbh_msc_scsi.c ****   {
 209:Middlewares/ST/STM32_USB_Host_Library/Class/MSC/Src/usbh_msc_scsi.c ****     case BOT_CMD_SEND:
 210:Middlewares/ST/STM32_USB_Host_Library/Class/MSC/Src/usbh_msc_scsi.c **** 
 211:Middlewares/ST/STM32_USB_Host_Library/Class/MSC/Src/usbh_msc_scsi.c ****       /*Prepare the CBW and relevent field*/
 212:Middlewares/ST/STM32_USB_Host_Library/Class/MSC/Src/usbh_msc_scsi.c ****       MSC_Handle->hbot.cbw.field.DataTransferLength = DATA_LEN_INQUIRY;
 281              		.loc 1 212 7 is_stmt 1 view .LVU89
 282              		.loc 1 212 53 is_stmt 0 view .LVU90
 283 001a 2422     		movs	r2, #36
ARM GAS  /tmp/cceV9FEL.s 			page 10


 284              	.LVL20:
 285              		.loc 1 212 53 view .LVU91
 286 001c E265     		str	r2, [r4, #92]
 213:Middlewares/ST/STM32_USB_Host_Library/Class/MSC/Src/usbh_msc_scsi.c ****       MSC_Handle->hbot.cbw.field.Flags = USB_EP_DIR_IN;
 287              		.loc 1 213 7 is_stmt 1 view .LVU92
 288              		.loc 1 213 40 is_stmt 0 view .LVU93
 289 001e 8023     		movs	r3, #128
 290 0020 84F86030 		strb	r3, [r4, #96]
 214:Middlewares/ST/STM32_USB_Host_Library/Class/MSC/Src/usbh_msc_scsi.c ****       MSC_Handle->hbot.cbw.field.CBLength = CBW_LENGTH;
 291              		.loc 1 214 7 is_stmt 1 view .LVU94
 292              		.loc 1 214 43 is_stmt 0 view .LVU95
 293 0024 0A23     		movs	r3, #10
 294 0026 84F86230 		strb	r3, [r4, #98]
 215:Middlewares/ST/STM32_USB_Host_Library/Class/MSC/Src/usbh_msc_scsi.c **** 
 216:Middlewares/ST/STM32_USB_Host_Library/Class/MSC/Src/usbh_msc_scsi.c ****       USBH_memset(MSC_Handle->hbot.cbw.field.CB, 0, CBW_LENGTH);
 295              		.loc 1 216 7 is_stmt 1 view .LVU96
 296 002a 0023     		movs	r3, #0
 297 002c C4F86330 		str	r3, [r4, #99]	@ unaligned
 298 0030 C4F86730 		str	r3, [r4, #103]	@ unaligned
 299 0034 A4F86B30 		strh	r3, [r4, #107]	@ unaligned
 217:Middlewares/ST/STM32_USB_Host_Library/Class/MSC/Src/usbh_msc_scsi.c ****       MSC_Handle->hbot.cbw.field.CB[0]  = OPCODE_INQUIRY;
 300              		.loc 1 217 7 view .LVU97
 301              		.loc 1 217 41 is_stmt 0 view .LVU98
 302 0038 1223     		movs	r3, #18
 303 003a 84F86330 		strb	r3, [r4, #99]
 218:Middlewares/ST/STM32_USB_Host_Library/Class/MSC/Src/usbh_msc_scsi.c ****       MSC_Handle->hbot.cbw.field.CB[1]  = (lun << 5);
 304              		.loc 1 218 7 is_stmt 1 view .LVU99
 305              		.loc 1 218 48 is_stmt 0 view .LVU100
 306 003e 4901     		lsls	r1, r1, #5
 307              	.LVL21:
 308              		.loc 1 218 41 view .LVU101
 309 0040 84F86410 		strb	r1, [r4, #100]
 219:Middlewares/ST/STM32_USB_Host_Library/Class/MSC/Src/usbh_msc_scsi.c ****       MSC_Handle->hbot.cbw.field.CB[2]  = 0U;
 310              		.loc 1 219 7 is_stmt 1 view .LVU102
 220:Middlewares/ST/STM32_USB_Host_Library/Class/MSC/Src/usbh_msc_scsi.c ****       MSC_Handle->hbot.cbw.field.CB[3]  = 0U;
 311              		.loc 1 220 7 view .LVU103
 221:Middlewares/ST/STM32_USB_Host_Library/Class/MSC/Src/usbh_msc_scsi.c ****       MSC_Handle->hbot.cbw.field.CB[4]  = 0x24U;
 312              		.loc 1 221 7 view .LVU104
 313              		.loc 1 221 41 is_stmt 0 view .LVU105
 314 0044 84F86720 		strb	r2, [r4, #103]
 222:Middlewares/ST/STM32_USB_Host_Library/Class/MSC/Src/usbh_msc_scsi.c ****       MSC_Handle->hbot.cbw.field.CB[5]  = 0U;
 315              		.loc 1 222 7 is_stmt 1 view .LVU106
 223:Middlewares/ST/STM32_USB_Host_Library/Class/MSC/Src/usbh_msc_scsi.c **** 
 224:Middlewares/ST/STM32_USB_Host_Library/Class/MSC/Src/usbh_msc_scsi.c ****       MSC_Handle->hbot.state = BOT_SEND_CBW;
 316              		.loc 1 224 7 view .LVU107
 317              		.loc 1 224 30 is_stmt 0 view .LVU108
 318 0048 0123     		movs	r3, #1
 319 004a 84F85030 		strb	r3, [r4, #80]
 225:Middlewares/ST/STM32_USB_Host_Library/Class/MSC/Src/usbh_msc_scsi.c **** 
 226:Middlewares/ST/STM32_USB_Host_Library/Class/MSC/Src/usbh_msc_scsi.c ****       MSC_Handle->hbot.cmd_state = BOT_CMD_WAIT;
 320              		.loc 1 226 7 is_stmt 1 view .LVU109
 321              		.loc 1 226 34 is_stmt 0 view .LVU110
 322 004e 0223     		movs	r3, #2
 323 0050 84F85230 		strb	r3, [r4, #82]
 227:Middlewares/ST/STM32_USB_Host_Library/Class/MSC/Src/usbh_msc_scsi.c ****       MSC_Handle->hbot.pbuf = (uint8_t *)(void *)MSC_Handle->hbot.data;
 324              		.loc 1 227 7 is_stmt 1 view .LVU111
 325              		.loc 1 227 50 is_stmt 0 view .LVU112
ARM GAS  /tmp/cceV9FEL.s 			page 11


 326 0054 04F11003 		add	r3, r4, #16
 327              		.loc 1 227 29 view .LVU113
 328 0058 C4F88C30 		str	r3, [r4, #140]
 228:Middlewares/ST/STM32_USB_Host_Library/Class/MSC/Src/usbh_msc_scsi.c ****       error = USBH_BUSY;
 329              		.loc 1 228 7 is_stmt 1 view .LVU114
 330              	.LVL22:
 229:Middlewares/ST/STM32_USB_Host_Library/Class/MSC/Src/usbh_msc_scsi.c ****       break;
 331              		.loc 1 229 7 view .LVU115
 332              	.L14:
 230:Middlewares/ST/STM32_USB_Host_Library/Class/MSC/Src/usbh_msc_scsi.c **** 
 231:Middlewares/ST/STM32_USB_Host_Library/Class/MSC/Src/usbh_msc_scsi.c ****     case BOT_CMD_WAIT:
 232:Middlewares/ST/STM32_USB_Host_Library/Class/MSC/Src/usbh_msc_scsi.c **** 
 233:Middlewares/ST/STM32_USB_Host_Library/Class/MSC/Src/usbh_msc_scsi.c ****       error = USBH_MSC_BOT_Process(phost, lun);
 234:Middlewares/ST/STM32_USB_Host_Library/Class/MSC/Src/usbh_msc_scsi.c **** 
 235:Middlewares/ST/STM32_USB_Host_Library/Class/MSC/Src/usbh_msc_scsi.c ****       if (error == USBH_OK)
 236:Middlewares/ST/STM32_USB_Host_Library/Class/MSC/Src/usbh_msc_scsi.c ****       {
 237:Middlewares/ST/STM32_USB_Host_Library/Class/MSC/Src/usbh_msc_scsi.c ****         USBH_memset(inquiry, 0, sizeof(SCSI_StdInquiryDataTypeDef));
 238:Middlewares/ST/STM32_USB_Host_Library/Class/MSC/Src/usbh_msc_scsi.c ****         /*assign Inquiry Data */
 239:Middlewares/ST/STM32_USB_Host_Library/Class/MSC/Src/usbh_msc_scsi.c ****         inquiry->DeviceType = MSC_Handle->hbot.pbuf[0] & 0x1FU;
 240:Middlewares/ST/STM32_USB_Host_Library/Class/MSC/Src/usbh_msc_scsi.c ****         inquiry->PeripheralQualifier = MSC_Handle->hbot.pbuf[0] >> 5U;
 241:Middlewares/ST/STM32_USB_Host_Library/Class/MSC/Src/usbh_msc_scsi.c **** 
 242:Middlewares/ST/STM32_USB_Host_Library/Class/MSC/Src/usbh_msc_scsi.c ****         if (((uint32_t)MSC_Handle->hbot.pbuf[1] & 0x80U) == 0x80U)
 243:Middlewares/ST/STM32_USB_Host_Library/Class/MSC/Src/usbh_msc_scsi.c ****         {
 244:Middlewares/ST/STM32_USB_Host_Library/Class/MSC/Src/usbh_msc_scsi.c ****           inquiry->RemovableMedia = 1U;
 245:Middlewares/ST/STM32_USB_Host_Library/Class/MSC/Src/usbh_msc_scsi.c ****         }
 246:Middlewares/ST/STM32_USB_Host_Library/Class/MSC/Src/usbh_msc_scsi.c ****         else
 247:Middlewares/ST/STM32_USB_Host_Library/Class/MSC/Src/usbh_msc_scsi.c ****         {
 248:Middlewares/ST/STM32_USB_Host_Library/Class/MSC/Src/usbh_msc_scsi.c ****           inquiry->RemovableMedia = 0U;
 249:Middlewares/ST/STM32_USB_Host_Library/Class/MSC/Src/usbh_msc_scsi.c ****         }
 250:Middlewares/ST/STM32_USB_Host_Library/Class/MSC/Src/usbh_msc_scsi.c **** 
 251:Middlewares/ST/STM32_USB_Host_Library/Class/MSC/Src/usbh_msc_scsi.c ****         USBH_memcpy(inquiry->vendor_id, &MSC_Handle->hbot.pbuf[8], 8U);
 252:Middlewares/ST/STM32_USB_Host_Library/Class/MSC/Src/usbh_msc_scsi.c ****         USBH_memcpy(inquiry->product_id, &MSC_Handle->hbot.pbuf[16], 16U);
 253:Middlewares/ST/STM32_USB_Host_Library/Class/MSC/Src/usbh_msc_scsi.c ****         USBH_memcpy(inquiry->revision_id, &MSC_Handle->hbot.pbuf[32], 4U);
 254:Middlewares/ST/STM32_USB_Host_Library/Class/MSC/Src/usbh_msc_scsi.c ****       }
 255:Middlewares/ST/STM32_USB_Host_Library/Class/MSC/Src/usbh_msc_scsi.c ****       break;
 256:Middlewares/ST/STM32_USB_Host_Library/Class/MSC/Src/usbh_msc_scsi.c **** 
 257:Middlewares/ST/STM32_USB_Host_Library/Class/MSC/Src/usbh_msc_scsi.c ****     default:
 258:Middlewares/ST/STM32_USB_Host_Library/Class/MSC/Src/usbh_msc_scsi.c ****       break;
 259:Middlewares/ST/STM32_USB_Host_Library/Class/MSC/Src/usbh_msc_scsi.c ****   }
 260:Middlewares/ST/STM32_USB_Host_Library/Class/MSC/Src/usbh_msc_scsi.c **** 
 261:Middlewares/ST/STM32_USB_Host_Library/Class/MSC/Src/usbh_msc_scsi.c ****   return error;
 333              		.loc 1 261 3 view .LVU116
 262:Middlewares/ST/STM32_USB_Host_Library/Class/MSC/Src/usbh_msc_scsi.c **** }
 334              		.loc 1 262 1 is_stmt 0 view .LVU117
 335 005c 2846     		mov	r0, r5
 336 005e 70BD     		pop	{r4, r5, r6, pc}
 337              	.LVL23:
 338              	.L13:
 233:Middlewares/ST/STM32_USB_Host_Library/Class/MSC/Src/usbh_msc_scsi.c **** 
 339              		.loc 1 233 7 is_stmt 1 view .LVU118
 233:Middlewares/ST/STM32_USB_Host_Library/Class/MSC/Src/usbh_msc_scsi.c **** 
 340              		.loc 1 233 15 is_stmt 0 view .LVU119
 341 0060 FFF7FEFF 		bl	USBH_MSC_BOT_Process
 342              	.LVL24:
 235:Middlewares/ST/STM32_USB_Host_Library/Class/MSC/Src/usbh_msc_scsi.c ****       {
 343              		.loc 1 235 7 is_stmt 1 view .LVU120
 235:Middlewares/ST/STM32_USB_Host_Library/Class/MSC/Src/usbh_msc_scsi.c ****       {
ARM GAS  /tmp/cceV9FEL.s 			page 12


 344              		.loc 1 235 10 is_stmt 0 view .LVU121
 345 0064 0546     		mov	r5, r0
 346 0066 0028     		cmp	r0, #0
 347 0068 F8D1     		bne	.L14
 237:Middlewares/ST/STM32_USB_Host_Library/Class/MSC/Src/usbh_msc_scsi.c ****         /*assign Inquiry Data */
 348              		.loc 1 237 9 is_stmt 1 view .LVU122
 349 006a 2222     		movs	r2, #34
 350 006c 0021     		movs	r1, #0
 351 006e 3046     		mov	r0, r6
 352              	.LVL25:
 237:Middlewares/ST/STM32_USB_Host_Library/Class/MSC/Src/usbh_msc_scsi.c ****         /*assign Inquiry Data */
 353              		.loc 1 237 9 is_stmt 0 view .LVU123
 354 0070 FFF7FEFF 		bl	memset
 355              	.LVL26:
 239:Middlewares/ST/STM32_USB_Host_Library/Class/MSC/Src/usbh_msc_scsi.c ****         inquiry->PeripheralQualifier = MSC_Handle->hbot.pbuf[0] >> 5U;
 356              		.loc 1 239 9 is_stmt 1 view .LVU124
 239:Middlewares/ST/STM32_USB_Host_Library/Class/MSC/Src/usbh_msc_scsi.c ****         inquiry->PeripheralQualifier = MSC_Handle->hbot.pbuf[0] >> 5U;
 357              		.loc 1 239 47 is_stmt 0 view .LVU125
 358 0074 D4F88C30 		ldr	r3, [r4, #140]
 239:Middlewares/ST/STM32_USB_Host_Library/Class/MSC/Src/usbh_msc_scsi.c ****         inquiry->PeripheralQualifier = MSC_Handle->hbot.pbuf[0] >> 5U;
 359              		.loc 1 239 52 view .LVU126
 360 0078 1B78     		ldrb	r3, [r3]	@ zero_extendqisi2
 239:Middlewares/ST/STM32_USB_Host_Library/Class/MSC/Src/usbh_msc_scsi.c ****         inquiry->PeripheralQualifier = MSC_Handle->hbot.pbuf[0] >> 5U;
 361              		.loc 1 239 56 view .LVU127
 362 007a 03F01F03 		and	r3, r3, #31
 239:Middlewares/ST/STM32_USB_Host_Library/Class/MSC/Src/usbh_msc_scsi.c ****         inquiry->PeripheralQualifier = MSC_Handle->hbot.pbuf[0] >> 5U;
 363              		.loc 1 239 29 view .LVU128
 364 007e 7370     		strb	r3, [r6, #1]
 240:Middlewares/ST/STM32_USB_Host_Library/Class/MSC/Src/usbh_msc_scsi.c **** 
 365              		.loc 1 240 9 is_stmt 1 view .LVU129
 240:Middlewares/ST/STM32_USB_Host_Library/Class/MSC/Src/usbh_msc_scsi.c **** 
 366              		.loc 1 240 56 is_stmt 0 view .LVU130
 367 0080 D4F88C30 		ldr	r3, [r4, #140]
 240:Middlewares/ST/STM32_USB_Host_Library/Class/MSC/Src/usbh_msc_scsi.c **** 
 368              		.loc 1 240 61 view .LVU131
 369 0084 1B78     		ldrb	r3, [r3]	@ zero_extendqisi2
 240:Middlewares/ST/STM32_USB_Host_Library/Class/MSC/Src/usbh_msc_scsi.c **** 
 370              		.loc 1 240 38 view .LVU132
 371 0086 5B09     		lsrs	r3, r3, #5
 372 0088 3370     		strb	r3, [r6]
 242:Middlewares/ST/STM32_USB_Host_Library/Class/MSC/Src/usbh_msc_scsi.c ****         {
 373              		.loc 1 242 9 is_stmt 1 view .LVU133
 242:Middlewares/ST/STM32_USB_Host_Library/Class/MSC/Src/usbh_msc_scsi.c ****         {
 374              		.loc 1 242 40 is_stmt 0 view .LVU134
 375 008a D4F88C30 		ldr	r3, [r4, #140]
 242:Middlewares/ST/STM32_USB_Host_Library/Class/MSC/Src/usbh_msc_scsi.c ****         {
 376              		.loc 1 242 58 view .LVU135
 377 008e 93F90130 		ldrsb	r3, [r3, #1]
 242:Middlewares/ST/STM32_USB_Host_Library/Class/MSC/Src/usbh_msc_scsi.c ****         {
 378              		.loc 1 242 12 view .LVU136
 379 0092 002B     		cmp	r3, #0
 380 0094 17DB     		blt	.L17
 381              	.L15:
 251:Middlewares/ST/STM32_USB_Host_Library/Class/MSC/Src/usbh_msc_scsi.c ****         USBH_memcpy(inquiry->product_id, &MSC_Handle->hbot.pbuf[16], 16U);
 382              		.loc 1 251 9 is_stmt 1 view .LVU137
 251:Middlewares/ST/STM32_USB_Host_Library/Class/MSC/Src/usbh_msc_scsi.c ****         USBH_memcpy(inquiry->product_id, &MSC_Handle->hbot.pbuf[16], 16U);
 383              		.loc 1 251 58 is_stmt 0 view .LVU138
ARM GAS  /tmp/cceV9FEL.s 			page 13


 384 0096 D4F88C30 		ldr	r3, [r4, #140]
 251:Middlewares/ST/STM32_USB_Host_Library/Class/MSC/Src/usbh_msc_scsi.c ****         USBH_memcpy(inquiry->product_id, &MSC_Handle->hbot.pbuf[16], 16U);
 385              		.loc 1 251 9 view .LVU139
 386 009a 9A68     		ldr	r2, [r3, #8]	@ unaligned
 387 009c DB68     		ldr	r3, [r3, #12]	@ unaligned
 388 009e C6F80320 		str	r2, [r6, #3]	@ unaligned
 389 00a2 C6F80730 		str	r3, [r6, #7]	@ unaligned
 252:Middlewares/ST/STM32_USB_Host_Library/Class/MSC/Src/usbh_msc_scsi.c ****         USBH_memcpy(inquiry->revision_id, &MSC_Handle->hbot.pbuf[32], 4U);
 390              		.loc 1 252 9 is_stmt 1 view .LVU140
 252:Middlewares/ST/STM32_USB_Host_Library/Class/MSC/Src/usbh_msc_scsi.c ****         USBH_memcpy(inquiry->revision_id, &MSC_Handle->hbot.pbuf[32], 4U);
 391              		.loc 1 252 59 is_stmt 0 view .LVU141
 392 00a6 D4F88C30 		ldr	r3, [r4, #140]
 252:Middlewares/ST/STM32_USB_Host_Library/Class/MSC/Src/usbh_msc_scsi.c ****         USBH_memcpy(inquiry->revision_id, &MSC_Handle->hbot.pbuf[32], 4U);
 393              		.loc 1 252 9 view .LVU142
 394 00aa 1869     		ldr	r0, [r3, #16]	@ unaligned
 395 00ac 5969     		ldr	r1, [r3, #20]	@ unaligned
 396 00ae 9A69     		ldr	r2, [r3, #24]	@ unaligned
 397 00b0 DB69     		ldr	r3, [r3, #28]	@ unaligned
 398 00b2 F060     		str	r0, [r6, #12]	@ unaligned
 399 00b4 3161     		str	r1, [r6, #16]	@ unaligned
 400 00b6 7261     		str	r2, [r6, #20]	@ unaligned
 401 00b8 B361     		str	r3, [r6, #24]	@ unaligned
 253:Middlewares/ST/STM32_USB_Host_Library/Class/MSC/Src/usbh_msc_scsi.c ****       }
 402              		.loc 1 253 9 is_stmt 1 view .LVU143
 253:Middlewares/ST/STM32_USB_Host_Library/Class/MSC/Src/usbh_msc_scsi.c ****       }
 403              		.loc 1 253 60 is_stmt 0 view .LVU144
 404 00ba D4F88C30 		ldr	r3, [r4, #140]
 253:Middlewares/ST/STM32_USB_Host_Library/Class/MSC/Src/usbh_msc_scsi.c ****       }
 405              		.loc 1 253 9 view .LVU145
 406 00be 1B6A     		ldr	r3, [r3, #32]	@ unaligned
 407 00c0 C6F81D30 		str	r3, [r6, #29]	@ unaligned
 408 00c4 CAE7     		b	.L14
 409              	.L17:
 244:Middlewares/ST/STM32_USB_Host_Library/Class/MSC/Src/usbh_msc_scsi.c ****         }
 410              		.loc 1 244 11 is_stmt 1 view .LVU146
 244:Middlewares/ST/STM32_USB_Host_Library/Class/MSC/Src/usbh_msc_scsi.c ****         }
 411              		.loc 1 244 35 is_stmt 0 view .LVU147
 412 00c6 0123     		movs	r3, #1
 413 00c8 B370     		strb	r3, [r6, #2]
 414 00ca E4E7     		b	.L15
 415              		.cfi_endproc
 416              	.LFE221:
 418              		.section	.text.USBH_MSC_SCSI_RequestSense,"ax",%progbits
 419              		.align	1
 420              		.global	USBH_MSC_SCSI_RequestSense
 421              		.syntax unified
 422              		.thumb
 423              		.thumb_func
 425              	USBH_MSC_SCSI_RequestSense:
 426              	.LVL27:
 427              	.LFB222:
 263:Middlewares/ST/STM32_USB_Host_Library/Class/MSC/Src/usbh_msc_scsi.c **** 
 264:Middlewares/ST/STM32_USB_Host_Library/Class/MSC/Src/usbh_msc_scsi.c **** /**
 265:Middlewares/ST/STM32_USB_Host_Library/Class/MSC/Src/usbh_msc_scsi.c ****   * @brief  USBH_MSC_SCSI_RequestSense
 266:Middlewares/ST/STM32_USB_Host_Library/Class/MSC/Src/usbh_msc_scsi.c ****   *         Issue RequestSense command.
 267:Middlewares/ST/STM32_USB_Host_Library/Class/MSC/Src/usbh_msc_scsi.c ****   * @param  phost: Host handle
 268:Middlewares/ST/STM32_USB_Host_Library/Class/MSC/Src/usbh_msc_scsi.c ****   * @param  lun: Logical Unit Number
ARM GAS  /tmp/cceV9FEL.s 			page 14


 269:Middlewares/ST/STM32_USB_Host_Library/Class/MSC/Src/usbh_msc_scsi.c ****   * @param  capacity: pointer to the sense data structure
 270:Middlewares/ST/STM32_USB_Host_Library/Class/MSC/Src/usbh_msc_scsi.c ****   * @retval USBH Status
 271:Middlewares/ST/STM32_USB_Host_Library/Class/MSC/Src/usbh_msc_scsi.c ****   */
 272:Middlewares/ST/STM32_USB_Host_Library/Class/MSC/Src/usbh_msc_scsi.c **** USBH_StatusTypeDef USBH_MSC_SCSI_RequestSense(USBH_HandleTypeDef *phost,
 273:Middlewares/ST/STM32_USB_Host_Library/Class/MSC/Src/usbh_msc_scsi.c ****                                               uint8_t lun,
 274:Middlewares/ST/STM32_USB_Host_Library/Class/MSC/Src/usbh_msc_scsi.c ****                                               SCSI_SenseTypeDef *sense_data)
 275:Middlewares/ST/STM32_USB_Host_Library/Class/MSC/Src/usbh_msc_scsi.c **** {
 428              		.loc 1 275 1 is_stmt 1 view -0
 429              		.cfi_startproc
 430              		@ args = 0, pretend = 0, frame = 0
 431              		@ frame_needed = 0, uses_anonymous_args = 0
 432              		.loc 1 275 1 is_stmt 0 view .LVU149
 433 0000 38B5     		push	{r3, r4, r5, lr}
 434              		.cfi_def_cfa_offset 16
 435              		.cfi_offset 3, -16
 436              		.cfi_offset 4, -12
 437              		.cfi_offset 5, -8
 438              		.cfi_offset 14, -4
 439 0002 0346     		mov	r3, r0
 276:Middlewares/ST/STM32_USB_Host_Library/Class/MSC/Src/usbh_msc_scsi.c ****   USBH_StatusTypeDef    error = USBH_FAIL ;
 440              		.loc 1 276 3 is_stmt 1 view .LVU150
 441              	.LVL28:
 277:Middlewares/ST/STM32_USB_Host_Library/Class/MSC/Src/usbh_msc_scsi.c ****   MSC_HandleTypeDef *MSC_Handle = (MSC_HandleTypeDef *) phost->pActiveClass->pData;
 442              		.loc 1 277 3 view .LVU151
 443              		.loc 1 277 62 is_stmt 0 view .LVU152
 444 0004 D0F87C03 		ldr	r0, [r0, #892]
 445              	.LVL29:
 446              		.loc 1 277 22 view .LVU153
 447 0008 C469     		ldr	r4, [r0, #28]
 448              	.LVL30:
 278:Middlewares/ST/STM32_USB_Host_Library/Class/MSC/Src/usbh_msc_scsi.c **** 
 279:Middlewares/ST/STM32_USB_Host_Library/Class/MSC/Src/usbh_msc_scsi.c ****   switch (MSC_Handle->hbot.cmd_state)
 449              		.loc 1 279 3 is_stmt 1 view .LVU154
 450              		.loc 1 279 27 is_stmt 0 view .LVU155
 451 000a 94F85200 		ldrb	r0, [r4, #82]	@ zero_extendqisi2
 452              		.loc 1 279 3 view .LVU156
 453 000e 0128     		cmp	r0, #1
 454 0010 04D0     		beq	.L19
 455 0012 1546     		mov	r5, r2
 456 0014 0228     		cmp	r0, #2
 457 0016 25D0     		beq	.L20
 458 0018 0220     		movs	r0, #2
 459 001a 22E0     		b	.L21
 460              	.L19:
 280:Middlewares/ST/STM32_USB_Host_Library/Class/MSC/Src/usbh_msc_scsi.c ****   {
 281:Middlewares/ST/STM32_USB_Host_Library/Class/MSC/Src/usbh_msc_scsi.c ****     case BOT_CMD_SEND:
 282:Middlewares/ST/STM32_USB_Host_Library/Class/MSC/Src/usbh_msc_scsi.c **** 
 283:Middlewares/ST/STM32_USB_Host_Library/Class/MSC/Src/usbh_msc_scsi.c ****       /*Prepare the CBW and relevent field*/
 284:Middlewares/ST/STM32_USB_Host_Library/Class/MSC/Src/usbh_msc_scsi.c ****       MSC_Handle->hbot.cbw.field.DataTransferLength = DATA_LEN_REQUEST_SENSE;
 461              		.loc 1 284 7 is_stmt 1 view .LVU157
 462              		.loc 1 284 53 is_stmt 0 view .LVU158
 463 001c 0E22     		movs	r2, #14
 464              	.LVL31:
 465              		.loc 1 284 53 view .LVU159
 466 001e E265     		str	r2, [r4, #92]
 285:Middlewares/ST/STM32_USB_Host_Library/Class/MSC/Src/usbh_msc_scsi.c ****       MSC_Handle->hbot.cbw.field.Flags = USB_EP_DIR_IN;
 467              		.loc 1 285 7 is_stmt 1 view .LVU160
ARM GAS  /tmp/cceV9FEL.s 			page 15


 468              		.loc 1 285 40 is_stmt 0 view .LVU161
 469 0020 8023     		movs	r3, #128
 470              	.LVL32:
 471              		.loc 1 285 40 view .LVU162
 472 0022 84F86030 		strb	r3, [r4, #96]
 286:Middlewares/ST/STM32_USB_Host_Library/Class/MSC/Src/usbh_msc_scsi.c ****       MSC_Handle->hbot.cbw.field.CBLength = CBW_LENGTH;
 473              		.loc 1 286 7 is_stmt 1 view .LVU163
 474              		.loc 1 286 43 is_stmt 0 view .LVU164
 475 0026 0A23     		movs	r3, #10
 476 0028 84F86230 		strb	r3, [r4, #98]
 287:Middlewares/ST/STM32_USB_Host_Library/Class/MSC/Src/usbh_msc_scsi.c **** 
 288:Middlewares/ST/STM32_USB_Host_Library/Class/MSC/Src/usbh_msc_scsi.c ****       USBH_memset(MSC_Handle->hbot.cbw.field.CB, 0, CBW_CB_LENGTH);
 477              		.loc 1 288 7 is_stmt 1 view .LVU165
 478 002c 0023     		movs	r3, #0
 479 002e C4F86330 		str	r3, [r4, #99]	@ unaligned
 480 0032 C4F86730 		str	r3, [r4, #103]	@ unaligned
 481 0036 C4F86B30 		str	r3, [r4, #107]	@ unaligned
 482 003a C4F86F30 		str	r3, [r4, #111]	@ unaligned
 289:Middlewares/ST/STM32_USB_Host_Library/Class/MSC/Src/usbh_msc_scsi.c ****       MSC_Handle->hbot.cbw.field.CB[0]  = OPCODE_REQUEST_SENSE;
 483              		.loc 1 289 7 view .LVU166
 484              		.loc 1 289 41 is_stmt 0 view .LVU167
 485 003e 0323     		movs	r3, #3
 486 0040 84F86330 		strb	r3, [r4, #99]
 290:Middlewares/ST/STM32_USB_Host_Library/Class/MSC/Src/usbh_msc_scsi.c ****       MSC_Handle->hbot.cbw.field.CB[1]  = (lun << 5);
 487              		.loc 1 290 7 is_stmt 1 view .LVU168
 488              		.loc 1 290 48 is_stmt 0 view .LVU169
 489 0044 4901     		lsls	r1, r1, #5
 490              	.LVL33:
 491              		.loc 1 290 41 view .LVU170
 492 0046 84F86410 		strb	r1, [r4, #100]
 291:Middlewares/ST/STM32_USB_Host_Library/Class/MSC/Src/usbh_msc_scsi.c ****       MSC_Handle->hbot.cbw.field.CB[2]  = 0U;
 493              		.loc 1 291 7 is_stmt 1 view .LVU171
 292:Middlewares/ST/STM32_USB_Host_Library/Class/MSC/Src/usbh_msc_scsi.c ****       MSC_Handle->hbot.cbw.field.CB[3]  = 0U;
 494              		.loc 1 292 7 view .LVU172
 293:Middlewares/ST/STM32_USB_Host_Library/Class/MSC/Src/usbh_msc_scsi.c ****       MSC_Handle->hbot.cbw.field.CB[4]  = DATA_LEN_REQUEST_SENSE;
 495              		.loc 1 293 7 view .LVU173
 496              		.loc 1 293 41 is_stmt 0 view .LVU174
 497 004a 84F86720 		strb	r2, [r4, #103]
 294:Middlewares/ST/STM32_USB_Host_Library/Class/MSC/Src/usbh_msc_scsi.c ****       MSC_Handle->hbot.cbw.field.CB[5]  = 0U;
 498              		.loc 1 294 7 is_stmt 1 view .LVU175
 295:Middlewares/ST/STM32_USB_Host_Library/Class/MSC/Src/usbh_msc_scsi.c **** 
 296:Middlewares/ST/STM32_USB_Host_Library/Class/MSC/Src/usbh_msc_scsi.c ****       MSC_Handle->hbot.state = BOT_SEND_CBW;
 499              		.loc 1 296 7 view .LVU176
 500              		.loc 1 296 30 is_stmt 0 view .LVU177
 501 004e 0123     		movs	r3, #1
 502 0050 84F85030 		strb	r3, [r4, #80]
 297:Middlewares/ST/STM32_USB_Host_Library/Class/MSC/Src/usbh_msc_scsi.c ****       MSC_Handle->hbot.cmd_state = BOT_CMD_WAIT;
 503              		.loc 1 297 7 is_stmt 1 view .LVU178
 504              		.loc 1 297 34 is_stmt 0 view .LVU179
 505 0054 0223     		movs	r3, #2
 506 0056 84F85230 		strb	r3, [r4, #82]
 298:Middlewares/ST/STM32_USB_Host_Library/Class/MSC/Src/usbh_msc_scsi.c ****       MSC_Handle->hbot.pbuf = (uint8_t *)(void *)MSC_Handle->hbot.data;
 507              		.loc 1 298 7 is_stmt 1 view .LVU180
 508              		.loc 1 298 50 is_stmt 0 view .LVU181
 509 005a 04F11003 		add	r3, r4, #16
 510              		.loc 1 298 29 view .LVU182
 511 005e C4F88C30 		str	r3, [r4, #140]
ARM GAS  /tmp/cceV9FEL.s 			page 16


 299:Middlewares/ST/STM32_USB_Host_Library/Class/MSC/Src/usbh_msc_scsi.c ****       error = USBH_BUSY;
 512              		.loc 1 299 7 is_stmt 1 view .LVU183
 513              	.LVL34:
 300:Middlewares/ST/STM32_USB_Host_Library/Class/MSC/Src/usbh_msc_scsi.c ****       break;
 514              		.loc 1 300 7 view .LVU184
 515              	.L21:
 301:Middlewares/ST/STM32_USB_Host_Library/Class/MSC/Src/usbh_msc_scsi.c **** 
 302:Middlewares/ST/STM32_USB_Host_Library/Class/MSC/Src/usbh_msc_scsi.c ****     case BOT_CMD_WAIT:
 303:Middlewares/ST/STM32_USB_Host_Library/Class/MSC/Src/usbh_msc_scsi.c **** 
 304:Middlewares/ST/STM32_USB_Host_Library/Class/MSC/Src/usbh_msc_scsi.c ****       error = USBH_MSC_BOT_Process(phost, lun);
 305:Middlewares/ST/STM32_USB_Host_Library/Class/MSC/Src/usbh_msc_scsi.c **** 
 306:Middlewares/ST/STM32_USB_Host_Library/Class/MSC/Src/usbh_msc_scsi.c ****       if (error == USBH_OK)
 307:Middlewares/ST/STM32_USB_Host_Library/Class/MSC/Src/usbh_msc_scsi.c ****       {
 308:Middlewares/ST/STM32_USB_Host_Library/Class/MSC/Src/usbh_msc_scsi.c ****         sense_data->key  = MSC_Handle->hbot.pbuf[2] & 0x0FU;
 309:Middlewares/ST/STM32_USB_Host_Library/Class/MSC/Src/usbh_msc_scsi.c ****         sense_data->asc  = MSC_Handle->hbot.pbuf[12];
 310:Middlewares/ST/STM32_USB_Host_Library/Class/MSC/Src/usbh_msc_scsi.c ****         sense_data->ascq = MSC_Handle->hbot.pbuf[13];
 311:Middlewares/ST/STM32_USB_Host_Library/Class/MSC/Src/usbh_msc_scsi.c ****       }
 312:Middlewares/ST/STM32_USB_Host_Library/Class/MSC/Src/usbh_msc_scsi.c ****       break;
 313:Middlewares/ST/STM32_USB_Host_Library/Class/MSC/Src/usbh_msc_scsi.c **** 
 314:Middlewares/ST/STM32_USB_Host_Library/Class/MSC/Src/usbh_msc_scsi.c ****     default:
 315:Middlewares/ST/STM32_USB_Host_Library/Class/MSC/Src/usbh_msc_scsi.c ****       break;
 316:Middlewares/ST/STM32_USB_Host_Library/Class/MSC/Src/usbh_msc_scsi.c ****   }
 317:Middlewares/ST/STM32_USB_Host_Library/Class/MSC/Src/usbh_msc_scsi.c **** 
 318:Middlewares/ST/STM32_USB_Host_Library/Class/MSC/Src/usbh_msc_scsi.c ****   return error;
 516              		.loc 1 318 3 view .LVU185
 319:Middlewares/ST/STM32_USB_Host_Library/Class/MSC/Src/usbh_msc_scsi.c **** }
 517              		.loc 1 319 1 is_stmt 0 view .LVU186
 518 0062 38BD     		pop	{r3, r4, r5, pc}
 519              	.LVL35:
 520              	.L20:
 304:Middlewares/ST/STM32_USB_Host_Library/Class/MSC/Src/usbh_msc_scsi.c **** 
 521              		.loc 1 304 7 is_stmt 1 view .LVU187
 304:Middlewares/ST/STM32_USB_Host_Library/Class/MSC/Src/usbh_msc_scsi.c **** 
 522              		.loc 1 304 15 is_stmt 0 view .LVU188
 523 0064 1846     		mov	r0, r3
 524 0066 FFF7FEFF 		bl	USBH_MSC_BOT_Process
 525              	.LVL36:
 306:Middlewares/ST/STM32_USB_Host_Library/Class/MSC/Src/usbh_msc_scsi.c ****       {
 526              		.loc 1 306 7 is_stmt 1 view .LVU189
 306:Middlewares/ST/STM32_USB_Host_Library/Class/MSC/Src/usbh_msc_scsi.c ****       {
 527              		.loc 1 306 10 is_stmt 0 view .LVU190
 528 006a 0028     		cmp	r0, #0
 529 006c F9D1     		bne	.L21
 308:Middlewares/ST/STM32_USB_Host_Library/Class/MSC/Src/usbh_msc_scsi.c ****         sense_data->asc  = MSC_Handle->hbot.pbuf[12];
 530              		.loc 1 308 9 is_stmt 1 view .LVU191
 308:Middlewares/ST/STM32_USB_Host_Library/Class/MSC/Src/usbh_msc_scsi.c ****         sense_data->asc  = MSC_Handle->hbot.pbuf[12];
 531              		.loc 1 308 44 is_stmt 0 view .LVU192
 532 006e D4F88C30 		ldr	r3, [r4, #140]
 308:Middlewares/ST/STM32_USB_Host_Library/Class/MSC/Src/usbh_msc_scsi.c ****         sense_data->asc  = MSC_Handle->hbot.pbuf[12];
 533              		.loc 1 308 49 view .LVU193
 534 0072 9B78     		ldrb	r3, [r3, #2]	@ zero_extendqisi2
 308:Middlewares/ST/STM32_USB_Host_Library/Class/MSC/Src/usbh_msc_scsi.c ****         sense_data->asc  = MSC_Handle->hbot.pbuf[12];
 535              		.loc 1 308 53 view .LVU194
 536 0074 03F00F03 		and	r3, r3, #15
 308:Middlewares/ST/STM32_USB_Host_Library/Class/MSC/Src/usbh_msc_scsi.c ****         sense_data->asc  = MSC_Handle->hbot.pbuf[12];
 537              		.loc 1 308 26 view .LVU195
 538 0078 2B70     		strb	r3, [r5]
ARM GAS  /tmp/cceV9FEL.s 			page 17


 309:Middlewares/ST/STM32_USB_Host_Library/Class/MSC/Src/usbh_msc_scsi.c ****         sense_data->ascq = MSC_Handle->hbot.pbuf[13];
 539              		.loc 1 309 9 is_stmt 1 view .LVU196
 309:Middlewares/ST/STM32_USB_Host_Library/Class/MSC/Src/usbh_msc_scsi.c ****         sense_data->ascq = MSC_Handle->hbot.pbuf[13];
 540              		.loc 1 309 44 is_stmt 0 view .LVU197
 541 007a D4F88C30 		ldr	r3, [r4, #140]
 309:Middlewares/ST/STM32_USB_Host_Library/Class/MSC/Src/usbh_msc_scsi.c ****         sense_data->ascq = MSC_Handle->hbot.pbuf[13];
 542              		.loc 1 309 26 view .LVU198
 543 007e 1B7B     		ldrb	r3, [r3, #12]	@ zero_extendqisi2
 544 0080 6B70     		strb	r3, [r5, #1]
 310:Middlewares/ST/STM32_USB_Host_Library/Class/MSC/Src/usbh_msc_scsi.c ****       }
 545              		.loc 1 310 9 is_stmt 1 view .LVU199
 310:Middlewares/ST/STM32_USB_Host_Library/Class/MSC/Src/usbh_msc_scsi.c ****       }
 546              		.loc 1 310 44 is_stmt 0 view .LVU200
 547 0082 D4F88C30 		ldr	r3, [r4, #140]
 310:Middlewares/ST/STM32_USB_Host_Library/Class/MSC/Src/usbh_msc_scsi.c ****       }
 548              		.loc 1 310 26 view .LVU201
 549 0086 5B7B     		ldrb	r3, [r3, #13]	@ zero_extendqisi2
 550 0088 AB70     		strb	r3, [r5, #2]
 551 008a EAE7     		b	.L21
 552              		.cfi_endproc
 553              	.LFE222:
 555              		.section	.text.USBH_MSC_SCSI_Write,"ax",%progbits
 556              		.align	1
 557              		.global	USBH_MSC_SCSI_Write
 558              		.syntax unified
 559              		.thumb
 560              		.thumb_func
 562              	USBH_MSC_SCSI_Write:
 563              	.LVL37:
 564              	.LFB223:
 320:Middlewares/ST/STM32_USB_Host_Library/Class/MSC/Src/usbh_msc_scsi.c **** 
 321:Middlewares/ST/STM32_USB_Host_Library/Class/MSC/Src/usbh_msc_scsi.c **** /**
 322:Middlewares/ST/STM32_USB_Host_Library/Class/MSC/Src/usbh_msc_scsi.c ****   * @brief  USBH_MSC_SCSI_Write
 323:Middlewares/ST/STM32_USB_Host_Library/Class/MSC/Src/usbh_msc_scsi.c ****   *         Issue write10 command.
 324:Middlewares/ST/STM32_USB_Host_Library/Class/MSC/Src/usbh_msc_scsi.c ****   * @param  phost: Host handle
 325:Middlewares/ST/STM32_USB_Host_Library/Class/MSC/Src/usbh_msc_scsi.c ****   * @param  lun: Logical Unit Number
 326:Middlewares/ST/STM32_USB_Host_Library/Class/MSC/Src/usbh_msc_scsi.c ****   * @param  address: sector address
 327:Middlewares/ST/STM32_USB_Host_Library/Class/MSC/Src/usbh_msc_scsi.c ****   * @param  pbuf: pointer to data
 328:Middlewares/ST/STM32_USB_Host_Library/Class/MSC/Src/usbh_msc_scsi.c ****   * @param  length: number of sector to write
 329:Middlewares/ST/STM32_USB_Host_Library/Class/MSC/Src/usbh_msc_scsi.c ****   * @retval USBH Status
 330:Middlewares/ST/STM32_USB_Host_Library/Class/MSC/Src/usbh_msc_scsi.c ****   */
 331:Middlewares/ST/STM32_USB_Host_Library/Class/MSC/Src/usbh_msc_scsi.c **** USBH_StatusTypeDef USBH_MSC_SCSI_Write(USBH_HandleTypeDef *phost,
 332:Middlewares/ST/STM32_USB_Host_Library/Class/MSC/Src/usbh_msc_scsi.c ****                                        uint8_t lun,
 333:Middlewares/ST/STM32_USB_Host_Library/Class/MSC/Src/usbh_msc_scsi.c ****                                        uint32_t address,
 334:Middlewares/ST/STM32_USB_Host_Library/Class/MSC/Src/usbh_msc_scsi.c ****                                        uint8_t *pbuf,
 335:Middlewares/ST/STM32_USB_Host_Library/Class/MSC/Src/usbh_msc_scsi.c ****                                        uint32_t length)
 336:Middlewares/ST/STM32_USB_Host_Library/Class/MSC/Src/usbh_msc_scsi.c **** {
 565              		.loc 1 336 1 is_stmt 1 view -0
 566              		.cfi_startproc
 567              		@ args = 4, pretend = 0, frame = 0
 568              		@ frame_needed = 0, uses_anonymous_args = 0
 569              		.loc 1 336 1 is_stmt 0 view .LVU203
 570 0000 38B5     		push	{r3, r4, r5, lr}
 571              		.cfi_def_cfa_offset 16
 572              		.cfi_offset 3, -16
 573              		.cfi_offset 4, -12
 574              		.cfi_offset 5, -8
ARM GAS  /tmp/cceV9FEL.s 			page 18


 575              		.cfi_offset 14, -4
 576 0002 8446     		mov	ip, r0
 337:Middlewares/ST/STM32_USB_Host_Library/Class/MSC/Src/usbh_msc_scsi.c ****   USBH_StatusTypeDef    error = USBH_FAIL ;
 577              		.loc 1 337 3 is_stmt 1 view .LVU204
 578              	.LVL38:
 338:Middlewares/ST/STM32_USB_Host_Library/Class/MSC/Src/usbh_msc_scsi.c **** 
 339:Middlewares/ST/STM32_USB_Host_Library/Class/MSC/Src/usbh_msc_scsi.c ****   MSC_HandleTypeDef *MSC_Handle = (MSC_HandleTypeDef *) phost->pActiveClass->pData;
 579              		.loc 1 339 3 view .LVU205
 580              		.loc 1 339 62 is_stmt 0 view .LVU206
 581 0004 D0F87C03 		ldr	r0, [r0, #892]
 582              	.LVL39:
 583              		.loc 1 339 22 view .LVU207
 584 0008 C469     		ldr	r4, [r0, #28]
 585              	.LVL40:
 340:Middlewares/ST/STM32_USB_Host_Library/Class/MSC/Src/usbh_msc_scsi.c **** 
 341:Middlewares/ST/STM32_USB_Host_Library/Class/MSC/Src/usbh_msc_scsi.c ****   switch (MSC_Handle->hbot.cmd_state)
 586              		.loc 1 341 3 is_stmt 1 view .LVU208
 587              		.loc 1 341 27 is_stmt 0 view .LVU209
 588 000a 94F85200 		ldrb	r0, [r4, #82]	@ zero_extendqisi2
 589              		.loc 1 341 3 view .LVU210
 590 000e 0128     		cmp	r0, #1
 591 0010 03D0     		beq	.L24
 592 0012 0228     		cmp	r0, #2
 593 0014 36D0     		beq	.L25
 594 0016 0220     		movs	r0, #2
 595 0018 33E0     		b	.L26
 596              	.L24:
 342:Middlewares/ST/STM32_USB_Host_Library/Class/MSC/Src/usbh_msc_scsi.c ****   {
 343:Middlewares/ST/STM32_USB_Host_Library/Class/MSC/Src/usbh_msc_scsi.c ****     case BOT_CMD_SEND:
 344:Middlewares/ST/STM32_USB_Host_Library/Class/MSC/Src/usbh_msc_scsi.c **** 
 345:Middlewares/ST/STM32_USB_Host_Library/Class/MSC/Src/usbh_msc_scsi.c ****       /*Prepare the CBW and relevent field*/
 346:Middlewares/ST/STM32_USB_Host_Library/Class/MSC/Src/usbh_msc_scsi.c ****       MSC_Handle->hbot.cbw.field.DataTransferLength = length * MSC_Handle->unit[0].capacity.block_s
 597              		.loc 1 346 7 is_stmt 1 view .LVU211
 598              		.loc 1 346 92 is_stmt 0 view .LVU212
 599 001a B4F89810 		ldrh	r1, [r4, #152]
 600              	.LVL41:
 601              		.loc 1 346 62 view .LVU213
 602 001e 049D     		ldr	r5, [sp, #16]
 603 0020 05FB01F1 		mul	r1, r5, r1
 604              		.loc 1 346 53 view .LVU214
 605 0024 E165     		str	r1, [r4, #92]
 347:Middlewares/ST/STM32_USB_Host_Library/Class/MSC/Src/usbh_msc_scsi.c ****       MSC_Handle->hbot.cbw.field.Flags = USB_EP_DIR_OUT;
 606              		.loc 1 347 7 is_stmt 1 view .LVU215
 607              		.loc 1 347 40 is_stmt 0 view .LVU216
 608 0026 0021     		movs	r1, #0
 609 0028 84F86010 		strb	r1, [r4, #96]
 348:Middlewares/ST/STM32_USB_Host_Library/Class/MSC/Src/usbh_msc_scsi.c ****       MSC_Handle->hbot.cbw.field.CBLength = CBW_LENGTH;
 610              		.loc 1 348 7 is_stmt 1 view .LVU217
 611              		.loc 1 348 43 is_stmt 0 view .LVU218
 612 002c 4FF00A0C 		mov	ip, #10
 613              	.LVL42:
 614              		.loc 1 348 43 view .LVU219
 615 0030 84F862C0 		strb	ip, [r4, #98]
 349:Middlewares/ST/STM32_USB_Host_Library/Class/MSC/Src/usbh_msc_scsi.c **** 
 350:Middlewares/ST/STM32_USB_Host_Library/Class/MSC/Src/usbh_msc_scsi.c ****       USBH_memset(MSC_Handle->hbot.cbw.field.CB, 0, CBW_CB_LENGTH);
 616              		.loc 1 350 7 is_stmt 1 view .LVU220
 617 0034 C4F86310 		str	r1, [r4, #99]	@ unaligned
ARM GAS  /tmp/cceV9FEL.s 			page 19


 618 0038 C4F86710 		str	r1, [r4, #103]	@ unaligned
 619 003c C4F86B10 		str	r1, [r4, #107]	@ unaligned
 620 0040 C4F86F10 		str	r1, [r4, #111]	@ unaligned
 351:Middlewares/ST/STM32_USB_Host_Library/Class/MSC/Src/usbh_msc_scsi.c ****       MSC_Handle->hbot.cbw.field.CB[0]  = OPCODE_WRITE10;
 621              		.loc 1 351 7 view .LVU221
 622              		.loc 1 351 41 is_stmt 0 view .LVU222
 623 0044 2A21     		movs	r1, #42
 624 0046 84F86310 		strb	r1, [r4, #99]
 352:Middlewares/ST/STM32_USB_Host_Library/Class/MSC/Src/usbh_msc_scsi.c **** 
 353:Middlewares/ST/STM32_USB_Host_Library/Class/MSC/Src/usbh_msc_scsi.c ****       /*logical block address*/
 354:Middlewares/ST/STM32_USB_Host_Library/Class/MSC/Src/usbh_msc_scsi.c ****       MSC_Handle->hbot.cbw.field.CB[2]  = (((uint8_t *)(void *)&address)[3]);
 625              		.loc 1 354 7 is_stmt 1 view .LVU223
 626              		.loc 1 354 41 is_stmt 0 view .LVU224
 627 004a C2F30761 		ubfx	r1, r2, #24, #8
 628 004e 84F86510 		strb	r1, [r4, #101]
 355:Middlewares/ST/STM32_USB_Host_Library/Class/MSC/Src/usbh_msc_scsi.c ****       MSC_Handle->hbot.cbw.field.CB[3]  = (((uint8_t *)(void *)&address)[2]);
 629              		.loc 1 355 7 is_stmt 1 view .LVU225
 630              		.loc 1 355 41 is_stmt 0 view .LVU226
 631 0052 C2F30741 		ubfx	r1, r2, #16, #8
 632 0056 84F86610 		strb	r1, [r4, #102]
 356:Middlewares/ST/STM32_USB_Host_Library/Class/MSC/Src/usbh_msc_scsi.c ****       MSC_Handle->hbot.cbw.field.CB[4]  = (((uint8_t *)(void *)&address)[1]);
 633              		.loc 1 356 7 is_stmt 1 view .LVU227
 634              		.loc 1 356 41 is_stmt 0 view .LVU228
 635 005a C2F30721 		ubfx	r1, r2, #8, #8
 636 005e 84F86710 		strb	r1, [r4, #103]
 357:Middlewares/ST/STM32_USB_Host_Library/Class/MSC/Src/usbh_msc_scsi.c ****       MSC_Handle->hbot.cbw.field.CB[5]  = (((uint8_t *)(void *)&address)[0]);
 637              		.loc 1 357 7 is_stmt 1 view .LVU229
 638              		.loc 1 357 41 is_stmt 0 view .LVU230
 639 0062 84F86820 		strb	r2, [r4, #104]
 358:Middlewares/ST/STM32_USB_Host_Library/Class/MSC/Src/usbh_msc_scsi.c **** 
 359:Middlewares/ST/STM32_USB_Host_Library/Class/MSC/Src/usbh_msc_scsi.c **** 
 360:Middlewares/ST/STM32_USB_Host_Library/Class/MSC/Src/usbh_msc_scsi.c ****       /*Transfer length */
 361:Middlewares/ST/STM32_USB_Host_Library/Class/MSC/Src/usbh_msc_scsi.c ****       MSC_Handle->hbot.cbw.field.CB[7]  = (((uint8_t *)(void *)&length)[1]) ;
 640              		.loc 1 361 7 is_stmt 1 view .LVU231
 641              		.loc 1 361 41 is_stmt 0 view .LVU232
 642 0066 C5F30722 		ubfx	r2, r5, #8, #8
 643              	.LVL43:
 644              		.loc 1 361 41 view .LVU233
 645 006a 84F86A20 		strb	r2, [r4, #106]
 362:Middlewares/ST/STM32_USB_Host_Library/Class/MSC/Src/usbh_msc_scsi.c ****       MSC_Handle->hbot.cbw.field.CB[8]  = (((uint8_t *)(void *)&length)[0]) ;
 646              		.loc 1 362 7 is_stmt 1 view .LVU234
 647              		.loc 1 362 41 is_stmt 0 view .LVU235
 648 006e 84F86B50 		strb	r5, [r4, #107]
 363:Middlewares/ST/STM32_USB_Host_Library/Class/MSC/Src/usbh_msc_scsi.c **** 
 364:Middlewares/ST/STM32_USB_Host_Library/Class/MSC/Src/usbh_msc_scsi.c **** 
 365:Middlewares/ST/STM32_USB_Host_Library/Class/MSC/Src/usbh_msc_scsi.c ****       MSC_Handle->hbot.state = BOT_SEND_CBW;
 649              		.loc 1 365 7 is_stmt 1 view .LVU236
 650              		.loc 1 365 30 is_stmt 0 view .LVU237
 651 0072 0122     		movs	r2, #1
 652 0074 84F85020 		strb	r2, [r4, #80]
 366:Middlewares/ST/STM32_USB_Host_Library/Class/MSC/Src/usbh_msc_scsi.c ****       MSC_Handle->hbot.cmd_state = BOT_CMD_WAIT;
 653              		.loc 1 366 7 is_stmt 1 view .LVU238
 654              		.loc 1 366 34 is_stmt 0 view .LVU239
 655 0078 0222     		movs	r2, #2
 656 007a 84F85220 		strb	r2, [r4, #82]
 367:Middlewares/ST/STM32_USB_Host_Library/Class/MSC/Src/usbh_msc_scsi.c ****       MSC_Handle->hbot.pbuf = pbuf;
 657              		.loc 1 367 7 is_stmt 1 view .LVU240
ARM GAS  /tmp/cceV9FEL.s 			page 20


 658              		.loc 1 367 29 is_stmt 0 view .LVU241
 659 007e C4F88C30 		str	r3, [r4, #140]
 368:Middlewares/ST/STM32_USB_Host_Library/Class/MSC/Src/usbh_msc_scsi.c ****       error = USBH_BUSY;
 660              		.loc 1 368 7 is_stmt 1 view .LVU242
 661              	.LVL44:
 369:Middlewares/ST/STM32_USB_Host_Library/Class/MSC/Src/usbh_msc_scsi.c ****       break;
 662              		.loc 1 369 7 view .LVU243
 663              	.L26:
 370:Middlewares/ST/STM32_USB_Host_Library/Class/MSC/Src/usbh_msc_scsi.c **** 
 371:Middlewares/ST/STM32_USB_Host_Library/Class/MSC/Src/usbh_msc_scsi.c ****     case BOT_CMD_WAIT:
 372:Middlewares/ST/STM32_USB_Host_Library/Class/MSC/Src/usbh_msc_scsi.c ****       error = USBH_MSC_BOT_Process(phost, lun);
 373:Middlewares/ST/STM32_USB_Host_Library/Class/MSC/Src/usbh_msc_scsi.c ****       break;
 374:Middlewares/ST/STM32_USB_Host_Library/Class/MSC/Src/usbh_msc_scsi.c **** 
 375:Middlewares/ST/STM32_USB_Host_Library/Class/MSC/Src/usbh_msc_scsi.c ****     default:
 376:Middlewares/ST/STM32_USB_Host_Library/Class/MSC/Src/usbh_msc_scsi.c ****       break;
 377:Middlewares/ST/STM32_USB_Host_Library/Class/MSC/Src/usbh_msc_scsi.c ****   }
 378:Middlewares/ST/STM32_USB_Host_Library/Class/MSC/Src/usbh_msc_scsi.c **** 
 379:Middlewares/ST/STM32_USB_Host_Library/Class/MSC/Src/usbh_msc_scsi.c ****   return error;
 664              		.loc 1 379 3 view .LVU244
 380:Middlewares/ST/STM32_USB_Host_Library/Class/MSC/Src/usbh_msc_scsi.c **** }
 665              		.loc 1 380 1 is_stmt 0 view .LVU245
 666 0082 38BD     		pop	{r3, r4, r5, pc}
 667              	.LVL45:
 668              	.L25:
 372:Middlewares/ST/STM32_USB_Host_Library/Class/MSC/Src/usbh_msc_scsi.c ****       break;
 669              		.loc 1 372 7 is_stmt 1 view .LVU246
 372:Middlewares/ST/STM32_USB_Host_Library/Class/MSC/Src/usbh_msc_scsi.c ****       break;
 670              		.loc 1 372 15 is_stmt 0 view .LVU247
 671 0084 6046     		mov	r0, ip
 672 0086 FFF7FEFF 		bl	USBH_MSC_BOT_Process
 673              	.LVL46:
 373:Middlewares/ST/STM32_USB_Host_Library/Class/MSC/Src/usbh_msc_scsi.c **** 
 674              		.loc 1 373 7 is_stmt 1 view .LVU248
 675 008a FAE7     		b	.L26
 676              		.cfi_endproc
 677              	.LFE223:
 679              		.section	.text.USBH_MSC_SCSI_Read,"ax",%progbits
 680              		.align	1
 681              		.global	USBH_MSC_SCSI_Read
 682              		.syntax unified
 683              		.thumb
 684              		.thumb_func
 686              	USBH_MSC_SCSI_Read:
 687              	.LVL47:
 688              	.LFB224:
 381:Middlewares/ST/STM32_USB_Host_Library/Class/MSC/Src/usbh_msc_scsi.c **** 
 382:Middlewares/ST/STM32_USB_Host_Library/Class/MSC/Src/usbh_msc_scsi.c **** /**
 383:Middlewares/ST/STM32_USB_Host_Library/Class/MSC/Src/usbh_msc_scsi.c ****   * @brief  USBH_MSC_SCSI_Read
 384:Middlewares/ST/STM32_USB_Host_Library/Class/MSC/Src/usbh_msc_scsi.c ****   *         Issue Read10 command.
 385:Middlewares/ST/STM32_USB_Host_Library/Class/MSC/Src/usbh_msc_scsi.c ****   * @param  phost: Host handle
 386:Middlewares/ST/STM32_USB_Host_Library/Class/MSC/Src/usbh_msc_scsi.c ****   * @param  lun: Logical Unit Number
 387:Middlewares/ST/STM32_USB_Host_Library/Class/MSC/Src/usbh_msc_scsi.c ****   * @param  address: sector address
 388:Middlewares/ST/STM32_USB_Host_Library/Class/MSC/Src/usbh_msc_scsi.c ****   * @param  pbuf: pointer to data
 389:Middlewares/ST/STM32_USB_Host_Library/Class/MSC/Src/usbh_msc_scsi.c ****   * @param  length: number of sector to read
 390:Middlewares/ST/STM32_USB_Host_Library/Class/MSC/Src/usbh_msc_scsi.c ****   * @retval USBH Status
 391:Middlewares/ST/STM32_USB_Host_Library/Class/MSC/Src/usbh_msc_scsi.c ****   */
 392:Middlewares/ST/STM32_USB_Host_Library/Class/MSC/Src/usbh_msc_scsi.c **** USBH_StatusTypeDef USBH_MSC_SCSI_Read(USBH_HandleTypeDef *phost,
ARM GAS  /tmp/cceV9FEL.s 			page 21


 393:Middlewares/ST/STM32_USB_Host_Library/Class/MSC/Src/usbh_msc_scsi.c ****                                       uint8_t lun,
 394:Middlewares/ST/STM32_USB_Host_Library/Class/MSC/Src/usbh_msc_scsi.c ****                                       uint32_t address,
 395:Middlewares/ST/STM32_USB_Host_Library/Class/MSC/Src/usbh_msc_scsi.c ****                                       uint8_t *pbuf,
 396:Middlewares/ST/STM32_USB_Host_Library/Class/MSC/Src/usbh_msc_scsi.c ****                                       uint32_t length)
 397:Middlewares/ST/STM32_USB_Host_Library/Class/MSC/Src/usbh_msc_scsi.c **** {
 689              		.loc 1 397 1 view -0
 690              		.cfi_startproc
 691              		@ args = 4, pretend = 0, frame = 0
 692              		@ frame_needed = 0, uses_anonymous_args = 0
 693              		.loc 1 397 1 is_stmt 0 view .LVU250
 694 0000 38B5     		push	{r3, r4, r5, lr}
 695              		.cfi_def_cfa_offset 16
 696              		.cfi_offset 3, -16
 697              		.cfi_offset 4, -12
 698              		.cfi_offset 5, -8
 699              		.cfi_offset 14, -4
 700 0002 8446     		mov	ip, r0
 398:Middlewares/ST/STM32_USB_Host_Library/Class/MSC/Src/usbh_msc_scsi.c ****   USBH_StatusTypeDef    error = USBH_FAIL ;
 701              		.loc 1 398 3 is_stmt 1 view .LVU251
 702              	.LVL48:
 399:Middlewares/ST/STM32_USB_Host_Library/Class/MSC/Src/usbh_msc_scsi.c ****   MSC_HandleTypeDef *MSC_Handle = (MSC_HandleTypeDef *) phost->pActiveClass->pData;
 703              		.loc 1 399 3 view .LVU252
 704              		.loc 1 399 62 is_stmt 0 view .LVU253
 705 0004 D0F87C03 		ldr	r0, [r0, #892]
 706              	.LVL49:
 707              		.loc 1 399 22 view .LVU254
 708 0008 C469     		ldr	r4, [r0, #28]
 709              	.LVL50:
 400:Middlewares/ST/STM32_USB_Host_Library/Class/MSC/Src/usbh_msc_scsi.c **** 
 401:Middlewares/ST/STM32_USB_Host_Library/Class/MSC/Src/usbh_msc_scsi.c ****   switch (MSC_Handle->hbot.cmd_state)
 710              		.loc 1 401 3 is_stmt 1 view .LVU255
 711              		.loc 1 401 27 is_stmt 0 view .LVU256
 712 000a 94F85200 		ldrb	r0, [r4, #82]	@ zero_extendqisi2
 713              		.loc 1 401 3 view .LVU257
 714 000e 0128     		cmp	r0, #1
 715 0010 03D0     		beq	.L29
 716 0012 0228     		cmp	r0, #2
 717 0014 36D0     		beq	.L30
 718 0016 0220     		movs	r0, #2
 719 0018 33E0     		b	.L31
 720              	.L29:
 402:Middlewares/ST/STM32_USB_Host_Library/Class/MSC/Src/usbh_msc_scsi.c ****   {
 403:Middlewares/ST/STM32_USB_Host_Library/Class/MSC/Src/usbh_msc_scsi.c ****     case BOT_CMD_SEND:
 404:Middlewares/ST/STM32_USB_Host_Library/Class/MSC/Src/usbh_msc_scsi.c **** 
 405:Middlewares/ST/STM32_USB_Host_Library/Class/MSC/Src/usbh_msc_scsi.c ****       /*Prepare the CBW and relevent field*/
 406:Middlewares/ST/STM32_USB_Host_Library/Class/MSC/Src/usbh_msc_scsi.c ****       MSC_Handle->hbot.cbw.field.DataTransferLength = length * MSC_Handle->unit[0].capacity.block_s
 721              		.loc 1 406 7 is_stmt 1 view .LVU258
 722              		.loc 1 406 92 is_stmt 0 view .LVU259
 723 001a B4F89810 		ldrh	r1, [r4, #152]
 724              	.LVL51:
 725              		.loc 1 406 62 view .LVU260
 726 001e 049D     		ldr	r5, [sp, #16]
 727 0020 05FB01F1 		mul	r1, r5, r1
 728              		.loc 1 406 53 view .LVU261
 729 0024 E165     		str	r1, [r4, #92]
 407:Middlewares/ST/STM32_USB_Host_Library/Class/MSC/Src/usbh_msc_scsi.c ****       MSC_Handle->hbot.cbw.field.Flags = USB_EP_DIR_IN;
 730              		.loc 1 407 7 is_stmt 1 view .LVU262
ARM GAS  /tmp/cceV9FEL.s 			page 22


 731              		.loc 1 407 40 is_stmt 0 view .LVU263
 732 0026 8021     		movs	r1, #128
 733 0028 84F86010 		strb	r1, [r4, #96]
 408:Middlewares/ST/STM32_USB_Host_Library/Class/MSC/Src/usbh_msc_scsi.c ****       MSC_Handle->hbot.cbw.field.CBLength = CBW_LENGTH;
 734              		.loc 1 408 7 is_stmt 1 view .LVU264
 735              		.loc 1 408 43 is_stmt 0 view .LVU265
 736 002c 0A21     		movs	r1, #10
 737 002e 84F86210 		strb	r1, [r4, #98]
 409:Middlewares/ST/STM32_USB_Host_Library/Class/MSC/Src/usbh_msc_scsi.c **** 
 410:Middlewares/ST/STM32_USB_Host_Library/Class/MSC/Src/usbh_msc_scsi.c ****       USBH_memset(MSC_Handle->hbot.cbw.field.CB, 0, CBW_CB_LENGTH);
 738              		.loc 1 410 7 is_stmt 1 view .LVU266
 739 0032 0021     		movs	r1, #0
 740 0034 C4F86310 		str	r1, [r4, #99]	@ unaligned
 741 0038 C4F86710 		str	r1, [r4, #103]	@ unaligned
 742 003c C4F86B10 		str	r1, [r4, #107]	@ unaligned
 743 0040 C4F86F10 		str	r1, [r4, #111]	@ unaligned
 411:Middlewares/ST/STM32_USB_Host_Library/Class/MSC/Src/usbh_msc_scsi.c ****       MSC_Handle->hbot.cbw.field.CB[0]  = OPCODE_READ10;
 744              		.loc 1 411 7 view .LVU267
 745              		.loc 1 411 41 is_stmt 0 view .LVU268
 746 0044 2821     		movs	r1, #40
 747 0046 84F86310 		strb	r1, [r4, #99]
 412:Middlewares/ST/STM32_USB_Host_Library/Class/MSC/Src/usbh_msc_scsi.c **** 
 413:Middlewares/ST/STM32_USB_Host_Library/Class/MSC/Src/usbh_msc_scsi.c ****       /*logical block address*/
 414:Middlewares/ST/STM32_USB_Host_Library/Class/MSC/Src/usbh_msc_scsi.c ****       MSC_Handle->hbot.cbw.field.CB[2]  = (((uint8_t *)(void *)&address)[3]);
 748              		.loc 1 414 7 is_stmt 1 view .LVU269
 749              		.loc 1 414 41 is_stmt 0 view .LVU270
 750 004a C2F30761 		ubfx	r1, r2, #24, #8
 751 004e 84F86510 		strb	r1, [r4, #101]
 415:Middlewares/ST/STM32_USB_Host_Library/Class/MSC/Src/usbh_msc_scsi.c ****       MSC_Handle->hbot.cbw.field.CB[3]  = (((uint8_t *)(void *)&address)[2]);
 752              		.loc 1 415 7 is_stmt 1 view .LVU271
 753              		.loc 1 415 41 is_stmt 0 view .LVU272
 754 0052 C2F30741 		ubfx	r1, r2, #16, #8
 755 0056 84F86610 		strb	r1, [r4, #102]
 416:Middlewares/ST/STM32_USB_Host_Library/Class/MSC/Src/usbh_msc_scsi.c ****       MSC_Handle->hbot.cbw.field.CB[4]  = (((uint8_t *)(void *)&address)[1]);
 756              		.loc 1 416 7 is_stmt 1 view .LVU273
 757              		.loc 1 416 41 is_stmt 0 view .LVU274
 758 005a C2F30721 		ubfx	r1, r2, #8, #8
 759 005e 84F86710 		strb	r1, [r4, #103]
 417:Middlewares/ST/STM32_USB_Host_Library/Class/MSC/Src/usbh_msc_scsi.c ****       MSC_Handle->hbot.cbw.field.CB[5]  = (((uint8_t *)(void *)&address)[0]);
 760              		.loc 1 417 7 is_stmt 1 view .LVU275
 761              		.loc 1 417 41 is_stmt 0 view .LVU276
 762 0062 84F86820 		strb	r2, [r4, #104]
 418:Middlewares/ST/STM32_USB_Host_Library/Class/MSC/Src/usbh_msc_scsi.c **** 
 419:Middlewares/ST/STM32_USB_Host_Library/Class/MSC/Src/usbh_msc_scsi.c **** 
 420:Middlewares/ST/STM32_USB_Host_Library/Class/MSC/Src/usbh_msc_scsi.c ****       /*Transfer length */
 421:Middlewares/ST/STM32_USB_Host_Library/Class/MSC/Src/usbh_msc_scsi.c ****       MSC_Handle->hbot.cbw.field.CB[7]  = (((uint8_t *)(void *)&length)[1]) ;
 763              		.loc 1 421 7 is_stmt 1 view .LVU277
 764              		.loc 1 421 41 is_stmt 0 view .LVU278
 765 0066 C5F30722 		ubfx	r2, r5, #8, #8
 766              	.LVL52:
 767              		.loc 1 421 41 view .LVU279
 768 006a 84F86A20 		strb	r2, [r4, #106]
 422:Middlewares/ST/STM32_USB_Host_Library/Class/MSC/Src/usbh_msc_scsi.c ****       MSC_Handle->hbot.cbw.field.CB[8]  = (((uint8_t *)(void *)&length)[0]) ;
 769              		.loc 1 422 7 is_stmt 1 view .LVU280
 770              		.loc 1 422 41 is_stmt 0 view .LVU281
 771 006e 84F86B50 		strb	r5, [r4, #107]
 423:Middlewares/ST/STM32_USB_Host_Library/Class/MSC/Src/usbh_msc_scsi.c **** 
ARM GAS  /tmp/cceV9FEL.s 			page 23


 424:Middlewares/ST/STM32_USB_Host_Library/Class/MSC/Src/usbh_msc_scsi.c **** 
 425:Middlewares/ST/STM32_USB_Host_Library/Class/MSC/Src/usbh_msc_scsi.c ****       MSC_Handle->hbot.state = BOT_SEND_CBW;
 772              		.loc 1 425 7 is_stmt 1 view .LVU282
 773              		.loc 1 425 30 is_stmt 0 view .LVU283
 774 0072 0122     		movs	r2, #1
 775 0074 84F85020 		strb	r2, [r4, #80]
 426:Middlewares/ST/STM32_USB_Host_Library/Class/MSC/Src/usbh_msc_scsi.c ****       MSC_Handle->hbot.cmd_state = BOT_CMD_WAIT;
 776              		.loc 1 426 7 is_stmt 1 view .LVU284
 777              		.loc 1 426 34 is_stmt 0 view .LVU285
 778 0078 0222     		movs	r2, #2
 779 007a 84F85220 		strb	r2, [r4, #82]
 427:Middlewares/ST/STM32_USB_Host_Library/Class/MSC/Src/usbh_msc_scsi.c ****       MSC_Handle->hbot.pbuf = pbuf;
 780              		.loc 1 427 7 is_stmt 1 view .LVU286
 781              		.loc 1 427 29 is_stmt 0 view .LVU287
 782 007e C4F88C30 		str	r3, [r4, #140]
 428:Middlewares/ST/STM32_USB_Host_Library/Class/MSC/Src/usbh_msc_scsi.c ****       error = USBH_BUSY;
 783              		.loc 1 428 7 is_stmt 1 view .LVU288
 784              	.LVL53:
 429:Middlewares/ST/STM32_USB_Host_Library/Class/MSC/Src/usbh_msc_scsi.c ****       break;
 785              		.loc 1 429 7 view .LVU289
 786              	.L31:
 430:Middlewares/ST/STM32_USB_Host_Library/Class/MSC/Src/usbh_msc_scsi.c **** 
 431:Middlewares/ST/STM32_USB_Host_Library/Class/MSC/Src/usbh_msc_scsi.c ****     case BOT_CMD_WAIT:
 432:Middlewares/ST/STM32_USB_Host_Library/Class/MSC/Src/usbh_msc_scsi.c ****       error = USBH_MSC_BOT_Process(phost, lun);
 433:Middlewares/ST/STM32_USB_Host_Library/Class/MSC/Src/usbh_msc_scsi.c ****       break;
 434:Middlewares/ST/STM32_USB_Host_Library/Class/MSC/Src/usbh_msc_scsi.c **** 
 435:Middlewares/ST/STM32_USB_Host_Library/Class/MSC/Src/usbh_msc_scsi.c ****     default:
 436:Middlewares/ST/STM32_USB_Host_Library/Class/MSC/Src/usbh_msc_scsi.c ****       break;
 437:Middlewares/ST/STM32_USB_Host_Library/Class/MSC/Src/usbh_msc_scsi.c ****   }
 438:Middlewares/ST/STM32_USB_Host_Library/Class/MSC/Src/usbh_msc_scsi.c **** 
 439:Middlewares/ST/STM32_USB_Host_Library/Class/MSC/Src/usbh_msc_scsi.c ****   return error;
 787              		.loc 1 439 3 view .LVU290
 440:Middlewares/ST/STM32_USB_Host_Library/Class/MSC/Src/usbh_msc_scsi.c **** }
 788              		.loc 1 440 1 is_stmt 0 view .LVU291
 789 0082 38BD     		pop	{r3, r4, r5, pc}
 790              	.LVL54:
 791              	.L30:
 432:Middlewares/ST/STM32_USB_Host_Library/Class/MSC/Src/usbh_msc_scsi.c ****       break;
 792              		.loc 1 432 7 is_stmt 1 view .LVU292
 432:Middlewares/ST/STM32_USB_Host_Library/Class/MSC/Src/usbh_msc_scsi.c ****       break;
 793              		.loc 1 432 15 is_stmt 0 view .LVU293
 794 0084 6046     		mov	r0, ip
 795 0086 FFF7FEFF 		bl	USBH_MSC_BOT_Process
 796              	.LVL55:
 433:Middlewares/ST/STM32_USB_Host_Library/Class/MSC/Src/usbh_msc_scsi.c **** 
 797              		.loc 1 433 7 is_stmt 1 view .LVU294
 798 008a FAE7     		b	.L31
 799              		.cfi_endproc
 800              	.LFE224:
 802              		.text
 803              	.Letext0:
 804              		.file 2 "/usr/lib/gcc/arm-none-eabi/13.2.1/include/stddef.h"
 805              		.file 3 "/usr/lib/gcc/arm-none-eabi/13.2.1/include/stdint.h"
 806              		.file 4 "Middlewares/ST/STM32_USB_Host_Library/Core/Inc/usbh_def.h"
 807              		.file 5 "Middlewares/ST/STM32_USB_Host_Library/Class/MSC/Inc/usbh_msc_bot.h"
 808              		.file 6 "Middlewares/ST/STM32_USB_Host_Library/Class/MSC/Inc/usbh_msc_scsi.h"
 809              		.file 7 "Middlewares/ST/STM32_USB_Host_Library/Class/MSC/Inc/usbh_msc.h"
ARM GAS  /tmp/cceV9FEL.s 			page 24


 810              		.file 8 "/usr/include/newlib/string.h"
 811              		.file 9 "<built-in>"
ARM GAS  /tmp/cceV9FEL.s 			page 25


DEFINED SYMBOLS
                            *ABS*:00000000 usbh_msc_scsi.c
     /tmp/cceV9FEL.s:21     .text.USBH_MSC_SCSI_TestUnitReady:00000000 $t
     /tmp/cceV9FEL.s:27     .text.USBH_MSC_SCSI_TestUnitReady:00000000 USBH_MSC_SCSI_TestUnitReady
     /tmp/cceV9FEL.s:109    .text.USBH_MSC_SCSI_ReadCapacity:00000000 $t
     /tmp/cceV9FEL.s:115    .text.USBH_MSC_SCSI_ReadCapacity:00000000 USBH_MSC_SCSI_ReadCapacity
     /tmp/cceV9FEL.s:241    .text.USBH_MSC_SCSI_Inquiry:00000000 $t
     /tmp/cceV9FEL.s:247    .text.USBH_MSC_SCSI_Inquiry:00000000 USBH_MSC_SCSI_Inquiry
     /tmp/cceV9FEL.s:419    .text.USBH_MSC_SCSI_RequestSense:00000000 $t
     /tmp/cceV9FEL.s:425    .text.USBH_MSC_SCSI_RequestSense:00000000 USBH_MSC_SCSI_RequestSense
     /tmp/cceV9FEL.s:556    .text.USBH_MSC_SCSI_Write:00000000 $t
     /tmp/cceV9FEL.s:562    .text.USBH_MSC_SCSI_Write:00000000 USBH_MSC_SCSI_Write
     /tmp/cceV9FEL.s:680    .text.USBH_MSC_SCSI_Read:00000000 $t
     /tmp/cceV9FEL.s:686    .text.USBH_MSC_SCSI_Read:00000000 USBH_MSC_SCSI_Read
                           .group:00000000 wm4.0.a2c88c0e0e60094af2c84dce921779d2
                           .group:00000000 wm4._newlib_version.h.4.411db44ea2338a62eca2f0777f81481b
                           .group:00000000 wm4.newlib.h.27.c836a31b4651d2e2221512767dba946d
                           .group:00000000 wm4.ieeefp.h.77.5ad60f72ea25fc152400b550ac118212
                           .group:00000000 wm4.features.h.22.4e5514d51694f64cae235f84d9e565a5
                           .group:00000000 wm4.config.h.224.88344135d9de3e7ea139102cd6493448
                           .group:00000000 wm4._ansi.h.31.de524f58584151836e90d8620a16f8e8
                           .group:00000000 wm4.stdio.h.31.7c0e28c411445f3f9c5b11accf882760
                           .group:00000000 wm4._default_types.h.6.959254cf5f09734ea7516c89e8bb21bd
                           .group:00000000 wm4.stddef.h.185.cbb642e1ccd385e8aa504b15cb7fb086
                           .group:00000000 wm4.cdefs.h.49.70fc7af612f78ddcace70fdd90b5623b
                           .group:00000000 wm4.stddef.h.39.6817658cc6bc4c7c8354d2009e4a5777
                           .group:00000000 wm4.stdarg.h.34.3a23a216c0c293b3d2ea2e89281481e6
                           .group:00000000 wm4._types.h.20.dd0d04dca3800a0d2a6129b87f3adbb2
                           .group:00000000 wm4.stddef.h.158.6f8e08a347b1cff664332fa350bfceb3
                           .group:00000000 wm4._types.h.127.3bdfe3ff8ea2d0985b03d9cbe93480e3
                           .group:00000000 wm4.reent.h.18.25503cdc8b7e55dd0d6ea7b3e5af7a03
                           .group:00000000 wm4.lock.h.2.c0958401bd0ce484d507ee19aacab817
                           .group:00000000 wm4.reent.h.78.ffae6115d9409cbff6542f042d93715e
                           .group:00000000 wm4.assert.h.11.db24e541f16414db224bf986d21017e2
                           .group:00000000 wm4.reent.h.460.dc5a3362e34409fa841b38093e890350
                           .group:00000000 wm4.stdio.h.67.0cf8a9c281ab0b348aef5c02e7e48825
                           .group:00000000 wm4.stdio.h.2.4aa87247282eca6c8f36f9de33d8df1a
                           .group:00000000 wm4.stdio.h.87.408e5d973372126daeef099c555b2753
                           .group:00000000 wm4.stdlib.h.13.4ed386f5c1a80d71e72172885d946ef2
                           .group:00000000 wm4.stddef.h.158.eec8bf00b5213f43d095cb984c5f22e3
                           .group:00000000 wm4.alloca.h.8.dfc0c703c47ec3e69746825b17d9e66d
                           .group:00000000 wm4.stdlib.h.56.f4862cfbf4363a1db01842d5bdf72c18
                           .group:00000000 wm4.string.h.8.c4b8571ce60dff2817f43fec8b86aecd
                           .group:00000000 wm4.stm32f4xx_hal_conf.h.25.758a9f5dc6450f8647b5af7fe8eb27ed
                           .group:00000000 wm4.stm32f4xx.h.39.163e65267b4f964a08764289722b975f
                           .group:00000000 wm4.stm32f401xc.h.35.52d05665f5a2df9c1992e17eee7d2af5
                           .group:00000000 wm4.stdint.h.29.6d480f4ba0f60596e88234283d42444f
                           .group:00000000 wm4.cmsis_version.h.32.4d5822004c01a829a975260e854b5f8e
                           .group:00000000 wm4.core_cm4.h.66.e4ff136c4a17abc46741866f64f8e729
                           .group:00000000 wm4.cmsis_gcc.h.26.6774fe91202d65f4d5ffcff60e00da34
                           .group:00000000 wm4.core_cm4.h.174.059a5e001a9e729091d1407208e93224
                           .group:00000000 wm4.mpu_armv7.h.32.27b4593cb2f8d3152ca5d97a9d72b321
                           .group:00000000 wm4.stm32f401xc.h.636.9a664cc173dbe5d5f2dac1e758e3577d
                           .group:00000000 wm4.stm32f4xx.h.196.0b21137cf6c6923d8fd1f4d94a3bfdd4
                           .group:00000000 wm4.stm32_hal_legacy.h.23.e2601123cf1b2a3b6d11d949644ddf87
                           .group:00000000 wm4.stm32f4xx_hal_def.h.58.54897f0de68447ab41a176b2bea62238
                           .group:00000000 wm4.stm32f4xx_hal_rcc_ex.h.22.3f3b596cc307dc701c7c99b0fc6c9b58
ARM GAS  /tmp/cceV9FEL.s 			page 26


                           .group:00000000 wm4.stm32f4xx_hal_rcc.h.108.b82c8c670b41d96b2920e2f63661be15
                           .group:00000000 wm4.stm32f4xx_hal_gpio.h.22.e47df9f0f5be4ddc2ed2d14042c5e680
                           .group:00000000 wm4.stm32f4xx_hal_gpio_ex.h.22.5014ee010492a350679453c3b4a59718
                           .group:00000000 wm4.stm32f4xx_hal_gpio.h.255.5b948d47ad1357d6d2213e5e5ca4755c
                           .group:00000000 wm4.stm32f4xx_hal_exti.h.22.1f47767199c5bf749c04088e5c61c9c8
                           .group:00000000 wm4.stm32f4xx_hal_dma.h.22.fffce20ac9119c50557659c75e75ab1c
                           .group:00000000 wm4.stm32f4xx_hal_dma.h.721.a1e57ffbc615f926e6509c5acc65e492
                           .group:00000000 wm4.stm32f4xx_hal_cortex.h.22.e6aa3b847b5388be63c32d1f9e696ef7
                           .group:00000000 wm4.stm32f4xx_ll_adc.h.22.a8e07f8509bbb4868e2c24461c7eee47
                           .group:00000000 wm4.stm32f4xx_hal_adc.h.160.ef18931a059b62efbac7762c6a09e47f
                           .group:00000000 wm4.stm32f4xx_hal_adc_ex.h.22.25ddc09ef7109b33adae2990f50c4304
                           .group:00000000 wm4.stm32f4xx_hal_adc.h.640.733b38c420d3407eb5f8ddd98816c661
                           .group:00000000 wm4.stm32f4xx_hal_flash.h.22.31b301be2655c3eb8583e51c8231544a
                           .group:00000000 wm4.stm32f4xx_hal_flash_ex.h.22.00cb5cb208d28a1f20f3b257a6f51bad
                           .group:00000000 wm4.stm32f4xx_hal_flash.h.363.51efdf0f6c88f683efb89d7cc95cc1be
                           .group:00000000 wm4.stm32f4xx_hal_pwr.h.22.2c27d93ae187efe3a73816f03a329970
                           .group:00000000 wm4.stm32f4xx_hal_pwr_ex.h.22.04eb3957e13ca6e5ed8952d2d168bdc0
                           .group:00000000 wm4.stm32f4xx_hal_pwr.h.337.60b43975c84527a23cb6994b23165a5e
                           .group:00000000 wm4.stm32f4xx_hal_uart.h.22.591b491756a19342b0bf79eea5b33e1b
                           .group:00000000 wm4.stm32f4xx_ll_usb.h.22.3497d8ac31b2bdafc7c2a34d860c4769
                           .group:00000000 wm4.stm32f4xx_hal_hcd.h.111.a51c3bd0d61d2d8cadb372f7c7d9eccb
                           .group:00000000 wm4.stm32f4xx_hal.h.72.a5a58188aa461a0614f1e58e159c7840
                           .group:00000000 wm4.main.h.71.bc0cb02e68a9e5487bd44975fd1506af
                           .group:00000000 wm4.usbh_conf.h.65.151c65329cc7c235ce65de2a3390581e
                           .group:00000000 wm4.usbh_def.h.22.880def0f14ab205d26992d2a2bb1bab8
                           .group:00000000 wm4.usbh_ioreq.h.50.0074542f2717bb439abbb8fd98a9701e
                           .group:00000000 wm4.usbh_ctlreq.h.22.9bfba4b97481aa4223fea2a82ac65e06
                           .group:00000000 wm4.usbh_core.h.55.ae1dc9825935c4c49bf309379b79900a
                           .group:00000000 wm4.usbh_msc_bot.h.22.39bce71efd529949dc3aa2f829731bb1
                           .group:00000000 wm4.usbh_msc_scsi.h.22.08451b08ada808d7ace91ebdd07a6a33
                           .group:00000000 wm4.usbh_msc.h.89.b5971865bf452589c8f1958913d76df6

UNDEFINED SYMBOLS
USBH_MSC_BOT_Process
memset
