<html>
<body>
<pre>
<h1>µVision Build Log</h1>
<h2>Tool Versions:</h2>
IDE-Version: µVision V5.37.0.0
Copyright (C) 2022 ARM Ltd and ARM Germany GmbH. All rights reserved.
License Information: Laercio Oliveira, Home, LIC=53CY5-0ADG9-YYTVW-3NVYZ-LP21Y-W2ZVP
 
Tool Versions:
Toolchain:       MDK-ARM Community  Version: 5.37.0.0
Toolchain Path:  C:\Keil_v5\ARM\ARMCC\Bin
C Compiler:      Armcc.exe V5.06 update 7 (build 960)
Assembler:       Armasm.exe V5.06 update 7 (build 960)
Linker/Locator:  ArmLink.exe V5.06 update 7 (build 960)
Library Manager: ArmAr.exe V5.06 update 7 (build 960)
Hex Converter:   FromElf.exe V5.06 update 7 (build 960)
CPU DLL:         SARMCM3.DLL V5.37.0.0
Dialog DLL:      DCM.DLL V1.17.5.0
Target DLL:      STLink\ST-LINKIII-KEIL_SWO.dll V3.0.9.0
Dialog DLL:      TCM.DLL V1.56.1.0
 
<h2>Project:</h2>
D:\Laercio\projetos\cidepe\projeto multicronometro 2022\Firmware_usb\MulticronometroUsb\MDK-ARM\MulticronometroUsb.uvprojx
Project File Date:  01/04/2023

<h2>Output:</h2>
*** Using Compiler 'V5.06 update 7 (build 960)', folder: 'C:\Keil_v5\ARM\ARMCC\Bin'
Build target 'MulticronometroUsb'
compiling Hdsteclado.cpp...
compiling Application.cpp...
compiling Modo0.c...
..\Source\cidepe\Mdlmsg.h(69): warning:  #1215-D: #warning directive: rever essa tradução
  #warning rever essa tradução
..\Source\cidepe\Modo0.c: 1 warning, 0 errors
compiling KBD2.c...
..\Source\cidepe\KBD2.c(330): warning:  #550-D: variable "teste"  was set but never used
      int16 teste;
..\Source\cidepe\KBD2.c: 1 warning, 0 errors
compiling Fluxo.c...
..\Source\cidepe\Mdlmsg.h(69): warning:  #1215-D: #warning directive: rever essa tradução
  #warning rever essa tradução
..\Source\cidepe\Fluxo.c: 1 warning, 0 errors
compiling MdlSensor.cpp...
compiling MdlEnsaio.cpp...
..\Source\cidepe\Mdlmsg.h(69): warning:  #1215-D: #warning directive: rever essa tradução
  #warning rever essa tradução
..\Source\Includes\MdlEnsaioanalogico.h(27): warning:  #1215-D: #warning directive: corrigir essas mensagens 
  #warning corrigir essas mensagens 
..\Source\Includes\MdlEnsaioanalogico.h(43): warning:  #1215-D: #warning directive: corrigir tradução espanhol
  #warning corrigir tradução espanhol
..\Source\Mdl\MdlEnsaio.cpp: 3 warnings, 0 errors
compiling MdlSensorAnalog.cpp...
..\Source\Mdl\MdlSensorAnalog.cpp(368): warning:  #177-D: variable "filename"  was declared but never referenced
     uint8_t filename[20];
..\Source\Mdl\MdlSensorAnalog.cpp: 1 warning, 0 errors
compiling MdlEnsaioAnalogico.cpp...
..\Source\Includes\MdlEnsaioanalogico.h(27): warning:  #1215-D: #warning directive: corrigir essas mensagens 
  #warning corrigir essas mensagens 
..\Source\Includes\MdlEnsaioanalogico.h(43): warning:  #1215-D: #warning directive: corrigir tradução espanhol
  #warning corrigir tradução espanhol
..\Source\cidepe\Mdlmsg.h(69): warning:  #1215-D: #warning directive: rever essa tradução
  #warning rever essa tradução
..\Source\Mdl\MdlEnsaioAnalogico.cpp: 3 warnings, 0 errors
linking...
Program Size: Code=87944 RO-data=25860 RW-data=600 ZI-data=48416  
FromELF: creating hex file...
"..\HEX_FILE\MulticronometroUsb Vx_12 03 01 2022.axf" - 0 Error(s), 10 Warning(s).

<h2>Software Packages used:</h2>

Package Vendor: ARM
                http://www.keil.com/pack/ARM.CMSIS.5.9.0.pack
                ARM.CMSIS.5.9.0
                CMSIS (Common Microcontroller Software Interface Standard)
   * Component: CORE Version: 5.6.0

Package Vendor: Keil
                http://www.keil.com/pack/Keil.STM32F4xx_DFP.2.15.0.pack
                Keil.STM32F4xx_DFP.2.15.0
                STMicroelectronics STM32F4 Series Device Support, Drivers and Examples

<h2>Collection of Component include folders:</h2>
  ./RTE/_MulticronometroUsb
  C:/Users/Laércio Oliveira/AppData/Local/Arm/Packs/ARM/CMSIS/5.9.0/CMSIS/Core/Include
  C:/Users/Laércio Oliveira/AppData/Local/Arm/Packs/Keil/STM32F4xx_DFP/2.15.0/Drivers/CMSIS/Device/ST/STM32F4xx/Include

<h2>Collection of Component Files used:</h2>

   * Component: ARM::CMSIS:CORE:5.6.0
Build Time Elapsed:  00:00:10
</pre>
</body>
</html>
