Component: ARM Compiler 5.06 update 7 (build 960) Tool: armlink [4d3601]

==============================================================================

Section Cross References

    startup_stm32f401xc.o(STACK) refers (Special) to heapauxi.o(.text) for __use_two_region_memory
    startup_stm32f401xc.o(HEAP) refers (Special) to heapauxi.o(.text) for __use_two_region_memory
    startup_stm32f401xc.o(RESET) refers (Special) to heapauxi.o(.text) for __use_two_region_memory
    startup_stm32f401xc.o(RESET) refers to startup_stm32f401xc.o(STACK) for __initial_sp
    startup_stm32f401xc.o(RESET) refers to startup_stm32f401xc.o(.text) for Reset_Handler
    startup_stm32f401xc.o(RESET) refers to stm32f4xx_it.o(i.NMI_Handler) for NMI_Handler
    startup_stm32f401xc.o(RESET) refers to stm32f4xx_it.o(i.HardFault_Handler) for HardFault_Handler
    startup_stm32f401xc.o(RESET) refers to stm32f4xx_it.o(i.MemManage_Handler) for MemManage_Handler
    startup_stm32f401xc.o(RESET) refers to stm32f4xx_it.o(i.BusFault_Handler) for BusFault_Handler
    startup_stm32f401xc.o(RESET) refers to stm32f4xx_it.o(i.UsageFault_Handler) for UsageFault_Handler
    startup_stm32f401xc.o(RESET) refers to stm32f4xx_it.o(i.SVC_Handler) for SVC_Handler
    startup_stm32f401xc.o(RESET) refers to stm32f4xx_it.o(i.DebugMon_Handler) for DebugMon_Handler
    startup_stm32f401xc.o(RESET) refers to stm32f4xx_it.o(i.PendSV_Handler) for PendSV_Handler
    startup_stm32f401xc.o(RESET) refers to stm32f4xx_it.o(i.SysTick_Handler) for SysTick_Handler
    startup_stm32f401xc.o(RESET) refers to stm32f4xx_it.o(i.EXTI0_IRQHandler) for EXTI0_IRQHandler
    startup_stm32f401xc.o(RESET) refers to stm32f4xx_it.o(i.EXTI1_IRQHandler) for EXTI1_IRQHandler
    startup_stm32f401xc.o(RESET) refers to stm32f4xx_it.o(i.EXTI4_IRQHandler) for EXTI4_IRQHandler
    startup_stm32f401xc.o(RESET) refers to stm32f4xx_it.o(i.EXTI9_5_IRQHandler) for EXTI9_5_IRQHandler
    startup_stm32f401xc.o(RESET) refers to mdlsensor.o(i.TIM1_UP_TIM10_IRQHandler) for TIM1_UP_TIM10_IRQHandler
    startup_stm32f401xc.o(RESET) refers to hdsmux.o(i.TIM1_TRG_COM_TIM11_IRQHandler) for TIM1_TRG_COM_TIM11_IRQHandler
    startup_stm32f401xc.o(RESET) refers to stm32f4xx_it.o(i.DMA2_Stream0_IRQHandler) for DMA2_Stream0_IRQHandler
    startup_stm32f401xc.o(RESET) refers to stm32f4xx_it.o(i.OTG_FS_IRQHandler) for OTG_FS_IRQHandler
    startup_stm32f401xc.o(.text) refers (Special) to heapauxi.o(.text) for __use_two_region_memory
    startup_stm32f401xc.o(.text) refers to system_stm32f4xx.o(i.SystemInit) for SystemInit
    startup_stm32f401xc.o(.text) refers to __main.o(!!!main) for __main
    startup_stm32f401xc.o(.text) refers to startup_stm32f401xc.o(HEAP) for Heap_Mem
    startup_stm32f401xc.o(.text) refers to startup_stm32f401xc.o(STACK) for Stack_Mem
    file_handling.o(i._Z10Create_DirPc) refers to _printf_percent.o(.ARM.Collect$$_printf_percent$$00000000) for _printf_percent
    file_handling.o(i._Z10Create_DirPc) refers to _printf_s.o(.ARM.Collect$$_printf_percent$$00000014) for _printf_s
    file_handling.o(i._Z10Create_DirPc) refers to _printf_str.o(.text) for _printf_str
    file_handling.o(i._Z10Create_DirPc) refers to _printf_d.o(.ARM.Collect$$_printf_percent$$00000009) for _printf_d
    file_handling.o(i._Z10Create_DirPc) refers to _printf_dec.o(.text) for _printf_int_dec
    file_handling.o(i._Z10Create_DirPc) refers to ff.o(i.f_mkdir) for f_mkdir
    file_handling.o(i._Z10Create_DirPc) refers to h1_alloc.o(.text) for malloc
    file_handling.o(i._Z10Create_DirPc) refers to noretval__2sprintf.o(.text) for __2sprintf
    file_handling.o(i._Z10Create_DirPc) refers to file_handling.o(i._Z9Send_UartPc) for Send_Uart(char*)
    file_handling.o(i._Z10Create_DirPc) refers to h1_free.o(.text) for free
    file_handling.o(i._Z10Create_DirPc) refers to file_handling.o(.data) for fresult
    file_handling.o(i._Z10Format_USBv) refers to _printf_percent.o(.ARM.Collect$$_printf_percent$$00000000) for _printf_percent
    file_handling.o(i._Z10Format_USBv) refers to _printf_s.o(.ARM.Collect$$_printf_percent$$00000014) for _printf_s
    file_handling.o(i._Z10Format_USBv) refers to _printf_str.o(.text) for _printf_str
    file_handling.o(i._Z10Format_USBv) refers to h1_alloc.o(.text) for malloc
    file_handling.o(i._Z10Format_USBv) refers to noretval__2sprintf.o(.text) for __2sprintf
    file_handling.o(i._Z10Format_USBv) refers to ff.o(i.f_opendir) for f_opendir
    file_handling.o(i._Z10Format_USBv) refers to ff.o(i.f_readdir) for f_readdir
    file_handling.o(i._Z10Format_USBv) refers to strcmpv7m.o(.text) for strcmp
    file_handling.o(i._Z10Format_USBv) refers to ff.o(i.f_unlink) for f_unlink
    file_handling.o(i._Z10Format_USBv) refers to ff.o(i.f_closedir) for f_closedir
    file_handling.o(i._Z10Format_USBv) refers to h1_free.o(.text) for free
    file_handling.o(i._Z10Format_USBv) refers to file_handling.o(.data) for fresult
[...]
    AnalogS2                                 0x20005b7c   Data        5064  mdlsensoranalog.o(.bss)
    AnalogS3                                 0x20006f44   Data        5064  mdlsensoranalog.o(.bss)
    AnalogS4                                 0x2000830c   Data        5064  mdlsensoranalog.o(.bss)
    EnsaioAnalogico                          0x200096d4   Data          10  mdlensaioanalogico.o(.bss)
    Calib                                    0x200096e0   Data          52  mdlcalib.o(.bss)
    __libspace_start                         0x20009714   Data          96  libspace.o(.bss)
    __temporary_stack_top$libspace           0x20009774   Data           0  libspace.o(.bss)



==============================================================================

Memory Map of the image

  Image Entry point : 0x08000195

  Load Region LR_IROM1 (Base: 0x08000000, Size: 0x0001beec, Max: 0x00040000, ABSOLUTE, COMPRESSED[0x0001bd48])

    Execution Region ER_IROM1 (Exec base: 0x08000000, Load base: 0x08000000, Size: 0x0001bc94, Max: 0x00040000, ABSOLUTE)

    Exec Addr    Load Addr    Size         Type   Attr      Idx    E Section Name        Object

    0x08000000   0x08000000   0x00000194   Data   RO            3    RESET               startup_stm32f401xc.o
    0x08000194   0x08000194   0x00000008   Code   RO         7463  * !!!main             c_w.l(__main.o)
    0x0800019c   0x0800019c   0x00000034   Code   RO         7757    !!!scatter          c_w.l(__scatter.o)
    0x080001d0   0x080001d0   0x0000005a   Code   RO         7755    !!dczerorl2         c_w.l(__dczerorl2.o)
    0x0800022a   0x0800022a   0x00000002   PAD
    0x0800022c   0x0800022c   0x0000001c   Code   RO         7759    !!handler_zi        c_w.l(__scatter_zi.o)
    0x08000248   0x08000248   0x00000000   Code   RO         7444    .ARM.Collect$$_printf_percent$$00000000  c_w.l(_printf_percent.o)
    0x08000248   0x08000248   0x00000006   Code   RO         7443    .ARM.Collect$$_printf_percent$$00000003  c_w.l(_printf_f.o)
    0x0800024e   0x0800024e   0x00000006   Code   RO         7441    .ARM.Collect$$_printf_percent$$00000009  c_w.l(_printf_d.o)
    0x08000254   0x08000254   0x00000006   Code   RO         7442    .ARM.Collect$$_printf_percent$$0000000A  c_w.l(_printf_u.o)
    0x0800025a   0x0800025a   0x00000006   Code   RO         7440    .ARM.Collect$$_printf_percent$$0000000C  c_w.l(_printf_x.o)
    0x08000260   0x08000260   0x00000006   Code   RO         7439    .ARM.Collect$$_printf_percent$$00000014  c_w.l(_printf_s.o)
    0x08000266   0x08000266   0x00000004   Code   RO         7531    .ARM.Collect$$_printf_percent$$00000017  c_w.l(_printf_percent_end.o)
    0x0800026a   0x0800026a   0x00000002   Code   RO         7696    .ARM.Collect$$libinit$$00000000  c_w.l(libinit.o)
    0x0800026c   0x0800026c   0x00000004   Code   RO         7534    .ARM.Collect$$libinit$$00000001  c_w.l(libinit2.o)
    0x08000270   0x08000270   0x00000000   Code   RO         7537    .ARM.Collect$$libinit$$00000004  c_w.l(libinit2.o)
    0x08000270   0x08000270   0x00000008   Code   RO         7538    .ARM.Collect$$libinit$$00000005  c_w.l(libinit2.o)
    0x08000278   0x08000278   0x00000000   Code   RO         7540    .ARM.Collect$$libinit$$0000000A  c_w.l(libinit2.o)
    0x08000278   0x08000278   0x00000000   Code   RO         7542    .ARM.Collect$$libinit$$0000000C  c_w.l(libinit2.o)
    0x08000278   0x08000278   0x00000000   Code   RO         7544    .ARM.Collect$$libinit$$0000000E  c_w.l(libinit2.o)
    0x08000278   0x08000278   0x00000006   Code   RO         7545    .ARM.Collect$$libinit$$0000000F  c_w.l(libinit2.o)
    0x0800027e   0x0800027e   0x00000000   Code   RO         7547    .ARM.Collect$$libinit$$00000011  c_w.l(libinit2.o)
    0x0800027e   0x0800027e   0x00000000   Code   RO         7549    .ARM.Collect$$libinit$$00000013  c_w.l(libinit2.o)
    0x0800027e   0x0800027e   0x00000000   Code   RO         7551    .ARM.Collect$$libinit$$00000015  c_w.l(libinit2.o)
    0x0800027e   0x0800027e   0x0000000a   Code   RO         7552    .ARM.Collect$$libinit$$00000016  c_w.l(libinit2.o)
    0x08000288   0x08000288   0x00000000   Code   RO         7553    .ARM.Collect$$libinit$$00000017  c_w.l(libinit2.o)
    0x08000288   0x08000288   0x00000000   Code   RO         7555    .ARM.Collect$$libinit$$00000019  c_w.l(libinit2.o)
    0x08000288   0x08000288   0x00000000   Code   RO         7557    .ARM.Collect$$libinit$$0000001B  c_w.l(libinit2.o)
    0x08000288   0x08000288   0x00000000   Code   RO         7559    .ARM.Collect$$libinit$$0000001D  c_w.l(libinit2.o)
    0x08000288   0x08000288   0x00000000   Code   RO         7561    .ARM.Collect$$libinit$$0000001F  c_w.l(libinit2.o)
    0x08000288   0x08000288   0x00000000   Code   RO         7563    .ARM.Collect$$libinit$$00000021  c_w.l(libinit2.o)
    0x08000288   0x08000288   0x00000000   Code   RO         7565    .ARM.Collect$$libinit$$00000023  c_w.l(libinit2.o)
    0x08000288   0x08000288   0x00000000   Code   RO         7567    .ARM.Collect$$libinit$$00000025  c_w.l(libinit2.o)
    0x08000288   0x08000288   0x00000000   Code   RO         7571    .ARM.Collect$$libinit$$0000002C  c_w.l(libinit2.o)
    0x08000288   0x08000288   0x00000000   Code   RO         7573    .ARM.Collect$$libinit$$0000002E  c_w.l(libinit2.o)
    0x08000288   0x08000288   0x00000000   Code   RO         7575    .ARM.Collect$$libinit$$00000030  c_w.l(libinit2.o)
    0x08000288   0x08000288   0x00000000   Code   RO         7577    .ARM.Collect$$libinit$$00000032  c_w.l(libinit2.o)
    0x08000288   0x08000288   0x00000002   Code   RO         7578    .ARM.Collect$$libinit$$00000033  c_w.l(libinit2.o)
    0x0800028a   0x0800028a   0x00000002   Code   RO         7752    .ARM.Collect$$libshutdown$$00000000  c_w.l(libshutdown.o)
    0x0800028c   0x0800028c   0x00000000   Code   RO         7710    .ARM.Collect$$libshutdown$$00000002  c_w.l(libshutdown2.o)
    0x0800028c   0x0800028c   0x00000000   Code   RO         7712    .ARM.Collect$$libshutdown$$00000004  c_w.l(libshutdown2.o)
    0x0800028c   0x0800028c   0x00000000   Code   RO         7714    .ARM.Collect$$libshutdown$$00000006  c_w.l(libshutdown2.o)
    0x0800028c   0x0800028c   0x00000000   Code   RO         7717    .ARM.Collect$$libshutdown$$00000009  c_w.l(libshutdown2.o)
    0x0800028c   0x0800028c   0x00000000   Code   RO         7720    .ARM.Collect$$libshutdown$$0000000C  c_w.l(libshutdown2.o)
    0x0800028c   0x0800028c   0x00000000   Code   RO         7722    .ARM.Collect$$libshutdown$$0000000E  c_w.l(libshutdown2.o)
    0x0800028c   0x0800028c   0x00000000   Code   RO         7725    .ARM.Collect$$libshutdown$$00000011  c_w.l(libshutdown2.o)
    0x0800028c   0x0800028c   0x00000002   Code   RO         7726    .ARM.Collect$$libshutdown$$00000012  c_w.l(libshutdown2.o)
    0x0800028e   0x0800028e   0x00000000   Code   RO         7487    .ARM.Collect$$rtentry$$00000000  c_w.l(__rtentry.o)
    0x0800028e   0x0800028e   0x00000000   Code   RO         7592    .ARM.Collect$$rtentry$$00000002  c_w.l(__rtentry2.o)
    0x0800028e   0x0800028e   0x00000006   Code   RO         7604    .ARM.Collect$$rtentry$$00000004  c_w.l(__rtentry4.o)
    0x08000294   0x08000294   0x00000000   Code   RO         7594    .ARM.Collect$$rtentry$$00000009  c_w.l(__rtentry2.o)
    0x08000294   0x08000294   0x00000004   Code   RO         7595    .ARM.Collect$$rtentry$$0000000A  c_w.l(__rtentry2.o)
    0x08000298   0x08000298   0x00000000   Code   RO         7597    .ARM.Collect$$rtentry$$0000000C  c_w.l(__rtentry2.o)
    0x08000298   0x08000298   0x00000008   Code   RO         7598    .ARM.Collect$$rtentry$$0000000D  c_w.l(__rtentry2.o)
    0x080002a0   0x080002a0   0x00000002   Code   RO         7697    .ARM.Collect$$rtexit$$00000000  c_w.l(rtexit.o)
    0x080002a2   0x080002a2   0x00000000   Code   RO         7728    .ARM.Collect$$rtexit$$00000002  c_w.l(rtexit2.o)
    0x080002a2   0x080002a2   0x00000004   Code   RO         7729    .ARM.Collect$$rtexit$$00000003  c_w.l(rtexit2.o)
    0x080002a6   0x080002a6   0x00000006   Code   RO         7730    .ARM.Collect$$rtexit$$00000004  c_w.l(rtexit2.o)
    0x080002ac   0x080002ac   0x00000000   Code   RO         7615    .emb_text           c_w.l(maybetermalloc1.o)
    0x080002ac   0x080002ac   0x00000040   Code   RO            4    .text               startup_stm32f401xc.o
    0x080002ec   0x080002ec   0x00000002   Code   RO         7312    .text               c_w.l(use_no_semi.o)
    0x080002ee   0x080002ee   0x0000005e   Code   RO         7318    .text               c_w.l(h1_alloc.o)
    0x0800034c   0x0800034c   0x0000004e   Code   RO         7320    .text               c_w.l(h1_free.o)
    0x0800039a   0x0800039a   0x000000ee   Code   RO         7376    .text               c_w.l(lludivv7m.o)
    0x08000488   0x08000488   0x00000018   Code   RO         7384    .text               c_w.l(noretval__2printf.o)
    0x080004a0   0x080004a0   0x00000028   Code   RO         7386    .text               c_w.l(noretval__2sprintf.o)
    0x080004c8   0x080004c8   0x00000034   Code   RO         7388    .text               c_w.l(noretval__2snprintf.o)
    0x080004fc   0x080004fc   0x0000004e   Code   RO         7392    .text               c_w.l(_printf_pad.o)
    0x0800054a   0x0800054a   0x00000052   Code   RO         7394    .text               c_w.l(_printf_str.o)
    0x0800059c   0x0800059c   0x00000078   Code   RO         7396    .text               c_w.l(_printf_dec.o)
    0x08000614   0x08000614   0x00000058   Code   RO         7401    .text               c_w.l(_printf_hex_int.o)
    0x0800066c   0x0800066c   0x00000188   Code   RO         7436    .text               c_w.l(__printf_flags_ss_wp.o)
    0x080007f4   0x080007f4   0x0000003e   Code   RO         7445    .text               c_w.l(strlen.o)
    0x08000832   0x08000832   0x00000018   Code   RO         7447    .text               c_w.l(strcat.o)
    0x0800084a   0x0800084a   0x0000008a   Code   RO         7449    .text               c_w.l(rt_memcpy_v6.o)
    0x080008d4   0x080008d4   0x00000064   Code   RO         7451    .text               c_w.l(rt_memcpy_w.o)
    0x08000938   0x08000938   0x00000010   Code   RO         7453    .text               c_w.l(aeabi_memset.o)
    0x08000948   0x08000948   0x00000044   Code   RO         7455    .text               c_w.l(rt_memclr.o)
    0x0800098c   0x0800098c   0x0000004e   Code   RO         7457    .text               c_w.l(rt_memclr_w.o)
    0x080009da   0x080009da   0x00000002   PAD
    0x080009dc   0x080009dc   0x00000080   Code   RO         7459    .text               c_w.l(strcmpv7m.o)
    0x08000a5c   0x08000a5c   0x00000006   Code   RO         7461    .text               c_w.l(heapauxi.o)
    0x08000a62   0x08000a62   0x00000002   PAD
    0x08000a64   0x08000a64   0x00000008   Code   RO         7495    .text               c_w.l(rt_heap_descriptor_intlibspace.o)
    0x08000a6c   0x08000a6c   0x00000004   Code   RO         7497    .text               c_w.l(hguard.o)
    0x08000a70   0x08000a70   0x0000008a   Code   RO         7499    .text               c_w.l(init_alloc.o)
    0x08000afa   0x08000afa   0x0000000e   Code   RO         7503    .text               c_w.l(h1_init.o)
    0x08000b08   0x08000b08   0x000000b2   Code   RO         7517    .text               c_w.l(_printf_intcommon.o)
    0x08000bba   0x08000bba   0x0000041e   Code   RO         7519    .text               c_w.l(_printf_fp_dec.o)
    0x08000fd8   0x08000fd8   0x00000030   Code   RO         7521    .text               c_w.l(_printf_char_common.o)
    0x08001008   0x08001008   0x0000000a   Code   RO         7523    .text               c_w.l(_sputc.o)
    0x08001012   0x08001012   0x00000010   Code   RO         7525    .text               c_w.l(_snputc.o)
    0x08001022   0x08001022   0x0000002c   Code   RO         7527    .text               c_w.l(_printf_char.o)
    0x0800104e   0x0800104e   0x00000002   PAD
    0x08001050   0x08001050   0x00000024   Code   RO         7529    .text               c_w.l(_printf_char_file.o)
    0x08001074   0x08001074   0x00000008   Code   RO         7588    .text               c_w.l(libspace.o)
    0x0800107c   0x0800107c   0x00000008   Code   RO         7611    .text               c_w.l(rt_locale_intlibspace.o)
    0x08001084   0x08001084   0x00000034   Code   RO         7617    .text               c_w.l(h1_extend.o)
    0x080010b8   0x080010b8   0x0000008a   Code   RO         7621    .text               c_w.l(lludiv10.o)
    0x08001142   0x08001142   0x00000002   PAD
    0x08001144   0x08001144   0x00000080   Code   RO         7623    .text               c_w.l(_printf_fp_infnan.o)
    0x080011c4   0x080011c4   0x000000e4   Code   RO         7627    .text               c_w.l(bigflt0.o)
    0x080012a8   0x080012a8   0x0000000e   Code   RO         7655    .text               c_w.l(defsig_rtmem_outer.o)
    0x080012b6   0x080012b6   0x0000004a   Code   RO         7671    .text               c_w.l(sys_stackheap_outer.o)
    0x08001300   0x08001300   0x00000012   Code   RO         7677    .text               c_w.l(exit.o)
    0x08001312   0x08001312   0x0000000a   Code   RO         7679    .text               c_w.l(defsig_exit.o)
    0x0800131c   0x0800131c   0x00000050   Code   RO         7685    .text               c_w.l(defsig_rtmem_inner.o)
    0x0800136c   0x0800136c   0x00000032   Code   RO         7705    .text               c_w.l(defsig_general.o)
    0x0800139e   0x0800139e   0x0000003e   Code   RO         7630    CL$$btod_d2e        c_w.l(btod.o)
    0x080013dc   0x080013dc   0x00000046   Code   RO         7632    CL$$btod_d2e_denorm_low  c_w.l(btod.o)
    0x08001422   0x08001422   0x00000060   Code   RO         7631    CL$$btod_d2e_norm_op1  c_w.l(btod.o)
    0x08001482   0x08001482   0x00000338   Code   RO         7640    CL$$btod_div_common  c_w.l(btod.o)
    0x080017ba   0x080017ba   0x000000dc   Code   RO         7637    CL$$btod_e2e        c_w.l(btod.o)
    0x08001896   0x08001896   0x0000002a   Code   RO         7634    CL$$btod_ediv       c_w.l(btod.o)
    0x080018c0   0x080018c0   0x0000002a   Code   RO         7633    CL$$btod_emul       c_w.l(btod.o)
    0x080018ea   0x080018ea   0x00000244   Code   RO         7639    CL$$btod_mult_common  c_w.l(btod.o)
    0x08001b2e   0x08001b2e   0x0000007e   Code   RO         2627    i.ADC_DMAConvCplt   stm32f4xx_hal_adc.o
    0x08001bac   0x08001bac   0x0000001a   Code   RO         2628    i.ADC_DMAError      stm32f4xx_hal_adc.o
    0x08001bc6   0x08001bc6   0x0000000e   Code   RO         2629    i.ADC_DMAHalfConvCplt  stm32f4xx_hal_adc.o
    0x08001bd4   0x08001bd4   0x00000160   Code   RO         2630    i.ADC_Init          stm32f4xx_hal_adc.o
    0x08001d34   0x08001d34   0x00000004   Code   RO          694    i.BusFault_Handler  stm32f4xx_it.o
    0x08001d38   0x08001d38   0x00000014   Code   RO          695    i.DMA2_Stream0_IRQHandler  stm32f4xx_it.o
    0x08001d4c   0x08001d4c   0x00000034   Code   RO         1925    i.DMA_CalcBaseAndBitshift  stm32f4xx_hal_dma.o
    0x08001d80   0x08001d80   0x000000aa   Code   RO         1926    i.DMA_CheckFifoParam  stm32f4xx_hal_dma.o
    0x08001e2a   0x08001e2a   0x0000002c   Code   RO         1927    i.DMA_SetConfig     stm32f4xx_hal_dma.o
    0x08001e56   0x08001e56   0x0000005e   Code   RO         4332    i.DeInitStateMachine  usbh_core.o
    0x08001eb4   0x08001eb4   0x00000002   Code   RO          696    i.DebugMon_Handler  stm32f4xx_it.o
    0x08001eb6   0x08001eb6   0x00000002   Code   RO         5190    i.DoNothing         hdsmux.o
    0x08001eb8   0x08001eb8   0x0000000a   Code   RO          697    i.EXTI0_IRQHandler  stm32f4xx_it.o
    0x08001ec2   0x08001ec2   0x0000000a   Code   RO          698    i.EXTI1_IRQHandler  stm32f4xx_it.o
    0x08001ecc   0x08001ecc   0x0000000a   Code   RO          699    i.EXTI4_IRQHandler  stm32f4xx_it.o
    0x08001ed6   0x08001ed6   0x00000010   Code   RO          700    i.EXTI9_5_IRQHandler  stm32f4xx_it.o
    0x08001ee6   0x08001ee6   0x00000006   Code   RO          615    i.Error_Handler     main.o
    0x08001eec   0x08001eec   0x00000012   Code   RO         4226    i.FATFS_LinkDriver  ff_gen_drv.o
    0x08001efe   0x08001efe   0x00000002   PAD
    0x08001f00   0x08001f00   0x00000054   Code   RO         4227    i.FATFS_LinkDriverEx  ff_gen_drv.o
    0x08001f54   0x08001f54   0x0000005c   Code   RO         1639    i.FLASH_Erase_Sector  stm32f4xx_hal_flash_ex.o
    0x08001fb0   0x08001fb0   0x00000078   Code   RO         1640    i.FLASH_FlushCaches  stm32f4xx_hal_flash_ex.o
    0x08002028   0x08002028   0x00000024   Code   RO         1521    i.FLASH_Program_Byte  stm32f4xx_hal_flash.o
    0x0800204c   0x0800204c   0x0000003c   Code   RO         1522    i.FLASH_Program_DoubleWord  stm32f4xx_hal_flash.o
    0x08002088   0x08002088   0x00000028   Code   RO         1523    i.FLASH_Program_HalfWord  stm32f4xx_hal_flash.o
    0x080020b0   0x080020b0   0x00000028   Code   RO         1524    i.FLASH_Program_Word  stm32f4xx_hal_flash.o
    0x080020d8   0x080020d8   0x000000b4   Code   RO         1525    i.FLASH_SetErrorCode  stm32f4xx_hal_flash.o
    0x0800218c   0x0800218c   0x00000064   Code   RO         1526    i.FLASH_WaitForLastOperation  stm32f4xx_hal_flash.o
    0x080021f0   0x080021f0   0x0000018c   Code   RO         2632    i.HAL_ADC_ConfigChannel  stm32f4xx_hal_adc.o
    0x0800237c   0x0800237c   0x00000002   Code   RO         2633    i.HAL_ADC_ConvCpltCallback  stm32f4xx_hal_adc.o
    0x0800237e   0x0800237e   0x00000002   Code   RO         2634    i.HAL_ADC_ConvHalfCpltCallback  stm32f4xx_hal_adc.o
    0x08002380   0x08002380   0x00000044   Code   RO         2635    i.HAL_ADC_DeInit    stm32f4xx_hal_adc.o
    0x080023c4   0x080023c4   0x00000002   Code   RO         2636    i.HAL_ADC_ErrorCallback  stm32f4xx_hal_adc.o
    0x080023c6   0x080023c6   0x00000002   PAD
    0x080023c8   0x080023c8   0x00000068   Code   RO         2641    i.HAL_ADC_Init      stm32f4xx_hal_adc.o
    0x08002430   0x08002430   0x00000040   Code   RO          827    i.HAL_ADC_MspDeInit  stm32f4xx_hal_msp.o
    0x08002470   0x08002470   0x000000f8   Code   RO          828    i.HAL_ADC_MspInit   stm32f4xx_hal_msp.o
    0x08002568   0x08002568   0x00000114   Code   RO         2647    i.HAL_ADC_Start     stm32f4xx_hal_adc.o
    0x0800267c   0x0800267c   0x00000178   Code   RO         2648    i.HAL_ADC_Start_DMA  stm32f4xx_hal_adc.o
    0x080027f4   0x080027f4   0x00000070   Code   RO         1930    i.HAL_DMA_DeInit    stm32f4xx_hal_dma.o
    0x08002864   0x08002864   0x00000240   Code   RO         1933    i.HAL_DMA_IRQHandler  stm32f4xx_hal_dma.o
    0x08002aa4   0x08002aa4   0x000000ec   Code   RO         1934    i.HAL_DMA_Init      stm32f4xx_hal_dma.o
    0x08002b90   0x08002b90   0x00000092   Code   RO         1938    i.HAL_DMA_Start_IT  stm32f4xx_hal_dma.o
    0x08002c22   0x08002c22   0x00000002   PAD
    0x08002c24   0x08002c24   0x00000028   Code   RO         2376    i.HAL_Delay         stm32f4xx_hal.o
    0x08002c4c   0x08002c4c   0x000000ac   Code   RO         1643    i.HAL_FLASHEx_Erase  stm32f4xx_hal_flash_ex.o
    0x08002cf8   0x08002cf8   0x0000000c   Code   RO         1528    i.HAL_FLASH_GetError  stm32f4xx_hal_flash.o
    0x08002d04   0x08002d04   0x00000014   Code   RO         1530    i.HAL_FLASH_Lock    stm32f4xx_hal_flash.o
    0x08002d18   0x08002d18   0x00000098   Code   RO         1535    i.HAL_FLASH_Program  stm32f4xx_hal_flash.o
    0x08002db0   0x08002db0   0x00000034   Code   RO         1537    i.HAL_FLASH_Unlock  stm32f4xx_hal_flash.o
    0x08002de4   0x08002de4   0x00000138   Code   RO         1818    i.HAL_GPIO_DeInit   stm32f4xx_hal_gpio.o
    0x08002f1c   0x08002f1c   0x00000118   Code   RO         6690    i.HAL_GPIO_EXTI_Callback  mdlsensor.o
    0x08003034   0x08003034   0x0000001c   Code   RO         1820    i.HAL_GPIO_EXTI_IRQHandler  stm32f4xx_hal_gpio.o
    0x08003050   0x08003050   0x000001c8   Code   RO         1821    i.HAL_GPIO_Init     stm32f4xx_hal_gpio.o
    0x08003218   0x08003218   0x0000000c   Code   RO         2382    i.HAL_GetTick       stm32f4xx_hal.o
    0x08003224   0x08003224   0x0000000e   Code   RO         3537    i.HAL_HCD_Connect_Callback  usbh_conf.o
    0x08003232   0x08003232   0x0000000e   Code   RO         3538    i.HAL_HCD_Disconnect_Callback  usbh_conf.o
    0x08003240   0x08003240   0x0000000c   Code   RO          881    i.HAL_HCD_GetCurrentFrame  stm32f4xx_hal_hcd.o
    0x0800324c   0x0800324c   0x0000000c   Code   RO          882    i.HAL_HCD_GetCurrentSpeed  stm32f4xx_hal_hcd.o
    0x08003258   0x08003258   0x00000018   Code   RO          885    i.HAL_HCD_HC_GetURBState  stm32f4xx_hal_hcd.o
    0x08003270   0x08003270   0x00000016   Code   RO          886    i.HAL_HCD_HC_GetXferCount  stm32f4xx_hal_hcd.o
    0x08003286   0x08003286   0x00000034   Code   RO          887    i.HAL_HCD_HC_Halt   stm32f4xx_hal_hcd.o
    0x080032ba   0x080032ba   0x00000106   Code   RO          888    i.HAL_HCD_HC_Init   stm32f4xx_hal_hcd.o
    0x080033c0   0x080033c0   0x00000002   Code   RO         3539    i.HAL_HCD_HC_NotifyURBChange_Callback  usbh_conf.o
    0x080033c2   0x080033c2   0x000002a4   Code   RO          890    i.HAL_HCD_HC_SubmitRequest  stm32f4xx_hal_hcd.o
    0x08003666   0x08003666   0x00000178   Code   RO          891    i.HAL_HCD_IRQHandler  stm32f4xx_hal_hcd.o
    0x080037de   0x080037de   0x00000074   Code   RO          892    i.HAL_HCD_Init      stm32f4xx_hal_hcd.o
    0x08003852   0x08003852   0x00000002   PAD
    0x08003854   0x08003854   0x000000a8   Code   RO         3541    i.HAL_HCD_MspInit   usbh_conf.o
    0x080038fc   0x080038fc   0x0000000e   Code   RO         3542    i.HAL_HCD_PortDisabled_Callback  usbh_conf.o
    0x0800390a   0x0800390a   0x0000000e   Code   RO         3543    i.HAL_HCD_PortEnabled_Callback  usbh_conf.o
    0x08003918   0x08003918   0x0000000c   Code   RO          897    i.HAL_HCD_ResetPort  stm32f4xx_hal_hcd.o
    0x08003924   0x08003924   0x0000000e   Code   RO         3544    i.HAL_HCD_SOF_Callback  usbh_conf.o
    0x08003932   0x08003932   0x00000036   Code   RO          899    i.HAL_HCD_Start     stm32f4xx_hal_hcd.o
    0x08003968   0x08003968   0x0000002e   Code   RO          900    i.HAL_HCD_Stop      stm32f4xx_hal_hcd.o
    0x08003996   0x08003996   0x00000076   Code   RO         2943    i.HAL_HalfDuplex_Init  stm32f4xx_hal_uart.o
    0x08003a0c   0x08003a0c   0x00000018   Code   RO         2388    i.HAL_IncTick       stm32f4xx_hal.o
    0x08003a24   0x08003a24   0x0000003c   Code   RO         2389    i.HAL_Init          stm32f4xx_hal.o
    0x08003a60   0x08003a60   0x0000004c   Code   RO         2390    i.HAL_InitTick      stm32f4xx_hal.o
    0x08003aac   0x08003aac   0x00000048   Code   RO          829    i.HAL_MspInit       stm32f4xx_hal_msp.o
    0x08003af4   0x08003af4   0x00000020   Code   RO         2234    i.HAL_NVIC_EnableIRQ  stm32f4xx_hal_cortex.o
    0x08003b14   0x08003b14   0x0000007c   Code   RO         2240    i.HAL_NVIC_SetPriority  stm32f4xx_hal_cortex.o
    0x08003b90   0x08003b90   0x00000028   Code   RO         2241    i.HAL_NVIC_SetPriorityGrouping  stm32f4xx_hal_cortex.o
    0x08003bb8   0x08003bb8   0x00000184   Code   RO         1366    i.HAL_RCC_ClockConfig  stm32f4xx_hal_rcc.o
    0x08003d3c   0x08003d3c   0x0000000c   Code   RO         1371    i.HAL_RCC_GetHCLKFreq  stm32f4xx_hal_rcc.o
    0x08003d48   0x08003d48   0x00000020   Code   RO         1373    i.HAL_RCC_GetPCLK1Freq  stm32f4xx_hal_rcc.o
    0x08003d68   0x08003d68   0x00000020   Code   RO         1374    i.HAL_RCC_GetPCLK2Freq  stm32f4xx_hal_rcc.o
    0x08003d88   0x08003d88   0x000000b0   Code   RO         1375    i.HAL_RCC_GetSysClockFreq  stm32f4xx_hal_rcc.o
    0x08003e38   0x08003e38   0x0000049c   Code   RO         1378    i.HAL_RCC_OscConfig  stm32f4xx_hal_rcc.o
    0x080042d4   0x080042d4   0x00000034   Code   RO         2245    i.HAL_SYSTICK_Config  stm32f4xx_hal_cortex.o
    0x08004308   0x08004308   0x00000088   Code   RO          831    i.HAL_UART_MspInit  stm32f4xx_hal_msp.o
    0x08004390   0x08004390   0x000000d2   Code   RO         2978    i.HAL_UART_Transmit  stm32f4xx_hal_uart.o
    0x08004462   0x08004462   0x00000762   Code   RO          902    i.HCD_HC_IN_IRQHandler  stm32f4xx_hal_hcd.o
    0x08004bc4   0x08004bc4   0x00000746   Code   RO          903    i.HCD_HC_OUT_IRQHandler  stm32f4xx_hal_hcd.o
    0x0800530a   0x0800530a   0x000000b6   Code   RO          904    i.HCD_Port_IRQHandler  stm32f4xx_hal_hcd.o
    0x080053c0   0x080053c0   0x00000184   Code   RO          905    i.HCD_RXQLVL_IRQHandler  stm32f4xx_hal_hcd.o
    0x08005544   0x08005544   0x00000024   Code   RO          701    i.HardFault_Handler  stm32f4xx_it.o
    0x08005568   0x08005568   0x000000d4   Code   RO          616    i.MX_ADC1_Init      main.o
    0x0800563c   0x0800563c   0x00000038   Code   RO          617    i.MX_DMA_Init       main.o
    0x08005674   0x08005674   0x0000001c   Code   RO         3454    i.MX_FATFS_Init     fatfs.o
    0x08005690   0x08005690   0x000000fc   Code   RO          618    i.MX_GPIO_InterruptInit  main.o
    0x0800578c   0x0800578c   0x0000003c   Code   RO         3495    i.MX_USB_HOST_Init  usb_host.o
    0x080057c8   0x080057c8   0x00000010   Code   RO         3496    i.MX_USB_HOST_Process  usb_host.o
    0x080057d8   0x080057d8   0x00000004   Code   RO          702    i.MemManage_Handler  stm32f4xx_it.o
    0x080057dc   0x080057dc   0x00000004   Code   RO          703    i.NMI_Handler       stm32f4xx_it.o
    0x080057e0   0x080057e0   0x00000010   Code   RO          704    i.OTG_FS_IRQHandler  stm32f4xx_it.o
    0x080057f0   0x080057f0   0x00000002   Code   RO          705    i.PendSV_Handler    stm32f4xx_it.o
    0x080057f2   0x080057f2   0x00000002   Code   RO          706    i.SVC_Handler       stm32f4xx_it.o
    0x080057f4   0x080057f4   0x00000008   Code   RO          707    i.SysTick_Handler   stm32f4xx_it.o
    0x080057fc   0x080057fc   0x00000014   Code   RO         3309    i.SystemInit        system_stm32f4xx.o
    0x08005810   0x08005810   0x00000028   Code   RO         5191    i.TIM1_TRG_COM_TIM11_IRQHandler  hdsmux.o
    0x08005838   0x08005838   0x00000024   Code   RO         6691    i.TIM1_UP_TIM10_IRQHandler  mdlsensor.o
    0x0800585c   0x0800585c   0x0000022c   Code   RO         2997    i.UART_SetConfig    stm32f4xx_hal_uart.o
    0x08005a88   0x08005a88   0x00000092   Code   RO         3001    i.UART_WaitOnFlagUntilTimeout  stm32f4xx_hal_uart.o
    0x08005b1a   0x08005b1a   0x0000002a   Code   RO         4659    i.USBH_AllocPipe    usbh_pipes.o
    0x08005b44   0x08005b44   0x0000002a   Code   RO         4587    i.USBH_BulkReceiveData  usbh_ioreq.o
    0x08005b6e   0x08005b6e   0x00000034   Code   RO         4588    i.USBH_BulkSendData  usbh_ioreq.o
    0x08005ba2   0x08005ba2   0x00000012   Code   RO         4660    i.USBH_ClosePipe    usbh_pipes.o
    0x08005bb4   0x08005bb4   0x00000028   Code   RO         4473    i.USBH_ClrFeature   usbh_ctlreq.o
    0x08005bdc   0x08005bdc   0x0000002a   Code   RO         4589    i.USBH_CtlReceiveData  usbh_ioreq.o
    0x08005c06   0x08005c06   0x00000054   Code   RO         4474    i.USBH_CtlReq       usbh_ctlreq.o
    0x08005c5a   0x08005c5a   0x00000034   Code   RO         4590    i.USBH_CtlSendData  usbh_ioreq.o
    0x08005c8e   0x08005c8e   0x00000026   Code   RO         4591    i.USBH_CtlSendSetup  usbh_ioreq.o
    0x08005cb4   0x08005cb4   0x0000000c   Code   RO         3545    i.USBH_Delay        usbh_conf.o
    0x08005cc0   0x08005cc0   0x00000050   Code   RO         4334    i.USBH_FindInterface  usbh_core.o
    0x08005d10   0x08005d10   0x0000001e   Code   RO         4661    i.USBH_FreePipe     usbh_pipes.o
    0x08005d2e   0x08005d2e   0x0000004a   Code   RO         4475    i.USBH_GetDescriptor  usbh_ctlreq.o
    0x08005d78   0x08005d78   0x00000028   Code   RO         4662    i.USBH_GetFreePipe  usbh_pipes.o
    0x08005da0   0x08005da0   0x00000012   Code   RO         4476    i.USBH_GetNextDesc  usbh_ctlreq.o
    0x08005db2   0x08005db2   0x0000002e   Code   RO         4477    i.USBH_Get_CfgDesc  usbh_ctlreq.o
    0x08005de0   0x08005de0   0x0000002e   Code   RO         4478    i.USBH_Get_DevDesc  usbh_ctlreq.o
    0x08005e0e   0x08005e0e   0x00000036   Code   RO         4479    i.USBH_Get_StringDesc  usbh_ctlreq.o
    0x08005e44   0x08005e44   0x0000002c   Code   RO         3546    i.USBH_Get_USB_Status  usbh_conf.o
    0x08005e70   0x08005e70   0x000001d4   Code   RO         4480    i.USBH_HandleControl  usbh_ctlreq.o
    0x08006044   0x08006044   0x000002c2   Code   RO         4337    i.USBH_HandleEnum   usbh_core.o
    0x08006306   0x08006306   0x0000001c   Code   RO         4338    i.USBH_HandleSof    usbh_core.o
    0x08006322   0x08006322   0x00000048   Code   RO         4339    i.USBH_Init         usbh_core.o
    0x0800636a   0x0800636a   0x00000026   Code   RO         3547    i.USBH_LL_ClosePipe  usbh_conf.o
    0x08006390   0x08006390   0x00000016   Code   RO         4341    i.USBH_LL_Connect   usbh_core.o
    0x080063a6   0x080063a6   0x0000002e   Code   RO         4342    i.USBH_LL_Disconnect  usbh_core.o
    0x080063d4   0x080063d4   0x0000001a   Code   RO         3549    i.USBH_LL_DriverVBUS  usbh_conf.o
    0x080063ee   0x080063ee   0x00000012   Code   RO         3550    i.USBH_LL_GetLastXferSize  usbh_conf.o
    0x08006400   0x08006400   0x00000030   Code   RO         3551    i.USBH_LL_GetSpeed  usbh_conf.o
    0x08006430   0x08006430   0x00000046   Code   RO         3552    i.USBH_LL_GetToggle  usbh_conf.o
    0x08006476   0x08006476   0x00000012   Code   RO         3553    i.USBH_LL_GetURBState  usbh_conf.o
    0x08006488   0x08006488   0x00000016   Code   RO         4343    i.USBH_LL_IncTimer  usbh_core.o
    0x0800649e   0x0800649e   0x00000002   PAD
    0x080064a0   0x080064a0   0x00000058   Code   RO         3554    i.USBH_LL_Init      usbh_conf.o
    0x080064f8   0x080064f8   0x00000040   Code   RO         3555    i.USBH_LL_OpenPipe  usbh_conf.o
    0x08006538   0x08006538   0x00000008   Code   RO         4344    i.USBH_LL_PortDisabled  usbh_core.o
    0x08006540   0x08006540   0x00000008   Code   RO         4345    i.USBH_LL_PortEnabled  usbh_core.o
    0x08006548   0x08006548   0x0000001e   Code   RO         3556    i.USBH_LL_ResetPort  usbh_conf.o
    0x08006566   0x08006566   0x00000006   Code   RO         4346    i.USBH_LL_SetTimer  usbh_core.o
    0x0800656c   0x0800656c   0x00000046   Code   RO         3557    i.USBH_LL_SetToggle  usbh_conf.o
    0x080065b2   0x080065b2   0x0000001e   Code   RO         3558    i.USBH_LL_Start     usbh_conf.o
    0x080065d0   0x080065d0   0x0000001e   Code   RO         3559    i.USBH_LL_Stop      usbh_conf.o
    0x080065ee   0x080065ee   0x00000040   Code   RO         3560    i.USBH_LL_SubmitURB  usbh_conf.o
    0x0800662e   0x0800662e   0x0000003c   Code   RO         4797    i.USBH_MSC_BOT_Abort  usbh_msc_bot.o
    0x0800666a   0x0800666a   0x00000002   PAD
    0x0800666c   0x0800666c   0x00000028   Code   RO         4798    i.USBH_MSC_BOT_Init  usbh_msc_bot.o
    0x08006694   0x08006694   0x0000026e   Code   RO         4799    i.USBH_MSC_BOT_Process  usbh_msc_bot.o
    0x08006902   0x08006902   0x00000024   Code   RO         4800    i.USBH_MSC_BOT_REQ_GetMaxLUN  usbh_msc_bot.o
    0x08006926   0x08006926   0x00000020   Code   RO         4801    i.USBH_MSC_BOT_REQ_Reset  usbh_msc_bot.o
    0x08006946   0x08006946   0x0000009c   Code   RO         4706    i.USBH_MSC_ClassRequest  usbh_msc.o
    0x080069e2   0x080069e2   0x00000002   PAD
    0x080069e4   0x080069e4   0x00000058   Code   RO         4802    i.USBH_MSC_DecodeCSW  usbh_msc_bot.o
    0x08006a3c   0x08006a3c   0x00000038   Code   RO         4707    i.USBH_MSC_GetLUNInfo  usbh_msc.o
    0x08006a74   0x08006a74   0x00000058   Code   RO         4709    i.USBH_MSC_InterfaceDeInit  usbh_msc.o
    0x08006acc   0x08006acc   0x000001a4   Code   RO         4710    i.USBH_MSC_InterfaceInit  usbh_msc.o
    0x08006c70   0x08006c70   0x000004c2   Code   RO         4712    i.USBH_MSC_Process  usbh_msc.o
    0x08007132   0x08007132   0x0000016c   Code   RO         4713    i.USBH_MSC_RdWrProcess  usbh_msc.o
    0x0800729e   0x0800729e   0x0000009c   Code   RO         4714    i.USBH_MSC_Read     usbh_msc.o
    0x0800733a   0x0800733a   0x00000100   Code   RO         4849    i.USBH_MSC_SCSI_Inquiry  usbh_msc_scsi.o
    0x0800743a   0x0800743a   0x000000a6   Code   RO         4850    i.USBH_MSC_SCSI_Read  usbh_msc_scsi.o
    0x080074e0   0x080074e0   0x000000a8   Code   RO         4851    i.USBH_MSC_SCSI_ReadCapacity  usbh_msc_scsi.o
    0x08007588   0x08007588   0x000000b2   Code   RO         4852    i.USBH_MSC_SCSI_RequestSense  usbh_msc_scsi.o
    0x0800763a   0x0800763a   0x00000062   Code   RO         4853    i.USBH_MSC_SCSI_TestUnitReady  usbh_msc_scsi.o
    0x0800769c   0x0800769c   0x000000a6   Code   RO         4854    i.USBH_MSC_SCSI_Write  usbh_msc_scsi.o
    0x08007742   0x08007742   0x00000006   Code   RO         4715    i.USBH_MSC_SOFProcess  usbh_msc.o
    0x08007748   0x08007748   0x0000002c   Code   RO         4716    i.USBH_MSC_UnitIsReady  usbh_msc.o
    0x08007774   0x08007774   0x0000009c   Code   RO         4717    i.USBH_MSC_Write    usbh_msc.o
    0x08007810   0x08007810   0x0000002a   Code   RO         4663    i.USBH_OpenPipe     usbh_pipes.o
    0x0800783a   0x0800783a   0x000000da   Code   RO         4481    i.USBH_ParseCfgDesc  usbh_ctlreq.o
    0x08007914   0x08007914   0x00000058   Code   RO         4482    i.USBH_ParseDevDesc  usbh_ctlreq.o
    0x0800796c   0x0800796c   0x00000020   Code   RO         4483    i.USBH_ParseEPDesc  usbh_ctlreq.o
    0x0800798c   0x0800798c   0x00000026   Code   RO         4484    i.USBH_ParseInterfaceDesc  usbh_ctlreq.o
    0x080079b2   0x080079b2   0x00000036   Code   RO         4485    i.USBH_ParseStringDesc  usbh_ctlreq.o
    0x080079e8   0x080079e8   0x000002c8   Code   RO         4347    i.USBH_Process      usbh_core.o
    0x08007cb0   0x08007cb0   0x00000032   Code   RO         4349    i.USBH_RegisterClass  usbh_core.o
    0x08007ce2   0x08007ce2   0x00000028   Code   RO         4350    i.USBH_SelectInterface  usbh_core.o
    0x08007d0a   0x08007d0a   0x00000028   Code   RO         4486    i.USBH_SetAddress   usbh_ctlreq.o
    0x08007d32   0x08007d32   0x00000028   Code   RO         4487    i.USBH_SetCfg       usbh_ctlreq.o
    0x08007d5a   0x08007d5a   0x00000028   Code   RO         4488    i.USBH_SetFeature   usbh_ctlreq.o
    0x08007d82   0x08007d82   0x00000016   Code   RO         4351    i.USBH_Start        usbh_core.o
    0x08007d98   0x08007d98   0x00000006   Code   RO         3345    i.USBH_initialize   usbh_diskio.o
    0x08007d9e   0x08007d9e   0x00000002   PAD
    0x08007da0   0x08007da0   0x00000084   Code   RO         3346    i.USBH_ioctl        usbh_diskio.o
    0x08007e24   0x08007e24   0x00000068   Code   RO         3347    i.USBH_read         usbh_diskio.o
    0x08007e8c   0x08007e8c   0x00000020   Code   RO         3348    i.USBH_status       usbh_diskio.o
    0x08007eac   0x08007eac   0x00000074   Code   RO         3349    i.USBH_write        usbh_diskio.o
    0x08007f20   0x08007f20   0x00000084   Code   RO         1065    i.USB_CoreInit      stm32f4xx_ll_usb.o
    0x08007fa4   0x08007fa4   0x00000054   Code   RO         1066    i.USB_CoreReset     stm32f4xx_ll_usb.o
    0x08007ff8   0x08007ff8   0x0000000e   Code   RO         1073    i.USB_DisableGlobalInt  stm32f4xx_ll_usb.o
    0x08008006   0x08008006   0x00000002   PAD
    0x08008008   0x08008008   0x00000044   Code   RO         1074    i.USB_DoPing        stm32f4xx_ll_usb.o
    0x0800804c   0x0800804c   0x0000004a   Code   RO         1075    i.USB_DriveVbus     stm32f4xx_ll_usb.o
    0x08008096   0x08008096   0x0000000e   Code   RO         1081    i.USB_EnableGlobalInt  stm32f4xx_ll_usb.o
    0x080080a4   0x080080a4   0x00000030   Code   RO         1082    i.USB_FlushRxFifo   stm32f4xx_ll_usb.o
    0x080080d4   0x080080d4   0x00000034   Code   RO         1083    i.USB_FlushTxFifo   stm32f4xx_ll_usb.o
    0x08008108   0x08008108   0x0000000e   Code   RO         1084    i.USB_GetCurrentFrame  stm32f4xx_ll_usb.o
    0x08008116   0x08008116   0x00000018   Code   RO         1086    i.USB_GetHostSpeed  stm32f4xx_ll_usb.o
    0x0800812e   0x0800812e   0x0000000a   Code   RO         1087    i.USB_GetMode       stm32f4xx_ll_usb.o
    0x08008138   0x08008138   0x000001b0   Code   RO         1088    i.USB_HC_Halt       stm32f4xx_ll_usb.o
    0x080082e8   0x080082e8   0x000001a4   Code   RO         1089    i.USB_HC_Init       stm32f4xx_ll_usb.o
    0x0800848c   0x0800848c   0x0000000e   Code   RO         1090    i.USB_HC_ReadInterrupt  stm32f4xx_ll_usb.o
    0x0800849a   0x0800849a   0x00000002   PAD
    0x0800849c   0x0800849c   0x000001d0   Code   RO         1091    i.USB_HC_StartXfer  stm32f4xx_ll_usb.o
    0x0800866c   0x0800866c   0x000000f0   Code   RO         1092    i.USB_HostInit      stm32f4xx_ll_usb.o
    0x0800875c   0x0800875c   0x00000044   Code   RO         1093    i.USB_InitFSLSPClkSel  stm32f4xx_ll_usb.o
    0x080087a0   0x080087a0   0x0000000a   Code   RO         1098    i.USB_ReadInterrupts  stm32f4xx_ll_usb.o
    0x080087aa   0x080087aa   0x00000060   Code   RO         1099    i.USB_ReadPacket    stm32f4xx_ll_usb.o
    0x0800880a   0x0800880a   0x0000003c   Code   RO         1100    i.USB_ResetPort     stm32f4xx_ll_usb.o
    0x08008846   0x08008846   0x00000068   Code   RO         1101    i.USB_SetCurrentMode  stm32f4xx_ll_usb.o
    0x080088ae   0x080088ae   0x000000b4   Code   RO         1106    i.USB_StopHost      stm32f4xx_ll_usb.o
    0x08008962   0x08008962   0x00000044   Code   RO         1107    i.USB_WritePacket   stm32f4xx_ll_usb.o
    0x080089a6   0x080089a6   0x00000004   Code   RO          708    i.UsageFault_Handler  stm32f4xx_it.o
    0x080089aa   0x080089aa   0x00000002   PAD
    0x080089ac   0x080089ac   0x00000018   Code   RO         5372    i._Z10DmaStartADv   hdsdma.o
    0x080089c4   0x080089c4   0x00000040   Code   RO         5619    i._Z10Salvar_usbv   mdlmsg.o
    0x08008a04   0x08008a04   0x0000004c   Code   RO         6615    i._Z10clock1_isrv   fluxo.o
    0x08008a50   0x08008a50   0x0000000c   Code   RO         6173    i._Z10lcd_linha1v   lcd.o
    0x08008a5c   0x08008a5c   0x0000000c   Code   RO         6174    i._Z10lcd_linha2v   lcd.o
    0x08008a68   0x08008a68   0x00000058   Code   RO         6616    i._Z10startTimerv   fluxo.o
    0x08008ac0   0x08008ac0   0x00000054   Code   RO         5620    i._Z10telaUsbOutv   mdlmsg.o
    0x08008b14   0x08008b14   0x000001e0   Code   RO           16    i._Z11Create_FilePc  file_handling.o
    0x08008cf4   0x08008cf4   0x00000c34   Code   RO         6365    i._Z11EstadoModo0s  modo0.o
    0x08009928   0x08009928   0x00000758   Code   RO         6366    i._Z11EstadoModo1s  modo0.o
    0x0800a080   0x0800a080   0x00000e2c   Code   RO         6367    i._Z11EstadoModo2s  modo0.o
    0x0800aeac   0x0800aeac   0x0000002a   Code   RO         4969    i._Z11LCD_DelayUsj  hdslcd.o
    0x0800aed6   0x0800aed6   0x00000002   PAD
    0x0800aed8   0x0800aed8   0x00000018   Code   RO         4970    i._Z11LCD_GetBusyv  hdslcd.o
    0x0800aef0   0x0800aef0   0x0000001c   Code   RO         4971    i._Z11LCD_SetCtrlP12GPIO_TypeDeft10EPortState  hdslcd.o
    0x0800af0c   0x0800af0c   0x00000060   Code   RO         4972    i._Z11LCD_SetDatah  hdslcd.o
    0x0800af6c   0x0800af6c   0x00000104   Code   RO           17    i._Z11Remove_FilePc  file_handling.o
    0x0800b070   0x0800b070   0x00000080   Code   RO           18    i._Z11Unmount_USBv  file_handling.o
    0x0800b0f0   0x0800b0f0   0x0000026c   Code   RO           19    i._Z11Update_FilePcS_  file_handling.o
    0x0800b35c   0x0800b35c   0x00000010   Code   RO         5472    i._Z11_MdlTime5Msv  mdltimeevents.o
    0x0800b36c   0x0800b36c   0x00000014   Code   RO         6175    i._Z11lcd_escrevePc  lcd.o
    0x0800b380   0x0800b380   0x00000048   Code   RO         6484    i._Z11selecEstadosi  kbd2.o
    0x0800b3c8   0x0800b3c8   0x00000370   Code   RO         6618    i._Z12int_sensorS0b  fluxo.o
    0x0800b738   0x0800b738   0x00000218   Code   RO         6619    i._Z12int_sensoresv  fluxo.o
    0x0800b950   0x0800b950   0x0000001c   Code   RO         5373    i._Z13DmaGetReadingh  hdsdma.o
    0x0800b96c   0x0800b96c   0x00000038   Code   RO         4973    i._Z13LCD_ConfigBus9EPortmode  hdslcd.o
    0x0800b9a4   0x0800b9a4   0x00000060   Code   RO         4975    i._Z13LCD_WriteBytehh  hdslcd.o
    0x0800ba04   0x0800ba04   0x00000018   Code   RO         6179    i._Z13lcd_posicaoxyhh  lcd.o
    0x0800ba1c   0x0800ba1c   0x00000002   Code   RO         6180    i._Z13lcd_send_bytehh  lcd.o
    0x0800ba1e   0x0800ba1e   0x00000002   PAD
    0x0800ba20   0x0800ba20   0x00000014   Code   RO         5621    i._Z13msg_zeraTimerv  mdlmsg.o
    0x0800ba34   0x0800ba34   0x00000024   Code   RO         5622    i._Z13telaInicial_1v  mdlmsg.o
    0x0800ba58   0x0800ba58   0x00000040   Code   RO         5623    i._Z13telaInicial_2v  mdlmsg.o
    0x0800ba98   0x0800ba98   0x0000004c   Code   RO         4977    i._Z14LCD_ClearCGRAMv  hdslcd.o
    0x0800bae4   0x0800bae4   0x00000040   Code   RO         4978    i._Z14LCD_WriteCGRamtPKc  hdslcd.o
    0x0800bb24   0x0800bb24   0x000000a8   Code   RO         6487    i._Z14selecEstado106c  kbd2.o
    0x0800bbcc   0x0800bbcc   0x00000070   Code   RO         6488    i._Z14selecEstado350c  kbd2.o
    0x0800bc3c   0x0800bc3c   0x00000060   Code   RO         6489    i._Z14selecEstado450c  kbd2.o
    0x0800bc9c   0x0800bc9c   0x00000060   Code   RO         6490    i._Z14selecEstado470c  kbd2.o
    0x0800bcfc   0x0800bcfc   0x00000064   Code   RO         6491    i._Z14selecEstado750ci  kbd2.o
    0x0800bd60   0x0800bd60   0x00000080   Code   RO         6492    i._Z14selecEstado751ci  kbd2.o
    0x0800bde0   0x0800bde0   0x0000006c   Code   RO         6493    i._Z14selecEstado770ci  kbd2.o
    0x0800be4c   0x0800be4c   0x00000090   Code   RO         6494    i._Z14selecEstado850ci  kbd2.o
    0x0800bedc   0x0800bedc   0x000000b0   Code   RO         6495    i._Z14selecEstado851ci  kbd2.o
    0x0800bf8c   0x0800bf8c   0x0000006c   Code   RO         6496    i._Z14selecEstado870ci  kbd2.o
    0x0800bff8   0x0800bff8   0x00000008   Code   RO         5674    i._Z7tela350v       mdlmsg.o
    0x0800c000   0x0800c000   0x00004000   Data   RO         5439    .ARM.__AT_0x0800C000  hdsiflash.o
    0x08010000   0x08010000   0x00000040   Code   RO         6497    i._Z14selecEstado990c  kbd2.o
    0x08010040   0x08010040   0x00000030   Code   RO         1649    i._Z15FLASH_MassErasehj  stm32f4xx_hal_flash_ex.o
    0x08010070   0x08010070   0x0000002c   Code   RO         4981    i._Z15LCD_ClearScreenv  hdslcd.o
    0x0801009c   0x0801009c   0x00000150   Code   RO         4982    i._Z15LCD_OperateCharc  hdslcd.o
    0x080101ec   0x080101ec   0x0000001e   Code   RO         6182    i._Z15lcd_cursorBlacki  lcd.o
    0x0801020a   0x0801020a   0x00000002   PAD
    0x0801020c   0x0801020c   0x00000028   Code   RO         6183    i._Z15lcd_escreve_Intl  lcd.o
    0x08010234   0x08010234   0x0000005c   Code   RO         5374    i._Z16DmaEndconversionv  hdsdma.o
    0x08010290   0x08010290   0x0000001c   Code   RO         5375    i._Z16DmaStopAdReadingv  hdsdma.o
    0x080102ac   0x080102ac   0x0000000c   Code   RO           20    i._Z16GetPendriveStatev  file_handling.o
    0x080102b8   0x080102b8   0x00000050   Code   RO         3497    i._Z16USBH_UserProcessP19_USBH_HandleTypeDefh  usb_host.o
    0x08010308   0x08010308   0x00000028   Code   RO         6185    i._Z16lcd_escreve_Distl  lcd.o
    0x08010330   0x08010330   0x00000040   Code   RO         5376    i._Z17DmaStartAdReadingf  hdsdma.o
    0x08010370   0x08010370   0x0000006c   Code   RO         4984    i._Z17LCD_HoldWhileBusyv  hdslcd.o
    0x080103dc   0x080103dc   0x0000005c   Code   RO         6188    i._Z17lcd_escreve_Massal  lcd.o
    0x08010438   0x08010438   0x000000b0   Code   RO         6189    i._Z17lcd_escreve_tempoll  lcd.o
    0x080104e8   0x080104e8   0x00000134   Code   RO         6190    i._Z17lcd_escreve_velocf  lcd.o
    0x0801061c   0x0801061c   0x0000007c   Code   RO         5624    i._Z17msg_atualizaTimerv  mdlmsg.o
    0x08010698   0x08010698   0x00000050   Code   RO         4986    i._Z18LCD_MakePosCommandtt  hdslcd.o
    0x080106e8   0x080106e8   0x00000018   Code   RO         6799    i._Z18StoreReadingSense0v  mdlsensoranalog.o
    0x08010700   0x08010700   0x00000018   Code   RO         6800    i._Z18StoreReadingSense1v  mdlsensoranalog.o
    0x08010718   0x08010718   0x00000018   Code   RO         6801    i._Z18StoreReadingSense2v  mdlsensoranalog.o
    0x08010730   0x08010730   0x00000018   Code   RO         6802    i._Z18StoreReadingSense3v  mdlsensoranalog.o
    0x08010748   0x08010748   0x00000018   Code   RO         6803    i._Z18StoreReadingSense4v  mdlsensoranalog.o
    0x08010760   0x08010760   0x000000b4   Code   RO          619    i._Z18SystemClock_Configv  main.o
    0x08010814   0x08010814   0x00000098   Code   RO         6192    i._Z18lcd_escreve_digitoi  lcd.o
    0x080108ac   0x080108ac   0x0000005c   Code   RO         6193    i._Z18lcd_escreve_tempo2f  lcd.o
    0x08010908   0x08010908   0x00000054   Code   RO         6620    i._Z18modo0_zera_valoresv  fluxo.o
    0x0801095c   0x0801095c   0x00000038   Code   RO          620    i._Z19MX_USART1_UART_Initv  main.o
    0x08010994   0x08010994   0x00000064   Code   RO         6368    i._Z19modo2_escreveFreq_1s  modo0.o
    0x080109f8   0x080109f8   0x00000038   Code   RO         4990    i._Z20LCD_WriteSmartStringttPKc  hdslcd.o
    0x08010a30   0x08010a30   0x000000a4   Code   RO         6369    i._Z20modo2_escreveTempo_1s  modo0.o
    0x08010ad4   0x08010ad4   0x00000040   Code   RO         5625    i._Z5tela0v         mdlmsg.o
    0x08010b14   0x08010b14   0x0000002c   Code   RO         5626    i._Z5tela1v         mdlmsg.o
    0x08010b40   0x08010b40   0x0000001c   Code   RO         5627    i._Z5tela2v         mdlmsg.o
    0x08010b5c   0x08010b5c   0x0000002c   Code   RO         5628    i._Z5tela3v         mdlmsg.o
    0x08010b88   0x08010b88   0x0000002c   Code   RO         5629    i._Z5tela4v         mdlmsg.o
    0x08010bb4   0x08010bb4   0x0000002c   Code   RO         5630    i._Z5tela5v         mdlmsg.o
    0x08010be0   0x08010be0   0x0000002c   Code   RO         5631    i._Z5tela6v         mdlmsg.o
    0x08010c0c   0x08010c0c   0x0000002c   Code   RO         5632    i._Z5tela7v         mdlmsg.o
    0x08010c38   0x08010c38   0x0000002c   Code   RO         5633    i._Z5tela8v         mdlmsg.o
    0x08010c64   0x08010c64   0x0000005c   Code   RO         5634    i._Z5tela9v         mdlmsg.o
    0x08010cc0   0x08010cc0   0x0000005c   Code   RO         5635    i._Z6tela10v        mdlmsg.o
    0x08010d1c   0x08010d1c   0x00000040   Code   RO         5636    i._Z6tela11v        mdlmsg.o
    0x08010d5c   0x08010d5c   0x00000034   Code   RO         5637    i._Z6tela12v        mdlmsg.o
    0x08010d90   0x08010d90   0x00000034   Code   RO         5638    i._Z6tela13v        mdlmsg.o
    0x08010dc4   0x08010dc4   0x00000034   Code   RO         5639    i._Z6tela14v        mdlmsg.o
    0x08010df8   0x08010df8   0x00000034   Code   RO         5640    i._Z6tela15v        mdlmsg.o
    0x08010e2c   0x08010e2c   0x00000034   Code   RO         5641    i._Z6tela17v        mdlmsg.o
    0x08010e60   0x08010e60   0x00000040   Code   RO         5642    i._Z6tela21v        mdlmsg.o
    0x08010ea0   0x08010ea0   0x00000034   Code   RO         5643    i._Z6tela22v        mdlmsg.o
    0x08010ed4   0x08010ed4   0x00000034   Code   RO         5644    i._Z6tela52v        mdlmsg.o
    0x08010f08   0x08010f08   0x00000034   Code   RO         5645    i._Z6tela72v        mdlmsg.o
    0x08010f3c   0x08010f3c   0x00000034   Code   RO         5646    i._Z6tela92v        mdlmsg.o
    0x08010f70   0x08010f70   0x00000034   Code   RO         5647    i._Z6tela99v        mdlmsg.o
    0x08010fa4   0x08010fa4   0x00000040   Code   RO         5648    i._Z7tela100v       mdlmsg.o
    0x08010fe4   0x08010fe4   0x00000038   Code   RO         5649    i._Z7tela102v       mdlmsg.o
    0x0801101c   0x0801101c   0x00000040   Code   RO         5650    i._Z7tela106v       mdlmsg.o
    0x0801105c   0x0801105c   0x00000040   Code   RO         5651    i._Z7tela110v       mdlmsg.o
    0x0801109c   0x0801109c   0x00000040   Code   RO         5652    i._Z7tela111v       mdlmsg.o
    0x080110dc   0x080110dc   0x00000024   Code   RO         5653    i._Z7tela149v       mdlmsg.o
    0x08011100   0x08011100   0x0000005c   Code   RO         5654    i._Z7tela150v       mdlmsg.o
    0x0801115c   0x0801115c   0x00000064   Code   RO         5655    i._Z7tela151v       mdlmsg.o
    0x080111c0   0x080111c0   0x00000050   Code   RO         5656    i._Z7tela152v       mdlmsg.o
    0x08011210   0x08011210   0x00000050   Code   RO         5657    i._Z7tela153v       mdlmsg.o
    0x08011260   0x08011260   0x00000050   Code   RO         5658    i._Z7tela154v       mdlmsg.o
    0x080112b0   0x080112b0   0x00000050   Code   RO         5659    i._Z7tela155v       mdlmsg.o
    0x08011300   0x08011300   0x00000050   Code   RO         5660    i._Z7tela156v       mdlmsg.o
    0x08011350   0x08011350   0x00000024   Code   RO         5661    i._Z7tela169v       mdlmsg.o
    0x08011374   0x08011374   0x0000001c   Code   RO         5662    i._Z7tela170v       mdlmsg.o
    0x08011390   0x08011390   0x00000018   Code   RO         5663    i._Z7tela171v       mdlmsg.o
    0x080113a8   0x080113a8   0x00000018   Code   RO         5664    i._Z7tela172v       mdlmsg.o
    0x080113c0   0x080113c0   0x00000018   Code   RO         5665    i._Z7tela173v       mdlmsg.o
    0x080113d8   0x080113d8   0x00000018   Code   RO         5666    i._Z7tela174v       mdlmsg.o
    0x080113f0   0x080113f0   0x00000018   Code   RO         5667    i._Z7tela175v       mdlmsg.o
    0x08011408   0x08011408   0x00000018   Code   RO         5668    i._Z7tela176v       mdlmsg.o
    0x08011420   0x08011420   0x00000018   Code   RO         5669    i._Z7tela1_2v       mdlmsg.o
    0x08011438   0x08011438   0x00000078   Code   RO         5670    i._Z7tela240v       mdlmsg.o
    0x080114b0   0x080114b0   0x0000007c   Code   RO         5671    i._Z7tela241v       mdlmsg.o
    0x0801152c   0x0801152c   0x0000001c   Code   RO         5672    i._Z7tela250v       mdlmsg.o
    0x08011548   0x08011548   0x0000001c   Code   RO         5673    i._Z7tela251v       mdlmsg.o
    0x08011564   0x08011564   0x00000040   Code   RO         5675    i._Z7tela410v       mdlmsg.o
    0x080115a4   0x080115a4   0x00000008   Code   RO         5676    i._Z7tela450v       mdlmsg.o
    0x080115ac   0x080115ac   0x00000008   Code   RO         5677    i._Z7tela470v       mdlmsg.o
    0x080115b4   0x080115b4   0x0000001c   Code   RO         5678    i._Z7tela552v       mdlmsg.o
    0x080115d0   0x080115d0   0x0000001c   Code   RO         5679    i._Z7tela553v       mdlmsg.o
    0x080115ec   0x080115ec   0x00000068   Code   RO         5680    i._Z7tela702v       mdlmsg.o
    0x08011654   0x08011654   0x00000040   Code   RO         5681    i._Z7tela710v       mdlmsg.o
    0x08011694   0x08011694   0x0000002c   Code   RO         5682    i._Z7tela750v       mdlmsg.o
    0x080116c0   0x080116c0   0x0000002c   Code   RO         5683    i._Z7tela751v       mdlmsg.o
    0x080116ec   0x080116ec   0x0000002c   Code   RO         5684    i._Z7tela770v       mdlmsg.o
    0x08011718   0x08011718   0x0000002c   Code   RO         5685    i._Z7tela900v       mdlmsg.o
    0x08011744   0x08011744   0x00000028   Code   RO         5686    i._Z7tela902v       mdlmsg.o
    0x0801176c   0x0801176c   0x00000024   Code   RO         5687    i._Z7tela990v       mdlmsg.o
    0x08011790   0x08011790   0x0000014c   Code   RO           22    i._Z8Scan_USBPc     file_handling.o
    0x080118dc   0x080118dc   0x0000002c   Code   RO         5688    i._Z8tela1012v      mdlmsg.o
    0x08011908   0x08011908   0x000000c4   Code   RO         5689    i._Z8tela1021v      mdlmsg.o
    0x080119cc   0x080119cc   0x00000034   Code   RO         5690    i._Z8tela1022v      mdlmsg.o
    0x08011a00   0x08011a00   0x0000001c   Code   RO         5691    i._Z8tela1253v      mdlmsg.o
    0x08011a1c   0x08011a1c   0x00000080   Code   RO           23    i._Z9Mount_USBv     file_handling.o
    0x08011a9c   0x08011a9c   0x00000020   Code   RO           25    i._Z9Send_UartPc    file_handling.o
    0x08011abc   0x08011abc   0x000000d8   Code   RO         4996    i._Z9lcdHwInitv     hdslcd.o
    0x08011b94   0x08011b94   0x0000000c   Code   RO         6196    i._Z9lcd_limpav     lcd.o
    0x08011ba0   0x08011ba0   0x00000014   Code   RO         6621    i._Z9stopTimerv     fluxo.o
    0x08011bb4   0x08011bb4   0x00000054   Code   RO         5693    i._Z9telaUsbInv     mdlmsg.o
    0x08011c08   0x08011c08   0x00000008   Code   RO         5193    i._ZN10TMuxTimers10SetMsDelayEj  hdsmux.o
    0x08011c10   0x08011c10   0x00000016   Code   RO         5194    i._ZN10TMuxTimers12CheckMsDelayEv  hdsmux.o
    0x08011c26   0x08011c26   0x000000a4   Code   RO         5195    i._ZN10TMuxTimers19OnTimerInterruptionEv  hdsmux.o
    0x08011cca   0x08011cca   0x00000002   PAD
    0x08011ccc   0x08011ccc   0x000000dc   Code   RO         5196    i._ZN10TMuxTimers4InitEv  hdsmux.o
    0x08011da8   0x08011da8   0x00000016   Code   RO         5197    i._ZN10TMuxTimers4StopEh  hdsmux.o
    0x08011dbe   0x08011dbe   0x0000001a   Code   RO         5198    i._ZN10TMuxTimers7DelaymsEj  hdsmux.o
    0x08011dd8   0x08011dd8   0x00000054   Code   RO         5199    i._ZN10TMuxTimers7LoopRunEhtPFvvE  hdsmux.o
    0x08011e2c   0x08011e2c   0x00000034   Code   RO         7003    i._ZN11C_Analogico11_ShowSensorEt  mdlensaioanalogico.o
    0x08011e60   0x08011e60   0x000000cc   Code   RO         7004    i._ZN11C_Analogico14_ShowTestLine1Ev  mdlensaioanalogico.o
    0x08011f2c   0x08011f2c   0x00000060   Code   RO         7005    i._ZN11C_Analogico15_CheckNextStateEsi  mdlensaioanalogico.o
    0x08011f8c   0x08011f8c   0x0000006c   Code   RO         7006    i._ZN11C_Analogico16_ShowSensorCalibEt  mdlensaioanalogico.o
    0x08011ff8   0x08011ff8   0x000000dc   Code   RO         7007    i._ZN11C_Analogico16_UpdateShowLine1Eh  mdlensaioanalogico.o
    0x080120d4   0x080120d4   0x00001390   Code   RO         7008    i._ZN11C_Analogico3RunEv  mdlensaioanalogico.o
    0x08013464   0x08013464   0x0000004c   Code   RO         7009    i._ZN11C_Analogico4InitEv  mdlensaioanalogico.o
    0x080134b0   0x080134b0   0x00000204   Code   RO         7010    i._ZN11C_Analogico8_ShowUsbEb  mdlensaioanalogico.o
    0x080136b4   0x080136b4   0x00000060   Code   RO         7012    i._ZN11C_Analogico9_ShowTimeEtt  mdlensaioanalogico.o
    0x08013714   0x08013714   0x0000000a   Code   RO         5473    i._ZN11TTimeEvents10Event100msEv  mdltimeevents.o
    0x0801371e   0x0801371e   0x00000042   Code   RO         5474    i._ZN11TTimeEvents15Interruption5msEv  mdltimeevents.o
    0x08013760   0x08013760   0x00000030   Code   RO         5475    i._ZN11TTimeEvents5StartEv  mdltimeevents.o
    0x08013790   0x08013790   0x0000000a   Code   RO         5476    i._ZN11TTimeEvents7Event1sEv  mdltimeevents.o
    0x0801379a   0x0801379a   0x0000000a   Code   RO         5477    i._ZN11TTimeEvents8Event5msEv  mdltimeevents.o
    0x080137a4   0x080137a4   0x0000000a   Code   RO         5478    i._ZN11TTimeEvents9Event10msEv  mdltimeevents.o
    0x080137ae   0x080137ae   0x00000002   PAD
    0x080137b0   0x080137b0   0x000001f4   Code   RO         7255    i._ZN13C_SaveDigital11SaveFunc4_6Es  mdlsavedigital.o
    0x080139a4   0x080139a4   0x0000024c   Code   RO         7256    i._ZN13C_SaveDigital11SaveFunc7_8Es  mdlsavedigital.o
    0x08013bf0   0x08013bf0   0x00000124   Code   RO         7257    i._ZN13C_SaveDigital12SaveFunc3_10Es  mdlsavedigital.o
    0x08013d14   0x08013d14   0x000003c8   Code   RO         7258    i._ZN13C_SaveDigital9SaveFunc1Ehb  mdlsavedigital.o
    0x080140dc   0x080140dc   0x00000328   Code   RO         7259    i._ZN13C_SaveDigital9SaveFunc2Ebs  mdlsavedigital.o
    0x08014404   0x08014404   0x000000b8   Code   RO         6804    i._ZN14C_SensorAnalog11AddToBufferEj  mdlsensoranalog.o
    0x080144bc   0x080144bc   0x00000048   Code   RO         6805    i._ZN14C_SensorAnalog11ConvertTempEt  mdlsensoranalog.o
    0x08014504   0x08014504   0x00000004   Code   RO         6806    i._ZN14C_SensorAnalog11SetTestTimeEt  mdlsensoranalog.o
    0x08014508   0x08014508   0x000001c8   Code   RO         6807    i._ZN14C_SensorAnalog11UpdateValueEh11eSensorTime  mdlsensoranalog.o
    0x080146d0   0x080146d0   0x0000009c   Code   RO         6808    i._ZN14C_SensorAnalog12GetLastValueEPh  mdlsensoranalog.o
    0x0801476c   0x0801476c   0x00000044   Code   RO         6809    i._ZN14C_SensorAnalog12UpdateSensorEh  mdlsensoranalog.o
    0x080147b0   0x080147b0   0x0000000e   Code   RO         6810    i._ZN14C_SensorAnalog13GetCalibValueE11eCalibIndex  mdlsensoranalog.o
    0x080147be   0x080147be   0x00000010   Code   RO         6811    i._ZN14C_SensorAnalog13SetCalibValueE11eCalibIndext  mdlsensoranalog.o
    0x080147ce   0x080147ce   0x00000004   Code   RO         6812    i._ZN14C_SensorAnalog13SetSampleTimeEt  mdlsensoranalog.o
    0x080147d2   0x080147d2   0x00000002   PAD
    0x080147d4   0x080147d4   0x00000050   Code   RO         6813    i._ZN14C_SensorAnalog14GetLastReadingEv  mdlsensoranalog.o
    0x08014824   0x08014824   0x000001c8   Code   RO         6814    i._ZN14C_SensorAnalog16UpdateCalibValueEh11eCalibIndext  mdlsensoranalog.o
    0x080149ec   0x080149ec   0x00000048   Code   RO         6815    i._ZN14C_SensorAnalog18ConvertPressureKpaEt  mdlsensoranalog.o
    0x08014a34   0x08014a34   0x0000001c   Code   RO         6816    i._ZN14C_SensorAnalog19GetLastReadingVoltsEv  mdlsensoranalog.o
    0x08014a50   0x08014a50   0x0000008c   Code   RO         6817    i._ZN14C_SensorAnalog3RunEv  mdlsensoranalog.o
    0x08014adc   0x08014adc   0x0000004c   Code   RO         6818    i._ZN14C_SensorAnalog4InitEh  mdlsensoranalog.o
    0x08014b28   0x08014b28   0x000000cc   Code   RO         6819    i._ZN14C_SensorAnalog5StartEv  mdlsensoranalog.o
    0x08014bf4   0x08014bf4   0x0000001c   Code   RO         6820    i._ZN14C_SensorAnalog8DisabledEv  mdlsensoranalog.o
    0x08014c10   0x08014c10   0x0000000a   Code   RO         6821    i._ZN14C_SensorAnalog8GetValueE11eSensorTime  mdlsensoranalog.o
    0x08014c1a   0x08014c1a   0x0000000e   Code   RO         6822    i._ZN14C_SensorAnalog8IsRunnigEv  mdlsensoranalog.o
    0x08014c28   0x08014c28   0x000001c8   Code   RO         6823    i._ZN14C_SensorAnalog8SaveTestEv  mdlsensoranalog.o
    0x08014df0   0x08014df0   0x0000000a   Code   RO         6824    i._ZN14C_SensorAnalog9GetSensorEv  mdlsensoranalog.o
    0x08014dfa   0x08014dfa   0x0000000a   Code   RO         6825    i._ZN14C_SensorAnalog9IsEnabledEv  mdlsensoranalog.o
    0x08014e04   0x08014e04   0x00000012   Code   RO         6826    i._ZN14C_SensorAnalog9SetSensorE11eSensorType  mdlsensoranalog.o
    0x08014e16   0x08014e16   0x00000002   PAD
    0x08014e18   0x08014e18   0x00000038   Code   RO          304    i._ZN14TApplicationLL21_Run1sInterfaceEventsEv  application.o
    0x08014e50   0x08014e50   0x00000010   Code   RO          305    i._ZN14TApplicationLL22_Run5msInterfaceEventsEv  application.o
    0x08014e60   0x08014e60   0x00000068   Code   RO          306    i._ZN14TApplicationLL23_Run10msInterfaceEventsEv  application.o
    0x08014ec8   0x08014ec8   0x00000024   Code   RO          307    i._ZN14TApplicationLL24_Run100msInterfaceEventsEv  application.o
    0x08014eec   0x08014eec   0x00000048   Code   RO          308    i._ZN14TApplicationLL3RunEv  application.o
    0x08014f34   0x08014f34   0x00000058   Code   RO          309    i._ZN14TApplicationLL4InitEv  application.o
    0x08014f8c   0x08014f8c   0x00000014   Code   RO         5537    i._ZN5C_Lcd11SetCursorOnEv  mdllcd.o
    0x08014fa0   0x08014fa0   0x00000014   Code   RO         5538    i._ZN5C_Lcd12SetCursorOFFEv  mdllcd.o
    0x08014fb4   0x08014fb4   0x00000008   Code   RO         5539    i._ZN5C_Lcd14GetCursorStateEv  mdllcd.o
    0x08014fbc   0x08014fbc   0x00000020   Code   RO         5540    i._ZN5C_Lcd17SetCursorPositionEhh  mdllcd.o
    0x08014fdc   0x08014fdc   0x00000068   Code   RO         5541    i._ZN5C_Lcd3AddEPc  mdllcd.o
    0x08015044   0x08015044   0x00000048   Code   RO         5542    i._ZN5C_Lcd4InitEv  mdllcd.o
    0x0801508c   0x0801508c   0x0000000a   Code   RO         5543    i._ZN5C_Lcd5SetxyEhh  mdllcd.o
    0x08015096   0x08015096   0x0000003c   Code   RO         5544    i._ZN5C_Lcd5WriteEjPc  mdllcd.o
    0x080150d2   0x080150d2   0x0000002c   Code   RO         5545    i._ZN5C_Lcd6UpdateEv  mdllcd.o
    0x080150fe   0x080150fe   0x00000002   PAD
    0x08015100   0x08015100   0x0000005c   Code   RO         4903    i._ZN6C_Gpio10_ConfigPinEv  hdsgpio.o
    0x0801515c   0x0801515c   0x000000a8   Code   RO         4904    i._ZN6C_Gpio12GetPinNumberEt  hdsgpio.o
    0x08015204   0x08015204   0x00000068   Code   RO         4905    i._ZN6C_Gpio4InitEv  hdsgpio.o
    0x0801526c   0x0801526c   0x00000012   Code   RO         4906    i._ZN6C_Gpio4ReadEP12GPIO_TypeDeft  hdsgpio.o
    0x0801527e   0x0801527e   0x00000010   Code   RO         4907    i._ZN6C_Gpio5WriteEP12GPIO_TypeDeft10EPortState  hdsgpio.o
    0x0801528e   0x0801528e   0x00000080   Code   RO         4909    i._ZN6C_Gpio7GpioCfgEP12GPIO_TypeDeft13EPortResistor9EPortmode8EPortOut10EPortSpeed  hdsgpio.o
    0x0801530e   0x0801530e   0x00000002   PAD
    0x08015310   0x08015310   0x00000030   Code   RO         7224    i._ZN6C_Util5Crc32EPhj  mdlutil.o
    0x08015340   0x08015340   0x00000062   Code   RO         7160    i._ZN7C_Calib10CalculaCteE11eSensorType  mdlcalib.o
    0x080153a2   0x080153a2   0x00000002   PAD
    0x080153a4   0x080153a4   0x0000001c   Code   RO         7161    i._ZN7C_Calib10_UpdateCrcEv  mdlcalib.o
    0x080153c0   0x080153c0   0x00000028   Code   RO         7162    i._ZN7C_Calib4SaveEv  mdlcalib.o
    0x080153e8   0x080153e8   0x00000018   Code   RO         7163    i._ZN7C_Calib7RestoreEv  mdlcalib.o
    0x08015400   0x08015400   0x00000028   Code   RO         7164    i._ZN7C_Calib8CheckCrcEv  mdlcalib.o
    0x08015428   0x08015428   0x00000080   Code   RO         7165    i._ZN7C_Calib8ValidateEh  mdlcalib.o
    0x080154a8   0x080154a8   0x000001b0   Code   RO         7116    i._ZN8C_Ensaio3RunEv  mdlensaio.o
    0x08015658   0x08015658   0x00000014   Code   RO         7117    i._ZN8C_Ensaio4InitEv  mdlensaio.o
    0x0801566c   0x0801566c   0x0000006c   Code   RO         5437    i._ZN8C_IFlash16Flash_Write_DataEjPjt  hdsiflash.o
    0x080156d8   0x080156d8   0x00000024   Code   RO         5438    i._ZN8C_IFlash4InitEv  hdsiflash.o
    0x080156fc   0x080156fc   0x000000b8   Code   RO         6692    i._ZN8C_Sensor12CalcFunc5_12Ev  mdlsensor.o
    0x080157b4   0x080157b4   0x000001a4   Code   RO         6693    i._ZN8C_Sensor13UpdateReadingEh16eSensorsDistance  mdlsensor.o
    0x08015958   0x08015958   0x00000006   Code   RO         6694    i._ZN8C_Sensor14GetNumIntervalEv  mdlsensor.o
    0x0801595e   0x0801595e   0x00000002   PAD
    0x08015960   0x08015960   0x00000118   Code   RO         6696    i._ZN8C_Sensor14IncNumIntervalEh  mdlsensor.o
    0x08015a78   0x08015a78   0x00000108   Code   RO         6697    i._ZN8C_Sensor16CalcFunc_3467810Ev  mdlsensor.o
    0x08015b80   0x08015b80   0x00000130   Code   RO         6698    i._ZN8C_Sensor4InitEv  mdlsensor.o
    0x08015cb0   0x08015cb0   0x00000070   Code   RO         6699    i._ZN8C_Sensor8GetLevelEt  mdlsensor.o
    0x08015d20   0x08015d20   0x00000008   Code   RO         6700    i._ZN8C_Sensor8GetValueE16eSensorsDistance  mdlsensor.o
    0x08015d28   0x08015d28   0x00000168   Code   RO         6701    i._ZN8C_Sensor9CalcFunc1Ev  mdlsensor.o
    0x08015e90   0x08015e90   0x00000064   Code   RO         6702    i._ZN8C_Sensor9CalcFunc2Ev  mdlsensor.o
    0x08015ef4   0x08015ef4   0x0000014c   Code   RO         5307    i._ZN8TTeclado12TeclaReadingEv  hdsteclado.o
    0x08016040   0x08016040   0x000000ac   Code   RO         5308    i._ZN8TTeclado13AnalisaTeclasEv  hdsteclado.o
    0x080160ec   0x080160ec   0x00000050   Code   RO         5309    i._ZN8TTeclado13_AcionaColunaEh  hdsteclado.o
    0x0801613c   0x0801613c   0x00000028   Code   RO         5310    i._ZN8TTeclado15_DesligaColunasEv  hdsteclado.o
    0x08016164   0x08016164   0x00000090   Code   RO         5311    i._ZN8TTeclado4InitEv  hdsteclado.o
    0x080161f4   0x080161f4   0x00000014   Code   RO         5312    i._ZN8TTeclado8GetTeclaEv  hdsteclado.o
    0x08016208   0x08016208   0x00000030   Code   RO         7668    i.__ARM_fpclassify  m_wm.l(fpclassify.o)
    0x08016238   0x08016238   0x00000010   Code   RO         2247    i.__NVIC_GetPriorityGrouping  stm32f4xx_hal_cortex.o
    0x08016248   0x08016248   0x00000028   Code   RO         2248    i.__NVIC_SetPriority  stm32f4xx_hal_cortex.o
    0x08016270   0x08016270   0x0000000e   Code   RO         7429    i._is_digit         c_w.l(__printf_wp.o)
    0x0801627e   0x0801627e   0x00000004   Code   RO          447    i._sys_exit         retarget.o
    0x08016282   0x08016282   0x00000002   PAD
    0x08016284   0x08016284   0x00000018   Code   RO          448    i._ttywrch          retarget.o
    0x0801629c   0x0801629c   0x0000009a   Code   RO         3770    i.change_bitmap     ff.o
    0x08016336   0x08016336   0x00000002   PAD
    0x08016338   0x08016338   0x0000009c   Code   RO         3771    i.check_fs          ff.o
    0x080163d4   0x080163d4   0x00000014   Code   RO         3772    i.chk_chr           ff.o
    0x080163e8   0x080163e8   0x0000007c   Code   RO         3773    i.chk_lock          ff.o
    0x08016464   0x08016464   0x00000028   Code   RO         3774    i.clear_lock        ff.o
    0x0801648c   0x0801648c   0x00000056   Code   RO         3775    i.clmt_clust        ff.o
    0x080164e2   0x080164e2   0x0000001a   Code   RO         3776    i.clust2sect        ff.o
    0x080164fc   0x080164fc   0x00000098   Code   RO         3777    i.cmp_lfn           ff.o
    0x08016594   0x08016594   0x00000188   Code   RO         3778    i.create_chain      ff.o
    0x0801671c   0x0801671c   0x00000230   Code   RO         3779    i.create_name       ff.o
    0x0801694c   0x0801694c   0x00000092   Code   RO         3780    i.create_xdir       ff.o
    0x080169de   0x080169de   0x00000002   PAD
    0x080169e0   0x080169e0   0x00000044   Code   RO         3781    i.dec_lock          ff.o
    0x08016a24   0x08016a24   0x0000007c   Code   RO         3782    i.dir_alloc         ff.o
    0x08016aa0   0x08016aa0   0x000001a8   Code   RO         3783    i.dir_find          ff.o
    0x08016c48   0x08016c48   0x0000012e   Code   RO         3784    i.dir_next          ff.o
    0x08016d76   0x08016d76   0x000000f8   Code   RO         3785    i.dir_read          ff.o
    0x08016e6e   0x08016e6e   0x0000021e   Code   RO         3786    i.dir_register      ff.o
    0x0801708c   0x0801708c   0x00000072   Code   RO         3787    i.dir_remove        ff.o
    0x080170fe   0x080170fe   0x000000b6   Code   RO         3788    i.dir_sdi           ff.o
    0x080171b4   0x080171b4   0x0000002c   Code   RO         3715    i.disk_initialize   diskio.o
    0x080171e0   0x080171e0   0x00000028   Code   RO         3716    i.disk_ioctl        diskio.o
    0x08017208   0x08017208   0x00000030   Code   RO         3717    i.disk_read         diskio.o
    0x08017238   0x08017238   0x0000001c   Code   RO         3718    i.disk_status       diskio.o
    0x08017254   0x08017254   0x00000030   Code   RO         3719    i.disk_write        diskio.o
    0x08017284   0x08017284   0x00000028   Code   RO         3789    i.enq_lock          ff.o
    0x080172ac   0x080172ac   0x0000002c   Code   RO         3790    i.f_close           ff.o
    0x080172d8   0x080172d8   0x00000026   Code   RO         3791    i.f_closedir        ff.o
    0x080172fe   0x080172fe   0x00000002   PAD
    0x08017300   0x08017300   0x00000060   Code   RO         3797    i.f_mount           ff.o
    0x08017360   0x08017360   0x000003ae   Code   RO         3798    i.f_open            ff.o
    0x0801770e   0x0801770e   0x000000da   Code   RO         3799    i.f_opendir         ff.o
    0x080177e8   0x080177e8   0x0000004e   Code   RO         3804    i.f_readdir         ff.o
    0x08017836   0x08017836   0x0000003e   Code   RO         3806    i.f_stat            ff.o
    0x08017874   0x08017874   0x0000017e   Code   RO         3807    i.f_sync            ff.o
    0x080179f2   0x080179f2   0x0000010e   Code   RO         3809    i.f_unlink          ff.o
    0x08017b00   0x08017b00   0x000002a6   Code   RO         3810    i.f_write           ff.o
    0x08017da6   0x08017da6   0x00000008   Code   RO          449    i.ferror            retarget.o
    0x08017dae   0x08017dae   0x00000002   PAD
    0x08017db0   0x08017db0   0x0000004c   Code   RO         4300    i.ff_convert        ccsbcs.o
    0x08017dfc   0x08017dfc   0x000000a4   Code   RO         4301    i.ff_wtoupper       ccsbcs.o
    0x08017ea0   0x08017ea0   0x00000036   Code   RO         3811    i.fill_first_frag   ff.o
    0x08017ed6   0x08017ed6   0x00000044   Code   RO         3812    i.fill_last_frag    ff.o
    0x08017f1a   0x08017f1a   0x000000b8   Code   RO         3813    i.find_bitmap       ff.o
    0x08017fd2   0x08017fd2   0x00000002   PAD
    0x08017fd4   0x08017fd4   0x000004c8   Code   RO         3814    i.find_volume       ff.o
    0x0801849c   0x0801849c   0x000000ee   Code   RO         3815    i.follow_path       ff.o
    0x0801858a   0x0801858a   0x00000004   Code   RO          451    i.fputc             retarget.o
    0x0801858e   0x0801858e   0x00000002   PAD
    0x08018590   0x08018590   0x000000b4   Code   RO         3816    i.gen_numname       ff.o
    0x08018644   0x08018644   0x000001fa   Code   RO         3817    i.get_fat           ff.o
    0x0801883e   0x0801883e   0x00000004   Code   RO         3455    i.get_fattime       fatfs.o
    0x08018842   0x08018842   0x0000015a   Code   RO         3818    i.get_fileinfo      ff.o
    0x0801899c   0x0801899c   0x00000048   Code   RO         3819    i.get_ldnumber      ff.o
    0x080189e4   0x080189e4   0x000000a4   Code   RO         3820    i.get_xdir_info     ff.o
    0x08018a88   0x08018a88   0x000000bc   Code   RO         3821    i.inc_lock          ff.o
    0x08018b44   0x08018b44   0x00000026   Code   RO         3822    i.ld_clust          ff.o
    0x08018b6a   0x08018b6a   0x00000018   Code   RO         3823    i.ld_dword          ff.o
    0x08018b82   0x08018b82   0x00000062   Code   RO         3824    i.ld_qword          ff.o
    0x08018be4   0x08018be4   0x0000000c   Code   RO         3825    i.ld_word           ff.o
    0x08018bf0   0x08018bf0   0x0000003c   Code   RO         3826    i.load_obj_dir      ff.o
    0x08018c2c   0x08018c2c   0x00000102   Code   RO         3827    i.load_xdir         ff.o
    0x08018d2e   0x08018d2e   0x00000002   PAD
    0x08018d30   0x08018d30   0x0000003c   Code   RO          621    i.main              main.o
    0x08018d6c   0x08018d6c   0x00000024   Code   RO         3828    i.mem_cmp           ff.o
    0x08018d90   0x08018d90   0x0000001a   Code   RO         3829    i.mem_cpy           ff.o
    0x08018daa   0x08018daa   0x00000012   Code   RO         3830    i.mem_set           ff.o
    0x08018dbc   0x08018dbc   0x00000034   Code   RO         3831    i.move_window       ff.o
    0x08018df0   0x08018df0   0x00000088   Code   RO         3832    i.pick_lfn          ff.o
    0x08018e78   0x08018e78   0x0000019e   Code   RO         3833    i.put_fat           ff.o
    0x08019016   0x08019016   0x00000002   PAD
    0x08019018   0x08019018   0x00000080   Code   RO         3834    i.put_lfn           ff.o
    0x08019098   0x08019098   0x0000010e   Code   RO         3838    i.remove_chain      ff.o
    0x080191a6   0x080191a6   0x00000024   Code   RO         3839    i.st_clust          ff.o
    0x080191ca   0x080191ca   0x00000018   Code   RO         3840    i.st_dword          ff.o
    0x080191e2   0x080191e2   0x0000005c   Code   RO         3841    i.st_qword          ff.o
    0x0801923e   0x0801923e   0x0000000c   Code   RO         3842    i.st_word           ff.o
    0x0801924a   0x0801924a   0x00000072   Code   RO         3843    i.store_xdir        ff.o
    0x080192bc   0x080192bc   0x00000020   Code   RO         3844    i.sum_sfn           ff.o
    0x080192dc   0x080192dc   0x00000090   Code   RO         3845    i.sync_fs           ff.o
    0x0801936c   0x0801936c   0x00000052   Code   RO         3846    i.sync_window       ff.o
    0x080193be   0x080193be   0x0000003c   Code   RO         3847    i.validate          ff.o
    0x080193fa   0x080193fa   0x0000003a   Code   RO         3848    i.xdir_sum          ff.o
    0x08019434   0x08019434   0x0000004c   Code   RO         3849    i.xname_sum         ff.o
    0x08019480   0x08019480   0x0000002c   Code   RO         7653    locale$$code        c_w.l(lc_numeric_c.o)
    0x080194ac   0x080194ac   0x000002b0   Code   RO         7466    x$fpl$ddiv          fz_wm.l(ddiv.o)
    0x0801975c   0x0801975c   0x0000002e   Code   RO         7474    x$fpl$dflt          fz_wm.l(dflt_clz.o)
    0x0801978a   0x0801978a   0x0000009c   Code   RO         7579    x$fpl$dnaninf       fz_wm.l(dnaninf.o)
    0x08019826   0x08019826   0x0000000c   Code   RO         7581    x$fpl$dretinf       fz_wm.l(dretinf.o)
    0x08019832   0x08019832   0x00000002   PAD
    0x08019834   0x08019834   0x00000056   Code   RO         7481    x$fpl$f2d           fz_wm.l(f2d.o)
    0x0801988a   0x0801988a   0x0000008c   Code   RO         7583    x$fpl$fnaninf       fz_wm.l(fnaninf.o)
    0x08019916   0x08019916   0x0000000a   Code   RO         7664    x$fpl$fpinit        fz_wm.l(fpinit.o)
    0x08019920   0x08019920   0x00000004   Code   RO         7483    x$fpl$printf1       fz_wm.l(printf1.o)
    0x08019924   0x08019924   0x00000000   Code   RO         7585    x$fpl$usenofp       fz_wm.l(usenofp.o)
    0x08019924   0x08019924   0x00000008   Data   RO         1940    .constdata          stm32f4xx_hal_dma.o
    0x0801992c   0x0801992c   0x00000018   Data   RO         3310    .constdata          system_stm32f4xx.o
    0x08019944   0x08019944   0x00000014   Data   RO         3350    .constdata          usbh_diskio.o
    0x08019958   0x08019958   0x000000aa   Data   RO         3852    .constdata          ff.o
    0x08019a02   0x08019a02   0x000003ae   Data   RO         4302    .constdata          ccsbcs.o
    0x08019db0   0x08019db0   0x000000a0   Data   RO         5026    .constdata          hdslcd.o
    0x08019e50   0x08019e50   0x00000b62   Data   RO         5769    .constdata          mdlmsg.o
    0x0801a9b2   0x0801a9b2   0x00000187   Data   RO         6375    .constdata          modo0.o
    0x0801ab39   0x0801ab39   0x00000001   PAD
    0x0801ab3a   0x0801ab3a   0x00000208   Data   RO         6512    .constdata          kbd2.o
    0x0801ad42   0x0801ad42   0x000009fd   Data   RO         7024    .constdata          mdlensaioanalogico.o
    0x0801b73f   0x0801b73f   0x00000044   Data   RO         7120    .constdata          mdlensaio.o
    0x0801b783   0x0801b783   0x00000001   PAD
    0x0801b784   0x0801b784   0x00000400   Data   RO         7226    .constdata          mdlutil.o
    0x0801bb84   0x0801bb84   0x00000028   Data   RO         7402    .constdata          c_w.l(_printf_hex_int.o)
    0x0801bbac   0x0801bbac   0x00000011   Data   RO         7437    .constdata          c_w.l(__printf_flags_ss_wp.o)
    0x0801bbbd   0x0801bbbd   0x00000003   PAD
    0x0801bbc0   0x0801bbc0   0x00000094   Data   RO         7628    .constdata          c_w.l(bigflt0.o)
    0x0801bc54   0x0801bc54   0x00000004   Data   RO         4718    .conststring        usbh_msc.o
    0x0801bc58   0x0801bc58   0x00000020   Data   RO         7753    Region$$Table       anon$$obj.o
    0x0801bc78   0x0801bc78   0x0000001c   Data   RO         7652    locale$$data        c_w.l(lc_numeric_c.o)


    Execution Region RW_IRAM1 (Exec base: 0x20000000, Load base: 0x0801bc94, Size: 0x0000bf78, Max: 0x00010000, ABSOLUTE, COMPRESSED[0x000000b4])

    Exec Addr    Load Addr    Size         Type   Attr      Idx    E Section Name        Object

    0x20000000   COMPRESSED   0x0000001d   Data   RW           40    .data               file_handling.o
    0x2000001d   COMPRESSED   0x00000003   PAD
    0x20000020   COMPRESSED   0x00000008   Data   RW          318    .data               application.o
    0x20000028   COMPRESSED   0x00000008   Data   RW          452    .data               retarget.o
    0x20000030   COMPRESSED   0x00000009   Data   RW         2396    .data               stm32f4xx_hal.o
    0x20000039   COMPRESSED   0x00000003   PAD
    0x2000003c   COMPRESSED   0x00000004   Data   RW         3311    .data               system_stm32f4xx.o
    0x20000040   COMPRESSED   0x00000005   Data   RW         3457    .data               fatfs.o
    0x20000045   COMPRESSED   0x00000001   Data   RW         3502    .data               usb_host.o
    0x20000046   COMPRESSED   0x00000002   PAD
    0x20000048   COMPRESSED   0x00000006   Data   RW         3853    .data               ff.o
    0x2000004e   COMPRESSED   0x00000002   PAD
    0x20000050   COMPRESSED   0x00000020   Data   RW         4719    .data               usbh_msc.o
    0x20000070   COMPRESSED   0x00000001   Data   RW         4917    .data               hdsgpio.o
    0x20000071   COMPRESSED   0x00000003   PAD
    0x20000074   COMPRESSED   0x00000120   Data   RW         5027    .data               hdslcd.o
    0x20000194   COMPRESSED   0x00000013   Data   RW         5320    .data               hdsteclado.o
    0x200001a7   COMPRESSED   0x00000001   PAD
    0x200001a8   COMPRESSED   0x00000009   Data   RW         5383    .data               hdsdma.o
    0x200001b1   COMPRESSED   0x00000001   Data   RW         5443    .data               hdsiflash.o
    0x200001b2   COMPRESSED   0x00000007   Data   RW         5486    .data               mdltimeevents.o
    0x200001b9   COMPRESSED   0x00000003   PAD
    0x200001bc   COMPRESSED   0x00000008   Data   RW         5770    .data               mdlmsg.o
    0x200001c4   COMPRESSED   0x00000058   Data   RW         6376    .data               modo0.o
    0x2000021c   COMPRESSED   0x00000019   Data   RW         6513    .data               kbd2.o
    0x20000235   COMPRESSED   0x00000003   PAD
    0x20000238   COMPRESSED   0x00000010   Data   RW         6629    .data               fluxo.o
    0x20000248   COMPRESSED   0x00000008   Data   RW         7025    .data               mdlensaioanalogico.o
    0x20000250   COMPRESSED   0x00000004   Data   RW         7121    .data               mdlensaio.o
    0x20000254   COMPRESSED   0x00000001   Data   RW         7227    .data               mdlutil.o
    0x20000255   COMPRESSED   0x00000001   Data   RW         7265    .data               mdlsavedigital.o
    0x20000256   COMPRESSED   0x00000002   PAD
    0x20000258        -       0x00000120   Zero   RW           39    .bss                file_handling.o
    0x20000378        -       0x000000ec   Zero   RW          629    .bss                main.o
    0x20000464        -       0x00000020   Zero   RW         1538    .bss                stm32f4xx_hal_flash.o
    0x20000484   COMPRESSED   0x00000004   PAD
    0x20000488        -       0x00002098   Zero   RW         3456    .bss                fatfs.o
    0x20002520        -       0x000003d8   Zero   RW         3501    .bss                usb_host.o
    0x200028f8        -       0x00000304   Zero   RW         3561    .bss                usbh_conf.o
    0x20002bfc        -       0x00000480   Zero   RW         3851    .bss                ff.o
    0x2000307c        -       0x0000000c   Zero   RW         4230    .bss                ff_gen_drv.o
    0x20003088        -       0x00000040   Zero   RW         5025    .bss                hdslcd.o
    0x200030c8        -       0x0000009c   Zero   RW         5212    .bss                hdsmux.o
    0x20003164        -       0x00000028   Zero   RW         5382    .bss                hdsdma.o
    0x2000318c        -       0x00000014   Zero   RW         5442    .bss                hdsiflash.o
    0x200031a0        -       0x00000026   Zero   RW         5555    .bss                mdllcd.o
    0x200031c6   COMPRESSED   0x00000002   PAD
    0x200031c8        -       0x00000224   Zero   RW         6716    .bss                mdlsensor.o
    0x200033ec        -       0x000062e8   Zero   RW         6855    .bss                mdlsensoranalog.o
    0x200096d4        -       0x0000000a   Zero   RW         7023    .bss                mdlensaioanalogico.o
    0x200096de   COMPRESSED   0x00000002   PAD
    0x200096e0        -       0x00000034   Zero   RW         7172    .bss                mdlcalib.o
    0x20009714        -       0x00000060   Zero   RW         7589    .bss                c_w.l(libspace.o)
    0x20009774   COMPRESSED   0x00000004   PAD
    0x20009778        -       0x00002000   Zero   RW            2    HEAP                startup_stm32f401xc.o
    0x2000b778        -       0x00000800   Zero   RW            1    STACK               startup_stm32f401xc.o


==============================================================================

Image component sizes


      Code (inc. data)   RO Data    RW Data    ZI Data      Debug   Object Name

       372         84          0          8          0       8205   application.o
       240         24        942          0          0       2371   ccsbcs.o
       208         24          0          0          0       4189   diskio.o
        32         12          0          5       8344       1736   fatfs.o
     12232        134        170          6       1152      66790   ff.o
       102          6          0          0         12       1827   ff_gen_drv.o
      1992        882          0         29        288     424362   file_handling.o
      1684        236          0         16          0       4298   fluxo.o
       236         58          0          9         40       3851   hdsdma.o
       526         16          0          1          0       6527   hdsgpio.o
       144         24      16384          1         20       2809   hdsiflash.o
      1322        110        160        288         64      16405   hdslcd.o
       588         30          0          0        156      37707   hdsmux.o
       788         78          0         19          0       6842   hdsteclado.o
      1372         82        520         25          0       9874   kbd2.o
      1012        128          0          0          0       9361   lcd.o
       822         64          0          0        236       5530   main.o
       358         48          0          0         52       5120   mdlcalib.o
       452         66         68          4          0      10583   mdlensaio.o
      6376        722       2557          8         10      18574   mdlensaioanalogico.o
       370         42          0          0         38       6614   mdllcd.o
      4064       1094       2914          8          0      45641   mdlmsg.o
      3156        468          0          1          0       6806   mdlsavedigital.o
      2354        162          0          0        548       9900   mdlsensor.o
      2696        244          0          0      25320      22292   mdlsensoranalog.o
       170         14          0          7          0       6227   mdltimeevents.o
        48          6       1024          1          0       1835   mdlutil.o
      8896        704        391         88          0      17611   modo0.o
        40          6          0          8          0     412522   retarget.o
        64         26        404          0      10240        896   startup_stm32f401xc.o
       212         36          0          9          0       9661   stm32f4xx_hal.o
      1744         72          0          0          0       9606   stm32f4xx_hal_adc.o
       304         22          0          0          0      34803   stm32f4xx_hal_cortex.o
      1336         16          8          0          0       6704   stm32f4xx_hal_dma.o
       692         68          0          0         32       7115   stm32f4xx_hal_flash.o
       432         26          0          0          0       3546   stm32f4xx_hal_flash_ex.o
       796         68          0          0          0       3133   stm32f4xx_hal_gpio.o
      5986          0          0          0          0      14597   stm32f4xx_hal_hcd.o
       520         58          0          0          0       3259   stm32f4xx_hal_msp.o
      1820         84          0          0          0       5972   stm32f4xx_hal_rcc.o
      1030         10          0          0          0       4162   stm32f4xx_hal_uart.o
       148         36          0          0          0       7974   stm32f4xx_it.o
      2690         46          0          0          0      19475   stm32f4xx_ll_usb.o
         0          0          0          0          0        592   syscall.o
        20          6         24          4          0       1283   system_stm32f4xx.o
       156         30          0          1        984       2610   usb_host.o
       890         14          0          0        772      16145   usbh_conf.o
      1916         22          0          0          0      12339   usbh_core.o
      1380         12          0          0          0      13646   usbh_ctlreq.o
       390         20         20          0          0      22640   usbh_diskio.o
       226          0          0          0          0       4812   usbh_ioreq.o
      2664         10          4         32          0      11397   usbh_msc.o
       878         26          0          0          0       5665   usbh_msc_bot.o
      1032          0          0          0          0       6271   usbh_msc_scsi.o
       172          0          0          0          0       4314   usbh_pipes.o

    ----------------------------------------------------------------------
     80212       6276      25624        600      48316    1409026   Object Totals
         0          0         32          0          0          0   (incl. Generated)
        62          0          2         22          8          0   (incl. Padding)

    ----------------------------------------------------------------------

      Code (inc. data)   RO Data    RW Data    ZI Data      Debug   Library Member Name

        90          0          0          0          0          0   __dczerorl2.o
         8          0          0          0          0         68   __main.o
       392          4         17          0          0         92   __printf_flags_ss_wp.o
        14          0          0          0          0         68   __printf_wp.o
         0          0          0          0          0          0   __rtentry.o
        12          0          0          0          0          0   __rtentry2.o
         6          0          0          0          0          0   __rtentry4.o
        52          8          0          0          0          0   __scatter.o
        28          0          0          0          0          0   __scatter_zi.o
        44          0          0          0          0        108   _printf_char.o
        48          6          0          0          0         96   _printf_char_common.o
        36          4          0          0          0         80   _printf_char_file.o
         6          0          0          0          0          0   _printf_d.o
       120         16          0          0          0         92   _printf_dec.o
         6          0          0          0          0          0   _printf_f.o
      1054          0          0          0          0        216   _printf_fp_dec.o
       128         16          0          0          0         84   _printf_fp_infnan.o
        88          4         40          0          0         88   _printf_hex_int.o
       178          0          0          0          0         88   _printf_intcommon.o
        78          0          0          0          0        108   _printf_pad.o
         0          0          0          0          0          0   _printf_percent.o
         4          0          0          0          0          0   _printf_percent_end.o
         6          0          0          0          0          0   _printf_s.o
        82          0          0          0          0         80   _printf_str.o
         6          0          0          0          0          0   _printf_u.o
         6          0          0          0          0          0   _printf_x.o
        16          0          0          0          0         68   _snputc.o
        10          0          0          0          0         68   _sputc.o
        16          0          0          0          0         68   aeabi_memset.o
       228          4        148          0          0         96   bigflt0.o
      1936        128          0          0          0        672   btod.o
        10          0          0          0          0         68   defsig_exit.o
        50          0          0          0          0         88   defsig_general.o
        80         58          0          0          0         76   defsig_rtmem_inner.o
        14          0          0          0          0         80   defsig_rtmem_outer.o
        18          0          0          0          0         80   exit.o
        94          0          0          0          0         80   h1_alloc.o
        52          0          0          0          0         68   h1_extend.o
        78          0          0          0          0         80   h1_free.o
        14          0          0          0          0         84   h1_init.o
         6          0          0          0          0        152   heapauxi.o
         4          0          0          0          0        136   hguard.o
       138          0          0          0          0        168   init_alloc.o
        44         10         28          0          0         76   lc_numeric_c.o
         2          0          0          0          0          0   libinit.o
        30          0          0          0          0          0   libinit2.o
         2          0          0          0          0          0   libshutdown.o
         2          0          0          0          0          0   libshutdown2.o
         8          4          0          0         96         68   libspace.o
       138          0          0          0          0         80   lludiv10.o
       238          0          0          0          0        100   lludivv7m.o
         0          0          0          0          0          0   maybetermalloc1.o
        24          4          0          0          0         84   noretval__2printf.o
        52          4          0          0          0         84   noretval__2snprintf.o
        40          6          0          0          0         84   noretval__2sprintf.o
         8          4          0          0          0         68   rt_heap_descriptor_intlibspace.o
         8          4          0          0          0         68   rt_locale_intlibspace.o
        68          0          0          0          0         68   rt_memclr.o
        78          0          0          0          0         80   rt_memclr_w.o
       138          0          0          0          0         68   rt_memcpy_v6.o
       100          0          0          0          0         80   rt_memcpy_w.o
         2          0          0          0          0          0   rtexit.o
        10          0          0          0          0          0   rtexit2.o
        24          0          0          0          0         68   strcat.o
       128          0          0          0          0         68   strcmpv7m.o
        62          0          0          0          0         76   strlen.o
        74          0          0          0          0         80   sys_stackheap_outer.o
         2          0          0          0          0         68   use_no_semi.o
       688        140          0          0          0        256   ddiv.o
        46          0          0          0          0        116   dflt_clz.o
       156          4          0          0          0        140   dnaninf.o
        12          0          0          0          0        116   dretinf.o
        86          4          0          0          0        132   f2d.o
       140          4          0          0          0        132   fnaninf.o
        10          0          0          0          0        116   fpinit.o
         4          0          0          0          0        116   printf1.o
         0          0          0          0          0          0   usenofp.o
        48          0          0          0          0        124   fpclassify.o

    ----------------------------------------------------------------------
      7740        436        236          0        100       6016   Library Totals
        12          0          3          0          4          0   (incl. Padding)

    ----------------------------------------------------------------------

      Code (inc. data)   RO Data    RW Data    ZI Data      Debug   Library Name

      6538        284        233          0         96       4768   c_w.l
      1142        152          0          0          0       1124   fz_wm.l
        48          0          0          0          0        124   m_wm.l

    ----------------------------------------------------------------------
      7740        436        236          0        100       6016   Library Totals

    ----------------------------------------------------------------------

==============================================================================


      Code (inc. data)   RO Data    RW Data    ZI Data      Debug   

     87952       6712      25860        600      48416    1358586   Grand Totals
     87952       6712      25860        180      48416    1358586   ELF Image Totals (compressed)
     87952       6712      25860        180          0          0   ROM Totals

==============================================================================

    Total RO  Size (Code + RO Data)               113812 ( 111.14kB)
    Total RW  Size (RW Data + ZI Data)             49016 (  47.87kB)
    Total ROM Size (Code + RO Data + RW Data)     113992 ( 111.32kB)

==============================================================================

